[2026-09-21 15:09:00,218] {scheduler_job.py:182} INFO - Started process (PID=30) to work on /home/airflow/.local/lib/python3.6/site-packages/airflow/example_dags/example_branch_operator.py
[2026-09-21 15:09:00,221] {scheduler_job.py:629} INFO - Processing file /home/airflow/.local/lib/python3.6/site-packages/airflow/example_dags/example_branch_operator.py for tasks to queue
[2026-09-21 15:09:00,226] {logging_mixin.py:104} INFO - [2026-09-21 15:09:00,226] {dagbag.py:451} INFO - Filling up the DagBag from /home/airflow/.local/lib/python3.6/site-packages/airflow/example_dags/example_branch_operator.py
[2026-09-21 15:09:00,315] {scheduler_job.py:639} INFO - DAG(s) dict_keys(['example_branch_operator']) retrieved from /home/airflow/.local/lib/python3.6/site-packages/airflow/example_dags/example_branch_operator.py
[2026-09-21 15:09:00,378] {logging_mixin.py:104} INFO - [2026-09-21 15:09:00,378] {dag.py:1824} INFO - Sync 1 DAGs
[2026-09-21 15:09:00,403] {logging_mixin.py:104} INFO - [2026-09-21 15:09:00,403] {dag.py:1843} INFO - Creating ORM DAG for example_branch_operator
[2026-09-21 15:09:00,434] {logging_mixin.py:104} INFO - [2026-09-21 15:09:00,433] {dag.py:2280} INFO - Setting next_dagrun for example_branch_operator to 2026-09-19 00:00:00+00:00
[2026-09-21 15:09:00,475] {scheduler_job.py:190} INFO - Processing /home/airflow/.local/lib/python3.6/site-packages/airflow/example_dags/example_branch_operator.py took 0.262 seconds
[2026-09-21 15:09:30,952] {scheduler_job.py:182} INFO - Started process (PID=56) to work on /home/airflow/.local/lib/python3.6/site-packages/airflow/example_dags/example_branch_operator.py
[2026-09-21 15:09:30,953] {scheduler_job.py:629} INFO - Processing file /home/airflow/.local/lib/python3.6/site-packages/airflow/example_dags/example_branch_operator.py for tasks to queue
[2026-09-21 15:09:30,955] {logging_mixin.py:104} INFO - [2026-09-21 15:09:30,955] {dagbag.py:451} INFO - Filling up the DagBag from /home/airflow/.local/lib/python3.6/site-packages/airflow/example_dags/example_branch_operator.py
[2026-09-21 15:09:30,991] {scheduler_job.py:639} INFO - DAG(s) dict_keys(['example_branch_operator']) retrieved from /home/airflow/.local/lib/python3.6/site-packages/airflow/example_dags/example_branch_operator.py
[2026-09-21 15:09:31,037] {logging_mixin.py:104} INFO - [2026-09-21 15:09:31,036] {dag.py:1824} INFO - Sync 1 DAGs
[2026-09-21 15:09:31,084] {logging_mixin.py:104} INFO - [2026-09-21 15:09:31,084] {dag.py:2280} INFO - Setting next_dagrun for example_branch_operator to 2026-09-19 00:00:00+00:00
[2026-09-21 15:09:31,106] {scheduler_job.py:190} INFO - Processing /home/airflow/.local/lib/python3.6/site-packages/airflow/example_dags/example_branch_operator.py took 0.161 seconds
[2026-09-21 15:10:01,249] {scheduler_job.py:182} INFO - Started process (PID=82) to work on /home/airflow/.local/lib/python3.6/site-packages/airflow/example_dags/example_branch_operator.py
[2026-09-21 15:10:01,251] {scheduler_job.py:629} INFO - Processing file /home/airflow/.local/lib/python3.6/site-packages/airflow/example_dags/example_branch_operator.py for tasks to queue
[2026-09-21 15:10:01,252] {logging_mixin.py:104} INFO - [2026-09-21 15:10:01,252] {dagbag.py:451} INFO - Filling up the DagBag from /home/airflow/.local/lib/python3.6/site-packages/airflow/example_dags/example_branch_operator.py
[2026-09-21 15:10:01,282] {scheduler_job.py:639} INFO - DAG(s) dict_keys(['example_branch_operator']) retrieved from /home/airflow/.local/lib/python3.6/site-packages/airflow/example_dags/example_branch_operator.py
[2026-09-21 15:10:01,323] {logging_mixin.py:104} INFO - [2026-09-21 15:10:01,323] {dag.py:1824} INFO - Sync 1 DAGs
[2026-09-21 15:10:01,371] {logging_mixin.py:104} INFO - [2026-09-21 15:10:01,370] {dag.py:2280} INFO - Setting next_dagrun for example_branch_operator to 2026-09-19 00:00:00+00:00
[2026-09-21 15:10:01,393] {scheduler_job.py:190} INFO - Processing /home/airflow/.local/lib/python3.6/site-packages/airflow/example_dags/example_branch_operator.py took 0.150 seconds
