[2026-09-21 15:09:04,264] {scheduler_job.py:182} INFO - Started process (PID=53) to work on /home/airflow/.local/lib/python3.6/site-packages/airflow/example_dags/example_trigger_target_dag.py
[2026-09-21 15:09:04,267] {scheduler_job.py:629} INFO - Processing file /home/airflow/.local/lib/python3.6/site-packages/airflow/example_dags/example_trigger_target_dag.py for tasks to queue
[2026-09-21 15:09:04,268] {logging_mixin.py:104} INFO - [2026-09-21 15:09:04,268] {dagbag.py:451} INFO - Filling up the DagBag from /home/airflow/.local/lib/python3.6/site-packages/airflow/example_dags/example_trigger_target_dag.py
[2026-09-21 15:09:04,299] {scheduler_job.py:639} INFO - DAG(s) dict_keys(['example_trigger_target_dag']) retrieved from /home/airflow/.local/lib/python3.6/site-packages/airflow/example_dags/example_trigger_target_dag.py
[2026-09-21 15:09:04,366] {logging_mixin.py:104} INFO - [2026-09-21 15:09:04,365] {dag.py:1824} INFO - Sync 1 DAGs
[2026-09-21 15:09:04,389] {logging_mixin.py:104} INFO - [2026-09-21 15:09:04,389] {dag.py:1843} INFO - Creating ORM DAG for example_trigger_target_dag
[2026-09-21 15:09:04,403] {logging_mixin.py:104} INFO - [2026-09-21 15:09:04,403] {dag.py:2280} INFO - Setting next_dagrun for example_trigger_target_dag to None
[2026-09-21 15:09:04,450] {scheduler_job.py:190} INFO - Processing /home/airflow/.local/lib/python3.6/site-packages/airflow/example_dags/example_trigger_target_dag.py took 0.195 seconds
[2026-09-21 15:09:34,556] {scheduler_job.py:182} INFO - Started process (PID=78) to work on /home/airflow/.local/lib/python3.6/site-packages/airflow/example_dags/example_trigger_target_dag.py
[2026-09-21 15:09:34,558] {scheduler_job.py:629} INFO - Processing file /home/airflow/.local/lib/python3.6/site-packages/airflow/example_dags/example_trigger_target_dag.py for tasks to queue
[2026-09-21 15:09:34,560] {logging_mixin.py:104} INFO - [2026-09-21 15:09:34,559] {dagbag.py:451} INFO - Filling up the DagBag from /home/airflow/.local/lib/python3.6/site-packages/airflow/example_dags/example_trigger_target_dag.py
[2026-09-21 15:09:34,584] {scheduler_job.py:639} INFO - DAG(s) dict_keys(['example_trigger_target_dag']) retrieved from /home/airflow/.local/lib/python3.6/site-packages/airflow/example_dags/example_trigger_target_dag.py
[2026-09-21 15:09:34,633] {logging_mixin.py:104} INFO - [2026-09-21 15:09:34,633] {dag.py:1824} INFO - Sync 1 DAGs
[2026-09-21 15:09:34,668] {logging_mixin.py:104} INFO - [2026-09-21 15:09:34,668] {dag.py:2280} INFO - Setting next_dagrun for example_trigger_target_dag to None
[2026-09-21 15:09:34,697] {scheduler_job.py:190} INFO - Processing /home/airflow/.local/lib/python3.6/site-packages/airflow/example_dags/example_trigger_target_dag.py took 0.146 seconds
[2026-09-21 15:10:05,018] {scheduler_job.py:182} INFO - Started process (PID=105) to work on /home/airflow/.local/lib/python3.6/site-packages/airflow/example_dags/example_trigger_target_dag.py
[2026-09-21 15:10:05,022] {scheduler_job.py:629} INFO - Processing file /home/airflow/.local/lib/python3.6/site-packages/airflow/example_dags/example_trigger_target_dag.py for tasks to queue
[2026-09-21 15:10:05,023] {logging_mixin.py:104} INFO - [2026-09-21 15:10:05,023] {dagbag.py:451} INFO - Filling up the DagBag from /home/airflow/.local/lib/python3.6/site-packages/airflow/example_dags/example_trigger_target_dag.py
[2026-09-21 15:10:05,055] {scheduler_job.py:639} INFO - DAG(s) dict_keys(['example_trigger_target_dag']) retrieved from /home/airflow/.local/lib/python3.6/site-packages/airflow/example_dags/example_trigger_target_dag.py
[2026-09-21 15:10:05,101] {logging_mixin.py:104} INFO - [2026-09-21 15:10:05,101] {dag.py:1824} INFO - Sync 1 DAGs
[2026-09-21 15:10:05,140] {logging_mixin.py:104} INFO - [2026-09-21 15:10:05,139] {dag.py:2280} INFO - Setting next_dagrun for example_trigger_target_dag to None
[2026-09-21 15:10:05,171] {scheduler_job.py:190} INFO - Processing /home/airflow/.local/lib/python3.6/site-packages/airflow/example_dags/example_trigger_target_dag.py took 0.181 seconds
