[2026-09-21 15:09:03,478] {scheduler_job.py:182} INFO - Started process (PID=49) to work on /home/airflow/.local/lib/python3.6/site-packages/airflow/example_dags/example_nested_branch_dag.py
[2026-09-21 15:09:03,484] {scheduler_job.py:629} INFO - Processing file /home/airflow/.local/lib/python3.6/site-packages/airflow/example_dags/example_nested_branch_dag.py for tasks to queue
[2026-09-21 15:09:03,489] {logging_mixin.py:104} INFO - [2026-09-21 15:09:03,488] {dagbag.py:451} INFO - Filling up the DagBag from /home/airflow/.local/lib/python3.6/site-packages/airflow/example_dags/example_nested_branch_dag.py
[2026-09-21 15:09:03,572] {scheduler_job.py:639} INFO - DAG(s) dict_keys(['example_nested_branch_dag']) retrieved from /home/airflow/.local/lib/python3.6/site-packages/airflow/example_dags/example_nested_branch_dag.py
[2026-09-21 15:09:03,714] {logging_mixin.py:104} INFO - [2026-09-21 15:09:03,714] {dag.py:1824} INFO - Sync 1 DAGs
[2026-09-21 15:09:03,753] {logging_mixin.py:104} INFO - [2026-09-21 15:09:03,753] {dag.py:1843} INFO - Creating ORM DAG for example_nested_branch_dag
[2026-09-21 15:09:03,813] {logging_mixin.py:104} INFO - [2026-09-21 15:09:03,812] {dag.py:2280} INFO - Setting next_dagrun for example_nested_branch_dag to 2026-09-19 00:00:00+00:00
[2026-09-21 15:09:03,882] {scheduler_job.py:190} INFO - Processing /home/airflow/.local/lib/python3.6/site-packages/airflow/example_dags/example_nested_branch_dag.py took 0.414 seconds
[2026-09-21 15:09:33,961] {scheduler_job.py:182} INFO - Started process (PID=75) to work on /home/airflow/.local/lib/python3.6/site-packages/airflow/example_dags/example_nested_branch_dag.py
[2026-09-21 15:09:33,963] {scheduler_job.py:629} INFO - Processing file /home/airflow/.local/lib/python3.6/site-packages/airflow/example_dags/example_nested_branch_dag.py for tasks to queue
[2026-09-21 15:09:33,965] {logging_mixin.py:104} INFO - [2026-09-21 15:09:33,964] {dagbag.py:451} INFO - Filling up the DagBag from /home/airflow/.local/lib/python3.6/site-packages/airflow/example_dags/example_nested_branch_dag.py
[2026-09-21 15:09:34,002] {scheduler_job.py:639} INFO - DAG(s) dict_keys(['example_nested_branch_dag']) retrieved from /home/airflow/.local/lib/python3.6/site-packages/airflow/example_dags/example_nested_branch_dag.py
[2026-09-21 15:09:34,080] {logging_mixin.py:104} INFO - [2026-09-21 15:09:34,080] {dag.py:1824} INFO - Sync 1 DAGs
[2026-09-21 15:09:34,199] {logging_mixin.py:104} INFO - [2026-09-21 15:09:34,199] {dag.py:2280} INFO - Setting next_dagrun for example_nested_branch_dag to 2026-09-19 00:00:00+00:00
[2026-09-21 15:09:34,267] {scheduler_job.py:190} INFO - Processing /home/airflow/.local/lib/python3.6/site-packages/airflow/example_dags/example_nested_branch_dag.py took 0.313 seconds
[2026-09-21 15:10:04,317] {scheduler_job.py:182} INFO - Started process (PID=101) to work on /home/airflow/.local/lib/python3.6/site-packages/airflow/example_dags/example_nested_branch_dag.py
[2026-09-21 15:10:04,320] {scheduler_job.py:629} INFO - Processing file /home/airflow/.local/lib/python3.6/site-packages/airflow/example_dags/example_nested_branch_dag.py for tasks to queue
[2026-09-21 15:10:04,321] {logging_mixin.py:104} INFO - [2026-09-21 15:10:04,321] {dagbag.py:451} INFO - Filling up the DagBag from /home/airflow/.local/lib/python3.6/site-packages/airflow/example_dags/example_nested_branch_dag.py
[2026-09-21 15:10:04,349] {scheduler_job.py:639} INFO - DAG(s) dict_keys(['example_nested_branch_dag']) retrieved from /home/airflow/.local/lib/python3.6/site-packages/airflow/example_dags/example_nested_branch_dag.py
[2026-09-21 15:10:04,390] {logging_mixin.py:104} INFO - [2026-09-21 15:10:04,389] {dag.py:1824} INFO - Sync 1 DAGs
[2026-09-21 15:10:04,435] {logging_mixin.py:104} INFO - [2026-09-21 15:10:04,434] {dag.py:2280} INFO - Setting next_dagrun for example_nested_branch_dag to 2026-09-19 00:00:00+00:00
[2026-09-21 15:10:04,458] {scheduler_job.py:190} INFO - Processing /home/airflow/.local/lib/python3.6/site-packages/airflow/example_dags/example_nested_branch_dag.py took 0.146 seconds
