[2026-09-21 15:09:03,031] {scheduler_job.py:182} INFO - Started process (PID=46) to work on /home/airflow/.local/lib/python3.6/site-packages/airflow/example_dags/example_skip_dag.py
[2026-09-21 15:09:03,039] {scheduler_job.py:629} INFO - Processing file /home/airflow/.local/lib/python3.6/site-packages/airflow/example_dags/example_skip_dag.py for tasks to queue
[2026-09-21 15:09:03,042] {logging_mixin.py:104} INFO - [2026-09-21 15:09:03,042] {dagbag.py:451} INFO - Filling up the DagBag from /home/airflow/.local/lib/python3.6/site-packages/airflow/example_dags/example_skip_dag.py
[2026-09-21 15:09:03,111] {scheduler_job.py:639} INFO - DAG(s) dict_keys(['example_skip_dag']) retrieved from /home/airflow/.local/lib/python3.6/site-packages/airflow/example_dags/example_skip_dag.py
[2026-09-21 15:09:03,185] {logging_mixin.py:104} INFO - [2026-09-21 15:09:03,185] {dag.py:1824} INFO - Sync 1 DAGs
[2026-09-21 15:09:03,209] {logging_mixin.py:104} INFO - [2026-09-21 15:09:03,209] {dag.py:1843} INFO - Creating ORM DAG for example_skip_dag
[2026-09-21 15:09:03,222] {logging_mixin.py:104} INFO - [2026-09-21 15:09:03,222] {dag.py:2280} INFO - Setting next_dagrun for example_skip_dag to 2026-09-19 00:00:00+00:00
[2026-09-21 15:09:03,284] {scheduler_job.py:190} INFO - Processing /home/airflow/.local/lib/python3.6/site-packages/airflow/example_dags/example_skip_dag.py took 0.275 seconds
[2026-09-21 15:09:33,536] {scheduler_job.py:182} INFO - Started process (PID=71) to work on /home/airflow/.local/lib/python3.6/site-packages/airflow/example_dags/example_skip_dag.py
[2026-09-21 15:09:33,538] {scheduler_job.py:629} INFO - Processing file /home/airflow/.local/lib/python3.6/site-packages/airflow/example_dags/example_skip_dag.py for tasks to queue
[2026-09-21 15:09:33,540] {logging_mixin.py:104} INFO - [2026-09-21 15:09:33,539] {dagbag.py:451} INFO - Filling up the DagBag from /home/airflow/.local/lib/python3.6/site-packages/airflow/example_dags/example_skip_dag.py
[2026-09-21 15:09:33,570] {scheduler_job.py:639} INFO - DAG(s) dict_keys(['example_skip_dag']) retrieved from /home/airflow/.local/lib/python3.6/site-packages/airflow/example_dags/example_skip_dag.py
[2026-09-21 15:09:33,625] {logging_mixin.py:104} INFO - [2026-09-21 15:09:33,624] {dag.py:1824} INFO - Sync 1 DAGs
[2026-09-21 15:09:33,662] {logging_mixin.py:104} INFO - [2026-09-21 15:09:33,661] {dag.py:2280} INFO - Setting next_dagrun for example_skip_dag to 2026-09-19 00:00:00+00:00
[2026-09-21 15:09:33,683] {scheduler_job.py:190} INFO - Processing /home/airflow/.local/lib/python3.6/site-packages/airflow/example_dags/example_skip_dag.py took 0.159 seconds
[2026-09-21 15:10:03,871] {scheduler_job.py:182} INFO - Started process (PID=97) to work on /home/airflow/.local/lib/python3.6/site-packages/airflow/example_dags/example_skip_dag.py
[2026-09-21 15:10:03,873] {scheduler_job.py:629} INFO - Processing file /home/airflow/.local/lib/python3.6/site-packages/airflow/example_dags/example_skip_dag.py for tasks to queue
[2026-09-21 15:10:03,875] {logging_mixin.py:104} INFO - [2026-09-21 15:10:03,874] {dagbag.py:451} INFO - Filling up the DagBag from /home/airflow/.local/lib/python3.6/site-packages/airflow/example_dags/example_skip_dag.py
[2026-09-21 15:10:03,894] {scheduler_job.py:639} INFO - DAG(s) dict_keys(['example_skip_dag']) retrieved from /home/airflow/.local/lib/python3.6/site-packages/airflow/example_dags/example_skip_dag.py
[2026-09-21 15:10:03,929] {logging_mixin.py:104} INFO - [2026-09-21 15:10:03,929] {dag.py:1824} INFO - Sync 1 DAGs
[2026-09-21 15:10:03,962] {logging_mixin.py:104} INFO - [2026-09-21 15:10:03,962] {dag.py:2280} INFO - Setting next_dagrun for example_skip_dag to 2026-09-19 00:00:00+00:00
[2026-09-21 15:10:03,982] {scheduler_job.py:190} INFO - Processing /home/airflow/.local/lib/python3.6/site-packages/airflow/example_dags/example_skip_dag.py took 0.117 seconds
