[2026-09-21 15:09:02,238] {scheduler_job.py:182} INFO - Started process (PID=40) to work on /home/airflow/.local/lib/python3.6/site-packages/airflow/example_dags/example_subdag_operator.py
[2026-09-21 15:09:02,242] {scheduler_job.py:629} INFO - Processing file /home/airflow/.local/lib/python3.6/site-packages/airflow/example_dags/example_subdag_operator.py for tasks to queue
[2026-09-21 15:09:02,247] {logging_mixin.py:104} INFO - [2026-09-21 15:09:02,247] {dagbag.py:451} INFO - Filling up the DagBag from /home/airflow/.local/lib/python3.6/site-packages/airflow/example_dags/example_subdag_operator.py
[2026-09-21 15:09:02,348] {scheduler_job.py:639} INFO - DAG(s) dict_keys(['example_subdag_operator.section-1', 'example_subdag_operator.section-2', 'example_subdag_operator']) retrieved from /home/airflow/.local/lib/python3.6/site-packages/airflow/example_dags/example_subdag_operator.py
[2026-09-21 15:09:02,388] {logging_mixin.py:104} INFO - [2026-09-21 15:09:02,388] {dag.py:1824} INFO - Sync 3 DAGs
[2026-09-21 15:09:02,412] {logging_mixin.py:104} INFO - [2026-09-21 15:09:02,412] {dag.py:1843} INFO - Creating ORM DAG for example_subdag_operator
[2026-09-21 15:09:02,413] {logging_mixin.py:104} INFO - [2026-09-21 15:09:02,413] {dag.py:1843} INFO - Creating ORM DAG for example_subdag_operator.section-2
[2026-09-21 15:09:02,415] {logging_mixin.py:104} INFO - [2026-09-21 15:09:02,414] {dag.py:1843} INFO - Creating ORM DAG for example_subdag_operator.section-1
[2026-09-21 15:09:02,426] {logging_mixin.py:104} INFO - [2026-09-21 15:09:02,426] {dag.py:2280} INFO - Setting next_dagrun for example_subdag_operator to 2026-09-19 00:00:00+00:00
[2026-09-21 15:09:02,428] {logging_mixin.py:104} INFO - [2026-09-21 15:09:02,428] {dag.py:2280} INFO - Setting next_dagrun for example_subdag_operator.section-1 to None
[2026-09-21 15:09:02,428] {logging_mixin.py:104} INFO - [2026-09-21 15:09:02,428] {dag.py:2280} INFO - Setting next_dagrun for example_subdag_operator.section-2 to None
[2026-09-21 15:09:02,460] {logging_mixin.py:104} INFO - [2026-09-21 15:09:02,459] {dag.py:1824} INFO - Sync 2 DAGs
[2026-09-21 15:09:02,485] {logging_mixin.py:104} INFO - [2026-09-21 15:09:02,485] {dag.py:2280} INFO - Setting next_dagrun for example_subdag_operator.section-1 to None
[2026-09-21 15:09:02,486] {logging_mixin.py:104} INFO - [2026-09-21 15:09:02,486] {dag.py:2280} INFO - Setting next_dagrun for example_subdag_operator.section-2 to None
[2026-09-21 15:09:02,508] {scheduler_job.py:190} INFO - Processing /home/airflow/.local/lib/python3.6/site-packages/airflow/example_dags/example_subdag_operator.py took 0.288 seconds
[2026-09-21 15:09:33,085] {scheduler_job.py:182} INFO - Started process (PID=68) to work on /home/airflow/.local/lib/python3.6/site-packages/airflow/example_dags/example_subdag_operator.py
[2026-09-21 15:09:33,087] {scheduler_job.py:629} INFO - Processing file /home/airflow/.local/lib/python3.6/site-packages/airflow/example_dags/example_subdag_operator.py for tasks to queue
[2026-09-21 15:09:33,089] {logging_mixin.py:104} INFO - [2026-09-21 15:09:33,089] {dagbag.py:451} INFO - Filling up the DagBag from /home/airflow/.local/lib/python3.6/site-packages/airflow/example_dags/example_subdag_operator.py
[2026-09-21 15:09:33,178] {scheduler_job.py:639} INFO - DAG(s) dict_keys(['example_subdag_operator.section-1', 'example_subdag_operator.section-2', 'example_subdag_operator']) retrieved from /home/airflow/.local/lib/python3.6/site-packages/airflow/example_dags/example_subdag_operator.py
[2026-09-21 15:09:33,211] {logging_mixin.py:104} INFO - [2026-09-21 15:09:33,211] {dag.py:1824} INFO - Sync 3 DAGs
[2026-09-21 15:09:33,250] {logging_mixin.py:104} INFO - [2026-09-21 15:09:33,250] {dag.py:2280} INFO - Setting next_dagrun for example_subdag_operator to 2026-09-19 00:00:00+00:00
[2026-09-21 15:09:33,252] {logging_mixin.py:104} INFO - [2026-09-21 15:09:33,252] {dag.py:2280} INFO - Setting next_dagrun for example_subdag_operator.section-1 to None
[2026-09-21 15:09:33,252] {logging_mixin.py:104} INFO - [2026-09-21 15:09:33,252] {dag.py:2280} INFO - Setting next_dagrun for example_subdag_operator.section-2 to None
[2026-09-21 15:09:33,273] {logging_mixin.py:104} INFO - [2026-09-21 15:09:33,273] {dag.py:1824} INFO - Sync 2 DAGs
[2026-09-21 15:09:33,306] {logging_mixin.py:104} INFO - [2026-09-21 15:09:33,306] {dag.py:2280} INFO - Setting next_dagrun for example_subdag_operator.section-1 to None
[2026-09-21 15:09:33,306] {logging_mixin.py:104} INFO - [2026-09-21 15:09:33,306] {dag.py:2280} INFO - Setting next_dagrun for example_subdag_operator.section-2 to None
[2026-09-21 15:09:33,329] {scheduler_job.py:190} INFO - Processing /home/airflow/.local/lib/python3.6/site-packages/airflow/example_dags/example_subdag_operator.py took 0.251 seconds
[2026-09-21 15:10:03,447] {scheduler_job.py:182} INFO - Started process (PID=94) to work on /home/airflow/.local/lib/python3.6/site-packages/airflow/example_dags/example_subdag_operator.py
[2026-09-21 15:10:03,450] {scheduler_job.py:629} INFO - Processing file /home/airflow/.local/lib/python3.6/site-packages/airflow/example_dags/example_subdag_operator.py for tasks to queue
[2026-09-21 15:10:03,451] {logging_mixin.py:104} INFO - [2026-09-21 15:10:03,451] {dagbag.py:451} INFO - Filling up the DagBag from /home/airflow/.local/lib/python3.6/site-packages/airflow/example_dags/example_subdag_operator.py
[2026-09-21 15:10:03,508] {scheduler_job.py:639} INFO - DAG(s) dict_keys(['example_subdag_operator.section-1', 'example_subdag_operator.section-2', 'example_subdag_operator']) retrieved from /home/airflow/.local/lib/python3.6/site-packages/airflow/example_dags/example_subdag_operator.py
[2026-09-21 15:10:03,533] {logging_mixin.py:104} INFO - [2026-09-21 15:10:03,533] {dag.py:1824} INFO - Sync 3 DAGs
[2026-09-21 15:10:03,563] {logging_mixin.py:104} INFO - [2026-09-21 15:10:03,562] {dag.py:2280} INFO - Setting next_dagrun for example_subdag_operator to 2026-09-19 00:00:00+00:00
[2026-09-21 15:10:03,564] {logging_mixin.py:104} INFO - [2026-09-21 15:10:03,564] {dag.py:2280} INFO - Setting next_dagrun for example_subdag_operator.section-1 to None
[2026-09-21 15:10:03,565] {logging_mixin.py:104} INFO - [2026-09-21 15:10:03,564] {dag.py:2280} INFO - Setting next_dagrun for example_subdag_operator.section-2 to None
[2026-09-21 15:10:03,582] {logging_mixin.py:104} INFO - [2026-09-21 15:10:03,581] {dag.py:1824} INFO - Sync 2 DAGs
[2026-09-21 15:10:03,609] {logging_mixin.py:104} INFO - [2026-09-21 15:10:03,609] {dag.py:2280} INFO - Setting next_dagrun for example_subdag_operator.section-1 to None
[2026-09-21 15:10:03,610] {logging_mixin.py:104} INFO - [2026-09-21 15:10:03,609] {dag.py:2280} INFO - Setting next_dagrun for example_subdag_operator.section-2 to None
[2026-09-21 15:10:03,627] {scheduler_job.py:190} INFO - Processing /home/airflow/.local/lib/python3.6/site-packages/airflow/example_dags/example_subdag_operator.py took 0.185 seconds
