[2026-09-21 15:09:00,247] {scheduler_job.py:182} INFO - Started process (PID=31) to work on /home/airflow/.local/lib/python3.6/site-packages/airflow/example_dags/example_short_circuit_operator.py
[2026-09-21 15:09:00,249] {scheduler_job.py:629} INFO - Processing file /home/airflow/.local/lib/python3.6/site-packages/airflow/example_dags/example_short_circuit_operator.py for tasks to queue
[2026-09-21 15:09:00,250] {logging_mixin.py:104} INFO - [2026-09-21 15:09:00,250] {dagbag.py:451} INFO - Filling up the DagBag from /home/airflow/.local/lib/python3.6/site-packages/airflow/example_dags/example_short_circuit_operator.py
[2026-09-21 15:09:00,322] {scheduler_job.py:639} INFO - DAG(s) dict_keys(['example_short_circuit_operator']) retrieved from /home/airflow/.local/lib/python3.6/site-packages/airflow/example_dags/example_short_circuit_operator.py
[2026-09-21 15:09:00,384] {logging_mixin.py:104} INFO - [2026-09-21 15:09:00,384] {dag.py:1824} INFO - Sync 1 DAGs
[2026-09-21 15:09:00,410] {logging_mixin.py:104} INFO - [2026-09-21 15:09:00,410] {dag.py:1843} INFO - Creating ORM DAG for example_short_circuit_operator
[2026-09-21 15:09:00,426] {logging_mixin.py:104} INFO - [2026-09-21 15:09:00,426] {dag.py:2280} INFO - Setting next_dagrun for example_short_circuit_operator to 2026-09-19 00:00:00+00:00
[2026-09-21 15:09:00,470] {scheduler_job.py:190} INFO - Processing /home/airflow/.local/lib/python3.6/site-packages/airflow/example_dags/example_short_circuit_operator.py took 0.237 seconds
[2026-09-21 15:09:30,962] {scheduler_job.py:182} INFO - Started process (PID=57) to work on /home/airflow/.local/lib/python3.6/site-packages/airflow/example_dags/example_short_circuit_operator.py
[2026-09-21 15:09:30,964] {scheduler_job.py:629} INFO - Processing file /home/airflow/.local/lib/python3.6/site-packages/airflow/example_dags/example_short_circuit_operator.py for tasks to queue
[2026-09-21 15:09:30,965] {logging_mixin.py:104} INFO - [2026-09-21 15:09:30,965] {dagbag.py:451} INFO - Filling up the DagBag from /home/airflow/.local/lib/python3.6/site-packages/airflow/example_dags/example_short_circuit_operator.py
[2026-09-21 15:09:31,003] {scheduler_job.py:639} INFO - DAG(s) dict_keys(['example_short_circuit_operator']) retrieved from /home/airflow/.local/lib/python3.6/site-packages/airflow/example_dags/example_short_circuit_operator.py
[2026-09-21 15:09:31,047] {logging_mixin.py:104} INFO - [2026-09-21 15:09:31,047] {dag.py:1824} INFO - Sync 1 DAGs
[2026-09-21 15:09:31,077] {logging_mixin.py:104} INFO - [2026-09-21 15:09:31,077] {dag.py:2280} INFO - Setting next_dagrun for example_short_circuit_operator to 2026-09-19 00:00:00+00:00
[2026-09-21 15:09:31,101] {scheduler_job.py:190} INFO - Processing /home/airflow/.local/lib/python3.6/site-packages/airflow/example_dags/example_short_circuit_operator.py took 0.145 seconds
[2026-09-21 15:10:01,260] {scheduler_job.py:182} INFO - Started process (PID=83) to work on /home/airflow/.local/lib/python3.6/site-packages/airflow/example_dags/example_short_circuit_operator.py
[2026-09-21 15:10:01,263] {scheduler_job.py:629} INFO - Processing file /home/airflow/.local/lib/python3.6/site-packages/airflow/example_dags/example_short_circuit_operator.py for tasks to queue
[2026-09-21 15:10:01,264] {logging_mixin.py:104} INFO - [2026-09-21 15:10:01,264] {dagbag.py:451} INFO - Filling up the DagBag from /home/airflow/.local/lib/python3.6/site-packages/airflow/example_dags/example_short_circuit_operator.py
[2026-09-21 15:10:01,286] {scheduler_job.py:639} INFO - DAG(s) dict_keys(['example_short_circuit_operator']) retrieved from /home/airflow/.local/lib/python3.6/site-packages/airflow/example_dags/example_short_circuit_operator.py
[2026-09-21 15:10:01,326] {logging_mixin.py:104} INFO - [2026-09-21 15:10:01,325] {dag.py:1824} INFO - Sync 1 DAGs
[2026-09-21 15:10:01,356] {logging_mixin.py:104} INFO - [2026-09-21 15:10:01,355] {dag.py:2280} INFO - Setting next_dagrun for example_short_circuit_operator to 2026-09-19 00:00:00+00:00
[2026-09-21 15:10:01,388] {scheduler_job.py:190} INFO - Processing /home/airflow/.local/lib/python3.6/site-packages/airflow/example_dags/example_short_circuit_operator.py took 0.134 seconds
