[2026-09-21 15:09:02,902] {scheduler_job.py:182} INFO - Started process (PID=45) to work on /home/airflow/.local/lib/python3.6/site-packages/airflow/example_dags/example_latest_only_with_trigger.py
[2026-09-21 15:09:02,904] {scheduler_job.py:629} INFO - Processing file /home/airflow/.local/lib/python3.6/site-packages/airflow/example_dags/example_latest_only_with_trigger.py for tasks to queue
[2026-09-21 15:09:02,906] {logging_mixin.py:104} INFO - [2026-09-21 15:09:02,905] {dagbag.py:451} INFO - Filling up the DagBag from /home/airflow/.local/lib/python3.6/site-packages/airflow/example_dags/example_latest_only_with_trigger.py
[2026-09-21 15:09:02,938] {scheduler_job.py:639} INFO - DAG(s) dict_keys(['latest_only_with_trigger']) retrieved from /home/airflow/.local/lib/python3.6/site-packages/airflow/example_dags/example_latest_only_with_trigger.py
[2026-09-21 15:09:02,999] {logging_mixin.py:104} INFO - [2026-09-21 15:09:02,999] {dag.py:1824} INFO - Sync 1 DAGs
[2026-09-21 15:09:03,020] {logging_mixin.py:104} INFO - [2026-09-21 15:09:03,020] {dag.py:1843} INFO - Creating ORM DAG for latest_only_with_trigger
[2026-09-21 15:09:03,033] {logging_mixin.py:104} INFO - [2026-09-21 15:09:03,032] {dag.py:2280} INFO - Setting next_dagrun for latest_only_with_trigger to 2026-09-19 00:00:00+00:00
[2026-09-21 15:09:03,069] {scheduler_job.py:190} INFO - Processing /home/airflow/.local/lib/python3.6/site-packages/airflow/example_dags/example_latest_only_with_trigger.py took 0.174 seconds
[2026-09-21 15:09:33,727] {scheduler_job.py:182} INFO - Started process (PID=73) to work on /home/airflow/.local/lib/python3.6/site-packages/airflow/example_dags/example_latest_only_with_trigger.py
[2026-09-21 15:09:33,729] {scheduler_job.py:629} INFO - Processing file /home/airflow/.local/lib/python3.6/site-packages/airflow/example_dags/example_latest_only_with_trigger.py for tasks to queue
[2026-09-21 15:09:33,731] {logging_mixin.py:104} INFO - [2026-09-21 15:09:33,731] {dagbag.py:451} INFO - Filling up the DagBag from /home/airflow/.local/lib/python3.6/site-packages/airflow/example_dags/example_latest_only_with_trigger.py
[2026-09-21 15:09:33,756] {scheduler_job.py:639} INFO - DAG(s) dict_keys(['latest_only_with_trigger']) retrieved from /home/airflow/.local/lib/python3.6/site-packages/airflow/example_dags/example_latest_only_with_trigger.py
[2026-09-21 15:09:33,805] {logging_mixin.py:104} INFO - [2026-09-21 15:09:33,804] {dag.py:1824} INFO - Sync 1 DAGs
[2026-09-21 15:09:33,842] {logging_mixin.py:104} INFO - [2026-09-21 15:09:33,842] {dag.py:2280} INFO - Setting next_dagrun for latest_only_with_trigger to 2026-09-19 00:00:00+00:00
[2026-09-21 15:09:33,878] {scheduler_job.py:190} INFO - Processing /home/airflow/.local/lib/python3.6/site-packages/airflow/example_dags/example_latest_only_with_trigger.py took 0.157 seconds
[2026-09-21 15:10:04,021] {scheduler_job.py:182} INFO - Started process (PID=99) to work on /home/airflow/.local/lib/python3.6/site-packages/airflow/example_dags/example_latest_only_with_trigger.py
[2026-09-21 15:10:04,024] {scheduler_job.py:629} INFO - Processing file /home/airflow/.local/lib/python3.6/site-packages/airflow/example_dags/example_latest_only_with_trigger.py for tasks to queue
[2026-09-21 15:10:04,025] {logging_mixin.py:104} INFO - [2026-09-21 15:10:04,024] {dagbag.py:451} INFO - Filling up the DagBag from /home/airflow/.local/lib/python3.6/site-packages/airflow/example_dags/example_latest_only_with_trigger.py
[2026-09-21 15:10:04,045] {scheduler_job.py:639} INFO - DAG(s) dict_keys(['latest_only_with_trigger']) retrieved from /home/airflow/.local/lib/python3.6/site-packages/airflow/example_dags/example_latest_only_with_trigger.py
[2026-09-21 15:10:04,086] {logging_mixin.py:104} INFO - [2026-09-21 15:10:04,086] {dag.py:1824} INFO - Sync 1 DAGs
[2026-09-21 15:10:04,115] {logging_mixin.py:104} INFO - [2026-09-21 15:10:04,115] {dag.py:2280} INFO - Setting next_dagrun for latest_only_with_trigger to 2026-09-19 00:00:00+00:00
[2026-09-21 15:10:04,138] {scheduler_job.py:190} INFO - Processing /home/airflow/.local/lib/python3.6/site-packages/airflow/example_dags/example_latest_only_with_trigger.py took 0.122 seconds
