[2026-09-21 15:09:00,839] {scheduler_job.py:182} INFO - Started process (PID=33) to work on /home/airflow/.local/lib/python3.6/site-packages/airflow/example_dags/example_task_group.py
[2026-09-21 15:09:00,842] {scheduler_job.py:629} INFO - Processing file /home/airflow/.local/lib/python3.6/site-packages/airflow/example_dags/example_task_group.py for tasks to queue
[2026-09-21 15:09:00,844] {logging_mixin.py:104} INFO - [2026-09-21 15:09:00,843] {dagbag.py:451} INFO - Filling up the DagBag from /home/airflow/.local/lib/python3.6/site-packages/airflow/example_dags/example_task_group.py
[2026-09-21 15:09:00,906] {scheduler_job.py:639} INFO - DAG(s) dict_keys(['example_task_group']) retrieved from /home/airflow/.local/lib/python3.6/site-packages/airflow/example_dags/example_task_group.py
[2026-09-21 15:09:01,058] {logging_mixin.py:104} INFO - [2026-09-21 15:09:01,058] {dag.py:1824} INFO - Sync 1 DAGs
[2026-09-21 15:09:01,084] {logging_mixin.py:104} INFO - [2026-09-21 15:09:01,084] {dag.py:1843} INFO - Creating ORM DAG for example_task_group
[2026-09-21 15:09:01,097] {logging_mixin.py:104} INFO - [2026-09-21 15:09:01,096] {dag.py:2280} INFO - Setting next_dagrun for example_task_group to 2026-09-19 00:00:00+00:00
[2026-09-21 15:09:01,136] {scheduler_job.py:190} INFO - Processing /home/airflow/.local/lib/python3.6/site-packages/airflow/example_dags/example_task_group.py took 0.308 seconds
[2026-09-21 15:09:31,325] {scheduler_job.py:182} INFO - Started process (PID=59) to work on /home/airflow/.local/lib/python3.6/site-packages/airflow/example_dags/example_task_group.py
[2026-09-21 15:09:31,326] {scheduler_job.py:629} INFO - Processing file /home/airflow/.local/lib/python3.6/site-packages/airflow/example_dags/example_task_group.py for tasks to queue
[2026-09-21 15:09:31,328] {logging_mixin.py:104} INFO - [2026-09-21 15:09:31,327] {dagbag.py:451} INFO - Filling up the DagBag from /home/airflow/.local/lib/python3.6/site-packages/airflow/example_dags/example_task_group.py
[2026-09-21 15:09:31,352] {scheduler_job.py:639} INFO - DAG(s) dict_keys(['example_task_group']) retrieved from /home/airflow/.local/lib/python3.6/site-packages/airflow/example_dags/example_task_group.py
[2026-09-21 15:09:31,398] {logging_mixin.py:104} INFO - [2026-09-21 15:09:31,397] {dag.py:1824} INFO - Sync 1 DAGs
[2026-09-21 15:09:31,427] {logging_mixin.py:104} INFO - [2026-09-21 15:09:31,427] {dag.py:2280} INFO - Setting next_dagrun for example_task_group to 2026-09-19 00:00:00+00:00
[2026-09-21 15:09:31,454] {scheduler_job.py:190} INFO - Processing /home/airflow/.local/lib/python3.6/site-packages/airflow/example_dags/example_task_group.py took 0.135 seconds
[2026-09-21 15:10:01,618] {scheduler_job.py:182} INFO - Started process (PID=85) to work on /home/airflow/.local/lib/python3.6/site-packages/airflow/example_dags/example_task_group.py
[2026-09-21 15:10:01,621] {scheduler_job.py:629} INFO - Processing file /home/airflow/.local/lib/python3.6/site-packages/airflow/example_dags/example_task_group.py for tasks to queue
[2026-09-21 15:10:01,622] {logging_mixin.py:104} INFO - [2026-09-21 15:10:01,622] {dagbag.py:451} INFO - Filling up the DagBag from /home/airflow/.local/lib/python3.6/site-packages/airflow/example_dags/example_task_group.py
[2026-09-21 15:10:01,646] {scheduler_job.py:639} INFO - DAG(s) dict_keys(['example_task_group']) retrieved from /home/airflow/.local/lib/python3.6/site-packages/airflow/example_dags/example_task_group.py
[2026-09-21 15:10:01,684] {logging_mixin.py:104} INFO - [2026-09-21 15:10:01,683] {dag.py:1824} INFO - Sync 1 DAGs
[2026-09-21 15:10:01,715] {logging_mixin.py:104} INFO - [2026-09-21 15:10:01,714] {dag.py:2280} INFO - Setting next_dagrun for example_task_group to 2026-09-19 00:00:00+00:00
[2026-09-21 15:10:01,743] {scheduler_job.py:190} INFO - Processing /home/airflow/.local/lib/python3.6/site-packages/airflow/example_dags/example_task_group.py took 0.130 seconds
