[2026-09-21 15:09:03,964] {scheduler_job.py:182} INFO - Started process (PID=51) to work on /home/airflow/.local/lib/python3.6/site-packages/airflow/example_dags/example_branch_python_dop_operator_3.py
[2026-09-21 15:09:03,966] {scheduler_job.py:629} INFO - Processing file /home/airflow/.local/lib/python3.6/site-packages/airflow/example_dags/example_branch_python_dop_operator_3.py for tasks to queue
[2026-09-21 15:09:03,968] {logging_mixin.py:104} INFO - [2026-09-21 15:09:03,967] {dagbag.py:451} INFO - Filling up the DagBag from /home/airflow/.local/lib/python3.6/site-packages/airflow/example_dags/example_branch_python_dop_operator_3.py
[2026-09-21 15:09:04,001] {scheduler_job.py:639} INFO - DAG(s) dict_keys(['example_branch_dop_operator_v3']) retrieved from /home/airflow/.local/lib/python3.6/site-packages/airflow/example_dags/example_branch_python_dop_operator_3.py
[2026-09-21 15:09:04,070] {logging_mixin.py:104} INFO - [2026-09-21 15:09:04,069] {dag.py:1824} INFO - Sync 1 DAGs
[2026-09-21 15:09:04,091] {logging_mixin.py:104} INFO - [2026-09-21 15:09:04,091] {dag.py:1843} INFO - Creating ORM DAG for example_branch_dop_operator_v3
[2026-09-21 15:09:04,142] {logging_mixin.py:104} INFO - [2026-09-21 15:09:04,141] {dag.py:2280} INFO - Setting next_dagrun for example_branch_dop_operator_v3 to 2026-09-19 00:00:00+00:00
[2026-09-21 15:09:04,186] {scheduler_job.py:190} INFO - Processing /home/airflow/.local/lib/python3.6/site-packages/airflow/example_dags/example_branch_python_dop_operator_3.py took 0.229 seconds
[2026-09-21 15:09:34,312] {scheduler_job.py:182} INFO - Started process (PID=77) to work on /home/airflow/.local/lib/python3.6/site-packages/airflow/example_dags/example_branch_python_dop_operator_3.py
[2026-09-21 15:09:34,315] {scheduler_job.py:629} INFO - Processing file /home/airflow/.local/lib/python3.6/site-packages/airflow/example_dags/example_branch_python_dop_operator_3.py for tasks to queue
[2026-09-21 15:09:34,316] {logging_mixin.py:104} INFO - [2026-09-21 15:09:34,316] {dagbag.py:451} INFO - Filling up the DagBag from /home/airflow/.local/lib/python3.6/site-packages/airflow/example_dags/example_branch_python_dop_operator_3.py
[2026-09-21 15:09:34,351] {scheduler_job.py:639} INFO - DAG(s) dict_keys(['example_branch_dop_operator_v3']) retrieved from /home/airflow/.local/lib/python3.6/site-packages/airflow/example_dags/example_branch_python_dop_operator_3.py
[2026-09-21 15:09:34,400] {logging_mixin.py:104} INFO - [2026-09-21 15:09:34,400] {dag.py:1824} INFO - Sync 1 DAGs
[2026-09-21 15:09:34,489] {logging_mixin.py:104} INFO - [2026-09-21 15:09:34,489] {dag.py:2280} INFO - Setting next_dagrun for example_branch_dop_operator_v3 to 2026-09-19 00:00:00+00:00
[2026-09-21 15:09:34,518] {scheduler_job.py:190} INFO - Processing /home/airflow/.local/lib/python3.6/site-packages/airflow/example_dags/example_branch_python_dop_operator_3.py took 0.212 seconds
[2026-09-21 15:10:04,713] {scheduler_job.py:182} INFO - Started process (PID=103) to work on /home/airflow/.local/lib/python3.6/site-packages/airflow/example_dags/example_branch_python_dop_operator_3.py
[2026-09-21 15:10:04,716] {scheduler_job.py:629} INFO - Processing file /home/airflow/.local/lib/python3.6/site-packages/airflow/example_dags/example_branch_python_dop_operator_3.py for tasks to queue
[2026-09-21 15:10:04,717] {logging_mixin.py:104} INFO - [2026-09-21 15:10:04,717] {dagbag.py:451} INFO - Filling up the DagBag from /home/airflow/.local/lib/python3.6/site-packages/airflow/example_dags/example_branch_python_dop_operator_3.py
[2026-09-21 15:10:04,745] {scheduler_job.py:639} INFO - DAG(s) dict_keys(['example_branch_dop_operator_v3']) retrieved from /home/airflow/.local/lib/python3.6/site-packages/airflow/example_dags/example_branch_python_dop_operator_3.py
[2026-09-21 15:10:04,786] {logging_mixin.py:104} INFO - [2026-09-21 15:10:04,786] {dag.py:1824} INFO - Sync 1 DAGs
[2026-09-21 15:10:04,853] {logging_mixin.py:104} INFO - [2026-09-21 15:10:04,853] {dag.py:2280} INFO - Setting next_dagrun for example_branch_dop_operator_v3 to 2026-09-19 00:00:00+00:00
[2026-09-21 15:10:04,881] {scheduler_job.py:190} INFO - Processing /home/airflow/.local/lib/python3.6/site-packages/airflow/example_dags/example_branch_python_dop_operator_3.py took 0.179 seconds
