[2026-09-21 15:09:04,540] {scheduler_job.py:182} INFO - Started process (PID=54) to work on /home/airflow/.local/lib/python3.6/site-packages/airflow/example_dags/example_bash_operator.py
[2026-09-21 15:09:04,542] {scheduler_job.py:629} INFO - Processing file /home/airflow/.local/lib/python3.6/site-packages/airflow/example_dags/example_bash_operator.py for tasks to queue
[2026-09-21 15:09:04,543] {logging_mixin.py:104} INFO - [2026-09-21 15:09:04,543] {dagbag.py:451} INFO - Filling up the DagBag from /home/airflow/.local/lib/python3.6/site-packages/airflow/example_dags/example_bash_operator.py
[2026-09-21 15:09:04,572] {scheduler_job.py:639} INFO - DAG(s) dict_keys(['example_bash_operator']) retrieved from /home/airflow/.local/lib/python3.6/site-packages/airflow/example_dags/example_bash_operator.py
[2026-09-21 15:09:04,642] {logging_mixin.py:104} INFO - [2026-09-21 15:09:04,642] {dag.py:1824} INFO - Sync 1 DAGs
[2026-09-21 15:09:04,665] {logging_mixin.py:104} INFO - [2026-09-21 15:09:04,665] {dag.py:1843} INFO - Creating ORM DAG for example_bash_operator
[2026-09-21 15:09:04,708] {logging_mixin.py:104} INFO - [2026-09-21 15:09:04,707] {dag.py:2280} INFO - Setting next_dagrun for example_bash_operator to 2026-09-19 00:00:00+00:00
[2026-09-21 15:09:04,744] {scheduler_job.py:190} INFO - Processing /home/airflow/.local/lib/python3.6/site-packages/airflow/example_dags/example_bash_operator.py took 0.216 seconds
[2026-09-21 15:09:34,952] {scheduler_job.py:182} INFO - Started process (PID=81) to work on /home/airflow/.local/lib/python3.6/site-packages/airflow/example_dags/example_bash_operator.py
[2026-09-21 15:09:34,956] {scheduler_job.py:629} INFO - Processing file /home/airflow/.local/lib/python3.6/site-packages/airflow/example_dags/example_bash_operator.py for tasks to queue
[2026-09-21 15:09:34,958] {logging_mixin.py:104} INFO - [2026-09-21 15:09:34,958] {dagbag.py:451} INFO - Filling up the DagBag from /home/airflow/.local/lib/python3.6/site-packages/airflow/example_dags/example_bash_operator.py
[2026-09-21 15:09:34,996] {scheduler_job.py:639} INFO - DAG(s) dict_keys(['example_bash_operator']) retrieved from /home/airflow/.local/lib/python3.6/site-packages/airflow/example_dags/example_bash_operator.py
[2026-09-21 15:09:35,079] {logging_mixin.py:104} INFO - [2026-09-21 15:09:35,078] {dag.py:1824} INFO - Sync 1 DAGs
[2026-09-21 15:09:35,125] {logging_mixin.py:104} INFO - [2026-09-21 15:09:35,125] {dag.py:2280} INFO - Setting next_dagrun for example_bash_operator to 2026-09-19 00:00:00+00:00
[2026-09-21 15:09:35,149] {scheduler_job.py:190} INFO - Processing /home/airflow/.local/lib/python3.6/site-packages/airflow/example_dags/example_bash_operator.py took 0.209 seconds
[2026-09-21 15:10:05,422] {scheduler_job.py:182} INFO - Started process (PID=107) to work on /home/airflow/.local/lib/python3.6/site-packages/airflow/example_dags/example_bash_operator.py
[2026-09-21 15:10:05,425] {scheduler_job.py:629} INFO - Processing file /home/airflow/.local/lib/python3.6/site-packages/airflow/example_dags/example_bash_operator.py for tasks to queue
[2026-09-21 15:10:05,426] {logging_mixin.py:104} INFO - [2026-09-21 15:10:05,426] {dagbag.py:451} INFO - Filling up the DagBag from /home/airflow/.local/lib/python3.6/site-packages/airflow/example_dags/example_bash_operator.py
[2026-09-21 15:10:05,457] {scheduler_job.py:639} INFO - DAG(s) dict_keys(['example_bash_operator']) retrieved from /home/airflow/.local/lib/python3.6/site-packages/airflow/example_dags/example_bash_operator.py
[2026-09-21 15:10:05,503] {logging_mixin.py:104} INFO - [2026-09-21 15:10:05,503] {dag.py:1824} INFO - Sync 1 DAGs
[2026-09-21 15:10:05,552] {logging_mixin.py:104} INFO - [2026-09-21 15:10:05,552] {dag.py:2280} INFO - Setting next_dagrun for example_bash_operator to 2026-09-19 00:00:00+00:00
[2026-09-21 15:10:05,578] {scheduler_job.py:190} INFO - Processing /home/airflow/.local/lib/python3.6/site-packages/airflow/example_dags/example_bash_operator.py took 0.162 seconds
