[2026-09-21 15:09:03,605] {scheduler_job.py:182} INFO - Started process (PID=50) to work on /home/airflow/.local/lib/python3.6/site-packages/airflow/example_dags/example_dag_decorator.py
[2026-09-21 15:09:03,607] {scheduler_job.py:629} INFO - Processing file /home/airflow/.local/lib/python3.6/site-packages/airflow/example_dags/example_dag_decorator.py for tasks to queue
[2026-09-21 15:09:03,609] {logging_mixin.py:104} INFO - [2026-09-21 15:09:03,608] {dagbag.py:451} INFO - Filling up the DagBag from /home/airflow/.local/lib/python3.6/site-packages/airflow/example_dags/example_dag_decorator.py
[2026-09-21 15:09:03,726] {scheduler_job.py:639} INFO - DAG(s) dict_keys(['example_dag_decorator']) retrieved from /home/airflow/.local/lib/python3.6/site-packages/airflow/example_dags/example_dag_decorator.py
[2026-09-21 15:09:03,788] {logging_mixin.py:104} INFO - [2026-09-21 15:09:03,788] {dag.py:1824} INFO - Sync 1 DAGs
[2026-09-21 15:09:03,819] {logging_mixin.py:104} INFO - [2026-09-21 15:09:03,819] {dag.py:1843} INFO - Creating ORM DAG for example_dag_decorator
[2026-09-21 15:09:03,848] {logging_mixin.py:104} INFO - [2026-09-21 15:09:03,845] {dag.py:2280} INFO - Setting next_dagrun for example_dag_decorator to None
[2026-09-21 15:09:03,913] {scheduler_job.py:190} INFO - Processing /home/airflow/.local/lib/python3.6/site-packages/airflow/example_dags/example_dag_decorator.py took 0.316 seconds
[2026-09-21 15:09:34,125] {scheduler_job.py:182} INFO - Started process (PID=76) to work on /home/airflow/.local/lib/python3.6/site-packages/airflow/example_dags/example_dag_decorator.py
[2026-09-21 15:09:34,127] {scheduler_job.py:629} INFO - Processing file /home/airflow/.local/lib/python3.6/site-packages/airflow/example_dags/example_dag_decorator.py for tasks to queue
[2026-09-21 15:09:34,128] {logging_mixin.py:104} INFO - [2026-09-21 15:09:34,128] {dagbag.py:451} INFO - Filling up the DagBag from /home/airflow/.local/lib/python3.6/site-packages/airflow/example_dags/example_dag_decorator.py
[2026-09-21 15:09:34,162] {scheduler_job.py:639} INFO - DAG(s) dict_keys(['example_dag_decorator']) retrieved from /home/airflow/.local/lib/python3.6/site-packages/airflow/example_dags/example_dag_decorator.py
[2026-09-21 15:09:34,241] {logging_mixin.py:104} INFO - [2026-09-21 15:09:34,241] {dag.py:1824} INFO - Sync 1 DAGs
[2026-09-21 15:09:34,298] {logging_mixin.py:104} INFO - [2026-09-21 15:09:34,297] {dag.py:2280} INFO - Setting next_dagrun for example_dag_decorator to None
[2026-09-21 15:09:34,334] {scheduler_job.py:190} INFO - Processing /home/airflow/.local/lib/python3.6/site-packages/airflow/example_dags/example_dag_decorator.py took 0.216 seconds
[2026-09-21 15:10:04,501] {scheduler_job.py:182} INFO - Started process (PID=102) to work on /home/airflow/.local/lib/python3.6/site-packages/airflow/example_dags/example_dag_decorator.py
[2026-09-21 15:10:04,504] {scheduler_job.py:629} INFO - Processing file /home/airflow/.local/lib/python3.6/site-packages/airflow/example_dags/example_dag_decorator.py for tasks to queue
[2026-09-21 15:10:04,505] {logging_mixin.py:104} INFO - [2026-09-21 15:10:04,505] {dagbag.py:451} INFO - Filling up the DagBag from /home/airflow/.local/lib/python3.6/site-packages/airflow/example_dags/example_dag_decorator.py
[2026-09-21 15:10:04,534] {scheduler_job.py:639} INFO - DAG(s) dict_keys(['example_dag_decorator']) retrieved from /home/airflow/.local/lib/python3.6/site-packages/airflow/example_dags/example_dag_decorator.py
[2026-09-21 15:10:04,575] {logging_mixin.py:104} INFO - [2026-09-21 15:10:04,574] {dag.py:1824} INFO - Sync 1 DAGs
[2026-09-21 15:10:04,604] {logging_mixin.py:104} INFO - [2026-09-21 15:10:04,604] {dag.py:2280} INFO - Setting next_dagrun for example_dag_decorator to None
[2026-09-21 15:10:04,636] {scheduler_job.py:190} INFO - Processing /home/airflow/.local/lib/python3.6/site-packages/airflow/example_dags/example_dag_decorator.py took 0.140 seconds
