[2026-09-21 15:09:03,138] {scheduler_job.py:182} INFO - Started process (PID=47) to work on /home/airflow/.local/lib/python3.6/site-packages/airflow/example_dags/example_external_task_marker_dag.py
[2026-09-21 15:09:03,144] {scheduler_job.py:629} INFO - Processing file /home/airflow/.local/lib/python3.6/site-packages/airflow/example_dags/example_external_task_marker_dag.py for tasks to queue
[2026-09-21 15:09:03,146] {logging_mixin.py:104} INFO - [2026-09-21 15:09:03,146] {dagbag.py:451} INFO - Filling up the DagBag from /home/airflow/.local/lib/python3.6/site-packages/airflow/example_dags/example_external_task_marker_dag.py
[2026-09-21 15:09:03,202] {scheduler_job.py:639} INFO - DAG(s) dict_keys(['example_external_task_marker_parent', 'example_external_task_marker_child']) retrieved from /home/airflow/.local/lib/python3.6/site-packages/airflow/example_dags/example_external_task_marker_dag.py
[2026-09-21 15:09:03,280] {logging_mixin.py:104} INFO - [2026-09-21 15:09:03,280] {dag.py:1824} INFO - Sync 2 DAGs
[2026-09-21 15:09:03,307] {logging_mixin.py:104} INFO - [2026-09-21 15:09:03,307] {dag.py:1843} INFO - Creating ORM DAG for example_external_task_marker_child
[2026-09-21 15:09:03,309] {logging_mixin.py:104} INFO - [2026-09-21 15:09:03,308] {dag.py:1843} INFO - Creating ORM DAG for example_external_task_marker_parent
[2026-09-21 15:09:03,323] {logging_mixin.py:104} INFO - [2026-09-21 15:09:03,322] {dag.py:2280} INFO - Setting next_dagrun for example_external_task_marker_child to None
[2026-09-21 15:09:03,325] {logging_mixin.py:104} INFO - [2026-09-21 15:09:03,325] {dag.py:2280} INFO - Setting next_dagrun for example_external_task_marker_parent to None
[2026-09-21 15:09:03,396] {scheduler_job.py:190} INFO - Processing /home/airflow/.local/lib/python3.6/site-packages/airflow/example_dags/example_external_task_marker_dag.py took 0.264 seconds
[2026-09-21 15:09:33,651] {scheduler_job.py:182} INFO - Started process (PID=72) to work on /home/airflow/.local/lib/python3.6/site-packages/airflow/example_dags/example_external_task_marker_dag.py
[2026-09-21 15:09:33,656] {scheduler_job.py:629} INFO - Processing file /home/airflow/.local/lib/python3.6/site-packages/airflow/example_dags/example_external_task_marker_dag.py for tasks to queue
[2026-09-21 15:09:33,657] {logging_mixin.py:104} INFO - [2026-09-21 15:09:33,657] {dagbag.py:451} INFO - Filling up the DagBag from /home/airflow/.local/lib/python3.6/site-packages/airflow/example_dags/example_external_task_marker_dag.py
[2026-09-21 15:09:33,689] {scheduler_job.py:639} INFO - DAG(s) dict_keys(['example_external_task_marker_parent', 'example_external_task_marker_child']) retrieved from /home/airflow/.local/lib/python3.6/site-packages/airflow/example_dags/example_external_task_marker_dag.py
[2026-09-21 15:09:33,818] {logging_mixin.py:104} INFO - [2026-09-21 15:09:33,818] {dag.py:1824} INFO - Sync 2 DAGs
[2026-09-21 15:09:33,875] {logging_mixin.py:104} INFO - [2026-09-21 15:09:33,875] {dag.py:2280} INFO - Setting next_dagrun for example_external_task_marker_child to None
[2026-09-21 15:09:33,878] {logging_mixin.py:104} INFO - [2026-09-21 15:09:33,877] {dag.py:2280} INFO - Setting next_dagrun for example_external_task_marker_parent to None
[2026-09-21 15:09:33,913] {scheduler_job.py:190} INFO - Processing /home/airflow/.local/lib/python3.6/site-packages/airflow/example_dags/example_external_task_marker_dag.py took 0.274 seconds
[2026-09-21 15:10:04,014] {scheduler_job.py:182} INFO - Started process (PID=98) to work on /home/airflow/.local/lib/python3.6/site-packages/airflow/example_dags/example_external_task_marker_dag.py
[2026-09-21 15:10:04,016] {scheduler_job.py:629} INFO - Processing file /home/airflow/.local/lib/python3.6/site-packages/airflow/example_dags/example_external_task_marker_dag.py for tasks to queue
[2026-09-21 15:10:04,017] {logging_mixin.py:104} INFO - [2026-09-21 15:10:04,017] {dagbag.py:451} INFO - Filling up the DagBag from /home/airflow/.local/lib/python3.6/site-packages/airflow/example_dags/example_external_task_marker_dag.py
[2026-09-21 15:10:04,039] {scheduler_job.py:639} INFO - DAG(s) dict_keys(['example_external_task_marker_parent', 'example_external_task_marker_child']) retrieved from /home/airflow/.local/lib/python3.6/site-packages/airflow/example_dags/example_external_task_marker_dag.py
[2026-09-21 15:10:04,090] {logging_mixin.py:104} INFO - [2026-09-21 15:10:04,090] {dag.py:1824} INFO - Sync 2 DAGs
[2026-09-21 15:10:04,117] {logging_mixin.py:104} INFO - [2026-09-21 15:10:04,117] {dag.py:2280} INFO - Setting next_dagrun for example_external_task_marker_child to None
[2026-09-21 15:10:04,119] {logging_mixin.py:104} INFO - [2026-09-21 15:10:04,119] {dag.py:2280} INFO - Setting next_dagrun for example_external_task_marker_parent to None
[2026-09-21 15:10:04,140] {scheduler_job.py:190} INFO - Processing /home/airflow/.local/lib/python3.6/site-packages/airflow/example_dags/example_external_task_marker_dag.py took 0.131 seconds
