[2026-09-21 15:09:02,758] {scheduler_job.py:182} INFO - Started process (PID=44) to work on /home/airflow/.local/lib/python3.6/site-packages/airflow/example_dags/example_complex.py
[2026-09-21 15:09:02,760] {scheduler_job.py:629} INFO - Processing file /home/airflow/.local/lib/python3.6/site-packages/airflow/example_dags/example_complex.py for tasks to queue
[2026-09-21 15:09:02,762] {logging_mixin.py:104} INFO - [2026-09-21 15:09:02,761] {dagbag.py:451} INFO - Filling up the DagBag from /home/airflow/.local/lib/python3.6/site-packages/airflow/example_dags/example_complex.py
[2026-09-21 15:09:02,809] {scheduler_job.py:639} INFO - DAG(s) dict_keys(['example_complex']) retrieved from /home/airflow/.local/lib/python3.6/site-packages/airflow/example_dags/example_complex.py
[2026-09-21 15:09:02,878] {logging_mixin.py:104} INFO - [2026-09-21 15:09:02,878] {dag.py:1824} INFO - Sync 1 DAGs
[2026-09-21 15:09:02,901] {logging_mixin.py:104} INFO - [2026-09-21 15:09:02,900] {dag.py:1843} INFO - Creating ORM DAG for example_complex
[2026-09-21 15:09:02,915] {logging_mixin.py:104} INFO - [2026-09-21 15:09:02,914] {dag.py:2280} INFO - Setting next_dagrun for example_complex to None
[2026-09-21 15:09:02,962] {scheduler_job.py:190} INFO - Processing /home/airflow/.local/lib/python3.6/site-packages/airflow/example_dags/example_complex.py took 0.210 seconds
[2026-09-21 15:09:33,287] {scheduler_job.py:182} INFO - Started process (PID=69) to work on /home/airflow/.local/lib/python3.6/site-packages/airflow/example_dags/example_complex.py
[2026-09-21 15:09:33,289] {scheduler_job.py:629} INFO - Processing file /home/airflow/.local/lib/python3.6/site-packages/airflow/example_dags/example_complex.py for tasks to queue
[2026-09-21 15:09:33,290] {logging_mixin.py:104} INFO - [2026-09-21 15:09:33,290] {dagbag.py:451} INFO - Filling up the DagBag from /home/airflow/.local/lib/python3.6/site-packages/airflow/example_dags/example_complex.py
[2026-09-21 15:09:33,334] {scheduler_job.py:639} INFO - DAG(s) dict_keys(['example_complex']) retrieved from /home/airflow/.local/lib/python3.6/site-packages/airflow/example_dags/example_complex.py
[2026-09-21 15:09:33,408] {logging_mixin.py:104} INFO - [2026-09-21 15:09:33,407] {dag.py:1824} INFO - Sync 1 DAGs
[2026-09-21 15:09:33,441] {logging_mixin.py:104} INFO - [2026-09-21 15:09:33,441] {dag.py:2280} INFO - Setting next_dagrun for example_complex to None
[2026-09-21 15:09:33,462] {scheduler_job.py:190} INFO - Processing /home/airflow/.local/lib/python3.6/site-packages/airflow/example_dags/example_complex.py took 0.180 seconds
[2026-09-21 15:10:03,665] {scheduler_job.py:182} INFO - Started process (PID=95) to work on /home/airflow/.local/lib/python3.6/site-packages/airflow/example_dags/example_complex.py
[2026-09-21 15:10:03,668] {scheduler_job.py:629} INFO - Processing file /home/airflow/.local/lib/python3.6/site-packages/airflow/example_dags/example_complex.py for tasks to queue
[2026-09-21 15:10:03,669] {logging_mixin.py:104} INFO - [2026-09-21 15:10:03,669] {dagbag.py:451} INFO - Filling up the DagBag from /home/airflow/.local/lib/python3.6/site-packages/airflow/example_dags/example_complex.py
[2026-09-21 15:10:03,708] {scheduler_job.py:639} INFO - DAG(s) dict_keys(['example_complex']) retrieved from /home/airflow/.local/lib/python3.6/site-packages/airflow/example_dags/example_complex.py
[2026-09-21 15:10:03,766] {logging_mixin.py:104} INFO - [2026-09-21 15:10:03,765] {dag.py:1824} INFO - Sync 1 DAGs
[2026-09-21 15:10:03,805] {logging_mixin.py:104} INFO - [2026-09-21 15:10:03,804] {dag.py:2280} INFO - Setting next_dagrun for example_complex to None
[2026-09-21 15:10:03,829] {scheduler_job.py:190} INFO - Processing /home/airflow/.local/lib/python3.6/site-packages/airflow/example_dags/example_complex.py took 0.169 seconds
