[2026-09-21 15:09:01,997] {scheduler_job.py:182} INFO - Started process (PID=39) to work on /home/airflow/.local/lib/python3.6/site-packages/airflow/example_dags/example_xcom.py
[2026-09-21 15:09:02,000] {scheduler_job.py:629} INFO - Processing file /home/airflow/.local/lib/python3.6/site-packages/airflow/example_dags/example_xcom.py for tasks to queue
[2026-09-21 15:09:02,003] {logging_mixin.py:104} INFO - [2026-09-21 15:09:02,003] {dagbag.py:451} INFO - Filling up the DagBag from /home/airflow/.local/lib/python3.6/site-packages/airflow/example_dags/example_xcom.py
[2026-09-21 15:09:02,036] {scheduler_job.py:639} INFO - DAG(s) dict_keys(['example_xcom']) retrieved from /home/airflow/.local/lib/python3.6/site-packages/airflow/example_dags/example_xcom.py
[2026-09-21 15:09:02,091] {logging_mixin.py:104} INFO - [2026-09-21 15:09:02,091] {dag.py:1824} INFO - Sync 1 DAGs
[2026-09-21 15:09:02,114] {logging_mixin.py:104} INFO - [2026-09-21 15:09:02,114] {dag.py:1843} INFO - Creating ORM DAG for example_xcom
[2026-09-21 15:09:02,128] {logging_mixin.py:104} INFO - [2026-09-21 15:09:02,127] {dag.py:2280} INFO - Setting next_dagrun for example_xcom to 2026-09-19 00:00:00+00:00
[2026-09-21 15:09:02,166] {scheduler_job.py:190} INFO - Processing /home/airflow/.local/lib/python3.6/site-packages/airflow/example_dags/example_xcom.py took 0.177 seconds
[2026-09-21 15:09:32,500] {scheduler_job.py:182} INFO - Started process (PID=61) to work on /home/airflow/.local/lib/python3.6/site-packages/airflow/example_dags/example_xcom.py
[2026-09-21 15:09:32,501] {scheduler_job.py:629} INFO - Processing file /home/airflow/.local/lib/python3.6/site-packages/airflow/example_dags/example_xcom.py for tasks to queue
[2026-09-21 15:09:32,503] {logging_mixin.py:104} INFO - [2026-09-21 15:09:32,502] {dagbag.py:451} INFO - Filling up the DagBag from /home/airflow/.local/lib/python3.6/site-packages/airflow/example_dags/example_xcom.py
[2026-09-21 15:09:32,528] {scheduler_job.py:639} INFO - DAG(s) dict_keys(['example_xcom']) retrieved from /home/airflow/.local/lib/python3.6/site-packages/airflow/example_dags/example_xcom.py
[2026-09-21 15:09:32,570] {logging_mixin.py:104} INFO - [2026-09-21 15:09:32,570] {dag.py:1824} INFO - Sync 1 DAGs
[2026-09-21 15:09:32,605] {logging_mixin.py:104} INFO - [2026-09-21 15:09:32,604] {dag.py:2280} INFO - Setting next_dagrun for example_xcom to 2026-09-19 00:00:00+00:00
[2026-09-21 15:09:32,630] {scheduler_job.py:190} INFO - Processing /home/airflow/.local/lib/python3.6/site-packages/airflow/example_dags/example_xcom.py took 0.136 seconds
[2026-09-21 15:10:02,785] {scheduler_job.py:182} INFO - Started process (PID=88) to work on /home/airflow/.local/lib/python3.6/site-packages/airflow/example_dags/example_xcom.py
[2026-09-21 15:10:02,787] {scheduler_job.py:629} INFO - Processing file /home/airflow/.local/lib/python3.6/site-packages/airflow/example_dags/example_xcom.py for tasks to queue
[2026-09-21 15:10:02,788] {logging_mixin.py:104} INFO - [2026-09-21 15:10:02,787] {dagbag.py:451} INFO - Filling up the DagBag from /home/airflow/.local/lib/python3.6/site-packages/airflow/example_dags/example_xcom.py
[2026-09-21 15:10:02,808] {scheduler_job.py:639} INFO - DAG(s) dict_keys(['example_xcom']) retrieved from /home/airflow/.local/lib/python3.6/site-packages/airflow/example_dags/example_xcom.py
[2026-09-21 15:10:02,842] {logging_mixin.py:104} INFO - [2026-09-21 15:10:02,842] {dag.py:1824} INFO - Sync 1 DAGs
[2026-09-21 15:10:02,870] {logging_mixin.py:104} INFO - [2026-09-21 15:10:02,870] {dag.py:2280} INFO - Setting next_dagrun for example_xcom to 2026-09-19 00:00:00+00:00
[2026-09-21 15:10:02,893] {scheduler_job.py:190} INFO - Processing /home/airflow/.local/lib/python3.6/site-packages/airflow/example_dags/example_xcom.py took 0.114 seconds
