[2026-09-21 15:09:03,361] {scheduler_job.py:182} INFO - Started process (PID=48) to work on /home/airflow/.local/lib/python3.6/site-packages/airflow/example_dags/example_python_operator.py
[2026-09-21 15:09:03,365] {scheduler_job.py:629} INFO - Processing file /home/airflow/.local/lib/python3.6/site-packages/airflow/example_dags/example_python_operator.py for tasks to queue
[2026-09-21 15:09:03,370] {logging_mixin.py:104} INFO - [2026-09-21 15:09:03,370] {dagbag.py:451} INFO - Filling up the DagBag from /home/airflow/.local/lib/python3.6/site-packages/airflow/example_dags/example_python_operator.py
[2026-09-21 15:09:03,416] {scheduler_job.py:639} INFO - DAG(s) dict_keys(['example_python_operator']) retrieved from /home/airflow/.local/lib/python3.6/site-packages/airflow/example_dags/example_python_operator.py
[2026-09-21 15:09:03,489] {logging_mixin.py:104} INFO - [2026-09-21 15:09:03,489] {dag.py:1824} INFO - Sync 1 DAGs
[2026-09-21 15:09:03,510] {logging_mixin.py:104} INFO - [2026-09-21 15:09:03,510] {dag.py:1843} INFO - Creating ORM DAG for example_python_operator
[2026-09-21 15:09:03,522] {logging_mixin.py:104} INFO - [2026-09-21 15:09:03,522] {dag.py:2280} INFO - Setting next_dagrun for example_python_operator to None
[2026-09-21 15:09:03,558] {scheduler_job.py:190} INFO - Processing /home/airflow/.local/lib/python3.6/site-packages/airflow/example_dags/example_python_operator.py took 0.212 seconds
[2026-09-21 15:09:33,928] {scheduler_job.py:182} INFO - Started process (PID=74) to work on /home/airflow/.local/lib/python3.6/site-packages/airflow/example_dags/example_python_operator.py
[2026-09-21 15:09:33,930] {scheduler_job.py:629} INFO - Processing file /home/airflow/.local/lib/python3.6/site-packages/airflow/example_dags/example_python_operator.py for tasks to queue
[2026-09-21 15:09:33,931] {logging_mixin.py:104} INFO - [2026-09-21 15:09:33,931] {dagbag.py:451} INFO - Filling up the DagBag from /home/airflow/.local/lib/python3.6/site-packages/airflow/example_dags/example_python_operator.py
[2026-09-21 15:09:33,960] {scheduler_job.py:639} INFO - DAG(s) dict_keys(['example_python_operator']) retrieved from /home/airflow/.local/lib/python3.6/site-packages/airflow/example_dags/example_python_operator.py
[2026-09-21 15:09:34,007] {logging_mixin.py:104} INFO - [2026-09-21 15:09:34,007] {dag.py:1824} INFO - Sync 1 DAGs
[2026-09-21 15:09:34,041] {logging_mixin.py:104} INFO - [2026-09-21 15:09:34,041] {dag.py:2280} INFO - Setting next_dagrun for example_python_operator to None
[2026-09-21 15:09:34,082] {scheduler_job.py:190} INFO - Processing /home/airflow/.local/lib/python3.6/site-packages/airflow/example_dags/example_python_operator.py took 0.160 seconds
[2026-09-21 15:10:04,166] {scheduler_job.py:182} INFO - Started process (PID=100) to work on /home/airflow/.local/lib/python3.6/site-packages/airflow/example_dags/example_python_operator.py
[2026-09-21 15:10:04,168] {scheduler_job.py:629} INFO - Processing file /home/airflow/.local/lib/python3.6/site-packages/airflow/example_dags/example_python_operator.py for tasks to queue
[2026-09-21 15:10:04,168] {logging_mixin.py:104} INFO - [2026-09-21 15:10:04,168] {dagbag.py:451} INFO - Filling up the DagBag from /home/airflow/.local/lib/python3.6/site-packages/airflow/example_dags/example_python_operator.py
[2026-09-21 15:10:04,191] {scheduler_job.py:639} INFO - DAG(s) dict_keys(['example_python_operator']) retrieved from /home/airflow/.local/lib/python3.6/site-packages/airflow/example_dags/example_python_operator.py
[2026-09-21 15:10:04,228] {logging_mixin.py:104} INFO - [2026-09-21 15:10:04,228] {dag.py:1824} INFO - Sync 1 DAGs
[2026-09-21 15:10:04,254] {logging_mixin.py:104} INFO - [2026-09-21 15:10:04,254] {dag.py:2280} INFO - Setting next_dagrun for example_python_operator to None
[2026-09-21 15:10:04,280] {scheduler_job.py:190} INFO - Processing /home/airflow/.local/lib/python3.6/site-packages/airflow/example_dags/example_python_operator.py took 0.118 seconds
