[2026-09-21 15:09:02,253] {scheduler_job.py:182} INFO - Started process (PID=41) to work on /home/airflow/.local/lib/python3.6/site-packages/airflow/example_dags/example_trigger_controller_dag.py
[2026-09-21 15:09:02,255] {scheduler_job.py:629} INFO - Processing file /home/airflow/.local/lib/python3.6/site-packages/airflow/example_dags/example_trigger_controller_dag.py for tasks to queue
[2026-09-21 15:09:02,257] {logging_mixin.py:104} INFO - [2026-09-21 15:09:02,257] {dagbag.py:451} INFO - Filling up the DagBag from /home/airflow/.local/lib/python3.6/site-packages/airflow/example_dags/example_trigger_controller_dag.py
[2026-09-21 15:09:02,302] {scheduler_job.py:639} INFO - DAG(s) dict_keys(['example_trigger_controller_dag']) retrieved from /home/airflow/.local/lib/python3.6/site-packages/airflow/example_dags/example_trigger_controller_dag.py
[2026-09-21 15:09:02,362] {logging_mixin.py:104} INFO - [2026-09-21 15:09:02,362] {dag.py:1824} INFO - Sync 1 DAGs
[2026-09-21 15:09:02,384] {logging_mixin.py:104} INFO - [2026-09-21 15:09:02,384] {dag.py:1843} INFO - Creating ORM DAG for example_trigger_controller_dag
[2026-09-21 15:09:02,397] {logging_mixin.py:104} INFO - [2026-09-21 15:09:02,397] {dag.py:2280} INFO - Setting next_dagrun for example_trigger_controller_dag to 2026-09-19 00:00:00+00:00
[2026-09-21 15:09:02,431] {scheduler_job.py:190} INFO - Processing /home/airflow/.local/lib/python3.6/site-packages/airflow/example_dags/example_trigger_controller_dag.py took 0.191 seconds
[2026-09-21 15:09:32,678] {scheduler_job.py:182} INFO - Started process (PID=63) to work on /home/airflow/.local/lib/python3.6/site-packages/airflow/example_dags/example_trigger_controller_dag.py
[2026-09-21 15:09:32,680] {scheduler_job.py:629} INFO - Processing file /home/airflow/.local/lib/python3.6/site-packages/airflow/example_dags/example_trigger_controller_dag.py for tasks to queue
[2026-09-21 15:09:32,681] {logging_mixin.py:104} INFO - [2026-09-21 15:09:32,681] {dagbag.py:451} INFO - Filling up the DagBag from /home/airflow/.local/lib/python3.6/site-packages/airflow/example_dags/example_trigger_controller_dag.py
[2026-09-21 15:09:32,707] {scheduler_job.py:639} INFO - DAG(s) dict_keys(['example_trigger_controller_dag']) retrieved from /home/airflow/.local/lib/python3.6/site-packages/airflow/example_dags/example_trigger_controller_dag.py
[2026-09-21 15:09:32,761] {logging_mixin.py:104} INFO - [2026-09-21 15:09:32,761] {dag.py:1824} INFO - Sync 1 DAGs
[2026-09-21 15:09:32,796] {logging_mixin.py:104} INFO - [2026-09-21 15:09:32,796] {dag.py:2280} INFO - Setting next_dagrun for example_trigger_controller_dag to 2026-09-19 00:00:00+00:00
[2026-09-21 15:09:32,832] {scheduler_job.py:190} INFO - Processing /home/airflow/.local/lib/python3.6/site-packages/airflow/example_dags/example_trigger_controller_dag.py took 0.161 seconds
[2026-09-21 15:10:02,917] {scheduler_job.py:182} INFO - Started process (PID=89) to work on /home/airflow/.local/lib/python3.6/site-packages/airflow/example_dags/example_trigger_controller_dag.py
[2026-09-21 15:10:02,919] {scheduler_job.py:629} INFO - Processing file /home/airflow/.local/lib/python3.6/site-packages/airflow/example_dags/example_trigger_controller_dag.py for tasks to queue
[2026-09-21 15:10:02,920] {logging_mixin.py:104} INFO - [2026-09-21 15:10:02,920] {dagbag.py:451} INFO - Filling up the DagBag from /home/airflow/.local/lib/python3.6/site-packages/airflow/example_dags/example_trigger_controller_dag.py
[2026-09-21 15:10:02,936] {scheduler_job.py:639} INFO - DAG(s) dict_keys(['example_trigger_controller_dag']) retrieved from /home/airflow/.local/lib/python3.6/site-packages/airflow/example_dags/example_trigger_controller_dag.py
[2026-09-21 15:10:02,968] {logging_mixin.py:104} INFO - [2026-09-21 15:10:02,968] {dag.py:1824} INFO - Sync 1 DAGs
[2026-09-21 15:10:02,998] {logging_mixin.py:104} INFO - [2026-09-21 15:10:02,998] {dag.py:2280} INFO - Setting next_dagrun for example_trigger_controller_dag to 2026-09-19 00:00:00+00:00
[2026-09-21 15:10:03,022] {scheduler_job.py:190} INFO - Processing /home/airflow/.local/lib/python3.6/site-packages/airflow/example_dags/example_trigger_controller_dag.py took 0.111 seconds
