[2026-09-21 15:09:02,508] {scheduler_job.py:182} INFO - Started process (PID=42) to work on /home/airflow/.local/lib/python3.6/site-packages/airflow/example_dags/example_xcomargs.py
[2026-09-21 15:09:02,510] {scheduler_job.py:629} INFO - Processing file /home/airflow/.local/lib/python3.6/site-packages/airflow/example_dags/example_xcomargs.py for tasks to queue
[2026-09-21 15:09:02,512] {logging_mixin.py:104} INFO - [2026-09-21 15:09:02,512] {dagbag.py:451} INFO - Filling up the DagBag from /home/airflow/.local/lib/python3.6/site-packages/airflow/example_dags/example_xcomargs.py
[2026-09-21 15:09:02,548] {scheduler_job.py:639} INFO - DAG(s) dict_keys(['example_xcom_args', 'example_xcom_args_with_operators']) retrieved from /home/airflow/.local/lib/python3.6/site-packages/airflow/example_dags/example_xcomargs.py
[2026-09-21 15:09:02,625] {logging_mixin.py:104} INFO - [2026-09-21 15:09:02,624] {dag.py:1824} INFO - Sync 2 DAGs
[2026-09-21 15:09:02,647] {logging_mixin.py:104} INFO - [2026-09-21 15:09:02,646] {dag.py:1843} INFO - Creating ORM DAG for example_xcom_args
[2026-09-21 15:09:02,648] {logging_mixin.py:104} INFO - [2026-09-21 15:09:02,648] {dag.py:1843} INFO - Creating ORM DAG for example_xcom_args_with_operators
[2026-09-21 15:09:02,660] {logging_mixin.py:104} INFO - [2026-09-21 15:09:02,660] {dag.py:2280} INFO - Setting next_dagrun for example_xcom_args to None
[2026-09-21 15:09:02,662] {logging_mixin.py:104} INFO - [2026-09-21 15:09:02,662] {dag.py:2280} INFO - Setting next_dagrun for example_xcom_args_with_operators to None
[2026-09-21 15:09:02,700] {scheduler_job.py:190} INFO - Processing /home/airflow/.local/lib/python3.6/site-packages/airflow/example_dags/example_xcomargs.py took 0.198 seconds
[2026-09-21 15:09:33,387] {scheduler_job.py:182} INFO - Started process (PID=70) to work on /home/airflow/.local/lib/python3.6/site-packages/airflow/example_dags/example_xcomargs.py
[2026-09-21 15:09:33,389] {scheduler_job.py:629} INFO - Processing file /home/airflow/.local/lib/python3.6/site-packages/airflow/example_dags/example_xcomargs.py for tasks to queue
[2026-09-21 15:09:33,393] {logging_mixin.py:104} INFO - [2026-09-21 15:09:33,393] {dagbag.py:451} INFO - Filling up the DagBag from /home/airflow/.local/lib/python3.6/site-packages/airflow/example_dags/example_xcomargs.py
[2026-09-21 15:09:33,441] {scheduler_job.py:639} INFO - DAG(s) dict_keys(['example_xcom_args', 'example_xcom_args_with_operators']) retrieved from /home/airflow/.local/lib/python3.6/site-packages/airflow/example_dags/example_xcomargs.py
[2026-09-21 15:09:33,523] {logging_mixin.py:104} INFO - [2026-09-21 15:09:33,523] {dag.py:1824} INFO - Sync 2 DAGs
[2026-09-21 15:09:33,559] {logging_mixin.py:104} INFO - [2026-09-21 15:09:33,558] {dag.py:2280} INFO - Setting next_dagrun for example_xcom_args to None
[2026-09-21 15:09:33,560] {logging_mixin.py:104} INFO - [2026-09-21 15:09:33,560] {dag.py:2280} INFO - Setting next_dagrun for example_xcom_args_with_operators to None
[2026-09-21 15:09:33,604] {scheduler_job.py:190} INFO - Processing /home/airflow/.local/lib/python3.6/site-packages/airflow/example_dags/example_xcomargs.py took 0.224 seconds
[2026-09-21 15:10:03,676] {scheduler_job.py:182} INFO - Started process (PID=96) to work on /home/airflow/.local/lib/python3.6/site-packages/airflow/example_dags/example_xcomargs.py
[2026-09-21 15:10:03,679] {scheduler_job.py:629} INFO - Processing file /home/airflow/.local/lib/python3.6/site-packages/airflow/example_dags/example_xcomargs.py for tasks to queue
[2026-09-21 15:10:03,680] {logging_mixin.py:104} INFO - [2026-09-21 15:10:03,680] {dagbag.py:451} INFO - Filling up the DagBag from /home/airflow/.local/lib/python3.6/site-packages/airflow/example_dags/example_xcomargs.py
[2026-09-21 15:10:03,711] {scheduler_job.py:639} INFO - DAG(s) dict_keys(['example_xcom_args', 'example_xcom_args_with_operators']) retrieved from /home/airflow/.local/lib/python3.6/site-packages/airflow/example_dags/example_xcomargs.py
[2026-09-21 15:10:03,770] {logging_mixin.py:104} INFO - [2026-09-21 15:10:03,769] {dag.py:1824} INFO - Sync 2 DAGs
[2026-09-21 15:10:03,804] {logging_mixin.py:104} INFO - [2026-09-21 15:10:03,804] {dag.py:2280} INFO - Setting next_dagrun for example_xcom_args to None
[2026-09-21 15:10:03,806] {logging_mixin.py:104} INFO - [2026-09-21 15:10:03,806] {dag.py:2280} INFO - Setting next_dagrun for example_xcom_args_with_operators to None
[2026-09-21 15:10:03,841] {scheduler_job.py:190} INFO - Processing /home/airflow/.local/lib/python3.6/site-packages/airflow/example_dags/example_xcomargs.py took 0.170 seconds
