[2026-09-21 15:09:01,738] {scheduler_job.py:182} INFO - Started process (PID=38) to work on /home/airflow/.local/lib/python3.6/site-packages/airflow/example_dags/tutorial_taskflow_api_etl.py
[2026-09-21 15:09:01,740] {scheduler_job.py:629} INFO - Processing file /home/airflow/.local/lib/python3.6/site-packages/airflow/example_dags/tutorial_taskflow_api_etl.py for tasks to queue
[2026-09-21 15:09:01,741] {logging_mixin.py:104} INFO - [2026-09-21 15:09:01,741] {dagbag.py:451} INFO - Filling up the DagBag from /home/airflow/.local/lib/python3.6/site-packages/airflow/example_dags/tutorial_taskflow_api_etl.py
[2026-09-21 15:09:01,774] {scheduler_job.py:639} INFO - DAG(s) dict_keys(['tutorial_taskflow_api_etl']) retrieved from /home/airflow/.local/lib/python3.6/site-packages/airflow/example_dags/tutorial_taskflow_api_etl.py
[2026-09-21 15:09:01,870] {logging_mixin.py:104} INFO - [2026-09-21 15:09:01,870] {dag.py:1824} INFO - Sync 1 DAGs
[2026-09-21 15:09:01,897] {logging_mixin.py:104} INFO - [2026-09-21 15:09:01,897] {dag.py:1843} INFO - Creating ORM DAG for tutorial_taskflow_api_etl
[2026-09-21 15:09:01,914] {logging_mixin.py:104} INFO - [2026-09-21 15:09:01,914] {dag.py:2280} INFO - Setting next_dagrun for tutorial_taskflow_api_etl to None
[2026-09-21 15:09:01,962] {scheduler_job.py:190} INFO - Processing /home/airflow/.local/lib/python3.6/site-packages/airflow/example_dags/tutorial_taskflow_api_etl.py took 0.233 seconds
[2026-09-21 15:09:32,874] {scheduler_job.py:182} INFO - Started process (PID=66) to work on /home/airflow/.local/lib/python3.6/site-packages/airflow/example_dags/tutorial_taskflow_api_etl.py
[2026-09-21 15:09:32,876] {scheduler_job.py:629} INFO - Processing file /home/airflow/.local/lib/python3.6/site-packages/airflow/example_dags/tutorial_taskflow_api_etl.py for tasks to queue
[2026-09-21 15:09:32,877] {logging_mixin.py:104} INFO - [2026-09-21 15:09:32,877] {dagbag.py:451} INFO - Filling up the DagBag from /home/airflow/.local/lib/python3.6/site-packages/airflow/example_dags/tutorial_taskflow_api_etl.py
[2026-09-21 15:09:32,912] {scheduler_job.py:639} INFO - DAG(s) dict_keys(['tutorial_taskflow_api_etl']) retrieved from /home/airflow/.local/lib/python3.6/site-packages/airflow/example_dags/tutorial_taskflow_api_etl.py
[2026-09-21 15:09:32,963] {logging_mixin.py:104} INFO - [2026-09-21 15:09:32,963] {dag.py:1824} INFO - Sync 1 DAGs
[2026-09-21 15:09:33,002] {logging_mixin.py:104} INFO - [2026-09-21 15:09:33,002] {dag.py:2280} INFO - Setting next_dagrun for tutorial_taskflow_api_etl to None
[2026-09-21 15:09:33,037] {scheduler_job.py:190} INFO - Processing /home/airflow/.local/lib/python3.6/site-packages/airflow/example_dags/tutorial_taskflow_api_etl.py took 0.170 seconds
[2026-09-21 15:10:03,116] {scheduler_job.py:182} INFO - Started process (PID=91) to work on /home/airflow/.local/lib/python3.6/site-packages/airflow/example_dags/tutorial_taskflow_api_etl.py
[2026-09-21 15:10:03,119] {scheduler_job.py:629} INFO - Processing file /home/airflow/.local/lib/python3.6/site-packages/airflow/example_dags/tutorial_taskflow_api_etl.py for tasks to queue
[2026-09-21 15:10:03,120] {logging_mixin.py:104} INFO - [2026-09-21 15:10:03,119] {dagbag.py:451} INFO - Filling up the DagBag from /home/airflow/.local/lib/python3.6/site-packages/airflow/example_dags/tutorial_taskflow_api_etl.py
[2026-09-21 15:10:03,144] {scheduler_job.py:639} INFO - DAG(s) dict_keys(['tutorial_taskflow_api_etl']) retrieved from /home/airflow/.local/lib/python3.6/site-packages/airflow/example_dags/tutorial_taskflow_api_etl.py
[2026-09-21 15:10:03,192] {logging_mixin.py:104} INFO - [2026-09-21 15:10:03,192] {dag.py:1824} INFO - Sync 1 DAGs
[2026-09-21 15:10:03,229] {logging_mixin.py:104} INFO - [2026-09-21 15:10:03,229] {dag.py:2280} INFO - Setting next_dagrun for tutorial_taskflow_api_etl to None
[2026-09-21 15:10:03,265] {scheduler_job.py:190} INFO - Processing /home/airflow/.local/lib/python3.6/site-packages/airflow/example_dags/tutorial_taskflow_api_etl.py took 0.154 seconds
