[2026-09-21 15:09:01,633] {scheduler_job.py:182} INFO - Started process (PID=37) to work on /home/airflow/.local/lib/python3.6/site-packages/airflow/example_dags/tutorial_etl_dag.py
[2026-09-21 15:09:01,651] {scheduler_job.py:629} INFO - Processing file /home/airflow/.local/lib/python3.6/site-packages/airflow/example_dags/tutorial_etl_dag.py for tasks to queue
[2026-09-21 15:09:01,653] {logging_mixin.py:104} INFO - [2026-09-21 15:09:01,652] {dagbag.py:451} INFO - Filling up the DagBag from /home/airflow/.local/lib/python3.6/site-packages/airflow/example_dags/tutorial_etl_dag.py
[2026-09-21 15:09:01,683] {scheduler_job.py:639} INFO - DAG(s) dict_keys(['tutorial_etl_dag']) retrieved from /home/airflow/.local/lib/python3.6/site-packages/airflow/example_dags/tutorial_etl_dag.py
[2026-09-21 15:09:01,782] {logging_mixin.py:104} INFO - [2026-09-21 15:09:01,782] {dag.py:1824} INFO - Sync 1 DAGs
[2026-09-21 15:09:01,819] {logging_mixin.py:104} INFO - [2026-09-21 15:09:01,818] {dag.py:1843} INFO - Creating ORM DAG for tutorial_etl_dag
[2026-09-21 15:09:01,837] {logging_mixin.py:104} INFO - [2026-09-21 15:09:01,836] {dag.py:2280} INFO - Setting next_dagrun for tutorial_etl_dag to None
[2026-09-21 15:09:01,930] {scheduler_job.py:190} INFO - Processing /home/airflow/.local/lib/python3.6/site-packages/airflow/example_dags/tutorial_etl_dag.py took 0.339 seconds
[2026-09-21 15:09:32,511] {scheduler_job.py:182} INFO - Started process (PID=62) to work on /home/airflow/.local/lib/python3.6/site-packages/airflow/example_dags/tutorial_etl_dag.py
[2026-09-21 15:09:32,513] {scheduler_job.py:629} INFO - Processing file /home/airflow/.local/lib/python3.6/site-packages/airflow/example_dags/tutorial_etl_dag.py for tasks to queue
[2026-09-21 15:09:32,514] {logging_mixin.py:104} INFO - [2026-09-21 15:09:32,514] {dagbag.py:451} INFO - Filling up the DagBag from /home/airflow/.local/lib/python3.6/site-packages/airflow/example_dags/tutorial_etl_dag.py
[2026-09-21 15:09:32,545] {scheduler_job.py:639} INFO - DAG(s) dict_keys(['tutorial_etl_dag']) retrieved from /home/airflow/.local/lib/python3.6/site-packages/airflow/example_dags/tutorial_etl_dag.py
[2026-09-21 15:09:32,603] {logging_mixin.py:104} INFO - [2026-09-21 15:09:32,602] {dag.py:1824} INFO - Sync 1 DAGs
[2026-09-21 15:09:32,638] {logging_mixin.py:104} INFO - [2026-09-21 15:09:32,638] {dag.py:2280} INFO - Setting next_dagrun for tutorial_etl_dag to None
[2026-09-21 15:09:32,672] {scheduler_job.py:190} INFO - Processing /home/airflow/.local/lib/python3.6/site-packages/airflow/example_dags/tutorial_etl_dag.py took 0.168 seconds
[2026-09-21 15:10:02,776] {scheduler_job.py:182} INFO - Started process (PID=87) to work on /home/airflow/.local/lib/python3.6/site-packages/airflow/example_dags/tutorial_etl_dag.py
[2026-09-21 15:10:02,779] {scheduler_job.py:629} INFO - Processing file /home/airflow/.local/lib/python3.6/site-packages/airflow/example_dags/tutorial_etl_dag.py for tasks to queue
[2026-09-21 15:10:02,780] {logging_mixin.py:104} INFO - [2026-09-21 15:10:02,780] {dagbag.py:451} INFO - Filling up the DagBag from /home/airflow/.local/lib/python3.6/site-packages/airflow/example_dags/tutorial_etl_dag.py
[2026-09-21 15:10:02,801] {scheduler_job.py:639} INFO - DAG(s) dict_keys(['tutorial_etl_dag']) retrieved from /home/airflow/.local/lib/python3.6/site-packages/airflow/example_dags/tutorial_etl_dag.py
[2026-09-21 15:10:02,839] {logging_mixin.py:104} INFO - [2026-09-21 15:10:02,839] {dag.py:1824} INFO - Sync 1 DAGs
[2026-09-21 15:10:02,867] {logging_mixin.py:104} INFO - [2026-09-21 15:10:02,867] {dag.py:2280} INFO - Setting next_dagrun for tutorial_etl_dag to None
[2026-09-21 15:10:02,888] {scheduler_job.py:190} INFO - Processing /home/airflow/.local/lib/python3.6/site-packages/airflow/example_dags/tutorial_etl_dag.py took 0.117 seconds
