[2026-09-22 16:25:20,090] {scheduler_job.py:182} INFO - Started process (PID=43) to work on /home/airflow/.local/lib/python3.6/site-packages/airflow/example_dags/example_subdag_operator.py
[2026-09-22 16:25:20,095] {scheduler_job.py:629} INFO - Processing file /home/airflow/.local/lib/python3.6/site-packages/airflow/example_dags/example_subdag_operator.py for tasks to queue
[2026-09-22 16:25:20,099] {logging_mixin.py:104} INFO - [2026-09-22 16:25:20,098] {dagbag.py:451} INFO - Filling up the DagBag from /home/airflow/.local/lib/python3.6/site-packages/airflow/example_dags/example_subdag_operator.py
[2026-09-22 16:25:20,224] {scheduler_job.py:639} INFO - DAG(s) dict_keys(['example_subdag_operator.section-1', 'example_subdag_operator.section-2', 'example_subdag_operator']) retrieved from /home/airflow/.local/lib/python3.6/site-packages/airflow/example_dags/example_subdag_operator.py
[2026-09-22 16:25:20,272] {logging_mixin.py:104} INFO - [2026-09-22 16:25:20,271] {dag.py:1824} INFO - Sync 3 DAGs
[2026-09-22 16:25:20,352] {logging_mixin.py:104} INFO - [2026-09-22 16:25:20,352] {dag.py:2280} INFO - Setting next_dagrun for example_subdag_operator to 2026-09-20 00:00:00+00:00
[2026-09-22 16:25:20,366] {logging_mixin.py:104} INFO - [2026-09-22 16:25:20,365] {dag.py:2280} INFO - Setting next_dagrun for example_subdag_operator.section-1 to None
[2026-09-22 16:25:20,366] {logging_mixin.py:104} INFO - [2026-09-22 16:25:20,366] {dag.py:2280} INFO - Setting next_dagrun for example_subdag_operator.section-2 to None
[2026-09-22 16:25:20,407] {logging_mixin.py:104} INFO - [2026-09-22 16:25:20,407] {dag.py:1824} INFO - Sync 2 DAGs
[2026-09-22 16:25:20,433] {logging_mixin.py:104} INFO - [2026-09-22 16:25:20,433] {dag.py:2280} INFO - Setting next_dagrun for example_subdag_operator.section-1 to None
[2026-09-22 16:25:20,434] {logging_mixin.py:104} INFO - [2026-09-22 16:25:20,434] {dag.py:2280} INFO - Setting next_dagrun for example_subdag_operator.section-2 to None
[2026-09-22 16:25:20,454] {scheduler_job.py:190} INFO - Processing /home/airflow/.local/lib/python3.6/site-packages/airflow/example_dags/example_subdag_operator.py took 0.391 seconds
[2026-09-22 16:25:50,876] {scheduler_job.py:182} INFO - Started process (PID=67) to work on /home/airflow/.local/lib/python3.6/site-packages/airflow/example_dags/example_subdag_operator.py
[2026-09-22 16:25:50,877] {scheduler_job.py:629} INFO - Processing file /home/airflow/.local/lib/python3.6/site-packages/airflow/example_dags/example_subdag_operator.py for tasks to queue
[2026-09-22 16:25:50,878] {logging_mixin.py:104} INFO - [2026-09-22 16:25:50,878] {dagbag.py:451} INFO - Filling up the DagBag from /home/airflow/.local/lib/python3.6/site-packages/airflow/example_dags/example_subdag_operator.py
[2026-09-22 16:25:50,915] {scheduler_job.py:639} INFO - DAG(s) dict_keys(['example_subdag_operator.section-1', 'example_subdag_operator.section-2', 'example_subdag_operator']) retrieved from /home/airflow/.local/lib/python3.6/site-packages/airflow/example_dags/example_subdag_operator.py
[2026-09-22 16:25:50,935] {logging_mixin.py:104} INFO - [2026-09-22 16:25:50,935] {dag.py:1824} INFO - Sync 3 DAGs
[2026-09-22 16:25:50,970] {logging_mixin.py:104} INFO - [2026-09-22 16:25:50,969] {dag.py:2280} INFO - Setting next_dagrun for example_subdag_operator to 2026-09-20 00:00:00+00:00
[2026-09-22 16:25:50,971] {logging_mixin.py:104} INFO - [2026-09-22 16:25:50,971] {dag.py:2280} INFO - Setting next_dagrun for example_subdag_operator.section-1 to None
[2026-09-22 16:25:50,972] {logging_mixin.py:104} INFO - [2026-09-22 16:25:50,972] {dag.py:2280} INFO - Setting next_dagrun for example_subdag_operator.section-2 to None
[2026-09-22 16:25:50,990] {logging_mixin.py:104} INFO - [2026-09-22 16:25:50,989] {dag.py:1824} INFO - Sync 2 DAGs
[2026-09-22 16:25:51,002] {logging_mixin.py:104} INFO - [2026-09-22 16:25:51,002] {dag.py:2280} INFO - Setting next_dagrun for example_subdag_operator.section-1 to None
[2026-09-22 16:25:51,002] {logging_mixin.py:104} INFO - [2026-09-22 16:25:51,002] {dag.py:2280} INFO - Setting next_dagrun for example_subdag_operator.section-2 to None
[2026-09-22 16:25:51,015] {scheduler_job.py:190} INFO - Processing /home/airflow/.local/lib/python3.6/site-packages/airflow/example_dags/example_subdag_operator.py took 0.144 seconds
[2026-09-22 16:26:22,039] {scheduler_job.py:182} INFO - Started process (PID=98) to work on /home/airflow/.local/lib/python3.6/site-packages/airflow/example_dags/example_subdag_operator.py
[2026-09-22 16:26:22,040] {scheduler_job.py:629} INFO - Processing file /home/airflow/.local/lib/python3.6/site-packages/airflow/example_dags/example_subdag_operator.py for tasks to queue
[2026-09-22 16:26:22,041] {logging_mixin.py:104} INFO - [2026-09-22 16:26:22,041] {dagbag.py:451} INFO - Filling up the DagBag from /home/airflow/.local/lib/python3.6/site-packages/airflow/example_dags/example_subdag_operator.py
[2026-09-22 16:26:22,077] {scheduler_job.py:639} INFO - DAG(s) dict_keys(['example_subdag_operator.section-1', 'example_subdag_operator.section-2', 'example_subdag_operator']) retrieved from /home/airflow/.local/lib/python3.6/site-packages/airflow/example_dags/example_subdag_operator.py
[2026-09-22 16:26:22,093] {logging_mixin.py:104} INFO - [2026-09-22 16:26:22,093] {dag.py:1824} INFO - Sync 3 DAGs
[2026-09-22 16:26:22,113] {logging_mixin.py:104} INFO - [2026-09-22 16:26:22,113] {dag.py:2280} INFO - Setting next_dagrun for example_subdag_operator to 2026-09-20 00:00:00+00:00
[2026-09-22 16:26:22,114] {logging_mixin.py:104} INFO - [2026-09-22 16:26:22,114] {dag.py:2280} INFO - Setting next_dagrun for example_subdag_operator.section-1 to None
[2026-09-22 16:26:22,115] {logging_mixin.py:104} INFO - [2026-09-22 16:26:22,115] {dag.py:2280} INFO - Setting next_dagrun for example_subdag_operator.section-2 to None
[2026-09-22 16:26:22,129] {logging_mixin.py:104} INFO - [2026-09-22 16:26:22,129] {dag.py:1824} INFO - Sync 2 DAGs
[2026-09-22 16:26:22,139] {logging_mixin.py:104} INFO - [2026-09-22 16:26:22,139] {dag.py:2280} INFO - Setting next_dagrun for example_subdag_operator.section-1 to None
[2026-09-22 16:26:22,140] {logging_mixin.py:104} INFO - [2026-09-22 16:26:22,140] {dag.py:2280} INFO - Setting next_dagrun for example_subdag_operator.section-2 to None
[2026-09-22 16:26:22,149] {scheduler_job.py:190} INFO - Processing /home/airflow/.local/lib/python3.6/site-packages/airflow/example_dags/example_subdag_operator.py took 0.113 seconds
[2026-09-22 16:26:53,259] {scheduler_job.py:182} INFO - Started process (PID=129) to work on /home/airflow/.local/lib/python3.6/site-packages/airflow/example_dags/example_subdag_operator.py
[2026-09-22 16:26:53,261] {scheduler_job.py:629} INFO - Processing file /home/airflow/.local/lib/python3.6/site-packages/airflow/example_dags/example_subdag_operator.py for tasks to queue
[2026-09-22 16:26:53,262] {logging_mixin.py:104} INFO - [2026-09-22 16:26:53,262] {dagbag.py:451} INFO - Filling up the DagBag from /home/airflow/.local/lib/python3.6/site-packages/airflow/example_dags/example_subdag_operator.py
[2026-09-22 16:26:53,322] {scheduler_job.py:639} INFO - DAG(s) dict_keys(['example_subdag_operator.section-1', 'example_subdag_operator.section-2', 'example_subdag_operator']) retrieved from /home/airflow/.local/lib/python3.6/site-packages/airflow/example_dags/example_subdag_operator.py
[2026-09-22 16:26:53,345] {logging_mixin.py:104} INFO - [2026-09-22 16:26:53,345] {dag.py:1824} INFO - Sync 3 DAGs
[2026-09-22 16:26:53,382] {logging_mixin.py:104} INFO - [2026-09-22 16:26:53,382] {dag.py:2280} INFO - Setting next_dagrun for example_subdag_operator to 2026-09-20 00:00:00+00:00
[2026-09-22 16:26:53,384] {logging_mixin.py:104} INFO - [2026-09-22 16:26:53,384] {dag.py:2280} INFO - Setting next_dagrun for example_subdag_operator.section-1 to None
[2026-09-22 16:26:53,385] {logging_mixin.py:104} INFO - [2026-09-22 16:26:53,385] {dag.py:2280} INFO - Setting next_dagrun for example_subdag_operator.section-2 to None
[2026-09-22 16:26:53,402] {logging_mixin.py:104} INFO - [2026-09-22 16:26:53,401] {dag.py:1824} INFO - Sync 2 DAGs
[2026-09-22 16:26:53,416] {logging_mixin.py:104} INFO - [2026-09-22 16:26:53,416] {dag.py:2280} INFO - Setting next_dagrun for example_subdag_operator.section-1 to None
[2026-09-22 16:26:53,416] {logging_mixin.py:104} INFO - [2026-09-22 16:26:53,416] {dag.py:2280} INFO - Setting next_dagrun for example_subdag_operator.section-2 to None
[2026-09-22 16:26:53,429] {scheduler_job.py:190} INFO - Processing /home/airflow/.local/lib/python3.6/site-packages/airflow/example_dags/example_subdag_operator.py took 0.177 seconds
[2026-09-22 16:27:23,703] {scheduler_job.py:182} INFO - Started process (PID=152) to work on /home/airflow/.local/lib/python3.6/site-packages/airflow/example_dags/example_subdag_operator.py
[2026-09-22 16:27:23,704] {scheduler_job.py:629} INFO - Processing file /home/airflow/.local/lib/python3.6/site-packages/airflow/example_dags/example_subdag_operator.py for tasks to queue
[2026-09-22 16:27:23,705] {logging_mixin.py:104} INFO - [2026-09-22 16:27:23,705] {dagbag.py:451} INFO - Filling up the DagBag from /home/airflow/.local/lib/python3.6/site-packages/airflow/example_dags/example_subdag_operator.py
[2026-09-22 16:27:23,741] {scheduler_job.py:639} INFO - DAG(s) dict_keys(['example_subdag_operator.section-1', 'example_subdag_operator.section-2', 'example_subdag_operator']) retrieved from /home/airflow/.local/lib/python3.6/site-packages/airflow/example_dags/example_subdag_operator.py
[2026-09-22 16:27:23,757] {logging_mixin.py:104} INFO - [2026-09-22 16:27:23,757] {dag.py:1824} INFO - Sync 3 DAGs
[2026-09-22 16:27:23,784] {logging_mixin.py:104} INFO - [2026-09-22 16:27:23,784] {dag.py:2280} INFO - Setting next_dagrun for example_subdag_operator to 2026-09-20 00:00:00+00:00
[2026-09-22 16:27:23,785] {logging_mixin.py:104} INFO - [2026-09-22 16:27:23,785] {dag.py:2280} INFO - Setting next_dagrun for example_subdag_operator.section-1 to None
[2026-09-22 16:27:23,785] {logging_mixin.py:104} INFO - [2026-09-22 16:27:23,785] {dag.py:2280} INFO - Setting next_dagrun for example_subdag_operator.section-2 to None
[2026-09-22 16:27:23,797] {logging_mixin.py:104} INFO - [2026-09-22 16:27:23,796] {dag.py:1824} INFO - Sync 2 DAGs
[2026-09-22 16:27:23,809] {logging_mixin.py:104} INFO - [2026-09-22 16:27:23,809] {dag.py:2280} INFO - Setting next_dagrun for example_subdag_operator.section-1 to None
[2026-09-22 16:27:23,810] {logging_mixin.py:104} INFO - [2026-09-22 16:27:23,809] {dag.py:2280} INFO - Setting next_dagrun for example_subdag_operator.section-2 to None
[2026-09-22 16:27:23,820] {scheduler_job.py:190} INFO - Processing /home/airflow/.local/lib/python3.6/site-packages/airflow/example_dags/example_subdag_operator.py took 0.121 seconds
[2026-09-22 16:27:54,462] {scheduler_job.py:182} INFO - Started process (PID=178) to work on /home/airflow/.local/lib/python3.6/site-packages/airflow/example_dags/example_subdag_operator.py
[2026-09-22 16:27:54,464] {scheduler_job.py:629} INFO - Processing file /home/airflow/.local/lib/python3.6/site-packages/airflow/example_dags/example_subdag_operator.py for tasks to queue
[2026-09-22 16:27:54,465] {logging_mixin.py:104} INFO - [2026-09-22 16:27:54,464] {dagbag.py:451} INFO - Filling up the DagBag from /home/airflow/.local/lib/python3.6/site-packages/airflow/example_dags/example_subdag_operator.py
[2026-09-22 16:27:54,499] {scheduler_job.py:639} INFO - DAG(s) dict_keys(['example_subdag_operator.section-1', 'example_subdag_operator.section-2', 'example_subdag_operator']) retrieved from /home/airflow/.local/lib/python3.6/site-packages/airflow/example_dags/example_subdag_operator.py
[2026-09-22 16:27:54,513] {logging_mixin.py:104} INFO - [2026-09-22 16:27:54,513] {dag.py:1824} INFO - Sync 3 DAGs
[2026-09-22 16:27:54,532] {logging_mixin.py:104} INFO - [2026-09-22 16:27:54,532] {dag.py:2280} INFO - Setting next_dagrun for example_subdag_operator to 2026-09-20 00:00:00+00:00
[2026-09-22 16:27:54,533] {logging_mixin.py:104} INFO - [2026-09-22 16:27:54,533] {dag.py:2280} INFO - Setting next_dagrun for example_subdag_operator.section-1 to None
[2026-09-22 16:27:54,534] {logging_mixin.py:104} INFO - [2026-09-22 16:27:54,533] {dag.py:2280} INFO - Setting next_dagrun for example_subdag_operator.section-2 to None
[2026-09-22 16:27:54,547] {logging_mixin.py:104} INFO - [2026-09-22 16:27:54,547] {dag.py:1824} INFO - Sync 2 DAGs
[2026-09-22 16:27:54,557] {logging_mixin.py:104} INFO - [2026-09-22 16:27:54,557] {dag.py:2280} INFO - Setting next_dagrun for example_subdag_operator.section-1 to None
[2026-09-22 16:27:54,558] {logging_mixin.py:104} INFO - [2026-09-22 16:27:54,558] {dag.py:2280} INFO - Setting next_dagrun for example_subdag_operator.section-2 to None
[2026-09-22 16:27:54,568] {scheduler_job.py:190} INFO - Processing /home/airflow/.local/lib/python3.6/site-packages/airflow/example_dags/example_subdag_operator.py took 0.110 seconds
[2026-09-22 16:28:25,636] {scheduler_job.py:182} INFO - Started process (PID=207) to work on /home/airflow/.local/lib/python3.6/site-packages/airflow/example_dags/example_subdag_operator.py
[2026-09-22 16:28:25,637] {scheduler_job.py:629} INFO - Processing file /home/airflow/.local/lib/python3.6/site-packages/airflow/example_dags/example_subdag_operator.py for tasks to queue
[2026-09-22 16:28:25,638] {logging_mixin.py:104} INFO - [2026-09-22 16:28:25,638] {dagbag.py:451} INFO - Filling up the DagBag from /home/airflow/.local/lib/python3.6/site-packages/airflow/example_dags/example_subdag_operator.py
[2026-09-22 16:28:25,682] {scheduler_job.py:639} INFO - DAG(s) dict_keys(['example_subdag_operator.section-1', 'example_subdag_operator.section-2', 'example_subdag_operator']) retrieved from /home/airflow/.local/lib/python3.6/site-packages/airflow/example_dags/example_subdag_operator.py
[2026-09-22 16:28:25,698] {logging_mixin.py:104} INFO - [2026-09-22 16:28:25,698] {dag.py:1824} INFO - Sync 3 DAGs
[2026-09-22 16:28:25,722] {logging_mixin.py:104} INFO - [2026-09-22 16:28:25,722] {dag.py:2280} INFO - Setting next_dagrun for example_subdag_operator to 2026-09-20 00:00:00+00:00
[2026-09-22 16:28:25,723] {logging_mixin.py:104} INFO - [2026-09-22 16:28:25,723] {dag.py:2280} INFO - Setting next_dagrun for example_subdag_operator.section-1 to None
[2026-09-22 16:28:25,723] {logging_mixin.py:104} INFO - [2026-09-22 16:28:25,723] {dag.py:2280} INFO - Setting next_dagrun for example_subdag_operator.section-2 to None
[2026-09-22 16:28:25,738] {logging_mixin.py:104} INFO - [2026-09-22 16:28:25,738] {dag.py:1824} INFO - Sync 2 DAGs
[2026-09-22 16:28:25,749] {logging_mixin.py:104} INFO - [2026-09-22 16:28:25,749] {dag.py:2280} INFO - Setting next_dagrun for example_subdag_operator.section-1 to None
[2026-09-22 16:28:25,749] {logging_mixin.py:104} INFO - [2026-09-22 16:28:25,749] {dag.py:2280} INFO - Setting next_dagrun for example_subdag_operator.section-2 to None
[2026-09-22 16:28:25,760] {scheduler_job.py:190} INFO - Processing /home/airflow/.local/lib/python3.6/site-packages/airflow/example_dags/example_subdag_operator.py took 0.128 seconds
[2026-09-22 16:28:55,999] {scheduler_job.py:182} INFO - Started process (PID=230) to work on /home/airflow/.local/lib/python3.6/site-packages/airflow/example_dags/example_subdag_operator.py
[2026-09-22 16:28:56,001] {scheduler_job.py:629} INFO - Processing file /home/airflow/.local/lib/python3.6/site-packages/airflow/example_dags/example_subdag_operator.py for tasks to queue
[2026-09-22 16:28:56,001] {logging_mixin.py:104} INFO - [2026-09-22 16:28:56,001] {dagbag.py:451} INFO - Filling up the DagBag from /home/airflow/.local/lib/python3.6/site-packages/airflow/example_dags/example_subdag_operator.py
[2026-09-22 16:28:56,041] {scheduler_job.py:639} INFO - DAG(s) dict_keys(['example_subdag_operator.section-1', 'example_subdag_operator.section-2', 'example_subdag_operator']) retrieved from /home/airflow/.local/lib/python3.6/site-packages/airflow/example_dags/example_subdag_operator.py
[2026-09-22 16:28:56,062] {logging_mixin.py:104} INFO - [2026-09-22 16:28:56,062] {dag.py:1824} INFO - Sync 3 DAGs
[2026-09-22 16:28:56,083] {logging_mixin.py:104} INFO - [2026-09-22 16:28:56,083] {dag.py:2280} INFO - Setting next_dagrun for example_subdag_operator to 2026-09-20 00:00:00+00:00
[2026-09-22 16:28:56,084] {logging_mixin.py:104} INFO - [2026-09-22 16:28:56,084] {dag.py:2280} INFO - Setting next_dagrun for example_subdag_operator.section-1 to None
[2026-09-22 16:28:56,084] {logging_mixin.py:104} INFO - [2026-09-22 16:28:56,084] {dag.py:2280} INFO - Setting next_dagrun for example_subdag_operator.section-2 to None
[2026-09-22 16:28:56,095] {logging_mixin.py:104} INFO - [2026-09-22 16:28:56,094] {dag.py:1824} INFO - Sync 2 DAGs
[2026-09-22 16:28:56,105] {logging_mixin.py:104} INFO - [2026-09-22 16:28:56,105] {dag.py:2280} INFO - Setting next_dagrun for example_subdag_operator.section-1 to None
[2026-09-22 16:28:56,105] {logging_mixin.py:104} INFO - [2026-09-22 16:28:56,105] {dag.py:2280} INFO - Setting next_dagrun for example_subdag_operator.section-2 to None
[2026-09-22 16:28:56,116] {scheduler_job.py:190} INFO - Processing /home/airflow/.local/lib/python3.6/site-packages/airflow/example_dags/example_subdag_operator.py took 0.121 seconds
[2026-09-22 16:29:27,097] {scheduler_job.py:182} INFO - Started process (PID=259) to work on /home/airflow/.local/lib/python3.6/site-packages/airflow/example_dags/example_subdag_operator.py
[2026-09-22 16:29:27,099] {scheduler_job.py:629} INFO - Processing file /home/airflow/.local/lib/python3.6/site-packages/airflow/example_dags/example_subdag_operator.py for tasks to queue
[2026-09-22 16:29:27,101] {logging_mixin.py:104} INFO - [2026-09-22 16:29:27,100] {dagbag.py:451} INFO - Filling up the DagBag from /home/airflow/.local/lib/python3.6/site-packages/airflow/example_dags/example_subdag_operator.py
[2026-09-22 16:29:27,160] {scheduler_job.py:639} INFO - DAG(s) dict_keys(['example_subdag_operator.section-1', 'example_subdag_operator.section-2', 'example_subdag_operator']) retrieved from /home/airflow/.local/lib/python3.6/site-packages/airflow/example_dags/example_subdag_operator.py
[2026-09-22 16:29:27,184] {logging_mixin.py:104} INFO - [2026-09-22 16:29:27,184] {dag.py:1824} INFO - Sync 3 DAGs
[2026-09-22 16:29:27,217] {logging_mixin.py:104} INFO - [2026-09-22 16:29:27,217] {dag.py:2280} INFO - Setting next_dagrun for example_subdag_operator to 2026-09-20 00:00:00+00:00
[2026-09-22 16:29:27,220] {logging_mixin.py:104} INFO - [2026-09-22 16:29:27,219] {dag.py:2280} INFO - Setting next_dagrun for example_subdag_operator.section-1 to None
[2026-09-22 16:29:27,220] {logging_mixin.py:104} INFO - [2026-09-22 16:29:27,220] {dag.py:2280} INFO - Setting next_dagrun for example_subdag_operator.section-2 to None
[2026-09-22 16:29:27,237] {logging_mixin.py:104} INFO - [2026-09-22 16:29:27,237] {dag.py:1824} INFO - Sync 2 DAGs
[2026-09-22 16:29:27,254] {logging_mixin.py:104} INFO - [2026-09-22 16:29:27,254] {dag.py:2280} INFO - Setting next_dagrun for example_subdag_operator.section-1 to None
[2026-09-22 16:29:27,255] {logging_mixin.py:104} INFO - [2026-09-22 16:29:27,255] {dag.py:2280} INFO - Setting next_dagrun for example_subdag_operator.section-2 to None
[2026-09-22 16:29:27,269] {scheduler_job.py:190} INFO - Processing /home/airflow/.local/lib/python3.6/site-packages/airflow/example_dags/example_subdag_operator.py took 0.179 seconds
[2026-09-22 16:29:57,300] {scheduler_job.py:182} INFO - Started process (PID=285) to work on /home/airflow/.local/lib/python3.6/site-packages/airflow/example_dags/example_subdag_operator.py
[2026-09-22 16:29:57,301] {scheduler_job.py:629} INFO - Processing file /home/airflow/.local/lib/python3.6/site-packages/airflow/example_dags/example_subdag_operator.py for tasks to queue
[2026-09-22 16:29:57,302] {logging_mixin.py:104} INFO - [2026-09-22 16:29:57,302] {dagbag.py:451} INFO - Filling up the DagBag from /home/airflow/.local/lib/python3.6/site-packages/airflow/example_dags/example_subdag_operator.py
[2026-09-22 16:29:57,349] {scheduler_job.py:639} INFO - DAG(s) dict_keys(['example_subdag_operator.section-1', 'example_subdag_operator.section-2', 'example_subdag_operator']) retrieved from /home/airflow/.local/lib/python3.6/site-packages/airflow/example_dags/example_subdag_operator.py
[2026-09-22 16:29:57,371] {logging_mixin.py:104} INFO - [2026-09-22 16:29:57,371] {dag.py:1824} INFO - Sync 3 DAGs
[2026-09-22 16:29:57,400] {logging_mixin.py:104} INFO - [2026-09-22 16:29:57,399] {dag.py:2280} INFO - Setting next_dagrun for example_subdag_operator to 2026-09-20 00:00:00+00:00
[2026-09-22 16:29:57,401] {logging_mixin.py:104} INFO - [2026-09-22 16:29:57,401] {dag.py:2280} INFO - Setting next_dagrun for example_subdag_operator.section-1 to None
[2026-09-22 16:29:57,401] {logging_mixin.py:104} INFO - [2026-09-22 16:29:57,401] {dag.py:2280} INFO - Setting next_dagrun for example_subdag_operator.section-2 to None
[2026-09-22 16:29:57,414] {logging_mixin.py:104} INFO - [2026-09-22 16:29:57,414] {dag.py:1824} INFO - Sync 2 DAGs
[2026-09-22 16:29:57,426] {logging_mixin.py:104} INFO - [2026-09-22 16:29:57,426] {dag.py:2280} INFO - Setting next_dagrun for example_subdag_operator.section-1 to None
[2026-09-22 16:29:57,426] {logging_mixin.py:104} INFO - [2026-09-22 16:29:57,426] {dag.py:2280} INFO - Setting next_dagrun for example_subdag_operator.section-2 to None
[2026-09-22 16:29:57,438] {scheduler_job.py:190} INFO - Processing /home/airflow/.local/lib/python3.6/site-packages/airflow/example_dags/example_subdag_operator.py took 0.142 seconds
[2026-09-22 16:30:28,134] {scheduler_job.py:182} INFO - Started process (PID=310) to work on /home/airflow/.local/lib/python3.6/site-packages/airflow/example_dags/example_subdag_operator.py
[2026-09-22 16:30:28,135] {scheduler_job.py:629} INFO - Processing file /home/airflow/.local/lib/python3.6/site-packages/airflow/example_dags/example_subdag_operator.py for tasks to queue
[2026-09-22 16:30:28,136] {logging_mixin.py:104} INFO - [2026-09-22 16:30:28,136] {dagbag.py:451} INFO - Filling up the DagBag from /home/airflow/.local/lib/python3.6/site-packages/airflow/example_dags/example_subdag_operator.py
[2026-09-22 16:30:28,177] {scheduler_job.py:639} INFO - DAG(s) dict_keys(['example_subdag_operator.section-1', 'example_subdag_operator.section-2', 'example_subdag_operator']) retrieved from /home/airflow/.local/lib/python3.6/site-packages/airflow/example_dags/example_subdag_operator.py
[2026-09-22 16:30:28,195] {logging_mixin.py:104} INFO - [2026-09-22 16:30:28,195] {dag.py:1824} INFO - Sync 3 DAGs
[2026-09-22 16:30:28,219] {logging_mixin.py:104} INFO - [2026-09-22 16:30:28,219] {dag.py:2280} INFO - Setting next_dagrun for example_subdag_operator to 2026-09-20 00:00:00+00:00
[2026-09-22 16:30:28,220] {logging_mixin.py:104} INFO - [2026-09-22 16:30:28,220] {dag.py:2280} INFO - Setting next_dagrun for example_subdag_operator.section-1 to None
[2026-09-22 16:30:28,221] {logging_mixin.py:104} INFO - [2026-09-22 16:30:28,221] {dag.py:2280} INFO - Setting next_dagrun for example_subdag_operator.section-2 to None
[2026-09-22 16:30:28,236] {logging_mixin.py:104} INFO - [2026-09-22 16:30:28,236] {dag.py:1824} INFO - Sync 2 DAGs
[2026-09-22 16:30:28,247] {logging_mixin.py:104} INFO - [2026-09-22 16:30:28,246] {dag.py:2280} INFO - Setting next_dagrun for example_subdag_operator.section-1 to None
[2026-09-22 16:30:28,247] {logging_mixin.py:104} INFO - [2026-09-22 16:30:28,247] {dag.py:2280} INFO - Setting next_dagrun for example_subdag_operator.section-2 to None
[2026-09-22 16:30:28,258] {scheduler_job.py:190} INFO - Processing /home/airflow/.local/lib/python3.6/site-packages/airflow/example_dags/example_subdag_operator.py took 0.129 seconds
[2026-09-22 16:30:58,945] {scheduler_job.py:182} INFO - Started process (PID=336) to work on /home/airflow/.local/lib/python3.6/site-packages/airflow/example_dags/example_subdag_operator.py
[2026-09-22 16:30:58,947] {scheduler_job.py:629} INFO - Processing file /home/airflow/.local/lib/python3.6/site-packages/airflow/example_dags/example_subdag_operator.py for tasks to queue
[2026-09-22 16:30:58,947] {logging_mixin.py:104} INFO - [2026-09-22 16:30:58,947] {dagbag.py:451} INFO - Filling up the DagBag from /home/airflow/.local/lib/python3.6/site-packages/airflow/example_dags/example_subdag_operator.py
[2026-09-22 16:30:58,993] {scheduler_job.py:639} INFO - DAG(s) dict_keys(['example_subdag_operator.section-1', 'example_subdag_operator.section-2', 'example_subdag_operator']) retrieved from /home/airflow/.local/lib/python3.6/site-packages/airflow/example_dags/example_subdag_operator.py
[2026-09-22 16:30:59,008] {logging_mixin.py:104} INFO - [2026-09-22 16:30:59,008] {dag.py:1824} INFO - Sync 3 DAGs
[2026-09-22 16:30:59,030] {logging_mixin.py:104} INFO - [2026-09-22 16:30:59,030] {dag.py:2280} INFO - Setting next_dagrun for example_subdag_operator to 2026-09-20 00:00:00+00:00
[2026-09-22 16:30:59,031] {logging_mixin.py:104} INFO - [2026-09-22 16:30:59,031] {dag.py:2280} INFO - Setting next_dagrun for example_subdag_operator.section-1 to None
[2026-09-22 16:30:59,031] {logging_mixin.py:104} INFO - [2026-09-22 16:30:59,031] {dag.py:2280} INFO - Setting next_dagrun for example_subdag_operator.section-2 to None
[2026-09-22 16:30:59,049] {logging_mixin.py:104} INFO - [2026-09-22 16:30:59,048] {dag.py:1824} INFO - Sync 2 DAGs
[2026-09-22 16:30:59,062] {logging_mixin.py:104} INFO - [2026-09-22 16:30:59,061] {dag.py:2280} INFO - Setting next_dagrun for example_subdag_operator.section-1 to None
[2026-09-22 16:30:59,062] {logging_mixin.py:104} INFO - [2026-09-22 16:30:59,062] {dag.py:2280} INFO - Setting next_dagrun for example_subdag_operator.section-2 to None
[2026-09-22 16:30:59,072] {scheduler_job.py:190} INFO - Processing /home/airflow/.local/lib/python3.6/site-packages/airflow/example_dags/example_subdag_operator.py took 0.132 seconds
[2026-09-22 16:31:29,832] {scheduler_job.py:182} INFO - Started process (PID=362) to work on /home/airflow/.local/lib/python3.6/site-packages/airflow/example_dags/example_subdag_operator.py
[2026-09-22 16:31:29,834] {scheduler_job.py:629} INFO - Processing file /home/airflow/.local/lib/python3.6/site-packages/airflow/example_dags/example_subdag_operator.py for tasks to queue
[2026-09-22 16:31:29,835] {logging_mixin.py:104} INFO - [2026-09-22 16:31:29,835] {dagbag.py:451} INFO - Filling up the DagBag from /home/airflow/.local/lib/python3.6/site-packages/airflow/example_dags/example_subdag_operator.py
[2026-09-22 16:31:29,898] {scheduler_job.py:639} INFO - DAG(s) dict_keys(['example_subdag_operator.section-1', 'example_subdag_operator.section-2', 'example_subdag_operator']) retrieved from /home/airflow/.local/lib/python3.6/site-packages/airflow/example_dags/example_subdag_operator.py
[2026-09-22 16:31:29,925] {logging_mixin.py:104} INFO - [2026-09-22 16:31:29,924] {dag.py:1824} INFO - Sync 3 DAGs
[2026-09-22 16:31:29,963] {logging_mixin.py:104} INFO - [2026-09-22 16:31:29,963] {dag.py:2280} INFO - Setting next_dagrun for example_subdag_operator to 2026-09-20 00:00:00+00:00
[2026-09-22 16:31:29,965] {logging_mixin.py:104} INFO - [2026-09-22 16:31:29,965] {dag.py:2280} INFO - Setting next_dagrun for example_subdag_operator.section-1 to None
[2026-09-22 16:31:29,966] {logging_mixin.py:104} INFO - [2026-09-22 16:31:29,966] {dag.py:2280} INFO - Setting next_dagrun for example_subdag_operator.section-2 to None
[2026-09-22 16:31:29,985] {logging_mixin.py:104} INFO - [2026-09-22 16:31:29,985] {dag.py:1824} INFO - Sync 2 DAGs
[2026-09-22 16:31:30,005] {logging_mixin.py:104} INFO - [2026-09-22 16:31:30,005] {dag.py:2280} INFO - Setting next_dagrun for example_subdag_operator.section-1 to None
[2026-09-22 16:31:30,005] {logging_mixin.py:104} INFO - [2026-09-22 16:31:30,005] {dag.py:2280} INFO - Setting next_dagrun for example_subdag_operator.section-2 to None
[2026-09-22 16:31:30,030] {scheduler_job.py:190} INFO - Processing /home/airflow/.local/lib/python3.6/site-packages/airflow/example_dags/example_subdag_operator.py took 0.205 seconds
[2026-09-22 16:32:00,395] {scheduler_job.py:182} INFO - Started process (PID=388) to work on /home/airflow/.local/lib/python3.6/site-packages/airflow/example_dags/example_subdag_operator.py
[2026-09-22 16:32:00,396] {scheduler_job.py:629} INFO - Processing file /home/airflow/.local/lib/python3.6/site-packages/airflow/example_dags/example_subdag_operator.py for tasks to queue
[2026-09-22 16:32:00,397] {logging_mixin.py:104} INFO - [2026-09-22 16:32:00,397] {dagbag.py:451} INFO - Filling up the DagBag from /home/airflow/.local/lib/python3.6/site-packages/airflow/example_dags/example_subdag_operator.py
[2026-09-22 16:32:00,435] {scheduler_job.py:639} INFO - DAG(s) dict_keys(['example_subdag_operator.section-1', 'example_subdag_operator.section-2', 'example_subdag_operator']) retrieved from /home/airflow/.local/lib/python3.6/site-packages/airflow/example_dags/example_subdag_operator.py
[2026-09-22 16:32:00,449] {logging_mixin.py:104} INFO - [2026-09-22 16:32:00,449] {dag.py:1824} INFO - Sync 3 DAGs
[2026-09-22 16:32:00,469] {logging_mixin.py:104} INFO - [2026-09-22 16:32:00,469] {dag.py:2280} INFO - Setting next_dagrun for example_subdag_operator to 2026-09-20 00:00:00+00:00
[2026-09-22 16:32:00,470] {logging_mixin.py:104} INFO - [2026-09-22 16:32:00,470] {dag.py:2280} INFO - Setting next_dagrun for example_subdag_operator.section-1 to None
[2026-09-22 16:32:00,471] {logging_mixin.py:104} INFO - [2026-09-22 16:32:00,471] {dag.py:2280} INFO - Setting next_dagrun for example_subdag_operator.section-2 to None
[2026-09-22 16:32:00,485] {logging_mixin.py:104} INFO - [2026-09-22 16:32:00,485] {dag.py:1824} INFO - Sync 2 DAGs
[2026-09-22 16:32:00,498] {logging_mixin.py:104} INFO - [2026-09-22 16:32:00,498] {dag.py:2280} INFO - Setting next_dagrun for example_subdag_operator.section-1 to None
[2026-09-22 16:32:00,498] {logging_mixin.py:104} INFO - [2026-09-22 16:32:00,498] {dag.py:2280} INFO - Setting next_dagrun for example_subdag_operator.section-2 to None
[2026-09-22 16:32:00,507] {scheduler_job.py:190} INFO - Processing /home/airflow/.local/lib/python3.6/site-packages/airflow/example_dags/example_subdag_operator.py took 0.116 seconds
[2026-09-22 16:32:30,963] {scheduler_job.py:182} INFO - Started process (PID=414) to work on /home/airflow/.local/lib/python3.6/site-packages/airflow/example_dags/example_subdag_operator.py
[2026-09-22 16:32:30,965] {scheduler_job.py:629} INFO - Processing file /home/airflow/.local/lib/python3.6/site-packages/airflow/example_dags/example_subdag_operator.py for tasks to queue
[2026-09-22 16:32:30,966] {logging_mixin.py:104} INFO - [2026-09-22 16:32:30,965] {dagbag.py:451} INFO - Filling up the DagBag from /home/airflow/.local/lib/python3.6/site-packages/airflow/example_dags/example_subdag_operator.py
[2026-09-22 16:32:31,008] {scheduler_job.py:639} INFO - DAG(s) dict_keys(['example_subdag_operator.section-1', 'example_subdag_operator.section-2', 'example_subdag_operator']) retrieved from /home/airflow/.local/lib/python3.6/site-packages/airflow/example_dags/example_subdag_operator.py
[2026-09-22 16:32:31,030] {logging_mixin.py:104} INFO - [2026-09-22 16:32:31,030] {dag.py:1824} INFO - Sync 3 DAGs
[2026-09-22 16:32:31,053] {logging_mixin.py:104} INFO - [2026-09-22 16:32:31,053] {dag.py:2280} INFO - Setting next_dagrun for example_subdag_operator to 2026-09-20 00:00:00+00:00
[2026-09-22 16:32:31,054] {logging_mixin.py:104} INFO - [2026-09-22 16:32:31,054] {dag.py:2280} INFO - Setting next_dagrun for example_subdag_operator.section-1 to None
[2026-09-22 16:32:31,055] {logging_mixin.py:104} INFO - [2026-09-22 16:32:31,054] {dag.py:2280} INFO - Setting next_dagrun for example_subdag_operator.section-2 to None
[2026-09-22 16:32:31,067] {logging_mixin.py:104} INFO - [2026-09-22 16:32:31,067] {dag.py:1824} INFO - Sync 2 DAGs
[2026-09-22 16:32:31,079] {logging_mixin.py:104} INFO - [2026-09-22 16:32:31,078] {dag.py:2280} INFO - Setting next_dagrun for example_subdag_operator.section-1 to None
[2026-09-22 16:32:31,079] {logging_mixin.py:104} INFO - [2026-09-22 16:32:31,079] {dag.py:2280} INFO - Setting next_dagrun for example_subdag_operator.section-2 to None
[2026-09-22 16:32:31,087] {scheduler_job.py:190} INFO - Processing /home/airflow/.local/lib/python3.6/site-packages/airflow/example_dags/example_subdag_operator.py took 0.128 seconds
[2026-09-22 16:33:01,606] {scheduler_job.py:182} INFO - Started process (PID=438) to work on /home/airflow/.local/lib/python3.6/site-packages/airflow/example_dags/example_subdag_operator.py
[2026-09-22 16:33:01,607] {scheduler_job.py:629} INFO - Processing file /home/airflow/.local/lib/python3.6/site-packages/airflow/example_dags/example_subdag_operator.py for tasks to queue
[2026-09-22 16:33:01,608] {logging_mixin.py:104} INFO - [2026-09-22 16:33:01,608] {dagbag.py:451} INFO - Filling up the DagBag from /home/airflow/.local/lib/python3.6/site-packages/airflow/example_dags/example_subdag_operator.py
[2026-09-22 16:33:01,653] {scheduler_job.py:639} INFO - DAG(s) dict_keys(['example_subdag_operator.section-1', 'example_subdag_operator.section-2', 'example_subdag_operator']) retrieved from /home/airflow/.local/lib/python3.6/site-packages/airflow/example_dags/example_subdag_operator.py
[2026-09-22 16:33:01,673] {logging_mixin.py:104} INFO - [2026-09-22 16:33:01,673] {dag.py:1824} INFO - Sync 3 DAGs
[2026-09-22 16:33:01,700] {logging_mixin.py:104} INFO - [2026-09-22 16:33:01,700] {dag.py:2280} INFO - Setting next_dagrun for example_subdag_operator to 2026-09-20 00:00:00+00:00
[2026-09-22 16:33:01,702] {logging_mixin.py:104} INFO - [2026-09-22 16:33:01,702] {dag.py:2280} INFO - Setting next_dagrun for example_subdag_operator.section-1 to None
[2026-09-22 16:33:01,702] {logging_mixin.py:104} INFO - [2026-09-22 16:33:01,702] {dag.py:2280} INFO - Setting next_dagrun for example_subdag_operator.section-2 to None
[2026-09-22 16:33:01,718] {logging_mixin.py:104} INFO - [2026-09-22 16:33:01,718] {dag.py:1824} INFO - Sync 2 DAGs
[2026-09-22 16:33:01,729] {logging_mixin.py:104} INFO - [2026-09-22 16:33:01,728] {dag.py:2280} INFO - Setting next_dagrun for example_subdag_operator.section-1 to None
[2026-09-22 16:33:01,729] {logging_mixin.py:104} INFO - [2026-09-22 16:33:01,729] {dag.py:2280} INFO - Setting next_dagrun for example_subdag_operator.section-2 to None
[2026-09-22 16:33:01,741] {scheduler_job.py:190} INFO - Processing /home/airflow/.local/lib/python3.6/site-packages/airflow/example_dags/example_subdag_operator.py took 0.139 seconds
[2026-09-22 16:33:32,562] {scheduler_job.py:182} INFO - Started process (PID=464) to work on /home/airflow/.local/lib/python3.6/site-packages/airflow/example_dags/example_subdag_operator.py
[2026-09-22 16:33:32,564] {scheduler_job.py:629} INFO - Processing file /home/airflow/.local/lib/python3.6/site-packages/airflow/example_dags/example_subdag_operator.py for tasks to queue
[2026-09-22 16:33:32,565] {logging_mixin.py:104} INFO - [2026-09-22 16:33:32,565] {dagbag.py:451} INFO - Filling up the DagBag from /home/airflow/.local/lib/python3.6/site-packages/airflow/example_dags/example_subdag_operator.py
[2026-09-22 16:33:32,612] {scheduler_job.py:639} INFO - DAG(s) dict_keys(['example_subdag_operator.section-1', 'example_subdag_operator.section-2', 'example_subdag_operator']) retrieved from /home/airflow/.local/lib/python3.6/site-packages/airflow/example_dags/example_subdag_operator.py
[2026-09-22 16:33:32,633] {logging_mixin.py:104} INFO - [2026-09-22 16:33:32,633] {dag.py:1824} INFO - Sync 3 DAGs
[2026-09-22 16:33:32,660] {logging_mixin.py:104} INFO - [2026-09-22 16:33:32,660] {dag.py:2280} INFO - Setting next_dagrun for example_subdag_operator to 2026-09-20 00:00:00+00:00
[2026-09-22 16:33:32,662] {logging_mixin.py:104} INFO - [2026-09-22 16:33:32,662] {dag.py:2280} INFO - Setting next_dagrun for example_subdag_operator.section-1 to None
[2026-09-22 16:33:32,663] {logging_mixin.py:104} INFO - [2026-09-22 16:33:32,662] {dag.py:2280} INFO - Setting next_dagrun for example_subdag_operator.section-2 to None
[2026-09-22 16:33:32,681] {logging_mixin.py:104} INFO - [2026-09-22 16:33:32,681] {dag.py:1824} INFO - Sync 2 DAGs
[2026-09-22 16:33:32,698] {logging_mixin.py:104} INFO - [2026-09-22 16:33:32,698] {dag.py:2280} INFO - Setting next_dagrun for example_subdag_operator.section-1 to None
[2026-09-22 16:33:32,699] {logging_mixin.py:104} INFO - [2026-09-22 16:33:32,698] {dag.py:2280} INFO - Setting next_dagrun for example_subdag_operator.section-2 to None
[2026-09-22 16:33:32,712] {scheduler_job.py:190} INFO - Processing /home/airflow/.local/lib/python3.6/site-packages/airflow/example_dags/example_subdag_operator.py took 0.156 seconds
[2026-09-22 16:34:03,464] {scheduler_job.py:182} INFO - Started process (PID=491) to work on /home/airflow/.local/lib/python3.6/site-packages/airflow/example_dags/example_subdag_operator.py
[2026-09-22 16:34:03,466] {scheduler_job.py:629} INFO - Processing file /home/airflow/.local/lib/python3.6/site-packages/airflow/example_dags/example_subdag_operator.py for tasks to queue
[2026-09-22 16:34:03,466] {logging_mixin.py:104} INFO - [2026-09-22 16:34:03,466] {dagbag.py:451} INFO - Filling up the DagBag from /home/airflow/.local/lib/python3.6/site-packages/airflow/example_dags/example_subdag_operator.py
[2026-09-22 16:34:03,503] {scheduler_job.py:639} INFO - DAG(s) dict_keys(['example_subdag_operator.section-1', 'example_subdag_operator.section-2', 'example_subdag_operator']) retrieved from /home/airflow/.local/lib/python3.6/site-packages/airflow/example_dags/example_subdag_operator.py
[2026-09-22 16:34:03,519] {logging_mixin.py:104} INFO - [2026-09-22 16:34:03,519] {dag.py:1824} INFO - Sync 3 DAGs
[2026-09-22 16:34:03,544] {logging_mixin.py:104} INFO - [2026-09-22 16:34:03,544] {dag.py:2280} INFO - Setting next_dagrun for example_subdag_operator to 2026-09-20 00:00:00+00:00
[2026-09-22 16:34:03,546] {logging_mixin.py:104} INFO - [2026-09-22 16:34:03,545] {dag.py:2280} INFO - Setting next_dagrun for example_subdag_operator.section-1 to None
[2026-09-22 16:34:03,546] {logging_mixin.py:104} INFO - [2026-09-22 16:34:03,546] {dag.py:2280} INFO - Setting next_dagrun for example_subdag_operator.section-2 to None
[2026-09-22 16:34:03,566] {logging_mixin.py:104} INFO - [2026-09-22 16:34:03,565] {dag.py:1824} INFO - Sync 2 DAGs
[2026-09-22 16:34:03,581] {logging_mixin.py:104} INFO - [2026-09-22 16:34:03,581] {dag.py:2280} INFO - Setting next_dagrun for example_subdag_operator.section-1 to None
[2026-09-22 16:34:03,582] {logging_mixin.py:104} INFO - [2026-09-22 16:34:03,582] {dag.py:2280} INFO - Setting next_dagrun for example_subdag_operator.section-2 to None
[2026-09-22 16:34:03,592] {scheduler_job.py:190} INFO - Processing /home/airflow/.local/lib/python3.6/site-packages/airflow/example_dags/example_subdag_operator.py took 0.131 seconds
[2026-09-22 16:34:34,008] {scheduler_job.py:182} INFO - Started process (PID=516) to work on /home/airflow/.local/lib/python3.6/site-packages/airflow/example_dags/example_subdag_operator.py
[2026-09-22 16:34:34,009] {scheduler_job.py:629} INFO - Processing file /home/airflow/.local/lib/python3.6/site-packages/airflow/example_dags/example_subdag_operator.py for tasks to queue
[2026-09-22 16:34:34,010] {logging_mixin.py:104} INFO - [2026-09-22 16:34:34,010] {dagbag.py:451} INFO - Filling up the DagBag from /home/airflow/.local/lib/python3.6/site-packages/airflow/example_dags/example_subdag_operator.py
[2026-09-22 16:34:34,074] {scheduler_job.py:639} INFO - DAG(s) dict_keys(['example_subdag_operator.section-1', 'example_subdag_operator.section-2', 'example_subdag_operator']) retrieved from /home/airflow/.local/lib/python3.6/site-packages/airflow/example_dags/example_subdag_operator.py
[2026-09-22 16:34:34,104] {logging_mixin.py:104} INFO - [2026-09-22 16:34:34,103] {dag.py:1824} INFO - Sync 3 DAGs
[2026-09-22 16:34:34,137] {logging_mixin.py:104} INFO - [2026-09-22 16:34:34,137] {dag.py:2280} INFO - Setting next_dagrun for example_subdag_operator to 2026-09-20 00:00:00+00:00
[2026-09-22 16:34:34,139] {logging_mixin.py:104} INFO - [2026-09-22 16:34:34,139] {dag.py:2280} INFO - Setting next_dagrun for example_subdag_operator.section-1 to None
[2026-09-22 16:34:34,139] {logging_mixin.py:104} INFO - [2026-09-22 16:34:34,139] {dag.py:2280} INFO - Setting next_dagrun for example_subdag_operator.section-2 to None
[2026-09-22 16:34:34,157] {logging_mixin.py:104} INFO - [2026-09-22 16:34:34,157] {dag.py:1824} INFO - Sync 2 DAGs
[2026-09-22 16:34:34,171] {logging_mixin.py:104} INFO - [2026-09-22 16:34:34,171] {dag.py:2280} INFO - Setting next_dagrun for example_subdag_operator.section-1 to None
[2026-09-22 16:34:34,171] {logging_mixin.py:104} INFO - [2026-09-22 16:34:34,171] {dag.py:2280} INFO - Setting next_dagrun for example_subdag_operator.section-2 to None
[2026-09-22 16:34:34,180] {scheduler_job.py:190} INFO - Processing /home/airflow/.local/lib/python3.6/site-packages/airflow/example_dags/example_subdag_operator.py took 0.177 seconds
[2026-09-22 16:35:04,732] {scheduler_job.py:182} INFO - Started process (PID=542) to work on /home/airflow/.local/lib/python3.6/site-packages/airflow/example_dags/example_subdag_operator.py
[2026-09-22 16:35:04,734] {scheduler_job.py:629} INFO - Processing file /home/airflow/.local/lib/python3.6/site-packages/airflow/example_dags/example_subdag_operator.py for tasks to queue
[2026-09-22 16:35:04,735] {logging_mixin.py:104} INFO - [2026-09-22 16:35:04,735] {dagbag.py:451} INFO - Filling up the DagBag from /home/airflow/.local/lib/python3.6/site-packages/airflow/example_dags/example_subdag_operator.py
[2026-09-22 16:35:04,777] {scheduler_job.py:639} INFO - DAG(s) dict_keys(['example_subdag_operator.section-1', 'example_subdag_operator.section-2', 'example_subdag_operator']) retrieved from /home/airflow/.local/lib/python3.6/site-packages/airflow/example_dags/example_subdag_operator.py
[2026-09-22 16:35:04,793] {logging_mixin.py:104} INFO - [2026-09-22 16:35:04,793] {dag.py:1824} INFO - Sync 3 DAGs
[2026-09-22 16:35:04,816] {logging_mixin.py:104} INFO - [2026-09-22 16:35:04,816] {dag.py:2280} INFO - Setting next_dagrun for example_subdag_operator to 2026-09-20 00:00:00+00:00
[2026-09-22 16:35:04,817] {logging_mixin.py:104} INFO - [2026-09-22 16:35:04,817] {dag.py:2280} INFO - Setting next_dagrun for example_subdag_operator.section-1 to None
[2026-09-22 16:35:04,817] {logging_mixin.py:104} INFO - [2026-09-22 16:35:04,817] {dag.py:2280} INFO - Setting next_dagrun for example_subdag_operator.section-2 to None
[2026-09-22 16:35:04,831] {logging_mixin.py:104} INFO - [2026-09-22 16:35:04,830] {dag.py:1824} INFO - Sync 2 DAGs
[2026-09-22 16:35:04,842] {logging_mixin.py:104} INFO - [2026-09-22 16:35:04,842] {dag.py:2280} INFO - Setting next_dagrun for example_subdag_operator.section-1 to None
[2026-09-22 16:35:04,842] {logging_mixin.py:104} INFO - [2026-09-22 16:35:04,842] {dag.py:2280} INFO - Setting next_dagrun for example_subdag_operator.section-2 to None
[2026-09-22 16:35:04,852] {scheduler_job.py:190} INFO - Processing /home/airflow/.local/lib/python3.6/site-packages/airflow/example_dags/example_subdag_operator.py took 0.126 seconds
[2026-09-22 16:35:35,572] {scheduler_job.py:182} INFO - Started process (PID=571) to work on /home/airflow/.local/lib/python3.6/site-packages/airflow/example_dags/example_subdag_operator.py
[2026-09-22 16:35:35,574] {scheduler_job.py:629} INFO - Processing file /home/airflow/.local/lib/python3.6/site-packages/airflow/example_dags/example_subdag_operator.py for tasks to queue
[2026-09-22 16:35:35,575] {logging_mixin.py:104} INFO - [2026-09-22 16:35:35,575] {dagbag.py:451} INFO - Filling up the DagBag from /home/airflow/.local/lib/python3.6/site-packages/airflow/example_dags/example_subdag_operator.py
[2026-09-22 16:35:35,630] {scheduler_job.py:639} INFO - DAG(s) dict_keys(['example_subdag_operator.section-1', 'example_subdag_operator.section-2', 'example_subdag_operator']) retrieved from /home/airflow/.local/lib/python3.6/site-packages/airflow/example_dags/example_subdag_operator.py
[2026-09-22 16:35:35,646] {logging_mixin.py:104} INFO - [2026-09-22 16:35:35,646] {dag.py:1824} INFO - Sync 3 DAGs
[2026-09-22 16:35:35,674] {logging_mixin.py:104} INFO - [2026-09-22 16:35:35,674] {dag.py:2280} INFO - Setting next_dagrun for example_subdag_operator to 2026-09-20 00:00:00+00:00
[2026-09-22 16:35:35,676] {logging_mixin.py:104} INFO - [2026-09-22 16:35:35,676] {dag.py:2280} INFO - Setting next_dagrun for example_subdag_operator.section-1 to None
[2026-09-22 16:35:35,676] {logging_mixin.py:104} INFO - [2026-09-22 16:35:35,676] {dag.py:2280} INFO - Setting next_dagrun for example_subdag_operator.section-2 to None
[2026-09-22 16:35:35,694] {logging_mixin.py:104} INFO - [2026-09-22 16:35:35,694] {dag.py:1824} INFO - Sync 2 DAGs
[2026-09-22 16:35:35,711] {logging_mixin.py:104} INFO - [2026-09-22 16:35:35,711] {dag.py:2280} INFO - Setting next_dagrun for example_subdag_operator.section-1 to None
[2026-09-22 16:35:35,712] {logging_mixin.py:104} INFO - [2026-09-22 16:35:35,712] {dag.py:2280} INFO - Setting next_dagrun for example_subdag_operator.section-2 to None
[2026-09-22 16:35:35,724] {scheduler_job.py:190} INFO - Processing /home/airflow/.local/lib/python3.6/site-packages/airflow/example_dags/example_subdag_operator.py took 0.158 seconds
[2026-09-22 16:36:06,160] {scheduler_job.py:182} INFO - Started process (PID=595) to work on /home/airflow/.local/lib/python3.6/site-packages/airflow/example_dags/example_subdag_operator.py
[2026-09-22 16:36:06,161] {scheduler_job.py:629} INFO - Processing file /home/airflow/.local/lib/python3.6/site-packages/airflow/example_dags/example_subdag_operator.py for tasks to queue
[2026-09-22 16:36:06,162] {logging_mixin.py:104} INFO - [2026-09-22 16:36:06,162] {dagbag.py:451} INFO - Filling up the DagBag from /home/airflow/.local/lib/python3.6/site-packages/airflow/example_dags/example_subdag_operator.py
[2026-09-22 16:36:06,217] {scheduler_job.py:639} INFO - DAG(s) dict_keys(['example_subdag_operator.section-1', 'example_subdag_operator.section-2', 'example_subdag_operator']) retrieved from /home/airflow/.local/lib/python3.6/site-packages/airflow/example_dags/example_subdag_operator.py
[2026-09-22 16:36:06,236] {logging_mixin.py:104} INFO - [2026-09-22 16:36:06,236] {dag.py:1824} INFO - Sync 3 DAGs
[2026-09-22 16:36:06,262] {logging_mixin.py:104} INFO - [2026-09-22 16:36:06,262] {dag.py:2280} INFO - Setting next_dagrun for example_subdag_operator to 2026-09-20 00:00:00+00:00
[2026-09-22 16:36:06,263] {logging_mixin.py:104} INFO - [2026-09-22 16:36:06,263] {dag.py:2280} INFO - Setting next_dagrun for example_subdag_operator.section-1 to None
[2026-09-22 16:36:06,264] {logging_mixin.py:104} INFO - [2026-09-22 16:36:06,264] {dag.py:2280} INFO - Setting next_dagrun for example_subdag_operator.section-2 to None
[2026-09-22 16:36:06,282] {logging_mixin.py:104} INFO - [2026-09-22 16:36:06,281] {dag.py:1824} INFO - Sync 2 DAGs
[2026-09-22 16:36:06,298] {logging_mixin.py:104} INFO - [2026-09-22 16:36:06,298] {dag.py:2280} INFO - Setting next_dagrun for example_subdag_operator.section-1 to None
[2026-09-22 16:36:06,298] {logging_mixin.py:104} INFO - [2026-09-22 16:36:06,298] {dag.py:2280} INFO - Setting next_dagrun for example_subdag_operator.section-2 to None
[2026-09-22 16:36:06,313] {scheduler_job.py:190} INFO - Processing /home/airflow/.local/lib/python3.6/site-packages/airflow/example_dags/example_subdag_operator.py took 0.158 seconds
[2026-09-22 16:36:36,915] {scheduler_job.py:182} INFO - Started process (PID=621) to work on /home/airflow/.local/lib/python3.6/site-packages/airflow/example_dags/example_subdag_operator.py
[2026-09-22 16:36:36,917] {scheduler_job.py:629} INFO - Processing file /home/airflow/.local/lib/python3.6/site-packages/airflow/example_dags/example_subdag_operator.py for tasks to queue
[2026-09-22 16:36:36,918] {logging_mixin.py:104} INFO - [2026-09-22 16:36:36,918] {dagbag.py:451} INFO - Filling up the DagBag from /home/airflow/.local/lib/python3.6/site-packages/airflow/example_dags/example_subdag_operator.py
[2026-09-22 16:36:36,978] {scheduler_job.py:639} INFO - DAG(s) dict_keys(['example_subdag_operator.section-1', 'example_subdag_operator.section-2', 'example_subdag_operator']) retrieved from /home/airflow/.local/lib/python3.6/site-packages/airflow/example_dags/example_subdag_operator.py
[2026-09-22 16:36:37,005] {logging_mixin.py:104} INFO - [2026-09-22 16:36:37,005] {dag.py:1824} INFO - Sync 3 DAGs
[2026-09-22 16:36:37,037] {logging_mixin.py:104} INFO - [2026-09-22 16:36:37,037] {dag.py:2280} INFO - Setting next_dagrun for example_subdag_operator to 2026-09-20 00:00:00+00:00
[2026-09-22 16:36:37,039] {logging_mixin.py:104} INFO - [2026-09-22 16:36:37,039] {dag.py:2280} INFO - Setting next_dagrun for example_subdag_operator.section-1 to None
[2026-09-22 16:36:37,040] {logging_mixin.py:104} INFO - [2026-09-22 16:36:37,040] {dag.py:2280} INFO - Setting next_dagrun for example_subdag_operator.section-2 to None
[2026-09-22 16:36:37,057] {logging_mixin.py:104} INFO - [2026-09-22 16:36:37,057] {dag.py:1824} INFO - Sync 2 DAGs
[2026-09-22 16:36:37,080] {logging_mixin.py:104} INFO - [2026-09-22 16:36:37,079] {dag.py:2280} INFO - Setting next_dagrun for example_subdag_operator.section-1 to None
[2026-09-22 16:36:37,080] {logging_mixin.py:104} INFO - [2026-09-22 16:36:37,080] {dag.py:2280} INFO - Setting next_dagrun for example_subdag_operator.section-2 to None
[2026-09-22 16:36:37,099] {scheduler_job.py:190} INFO - Processing /home/airflow/.local/lib/python3.6/site-packages/airflow/example_dags/example_subdag_operator.py took 0.191 seconds
[2026-09-22 16:37:07,855] {scheduler_job.py:182} INFO - Started process (PID=647) to work on /home/airflow/.local/lib/python3.6/site-packages/airflow/example_dags/example_subdag_operator.py
[2026-09-22 16:37:07,856] {scheduler_job.py:629} INFO - Processing file /home/airflow/.local/lib/python3.6/site-packages/airflow/example_dags/example_subdag_operator.py for tasks to queue
[2026-09-22 16:37:07,857] {logging_mixin.py:104} INFO - [2026-09-22 16:37:07,857] {dagbag.py:451} INFO - Filling up the DagBag from /home/airflow/.local/lib/python3.6/site-packages/airflow/example_dags/example_subdag_operator.py
[2026-09-22 16:37:07,897] {scheduler_job.py:639} INFO - DAG(s) dict_keys(['example_subdag_operator.section-1', 'example_subdag_operator.section-2', 'example_subdag_operator']) retrieved from /home/airflow/.local/lib/python3.6/site-packages/airflow/example_dags/example_subdag_operator.py
[2026-09-22 16:37:07,917] {logging_mixin.py:104} INFO - [2026-09-22 16:37:07,916] {dag.py:1824} INFO - Sync 3 DAGs
[2026-09-22 16:37:07,937] {logging_mixin.py:104} INFO - [2026-09-22 16:37:07,937] {dag.py:2280} INFO - Setting next_dagrun for example_subdag_operator to 2026-09-20 00:00:00+00:00
[2026-09-22 16:37:07,938] {logging_mixin.py:104} INFO - [2026-09-22 16:37:07,938] {dag.py:2280} INFO - Setting next_dagrun for example_subdag_operator.section-1 to None
[2026-09-22 16:37:07,939] {logging_mixin.py:104} INFO - [2026-09-22 16:37:07,939] {dag.py:2280} INFO - Setting next_dagrun for example_subdag_operator.section-2 to None
[2026-09-22 16:37:07,951] {logging_mixin.py:104} INFO - [2026-09-22 16:37:07,951] {dag.py:1824} INFO - Sync 2 DAGs
[2026-09-22 16:37:07,961] {logging_mixin.py:104} INFO - [2026-09-22 16:37:07,961] {dag.py:2280} INFO - Setting next_dagrun for example_subdag_operator.section-1 to None
[2026-09-22 16:37:07,961] {logging_mixin.py:104} INFO - [2026-09-22 16:37:07,961] {dag.py:2280} INFO - Setting next_dagrun for example_subdag_operator.section-2 to None
[2026-09-22 16:37:07,972] {scheduler_job.py:190} INFO - Processing /home/airflow/.local/lib/python3.6/site-packages/airflow/example_dags/example_subdag_operator.py took 0.121 seconds
[2026-09-22 16:37:38,420] {scheduler_job.py:182} INFO - Started process (PID=673) to work on /home/airflow/.local/lib/python3.6/site-packages/airflow/example_dags/example_subdag_operator.py
[2026-09-22 16:37:38,422] {scheduler_job.py:629} INFO - Processing file /home/airflow/.local/lib/python3.6/site-packages/airflow/example_dags/example_subdag_operator.py for tasks to queue
[2026-09-22 16:37:38,423] {logging_mixin.py:104} INFO - [2026-09-22 16:37:38,423] {dagbag.py:451} INFO - Filling up the DagBag from /home/airflow/.local/lib/python3.6/site-packages/airflow/example_dags/example_subdag_operator.py
[2026-09-22 16:37:38,470] {scheduler_job.py:639} INFO - DAG(s) dict_keys(['example_subdag_operator.section-1', 'example_subdag_operator.section-2', 'example_subdag_operator']) retrieved from /home/airflow/.local/lib/python3.6/site-packages/airflow/example_dags/example_subdag_operator.py
[2026-09-22 16:37:38,502] {logging_mixin.py:104} INFO - [2026-09-22 16:37:38,501] {dag.py:1824} INFO - Sync 3 DAGs
[2026-09-22 16:37:38,536] {logging_mixin.py:104} INFO - [2026-09-22 16:37:38,536] {dag.py:2280} INFO - Setting next_dagrun for example_subdag_operator to 2026-09-20 00:00:00+00:00
[2026-09-22 16:37:38,538] {logging_mixin.py:104} INFO - [2026-09-22 16:37:38,538] {dag.py:2280} INFO - Setting next_dagrun for example_subdag_operator.section-1 to None
[2026-09-22 16:37:38,538] {logging_mixin.py:104} INFO - [2026-09-22 16:37:38,538] {dag.py:2280} INFO - Setting next_dagrun for example_subdag_operator.section-2 to None
[2026-09-22 16:37:38,558] {logging_mixin.py:104} INFO - [2026-09-22 16:37:38,558] {dag.py:1824} INFO - Sync 2 DAGs
[2026-09-22 16:37:38,577] {logging_mixin.py:104} INFO - [2026-09-22 16:37:38,577] {dag.py:2280} INFO - Setting next_dagrun for example_subdag_operator.section-1 to None
[2026-09-22 16:37:38,578] {logging_mixin.py:104} INFO - [2026-09-22 16:37:38,577] {dag.py:2280} INFO - Setting next_dagrun for example_subdag_operator.section-2 to None
[2026-09-22 16:37:38,597] {scheduler_job.py:190} INFO - Processing /home/airflow/.local/lib/python3.6/site-packages/airflow/example_dags/example_subdag_operator.py took 0.181 seconds
[2026-09-22 16:38:09,188] {scheduler_job.py:182} INFO - Started process (PID=699) to work on /home/airflow/.local/lib/python3.6/site-packages/airflow/example_dags/example_subdag_operator.py
[2026-09-22 16:38:09,190] {scheduler_job.py:629} INFO - Processing file /home/airflow/.local/lib/python3.6/site-packages/airflow/example_dags/example_subdag_operator.py for tasks to queue
[2026-09-22 16:38:09,191] {logging_mixin.py:104} INFO - [2026-09-22 16:38:09,190] {dagbag.py:451} INFO - Filling up the DagBag from /home/airflow/.local/lib/python3.6/site-packages/airflow/example_dags/example_subdag_operator.py
[2026-09-22 16:38:09,227] {scheduler_job.py:639} INFO - DAG(s) dict_keys(['example_subdag_operator.section-1', 'example_subdag_operator.section-2', 'example_subdag_operator']) retrieved from /home/airflow/.local/lib/python3.6/site-packages/airflow/example_dags/example_subdag_operator.py
[2026-09-22 16:38:09,245] {logging_mixin.py:104} INFO - [2026-09-22 16:38:09,245] {dag.py:1824} INFO - Sync 3 DAGs
[2026-09-22 16:38:09,266] {logging_mixin.py:104} INFO - [2026-09-22 16:38:09,266] {dag.py:2280} INFO - Setting next_dagrun for example_subdag_operator to 2026-09-20 00:00:00+00:00
[2026-09-22 16:38:09,267] {logging_mixin.py:104} INFO - [2026-09-22 16:38:09,267] {dag.py:2280} INFO - Setting next_dagrun for example_subdag_operator.section-1 to None
[2026-09-22 16:38:09,268] {logging_mixin.py:104} INFO - [2026-09-22 16:38:09,268] {dag.py:2280} INFO - Setting next_dagrun for example_subdag_operator.section-2 to None
[2026-09-22 16:38:09,283] {logging_mixin.py:104} INFO - [2026-09-22 16:38:09,282] {dag.py:1824} INFO - Sync 2 DAGs
[2026-09-22 16:38:09,292] {logging_mixin.py:104} INFO - [2026-09-22 16:38:09,292] {dag.py:2280} INFO - Setting next_dagrun for example_subdag_operator.section-1 to None
[2026-09-22 16:38:09,292] {logging_mixin.py:104} INFO - [2026-09-22 16:38:09,292] {dag.py:2280} INFO - Setting next_dagrun for example_subdag_operator.section-2 to None
[2026-09-22 16:38:09,301] {scheduler_job.py:190} INFO - Processing /home/airflow/.local/lib/python3.6/site-packages/airflow/example_dags/example_subdag_operator.py took 0.117 seconds
[2026-09-22 16:38:39,966] {scheduler_job.py:182} INFO - Started process (PID=725) to work on /home/airflow/.local/lib/python3.6/site-packages/airflow/example_dags/example_subdag_operator.py
[2026-09-22 16:38:39,967] {scheduler_job.py:629} INFO - Processing file /home/airflow/.local/lib/python3.6/site-packages/airflow/example_dags/example_subdag_operator.py for tasks to queue
[2026-09-22 16:38:39,968] {logging_mixin.py:104} INFO - [2026-09-22 16:38:39,968] {dagbag.py:451} INFO - Filling up the DagBag from /home/airflow/.local/lib/python3.6/site-packages/airflow/example_dags/example_subdag_operator.py
[2026-09-22 16:38:40,015] {scheduler_job.py:639} INFO - DAG(s) dict_keys(['example_subdag_operator.section-1', 'example_subdag_operator.section-2', 'example_subdag_operator']) retrieved from /home/airflow/.local/lib/python3.6/site-packages/airflow/example_dags/example_subdag_operator.py
[2026-09-22 16:38:40,032] {logging_mixin.py:104} INFO - [2026-09-22 16:38:40,032] {dag.py:1824} INFO - Sync 3 DAGs
[2026-09-22 16:38:40,052] {logging_mixin.py:104} INFO - [2026-09-22 16:38:40,052] {dag.py:2280} INFO - Setting next_dagrun for example_subdag_operator to 2026-09-20 00:00:00+00:00
[2026-09-22 16:38:40,054] {logging_mixin.py:104} INFO - [2026-09-22 16:38:40,054] {dag.py:2280} INFO - Setting next_dagrun for example_subdag_operator.section-1 to None
[2026-09-22 16:38:40,054] {logging_mixin.py:104} INFO - [2026-09-22 16:38:40,054] {dag.py:2280} INFO - Setting next_dagrun for example_subdag_operator.section-2 to None
[2026-09-22 16:38:40,067] {logging_mixin.py:104} INFO - [2026-09-22 16:38:40,067] {dag.py:1824} INFO - Sync 2 DAGs
[2026-09-22 16:38:40,077] {logging_mixin.py:104} INFO - [2026-09-22 16:38:40,077] {dag.py:2280} INFO - Setting next_dagrun for example_subdag_operator.section-1 to None
[2026-09-22 16:38:40,078] {logging_mixin.py:104} INFO - [2026-09-22 16:38:40,078] {dag.py:2280} INFO - Setting next_dagrun for example_subdag_operator.section-2 to None
[2026-09-22 16:38:40,087] {scheduler_job.py:190} INFO - Processing /home/airflow/.local/lib/python3.6/site-packages/airflow/example_dags/example_subdag_operator.py took 0.127 seconds
[2026-09-22 16:39:10,770] {scheduler_job.py:182} INFO - Started process (PID=751) to work on /home/airflow/.local/lib/python3.6/site-packages/airflow/example_dags/example_subdag_operator.py
[2026-09-22 16:39:10,772] {scheduler_job.py:629} INFO - Processing file /home/airflow/.local/lib/python3.6/site-packages/airflow/example_dags/example_subdag_operator.py for tasks to queue
[2026-09-22 16:39:10,773] {logging_mixin.py:104} INFO - [2026-09-22 16:39:10,773] {dagbag.py:451} INFO - Filling up the DagBag from /home/airflow/.local/lib/python3.6/site-packages/airflow/example_dags/example_subdag_operator.py
[2026-09-22 16:39:10,813] {scheduler_job.py:639} INFO - DAG(s) dict_keys(['example_subdag_operator.section-1', 'example_subdag_operator.section-2', 'example_subdag_operator']) retrieved from /home/airflow/.local/lib/python3.6/site-packages/airflow/example_dags/example_subdag_operator.py
[2026-09-22 16:39:10,827] {logging_mixin.py:104} INFO - [2026-09-22 16:39:10,827] {dag.py:1824} INFO - Sync 3 DAGs
[2026-09-22 16:39:10,847] {logging_mixin.py:104} INFO - [2026-09-22 16:39:10,847] {dag.py:2280} INFO - Setting next_dagrun for example_subdag_operator to 2026-09-20 00:00:00+00:00
[2026-09-22 16:39:10,848] {logging_mixin.py:104} INFO - [2026-09-22 16:39:10,848] {dag.py:2280} INFO - Setting next_dagrun for example_subdag_operator.section-1 to None
[2026-09-22 16:39:10,848] {logging_mixin.py:104} INFO - [2026-09-22 16:39:10,848] {dag.py:2280} INFO - Setting next_dagrun for example_subdag_operator.section-2 to None
[2026-09-22 16:39:10,862] {logging_mixin.py:104} INFO - [2026-09-22 16:39:10,862] {dag.py:1824} INFO - Sync 2 DAGs
[2026-09-22 16:39:10,871] {logging_mixin.py:104} INFO - [2026-09-22 16:39:10,871] {dag.py:2280} INFO - Setting next_dagrun for example_subdag_operator.section-1 to None
[2026-09-22 16:39:10,872] {logging_mixin.py:104} INFO - [2026-09-22 16:39:10,872] {dag.py:2280} INFO - Setting next_dagrun for example_subdag_operator.section-2 to None
[2026-09-22 16:39:10,880] {scheduler_job.py:190} INFO - Processing /home/airflow/.local/lib/python3.6/site-packages/airflow/example_dags/example_subdag_operator.py took 0.115 seconds
[2026-09-22 16:39:41,563] {scheduler_job.py:182} INFO - Started process (PID=779) to work on /home/airflow/.local/lib/python3.6/site-packages/airflow/example_dags/example_subdag_operator.py
[2026-09-22 16:39:41,565] {scheduler_job.py:629} INFO - Processing file /home/airflow/.local/lib/python3.6/site-packages/airflow/example_dags/example_subdag_operator.py for tasks to queue
[2026-09-22 16:39:41,566] {logging_mixin.py:104} INFO - [2026-09-22 16:39:41,565] {dagbag.py:451} INFO - Filling up the DagBag from /home/airflow/.local/lib/python3.6/site-packages/airflow/example_dags/example_subdag_operator.py
[2026-09-22 16:39:41,612] {scheduler_job.py:639} INFO - DAG(s) dict_keys(['example_subdag_operator.section-1', 'example_subdag_operator.section-2', 'example_subdag_operator']) retrieved from /home/airflow/.local/lib/python3.6/site-packages/airflow/example_dags/example_subdag_operator.py
[2026-09-22 16:39:41,631] {logging_mixin.py:104} INFO - [2026-09-22 16:39:41,631] {dag.py:1824} INFO - Sync 3 DAGs
[2026-09-22 16:39:41,654] {logging_mixin.py:104} INFO - [2026-09-22 16:39:41,654] {dag.py:2280} INFO - Setting next_dagrun for example_subdag_operator to 2026-09-20 00:00:00+00:00
[2026-09-22 16:39:41,655] {logging_mixin.py:104} INFO - [2026-09-22 16:39:41,655] {dag.py:2280} INFO - Setting next_dagrun for example_subdag_operator.section-1 to None
[2026-09-22 16:39:41,656] {logging_mixin.py:104} INFO - [2026-09-22 16:39:41,656] {dag.py:2280} INFO - Setting next_dagrun for example_subdag_operator.section-2 to None
[2026-09-22 16:39:41,666] {logging_mixin.py:104} INFO - [2026-09-22 16:39:41,666] {dag.py:1824} INFO - Sync 2 DAGs
[2026-09-22 16:39:41,679] {logging_mixin.py:104} INFO - [2026-09-22 16:39:41,679] {dag.py:2280} INFO - Setting next_dagrun for example_subdag_operator.section-1 to None
[2026-09-22 16:39:41,680] {logging_mixin.py:104} INFO - [2026-09-22 16:39:41,679] {dag.py:2280} INFO - Setting next_dagrun for example_subdag_operator.section-2 to None
[2026-09-22 16:39:41,691] {scheduler_job.py:190} INFO - Processing /home/airflow/.local/lib/python3.6/site-packages/airflow/example_dags/example_subdag_operator.py took 0.134 seconds
[2026-09-22 16:40:12,250] {scheduler_job.py:182} INFO - Started process (PID=804) to work on /home/airflow/.local/lib/python3.6/site-packages/airflow/example_dags/example_subdag_operator.py
[2026-09-22 16:40:12,251] {scheduler_job.py:629} INFO - Processing file /home/airflow/.local/lib/python3.6/site-packages/airflow/example_dags/example_subdag_operator.py for tasks to queue
[2026-09-22 16:40:12,252] {logging_mixin.py:104} INFO - [2026-09-22 16:40:12,252] {dagbag.py:451} INFO - Filling up the DagBag from /home/airflow/.local/lib/python3.6/site-packages/airflow/example_dags/example_subdag_operator.py
[2026-09-22 16:40:12,294] {scheduler_job.py:639} INFO - DAG(s) dict_keys(['example_subdag_operator.section-1', 'example_subdag_operator.section-2', 'example_subdag_operator']) retrieved from /home/airflow/.local/lib/python3.6/site-packages/airflow/example_dags/example_subdag_operator.py
[2026-09-22 16:40:12,310] {logging_mixin.py:104} INFO - [2026-09-22 16:40:12,310] {dag.py:1824} INFO - Sync 3 DAGs
[2026-09-22 16:40:12,333] {logging_mixin.py:104} INFO - [2026-09-22 16:40:12,333] {dag.py:2280} INFO - Setting next_dagrun for example_subdag_operator to 2026-09-20 00:00:00+00:00
[2026-09-22 16:40:12,334] {logging_mixin.py:104} INFO - [2026-09-22 16:40:12,334] {dag.py:2280} INFO - Setting next_dagrun for example_subdag_operator.section-1 to None
[2026-09-22 16:40:12,334] {logging_mixin.py:104} INFO - [2026-09-22 16:40:12,334] {dag.py:2280} INFO - Setting next_dagrun for example_subdag_operator.section-2 to None
[2026-09-22 16:40:12,346] {logging_mixin.py:104} INFO - [2026-09-22 16:40:12,346] {dag.py:1824} INFO - Sync 2 DAGs
[2026-09-22 16:40:12,357] {logging_mixin.py:104} INFO - [2026-09-22 16:40:12,356] {dag.py:2280} INFO - Setting next_dagrun for example_subdag_operator.section-1 to None
[2026-09-22 16:40:12,357] {logging_mixin.py:104} INFO - [2026-09-22 16:40:12,357] {dag.py:2280} INFO - Setting next_dagrun for example_subdag_operator.section-2 to None
[2026-09-22 16:40:12,365] {scheduler_job.py:190} INFO - Processing /home/airflow/.local/lib/python3.6/site-packages/airflow/example_dags/example_subdag_operator.py took 0.120 seconds
[2026-09-22 16:40:43,242] {scheduler_job.py:182} INFO - Started process (PID=832) to work on /home/airflow/.local/lib/python3.6/site-packages/airflow/example_dags/example_subdag_operator.py
[2026-09-22 16:40:43,243] {scheduler_job.py:629} INFO - Processing file /home/airflow/.local/lib/python3.6/site-packages/airflow/example_dags/example_subdag_operator.py for tasks to queue
[2026-09-22 16:40:43,244] {logging_mixin.py:104} INFO - [2026-09-22 16:40:43,244] {dagbag.py:451} INFO - Filling up the DagBag from /home/airflow/.local/lib/python3.6/site-packages/airflow/example_dags/example_subdag_operator.py
[2026-09-22 16:40:43,281] {scheduler_job.py:639} INFO - DAG(s) dict_keys(['example_subdag_operator.section-1', 'example_subdag_operator.section-2', 'example_subdag_operator']) retrieved from /home/airflow/.local/lib/python3.6/site-packages/airflow/example_dags/example_subdag_operator.py
[2026-09-22 16:40:43,296] {logging_mixin.py:104} INFO - [2026-09-22 16:40:43,296] {dag.py:1824} INFO - Sync 3 DAGs
[2026-09-22 16:40:43,316] {logging_mixin.py:104} INFO - [2026-09-22 16:40:43,316] {dag.py:2280} INFO - Setting next_dagrun for example_subdag_operator to 2026-09-20 00:00:00+00:00
[2026-09-22 16:40:43,317] {logging_mixin.py:104} INFO - [2026-09-22 16:40:43,317] {dag.py:2280} INFO - Setting next_dagrun for example_subdag_operator.section-1 to None
[2026-09-22 16:40:43,318] {logging_mixin.py:104} INFO - [2026-09-22 16:40:43,318] {dag.py:2280} INFO - Setting next_dagrun for example_subdag_operator.section-2 to None
[2026-09-22 16:40:43,331] {logging_mixin.py:104} INFO - [2026-09-22 16:40:43,331] {dag.py:1824} INFO - Sync 2 DAGs
[2026-09-22 16:40:43,340] {logging_mixin.py:104} INFO - [2026-09-22 16:40:43,340] {dag.py:2280} INFO - Setting next_dagrun for example_subdag_operator.section-1 to None
[2026-09-22 16:40:43,340] {logging_mixin.py:104} INFO - [2026-09-22 16:40:43,340] {dag.py:2280} INFO - Setting next_dagrun for example_subdag_operator.section-2 to None
[2026-09-22 16:40:43,350] {scheduler_job.py:190} INFO - Processing /home/airflow/.local/lib/python3.6/site-packages/airflow/example_dags/example_subdag_operator.py took 0.112 seconds
[2026-09-22 16:41:14,021] {scheduler_job.py:182} INFO - Started process (PID=856) to work on /home/airflow/.local/lib/python3.6/site-packages/airflow/example_dags/example_subdag_operator.py
[2026-09-22 16:41:14,023] {scheduler_job.py:629} INFO - Processing file /home/airflow/.local/lib/python3.6/site-packages/airflow/example_dags/example_subdag_operator.py for tasks to queue
[2026-09-22 16:41:14,024] {logging_mixin.py:104} INFO - [2026-09-22 16:41:14,024] {dagbag.py:451} INFO - Filling up the DagBag from /home/airflow/.local/lib/python3.6/site-packages/airflow/example_dags/example_subdag_operator.py
[2026-09-22 16:41:14,087] {scheduler_job.py:639} INFO - DAG(s) dict_keys(['example_subdag_operator.section-1', 'example_subdag_operator.section-2', 'example_subdag_operator']) retrieved from /home/airflow/.local/lib/python3.6/site-packages/airflow/example_dags/example_subdag_operator.py
[2026-09-22 16:41:14,108] {logging_mixin.py:104} INFO - [2026-09-22 16:41:14,108] {dag.py:1824} INFO - Sync 3 DAGs
[2026-09-22 16:41:14,138] {logging_mixin.py:104} INFO - [2026-09-22 16:41:14,138] {dag.py:2280} INFO - Setting next_dagrun for example_subdag_operator to 2026-09-20 00:00:00+00:00
[2026-09-22 16:41:14,140] {logging_mixin.py:104} INFO - [2026-09-22 16:41:14,140] {dag.py:2280} INFO - Setting next_dagrun for example_subdag_operator.section-1 to None
[2026-09-22 16:41:14,140] {logging_mixin.py:104} INFO - [2026-09-22 16:41:14,140] {dag.py:2280} INFO - Setting next_dagrun for example_subdag_operator.section-2 to None
[2026-09-22 16:41:14,160] {logging_mixin.py:104} INFO - [2026-09-22 16:41:14,160] {dag.py:1824} INFO - Sync 2 DAGs
[2026-09-22 16:41:14,176] {logging_mixin.py:104} INFO - [2026-09-22 16:41:14,176] {dag.py:2280} INFO - Setting next_dagrun for example_subdag_operator.section-1 to None
[2026-09-22 16:41:14,177] {logging_mixin.py:104} INFO - [2026-09-22 16:41:14,177] {dag.py:2280} INFO - Setting next_dagrun for example_subdag_operator.section-2 to None
[2026-09-22 16:41:14,193] {scheduler_job.py:190} INFO - Processing /home/airflow/.local/lib/python3.6/site-packages/airflow/example_dags/example_subdag_operator.py took 0.179 seconds
[2026-09-22 16:41:45,272] {scheduler_job.py:182} INFO - Started process (PID=882) to work on /home/airflow/.local/lib/python3.6/site-packages/airflow/example_dags/example_subdag_operator.py
[2026-09-22 16:41:45,275] {scheduler_job.py:629} INFO - Processing file /home/airflow/.local/lib/python3.6/site-packages/airflow/example_dags/example_subdag_operator.py for tasks to queue
[2026-09-22 16:41:45,277] {logging_mixin.py:104} INFO - [2026-09-22 16:41:45,277] {dagbag.py:451} INFO - Filling up the DagBag from /home/airflow/.local/lib/python3.6/site-packages/airflow/example_dags/example_subdag_operator.py
[2026-09-22 16:41:45,355] {scheduler_job.py:639} INFO - DAG(s) dict_keys(['example_subdag_operator.section-1', 'example_subdag_operator.section-2', 'example_subdag_operator']) retrieved from /home/airflow/.local/lib/python3.6/site-packages/airflow/example_dags/example_subdag_operator.py
[2026-09-22 16:41:45,384] {logging_mixin.py:104} INFO - [2026-09-22 16:41:45,383] {dag.py:1824} INFO - Sync 3 DAGs
[2026-09-22 16:41:45,471] {logging_mixin.py:104} INFO - [2026-09-22 16:41:45,470] {dag.py:2280} INFO - Setting next_dagrun for example_subdag_operator to 2026-09-20 00:00:00+00:00
[2026-09-22 16:41:45,477] {logging_mixin.py:104} INFO - [2026-09-22 16:41:45,477] {dag.py:2280} INFO - Setting next_dagrun for example_subdag_operator.section-1 to None
[2026-09-22 16:41:45,477] {logging_mixin.py:104} INFO - [2026-09-22 16:41:45,477] {dag.py:2280} INFO - Setting next_dagrun for example_subdag_operator.section-2 to None
[2026-09-22 16:41:45,527] {logging_mixin.py:104} INFO - [2026-09-22 16:41:45,526] {dag.py:1824} INFO - Sync 2 DAGs
[2026-09-22 16:41:45,567] {logging_mixin.py:104} INFO - [2026-09-22 16:41:45,566] {dag.py:2280} INFO - Setting next_dagrun for example_subdag_operator.section-1 to None
[2026-09-22 16:41:45,567] {logging_mixin.py:104} INFO - [2026-09-22 16:41:45,567] {dag.py:2280} INFO - Setting next_dagrun for example_subdag_operator.section-2 to None
[2026-09-22 16:41:45,598] {scheduler_job.py:190} INFO - Processing /home/airflow/.local/lib/python3.6/site-packages/airflow/example_dags/example_subdag_operator.py took 0.340 seconds
