[2026-09-22 16:25:20,970] {scheduler_job.py:182} INFO - Started process (PID=48) to work on /home/airflow/.local/lib/python3.6/site-packages/airflow/example_dags/example_trigger_target_dag.py
[2026-09-22 16:25:20,972] {scheduler_job.py:629} INFO - Processing file /home/airflow/.local/lib/python3.6/site-packages/airflow/example_dags/example_trigger_target_dag.py for tasks to queue
[2026-09-22 16:25:20,973] {logging_mixin.py:104} INFO - [2026-09-22 16:25:20,973] {dagbag.py:451} INFO - Filling up the DagBag from /home/airflow/.local/lib/python3.6/site-packages/airflow/example_dags/example_trigger_target_dag.py
[2026-09-22 16:25:20,998] {scheduler_job.py:639} INFO - DAG(s) dict_keys(['example_trigger_target_dag']) retrieved from /home/airflow/.local/lib/python3.6/site-packages/airflow/example_dags/example_trigger_target_dag.py
[2026-09-22 16:25:21,049] {logging_mixin.py:104} INFO - [2026-09-22 16:25:21,048] {dag.py:1824} INFO - Sync 1 DAGs
[2026-09-22 16:25:21,112] {logging_mixin.py:104} INFO - [2026-09-22 16:25:21,111] {dag.py:2280} INFO - Setting next_dagrun for example_trigger_target_dag to None
[2026-09-22 16:25:21,161] {scheduler_job.py:190} INFO - Processing /home/airflow/.local/lib/python3.6/site-packages/airflow/example_dags/example_trigger_target_dag.py took 0.198 seconds
[2026-09-22 16:25:51,437] {scheduler_job.py:182} INFO - Started process (PID=74) to work on /home/airflow/.local/lib/python3.6/site-packages/airflow/example_dags/example_trigger_target_dag.py
[2026-09-22 16:25:51,438] {scheduler_job.py:629} INFO - Processing file /home/airflow/.local/lib/python3.6/site-packages/airflow/example_dags/example_trigger_target_dag.py for tasks to queue
[2026-09-22 16:25:51,440] {logging_mixin.py:104} INFO - [2026-09-22 16:25:51,439] {dagbag.py:451} INFO - Filling up the DagBag from /home/airflow/.local/lib/python3.6/site-packages/airflow/example_dags/example_trigger_target_dag.py
[2026-09-22 16:25:51,460] {scheduler_job.py:639} INFO - DAG(s) dict_keys(['example_trigger_target_dag']) retrieved from /home/airflow/.local/lib/python3.6/site-packages/airflow/example_dags/example_trigger_target_dag.py
[2026-09-22 16:25:51,499] {logging_mixin.py:104} INFO - [2026-09-22 16:25:51,499] {dag.py:1824} INFO - Sync 1 DAGs
[2026-09-22 16:25:51,531] {logging_mixin.py:104} INFO - [2026-09-22 16:25:51,531] {dag.py:2280} INFO - Setting next_dagrun for example_trigger_target_dag to None
[2026-09-22 16:25:51,550] {scheduler_job.py:190} INFO - Processing /home/airflow/.local/lib/python3.6/site-packages/airflow/example_dags/example_trigger_target_dag.py took 0.117 seconds
[2026-09-22 16:26:22,294] {scheduler_job.py:182} INFO - Started process (PID=103) to work on /home/airflow/.local/lib/python3.6/site-packages/airflow/example_dags/example_trigger_target_dag.py
[2026-09-22 16:26:22,296] {scheduler_job.py:629} INFO - Processing file /home/airflow/.local/lib/python3.6/site-packages/airflow/example_dags/example_trigger_target_dag.py for tasks to queue
[2026-09-22 16:26:22,297] {logging_mixin.py:104} INFO - [2026-09-22 16:26:22,296] {dagbag.py:451} INFO - Filling up the DagBag from /home/airflow/.local/lib/python3.6/site-packages/airflow/example_dags/example_trigger_target_dag.py
[2026-09-22 16:26:22,313] {scheduler_job.py:639} INFO - DAG(s) dict_keys(['example_trigger_target_dag']) retrieved from /home/airflow/.local/lib/python3.6/site-packages/airflow/example_dags/example_trigger_target_dag.py
[2026-09-22 16:26:22,339] {logging_mixin.py:104} INFO - [2026-09-22 16:26:22,339] {dag.py:1824} INFO - Sync 1 DAGs
[2026-09-22 16:26:22,366] {logging_mixin.py:104} INFO - [2026-09-22 16:26:22,366] {dag.py:2280} INFO - Setting next_dagrun for example_trigger_target_dag to None
[2026-09-22 16:26:22,382] {scheduler_job.py:190} INFO - Processing /home/airflow/.local/lib/python3.6/site-packages/airflow/example_dags/example_trigger_target_dag.py took 0.093 seconds
[2026-09-22 16:26:52,850] {scheduler_job.py:182} INFO - Started process (PID=124) to work on /home/airflow/.local/lib/python3.6/site-packages/airflow/example_dags/example_trigger_target_dag.py
[2026-09-22 16:26:52,852] {scheduler_job.py:629} INFO - Processing file /home/airflow/.local/lib/python3.6/site-packages/airflow/example_dags/example_trigger_target_dag.py for tasks to queue
[2026-09-22 16:26:52,853] {logging_mixin.py:104} INFO - [2026-09-22 16:26:52,853] {dagbag.py:451} INFO - Filling up the DagBag from /home/airflow/.local/lib/python3.6/site-packages/airflow/example_dags/example_trigger_target_dag.py
[2026-09-22 16:26:52,879] {scheduler_job.py:639} INFO - DAG(s) dict_keys(['example_trigger_target_dag']) retrieved from /home/airflow/.local/lib/python3.6/site-packages/airflow/example_dags/example_trigger_target_dag.py
[2026-09-22 16:26:52,922] {logging_mixin.py:104} INFO - [2026-09-22 16:26:52,922] {dag.py:1824} INFO - Sync 1 DAGs
[2026-09-22 16:26:52,951] {logging_mixin.py:104} INFO - [2026-09-22 16:26:52,951] {dag.py:2280} INFO - Setting next_dagrun for example_trigger_target_dag to None
[2026-09-22 16:26:52,968] {scheduler_job.py:190} INFO - Processing /home/airflow/.local/lib/python3.6/site-packages/airflow/example_dags/example_trigger_target_dag.py took 0.123 seconds
[2026-09-22 16:27:23,219] {scheduler_job.py:182} INFO - Started process (PID=145) to work on /home/airflow/.local/lib/python3.6/site-packages/airflow/example_dags/example_trigger_target_dag.py
[2026-09-22 16:27:23,221] {scheduler_job.py:629} INFO - Processing file /home/airflow/.local/lib/python3.6/site-packages/airflow/example_dags/example_trigger_target_dag.py for tasks to queue
[2026-09-22 16:27:23,222] {logging_mixin.py:104} INFO - [2026-09-22 16:27:23,222] {dagbag.py:451} INFO - Filling up the DagBag from /home/airflow/.local/lib/python3.6/site-packages/airflow/example_dags/example_trigger_target_dag.py
[2026-09-22 16:27:23,245] {scheduler_job.py:639} INFO - DAG(s) dict_keys(['example_trigger_target_dag']) retrieved from /home/airflow/.local/lib/python3.6/site-packages/airflow/example_dags/example_trigger_target_dag.py
[2026-09-22 16:27:23,283] {logging_mixin.py:104} INFO - [2026-09-22 16:27:23,283] {dag.py:1824} INFO - Sync 1 DAGs
[2026-09-22 16:27:23,315] {logging_mixin.py:104} INFO - [2026-09-22 16:27:23,314] {dag.py:2280} INFO - Setting next_dagrun for example_trigger_target_dag to None
[2026-09-22 16:27:23,334] {scheduler_job.py:190} INFO - Processing /home/airflow/.local/lib/python3.6/site-packages/airflow/example_dags/example_trigger_target_dag.py took 0.121 seconds
[2026-09-22 16:27:54,125] {scheduler_job.py:182} INFO - Started process (PID=171) to work on /home/airflow/.local/lib/python3.6/site-packages/airflow/example_dags/example_trigger_target_dag.py
[2026-09-22 16:27:54,127] {scheduler_job.py:629} INFO - Processing file /home/airflow/.local/lib/python3.6/site-packages/airflow/example_dags/example_trigger_target_dag.py for tasks to queue
[2026-09-22 16:27:54,128] {logging_mixin.py:104} INFO - [2026-09-22 16:27:54,128] {dagbag.py:451} INFO - Filling up the DagBag from /home/airflow/.local/lib/python3.6/site-packages/airflow/example_dags/example_trigger_target_dag.py
[2026-09-22 16:27:54,145] {scheduler_job.py:639} INFO - DAG(s) dict_keys(['example_trigger_target_dag']) retrieved from /home/airflow/.local/lib/python3.6/site-packages/airflow/example_dags/example_trigger_target_dag.py
[2026-09-22 16:27:54,171] {logging_mixin.py:104} INFO - [2026-09-22 16:27:54,170] {dag.py:1824} INFO - Sync 1 DAGs
[2026-09-22 16:27:54,191] {logging_mixin.py:104} INFO - [2026-09-22 16:27:54,191] {dag.py:2280} INFO - Setting next_dagrun for example_trigger_target_dag to None
[2026-09-22 16:27:54,207] {scheduler_job.py:190} INFO - Processing /home/airflow/.local/lib/python3.6/site-packages/airflow/example_dags/example_trigger_target_dag.py took 0.086 seconds
[2026-09-22 16:28:24,731] {scheduler_job.py:182} INFO - Started process (PID=197) to work on /home/airflow/.local/lib/python3.6/site-packages/airflow/example_dags/example_trigger_target_dag.py
[2026-09-22 16:28:24,733] {scheduler_job.py:629} INFO - Processing file /home/airflow/.local/lib/python3.6/site-packages/airflow/example_dags/example_trigger_target_dag.py for tasks to queue
[2026-09-22 16:28:24,733] {logging_mixin.py:104} INFO - [2026-09-22 16:28:24,733] {dagbag.py:451} INFO - Filling up the DagBag from /home/airflow/.local/lib/python3.6/site-packages/airflow/example_dags/example_trigger_target_dag.py
[2026-09-22 16:28:24,754] {scheduler_job.py:639} INFO - DAG(s) dict_keys(['example_trigger_target_dag']) retrieved from /home/airflow/.local/lib/python3.6/site-packages/airflow/example_dags/example_trigger_target_dag.py
[2026-09-22 16:28:24,794] {logging_mixin.py:104} INFO - [2026-09-22 16:28:24,794] {dag.py:1824} INFO - Sync 1 DAGs
[2026-09-22 16:28:24,821] {logging_mixin.py:104} INFO - [2026-09-22 16:28:24,820] {dag.py:2280} INFO - Setting next_dagrun for example_trigger_target_dag to None
[2026-09-22 16:28:24,841] {scheduler_job.py:190} INFO - Processing /home/airflow/.local/lib/python3.6/site-packages/airflow/example_dags/example_trigger_target_dag.py took 0.115 seconds
[2026-09-22 16:28:55,574] {scheduler_job.py:182} INFO - Started process (PID=223) to work on /home/airflow/.local/lib/python3.6/site-packages/airflow/example_dags/example_trigger_target_dag.py
[2026-09-22 16:28:55,576] {scheduler_job.py:629} INFO - Processing file /home/airflow/.local/lib/python3.6/site-packages/airflow/example_dags/example_trigger_target_dag.py for tasks to queue
[2026-09-22 16:28:55,578] {logging_mixin.py:104} INFO - [2026-09-22 16:28:55,577] {dagbag.py:451} INFO - Filling up the DagBag from /home/airflow/.local/lib/python3.6/site-packages/airflow/example_dags/example_trigger_target_dag.py
[2026-09-22 16:28:55,599] {scheduler_job.py:639} INFO - DAG(s) dict_keys(['example_trigger_target_dag']) retrieved from /home/airflow/.local/lib/python3.6/site-packages/airflow/example_dags/example_trigger_target_dag.py
[2026-09-22 16:28:55,639] {logging_mixin.py:104} INFO - [2026-09-22 16:28:55,639] {dag.py:1824} INFO - Sync 1 DAGs
[2026-09-22 16:28:55,663] {logging_mixin.py:104} INFO - [2026-09-22 16:28:55,663] {dag.py:2280} INFO - Setting next_dagrun for example_trigger_target_dag to None
[2026-09-22 16:28:55,678] {scheduler_job.py:190} INFO - Processing /home/airflow/.local/lib/python3.6/site-packages/airflow/example_dags/example_trigger_target_dag.py took 0.108 seconds
[2026-09-22 16:29:26,306] {scheduler_job.py:182} INFO - Started process (PID=250) to work on /home/airflow/.local/lib/python3.6/site-packages/airflow/example_dags/example_trigger_target_dag.py
[2026-09-22 16:29:26,308] {scheduler_job.py:629} INFO - Processing file /home/airflow/.local/lib/python3.6/site-packages/airflow/example_dags/example_trigger_target_dag.py for tasks to queue
[2026-09-22 16:29:26,309] {logging_mixin.py:104} INFO - [2026-09-22 16:29:26,309] {dagbag.py:451} INFO - Filling up the DagBag from /home/airflow/.local/lib/python3.6/site-packages/airflow/example_dags/example_trigger_target_dag.py
[2026-09-22 16:29:26,330] {scheduler_job.py:639} INFO - DAG(s) dict_keys(['example_trigger_target_dag']) retrieved from /home/airflow/.local/lib/python3.6/site-packages/airflow/example_dags/example_trigger_target_dag.py
[2026-09-22 16:29:26,362] {logging_mixin.py:104} INFO - [2026-09-22 16:29:26,362] {dag.py:1824} INFO - Sync 1 DAGs
[2026-09-22 16:29:26,386] {logging_mixin.py:104} INFO - [2026-09-22 16:29:26,386] {dag.py:2280} INFO - Setting next_dagrun for example_trigger_target_dag to None
[2026-09-22 16:29:26,406] {scheduler_job.py:190} INFO - Processing /home/airflow/.local/lib/python3.6/site-packages/airflow/example_dags/example_trigger_target_dag.py took 0.106 seconds
[2026-09-22 16:29:56,639] {scheduler_job.py:182} INFO - Started process (PID=276) to work on /home/airflow/.local/lib/python3.6/site-packages/airflow/example_dags/example_trigger_target_dag.py
[2026-09-22 16:29:56,641] {scheduler_job.py:629} INFO - Processing file /home/airflow/.local/lib/python3.6/site-packages/airflow/example_dags/example_trigger_target_dag.py for tasks to queue
[2026-09-22 16:29:56,643] {logging_mixin.py:104} INFO - [2026-09-22 16:29:56,643] {dagbag.py:451} INFO - Filling up the DagBag from /home/airflow/.local/lib/python3.6/site-packages/airflow/example_dags/example_trigger_target_dag.py
[2026-09-22 16:29:56,661] {scheduler_job.py:639} INFO - DAG(s) dict_keys(['example_trigger_target_dag']) retrieved from /home/airflow/.local/lib/python3.6/site-packages/airflow/example_dags/example_trigger_target_dag.py
[2026-09-22 16:29:56,691] {logging_mixin.py:104} INFO - [2026-09-22 16:29:56,691] {dag.py:1824} INFO - Sync 1 DAGs
[2026-09-22 16:29:56,726] {logging_mixin.py:104} INFO - [2026-09-22 16:29:56,725] {dag.py:2280} INFO - Setting next_dagrun for example_trigger_target_dag to None
[2026-09-22 16:29:56,749] {scheduler_job.py:190} INFO - Processing /home/airflow/.local/lib/python3.6/site-packages/airflow/example_dags/example_trigger_target_dag.py took 0.114 seconds
[2026-09-22 16:30:27,312] {scheduler_job.py:182} INFO - Started process (PID=301) to work on /home/airflow/.local/lib/python3.6/site-packages/airflow/example_dags/example_trigger_target_dag.py
[2026-09-22 16:30:27,314] {scheduler_job.py:629} INFO - Processing file /home/airflow/.local/lib/python3.6/site-packages/airflow/example_dags/example_trigger_target_dag.py for tasks to queue
[2026-09-22 16:30:27,316] {logging_mixin.py:104} INFO - [2026-09-22 16:30:27,316] {dagbag.py:451} INFO - Filling up the DagBag from /home/airflow/.local/lib/python3.6/site-packages/airflow/example_dags/example_trigger_target_dag.py
[2026-09-22 16:30:27,336] {scheduler_job.py:639} INFO - DAG(s) dict_keys(['example_trigger_target_dag']) retrieved from /home/airflow/.local/lib/python3.6/site-packages/airflow/example_dags/example_trigger_target_dag.py
[2026-09-22 16:30:27,369] {logging_mixin.py:104} INFO - [2026-09-22 16:30:27,369] {dag.py:1824} INFO - Sync 1 DAGs
[2026-09-22 16:30:27,397] {logging_mixin.py:104} INFO - [2026-09-22 16:30:27,397] {dag.py:2280} INFO - Setting next_dagrun for example_trigger_target_dag to None
[2026-09-22 16:30:27,415] {scheduler_job.py:190} INFO - Processing /home/airflow/.local/lib/python3.6/site-packages/airflow/example_dags/example_trigger_target_dag.py took 0.107 seconds
[2026-09-22 16:30:58,139] {scheduler_job.py:182} INFO - Started process (PID=327) to work on /home/airflow/.local/lib/python3.6/site-packages/airflow/example_dags/example_trigger_target_dag.py
[2026-09-22 16:30:58,141] {scheduler_job.py:629} INFO - Processing file /home/airflow/.local/lib/python3.6/site-packages/airflow/example_dags/example_trigger_target_dag.py for tasks to queue
[2026-09-22 16:30:58,142] {logging_mixin.py:104} INFO - [2026-09-22 16:30:58,142] {dagbag.py:451} INFO - Filling up the DagBag from /home/airflow/.local/lib/python3.6/site-packages/airflow/example_dags/example_trigger_target_dag.py
[2026-09-22 16:30:58,167] {scheduler_job.py:639} INFO - DAG(s) dict_keys(['example_trigger_target_dag']) retrieved from /home/airflow/.local/lib/python3.6/site-packages/airflow/example_dags/example_trigger_target_dag.py
[2026-09-22 16:30:58,208] {logging_mixin.py:104} INFO - [2026-09-22 16:30:58,208] {dag.py:1824} INFO - Sync 1 DAGs
[2026-09-22 16:30:58,243] {logging_mixin.py:104} INFO - [2026-09-22 16:30:58,243] {dag.py:2280} INFO - Setting next_dagrun for example_trigger_target_dag to None
[2026-09-22 16:30:58,264] {scheduler_job.py:190} INFO - Processing /home/airflow/.local/lib/python3.6/site-packages/airflow/example_dags/example_trigger_target_dag.py took 0.131 seconds
[2026-09-22 16:31:29,045] {scheduler_job.py:182} INFO - Started process (PID=353) to work on /home/airflow/.local/lib/python3.6/site-packages/airflow/example_dags/example_trigger_target_dag.py
[2026-09-22 16:31:29,047] {scheduler_job.py:629} INFO - Processing file /home/airflow/.local/lib/python3.6/site-packages/airflow/example_dags/example_trigger_target_dag.py for tasks to queue
[2026-09-22 16:31:29,047] {logging_mixin.py:104} INFO - [2026-09-22 16:31:29,047] {dagbag.py:451} INFO - Filling up the DagBag from /home/airflow/.local/lib/python3.6/site-packages/airflow/example_dags/example_trigger_target_dag.py
[2026-09-22 16:31:29,067] {scheduler_job.py:639} INFO - DAG(s) dict_keys(['example_trigger_target_dag']) retrieved from /home/airflow/.local/lib/python3.6/site-packages/airflow/example_dags/example_trigger_target_dag.py
[2026-09-22 16:31:29,097] {logging_mixin.py:104} INFO - [2026-09-22 16:31:29,096] {dag.py:1824} INFO - Sync 1 DAGs
[2026-09-22 16:31:29,119] {logging_mixin.py:104} INFO - [2026-09-22 16:31:29,119] {dag.py:2280} INFO - Setting next_dagrun for example_trigger_target_dag to None
[2026-09-22 16:31:29,133] {scheduler_job.py:190} INFO - Processing /home/airflow/.local/lib/python3.6/site-packages/airflow/example_dags/example_trigger_target_dag.py took 0.093 seconds
[2026-09-22 16:31:59,969] {scheduler_job.py:182} INFO - Started process (PID=379) to work on /home/airflow/.local/lib/python3.6/site-packages/airflow/example_dags/example_trigger_target_dag.py
[2026-09-22 16:31:59,970] {scheduler_job.py:629} INFO - Processing file /home/airflow/.local/lib/python3.6/site-packages/airflow/example_dags/example_trigger_target_dag.py for tasks to queue
[2026-09-22 16:31:59,971] {logging_mixin.py:104} INFO - [2026-09-22 16:31:59,971] {dagbag.py:451} INFO - Filling up the DagBag from /home/airflow/.local/lib/python3.6/site-packages/airflow/example_dags/example_trigger_target_dag.py
[2026-09-22 16:31:59,986] {scheduler_job.py:639} INFO - DAG(s) dict_keys(['example_trigger_target_dag']) retrieved from /home/airflow/.local/lib/python3.6/site-packages/airflow/example_dags/example_trigger_target_dag.py
[2026-09-22 16:32:00,010] {logging_mixin.py:104} INFO - [2026-09-22 16:32:00,010] {dag.py:1824} INFO - Sync 1 DAGs
[2026-09-22 16:32:00,029] {logging_mixin.py:104} INFO - [2026-09-22 16:32:00,029] {dag.py:2280} INFO - Setting next_dagrun for example_trigger_target_dag to None
[2026-09-22 16:32:00,045] {scheduler_job.py:190} INFO - Processing /home/airflow/.local/lib/python3.6/site-packages/airflow/example_dags/example_trigger_target_dag.py took 0.080 seconds
[2026-09-22 16:32:30,294] {scheduler_job.py:182} INFO - Started process (PID=405) to work on /home/airflow/.local/lib/python3.6/site-packages/airflow/example_dags/example_trigger_target_dag.py
[2026-09-22 16:32:30,296] {scheduler_job.py:629} INFO - Processing file /home/airflow/.local/lib/python3.6/site-packages/airflow/example_dags/example_trigger_target_dag.py for tasks to queue
[2026-09-22 16:32:30,296] {logging_mixin.py:104} INFO - [2026-09-22 16:32:30,296] {dagbag.py:451} INFO - Filling up the DagBag from /home/airflow/.local/lib/python3.6/site-packages/airflow/example_dags/example_trigger_target_dag.py
[2026-09-22 16:32:30,315] {scheduler_job.py:639} INFO - DAG(s) dict_keys(['example_trigger_target_dag']) retrieved from /home/airflow/.local/lib/python3.6/site-packages/airflow/example_dags/example_trigger_target_dag.py
[2026-09-22 16:32:30,342] {logging_mixin.py:104} INFO - [2026-09-22 16:32:30,342] {dag.py:1824} INFO - Sync 1 DAGs
[2026-09-22 16:32:30,363] {logging_mixin.py:104} INFO - [2026-09-22 16:32:30,362] {dag.py:2280} INFO - Setting next_dagrun for example_trigger_target_dag to None
[2026-09-22 16:32:30,378] {scheduler_job.py:190} INFO - Processing /home/airflow/.local/lib/python3.6/site-packages/airflow/example_dags/example_trigger_target_dag.py took 0.090 seconds
[2026-09-22 16:33:00,962] {scheduler_job.py:182} INFO - Started process (PID=431) to work on /home/airflow/.local/lib/python3.6/site-packages/airflow/example_dags/example_trigger_target_dag.py
[2026-09-22 16:33:00,963] {scheduler_job.py:629} INFO - Processing file /home/airflow/.local/lib/python3.6/site-packages/airflow/example_dags/example_trigger_target_dag.py for tasks to queue
[2026-09-22 16:33:00,964] {logging_mixin.py:104} INFO - [2026-09-22 16:33:00,964] {dagbag.py:451} INFO - Filling up the DagBag from /home/airflow/.local/lib/python3.6/site-packages/airflow/example_dags/example_trigger_target_dag.py
[2026-09-22 16:33:00,982] {scheduler_job.py:639} INFO - DAG(s) dict_keys(['example_trigger_target_dag']) retrieved from /home/airflow/.local/lib/python3.6/site-packages/airflow/example_dags/example_trigger_target_dag.py
[2026-09-22 16:33:01,014] {logging_mixin.py:104} INFO - [2026-09-22 16:33:01,014] {dag.py:1824} INFO - Sync 1 DAGs
[2026-09-22 16:33:01,042] {logging_mixin.py:104} INFO - [2026-09-22 16:33:01,042] {dag.py:2280} INFO - Setting next_dagrun for example_trigger_target_dag to None
[2026-09-22 16:33:01,061] {scheduler_job.py:190} INFO - Processing /home/airflow/.local/lib/python3.6/site-packages/airflow/example_dags/example_trigger_target_dag.py took 0.104 seconds
[2026-09-22 16:33:32,064] {scheduler_job.py:182} INFO - Started process (PID=457) to work on /home/airflow/.local/lib/python3.6/site-packages/airflow/example_dags/example_trigger_target_dag.py
[2026-09-22 16:33:32,066] {scheduler_job.py:629} INFO - Processing file /home/airflow/.local/lib/python3.6/site-packages/airflow/example_dags/example_trigger_target_dag.py for tasks to queue
[2026-09-22 16:33:32,067] {logging_mixin.py:104} INFO - [2026-09-22 16:33:32,067] {dagbag.py:451} INFO - Filling up the DagBag from /home/airflow/.local/lib/python3.6/site-packages/airflow/example_dags/example_trigger_target_dag.py
[2026-09-22 16:33:32,087] {scheduler_job.py:639} INFO - DAG(s) dict_keys(['example_trigger_target_dag']) retrieved from /home/airflow/.local/lib/python3.6/site-packages/airflow/example_dags/example_trigger_target_dag.py
[2026-09-22 16:33:32,120] {logging_mixin.py:104} INFO - [2026-09-22 16:33:32,120] {dag.py:1824} INFO - Sync 1 DAGs
[2026-09-22 16:33:32,148] {logging_mixin.py:104} INFO - [2026-09-22 16:33:32,148] {dag.py:2280} INFO - Setting next_dagrun for example_trigger_target_dag to None
[2026-09-22 16:33:32,167] {scheduler_job.py:190} INFO - Processing /home/airflow/.local/lib/python3.6/site-packages/airflow/example_dags/example_trigger_target_dag.py took 0.110 seconds
[2026-09-22 16:34:02,893] {scheduler_job.py:182} INFO - Started process (PID=483) to work on /home/airflow/.local/lib/python3.6/site-packages/airflow/example_dags/example_trigger_target_dag.py
[2026-09-22 16:34:02,895] {scheduler_job.py:629} INFO - Processing file /home/airflow/.local/lib/python3.6/site-packages/airflow/example_dags/example_trigger_target_dag.py for tasks to queue
[2026-09-22 16:34:02,896] {logging_mixin.py:104} INFO - [2026-09-22 16:34:02,896] {dagbag.py:451} INFO - Filling up the DagBag from /home/airflow/.local/lib/python3.6/site-packages/airflow/example_dags/example_trigger_target_dag.py
[2026-09-22 16:34:02,917] {scheduler_job.py:639} INFO - DAG(s) dict_keys(['example_trigger_target_dag']) retrieved from /home/airflow/.local/lib/python3.6/site-packages/airflow/example_dags/example_trigger_target_dag.py
[2026-09-22 16:34:02,942] {logging_mixin.py:104} INFO - [2026-09-22 16:34:02,942] {dag.py:1824} INFO - Sync 1 DAGs
[2026-09-22 16:34:02,962] {logging_mixin.py:104} INFO - [2026-09-22 16:34:02,961] {dag.py:2280} INFO - Setting next_dagrun for example_trigger_target_dag to None
[2026-09-22 16:34:02,980] {scheduler_job.py:190} INFO - Processing /home/airflow/.local/lib/python3.6/site-packages/airflow/example_dags/example_trigger_target_dag.py took 0.092 seconds
[2026-09-22 16:34:33,667] {scheduler_job.py:182} INFO - Started process (PID=509) to work on /home/airflow/.local/lib/python3.6/site-packages/airflow/example_dags/example_trigger_target_dag.py
[2026-09-22 16:34:33,668] {scheduler_job.py:629} INFO - Processing file /home/airflow/.local/lib/python3.6/site-packages/airflow/example_dags/example_trigger_target_dag.py for tasks to queue
[2026-09-22 16:34:33,669] {logging_mixin.py:104} INFO - [2026-09-22 16:34:33,669] {dagbag.py:451} INFO - Filling up the DagBag from /home/airflow/.local/lib/python3.6/site-packages/airflow/example_dags/example_trigger_target_dag.py
[2026-09-22 16:34:33,685] {scheduler_job.py:639} INFO - DAG(s) dict_keys(['example_trigger_target_dag']) retrieved from /home/airflow/.local/lib/python3.6/site-packages/airflow/example_dags/example_trigger_target_dag.py
[2026-09-22 16:34:33,711] {logging_mixin.py:104} INFO - [2026-09-22 16:34:33,711] {dag.py:1824} INFO - Sync 1 DAGs
[2026-09-22 16:34:33,733] {logging_mixin.py:104} INFO - [2026-09-22 16:34:33,732] {dag.py:2280} INFO - Setting next_dagrun for example_trigger_target_dag to None
[2026-09-22 16:34:33,752] {scheduler_job.py:190} INFO - Processing /home/airflow/.local/lib/python3.6/site-packages/airflow/example_dags/example_trigger_target_dag.py took 0.090 seconds
[2026-09-22 16:35:04,268] {scheduler_job.py:182} INFO - Started process (PID=535) to work on /home/airflow/.local/lib/python3.6/site-packages/airflow/example_dags/example_trigger_target_dag.py
[2026-09-22 16:35:04,270] {scheduler_job.py:629} INFO - Processing file /home/airflow/.local/lib/python3.6/site-packages/airflow/example_dags/example_trigger_target_dag.py for tasks to queue
[2026-09-22 16:35:04,270] {logging_mixin.py:104} INFO - [2026-09-22 16:35:04,270] {dagbag.py:451} INFO - Filling up the DagBag from /home/airflow/.local/lib/python3.6/site-packages/airflow/example_dags/example_trigger_target_dag.py
[2026-09-22 16:35:04,286] {scheduler_job.py:639} INFO - DAG(s) dict_keys(['example_trigger_target_dag']) retrieved from /home/airflow/.local/lib/python3.6/site-packages/airflow/example_dags/example_trigger_target_dag.py
[2026-09-22 16:35:04,317] {logging_mixin.py:104} INFO - [2026-09-22 16:35:04,317] {dag.py:1824} INFO - Sync 1 DAGs
[2026-09-22 16:35:04,347] {logging_mixin.py:104} INFO - [2026-09-22 16:35:04,347] {dag.py:2280} INFO - Setting next_dagrun for example_trigger_target_dag to None
[2026-09-22 16:35:04,364] {scheduler_job.py:190} INFO - Processing /home/airflow/.local/lib/python3.6/site-packages/airflow/example_dags/example_trigger_target_dag.py took 0.100 seconds
[2026-09-22 16:35:34,812] {scheduler_job.py:182} INFO - Started process (PID=561) to work on /home/airflow/.local/lib/python3.6/site-packages/airflow/example_dags/example_trigger_target_dag.py
[2026-09-22 16:35:34,814] {scheduler_job.py:629} INFO - Processing file /home/airflow/.local/lib/python3.6/site-packages/airflow/example_dags/example_trigger_target_dag.py for tasks to queue
[2026-09-22 16:35:34,815] {logging_mixin.py:104} INFO - [2026-09-22 16:35:34,814] {dagbag.py:451} INFO - Filling up the DagBag from /home/airflow/.local/lib/python3.6/site-packages/airflow/example_dags/example_trigger_target_dag.py
[2026-09-22 16:35:34,831] {scheduler_job.py:639} INFO - DAG(s) dict_keys(['example_trigger_target_dag']) retrieved from /home/airflow/.local/lib/python3.6/site-packages/airflow/example_dags/example_trigger_target_dag.py
[2026-09-22 16:35:34,862] {logging_mixin.py:104} INFO - [2026-09-22 16:35:34,862] {dag.py:1824} INFO - Sync 1 DAGs
[2026-09-22 16:35:34,901] {logging_mixin.py:104} INFO - [2026-09-22 16:35:34,901] {dag.py:2280} INFO - Setting next_dagrun for example_trigger_target_dag to None
[2026-09-22 16:35:34,928] {scheduler_job.py:190} INFO - Processing /home/airflow/.local/lib/python3.6/site-packages/airflow/example_dags/example_trigger_target_dag.py took 0.120 seconds
[2026-09-22 16:36:05,527] {scheduler_job.py:182} INFO - Started process (PID=587) to work on /home/airflow/.local/lib/python3.6/site-packages/airflow/example_dags/example_trigger_target_dag.py
[2026-09-22 16:36:05,528] {scheduler_job.py:629} INFO - Processing file /home/airflow/.local/lib/python3.6/site-packages/airflow/example_dags/example_trigger_target_dag.py for tasks to queue
[2026-09-22 16:36:05,529] {logging_mixin.py:104} INFO - [2026-09-22 16:36:05,529] {dagbag.py:451} INFO - Filling up the DagBag from /home/airflow/.local/lib/python3.6/site-packages/airflow/example_dags/example_trigger_target_dag.py
[2026-09-22 16:36:05,544] {scheduler_job.py:639} INFO - DAG(s) dict_keys(['example_trigger_target_dag']) retrieved from /home/airflow/.local/lib/python3.6/site-packages/airflow/example_dags/example_trigger_target_dag.py
[2026-09-22 16:36:05,568] {logging_mixin.py:104} INFO - [2026-09-22 16:36:05,568] {dag.py:1824} INFO - Sync 1 DAGs
[2026-09-22 16:36:05,587] {logging_mixin.py:104} INFO - [2026-09-22 16:36:05,587] {dag.py:2280} INFO - Setting next_dagrun for example_trigger_target_dag to None
[2026-09-22 16:36:05,600] {scheduler_job.py:190} INFO - Processing /home/airflow/.local/lib/python3.6/site-packages/airflow/example_dags/example_trigger_target_dag.py took 0.077 seconds
[2026-09-22 16:36:36,262] {scheduler_job.py:182} INFO - Started process (PID=613) to work on /home/airflow/.local/lib/python3.6/site-packages/airflow/example_dags/example_trigger_target_dag.py
[2026-09-22 16:36:36,264] {scheduler_job.py:629} INFO - Processing file /home/airflow/.local/lib/python3.6/site-packages/airflow/example_dags/example_trigger_target_dag.py for tasks to queue
[2026-09-22 16:36:36,265] {logging_mixin.py:104} INFO - [2026-09-22 16:36:36,265] {dagbag.py:451} INFO - Filling up the DagBag from /home/airflow/.local/lib/python3.6/site-packages/airflow/example_dags/example_trigger_target_dag.py
[2026-09-22 16:36:36,321] {scheduler_job.py:639} INFO - DAG(s) dict_keys(['example_trigger_target_dag']) retrieved from /home/airflow/.local/lib/python3.6/site-packages/airflow/example_dags/example_trigger_target_dag.py
[2026-09-22 16:36:36,367] {logging_mixin.py:104} INFO - [2026-09-22 16:36:36,367] {dag.py:1824} INFO - Sync 1 DAGs
[2026-09-22 16:36:36,398] {logging_mixin.py:104} INFO - [2026-09-22 16:36:36,398] {dag.py:2280} INFO - Setting next_dagrun for example_trigger_target_dag to None
[2026-09-22 16:36:36,415] {scheduler_job.py:190} INFO - Processing /home/airflow/.local/lib/python3.6/site-packages/airflow/example_dags/example_trigger_target_dag.py took 0.160 seconds
[2026-09-22 16:37:07,298] {scheduler_job.py:182} INFO - Started process (PID=639) to work on /home/airflow/.local/lib/python3.6/site-packages/airflow/example_dags/example_trigger_target_dag.py
[2026-09-22 16:37:07,299] {scheduler_job.py:629} INFO - Processing file /home/airflow/.local/lib/python3.6/site-packages/airflow/example_dags/example_trigger_target_dag.py for tasks to queue
[2026-09-22 16:37:07,300] {logging_mixin.py:104} INFO - [2026-09-22 16:37:07,300] {dagbag.py:451} INFO - Filling up the DagBag from /home/airflow/.local/lib/python3.6/site-packages/airflow/example_dags/example_trigger_target_dag.py
[2026-09-22 16:37:07,318] {scheduler_job.py:639} INFO - DAG(s) dict_keys(['example_trigger_target_dag']) retrieved from /home/airflow/.local/lib/python3.6/site-packages/airflow/example_dags/example_trigger_target_dag.py
[2026-09-22 16:37:07,347] {logging_mixin.py:104} INFO - [2026-09-22 16:37:07,347] {dag.py:1824} INFO - Sync 1 DAGs
[2026-09-22 16:37:07,375] {logging_mixin.py:104} INFO - [2026-09-22 16:37:07,375] {dag.py:2280} INFO - Setting next_dagrun for example_trigger_target_dag to None
[2026-09-22 16:37:07,395] {scheduler_job.py:190} INFO - Processing /home/airflow/.local/lib/python3.6/site-packages/airflow/example_dags/example_trigger_target_dag.py took 0.101 seconds
[2026-09-22 16:37:37,903] {scheduler_job.py:182} INFO - Started process (PID=665) to work on /home/airflow/.local/lib/python3.6/site-packages/airflow/example_dags/example_trigger_target_dag.py
[2026-09-22 16:37:37,905] {scheduler_job.py:629} INFO - Processing file /home/airflow/.local/lib/python3.6/site-packages/airflow/example_dags/example_trigger_target_dag.py for tasks to queue
[2026-09-22 16:37:37,906] {logging_mixin.py:104} INFO - [2026-09-22 16:37:37,906] {dagbag.py:451} INFO - Filling up the DagBag from /home/airflow/.local/lib/python3.6/site-packages/airflow/example_dags/example_trigger_target_dag.py
[2026-09-22 16:37:37,922] {scheduler_job.py:639} INFO - DAG(s) dict_keys(['example_trigger_target_dag']) retrieved from /home/airflow/.local/lib/python3.6/site-packages/airflow/example_dags/example_trigger_target_dag.py
[2026-09-22 16:37:37,948] {logging_mixin.py:104} INFO - [2026-09-22 16:37:37,947] {dag.py:1824} INFO - Sync 1 DAGs
[2026-09-22 16:37:37,971] {logging_mixin.py:104} INFO - [2026-09-22 16:37:37,971] {dag.py:2280} INFO - Setting next_dagrun for example_trigger_target_dag to None
[2026-09-22 16:37:37,988] {scheduler_job.py:190} INFO - Processing /home/airflow/.local/lib/python3.6/site-packages/airflow/example_dags/example_trigger_target_dag.py took 0.089 seconds
[2026-09-22 16:38:08,521] {scheduler_job.py:182} INFO - Started process (PID=691) to work on /home/airflow/.local/lib/python3.6/site-packages/airflow/example_dags/example_trigger_target_dag.py
[2026-09-22 16:38:08,523] {scheduler_job.py:629} INFO - Processing file /home/airflow/.local/lib/python3.6/site-packages/airflow/example_dags/example_trigger_target_dag.py for tasks to queue
[2026-09-22 16:38:08,524] {logging_mixin.py:104} INFO - [2026-09-22 16:38:08,524] {dagbag.py:451} INFO - Filling up the DagBag from /home/airflow/.local/lib/python3.6/site-packages/airflow/example_dags/example_trigger_target_dag.py
[2026-09-22 16:38:08,550] {scheduler_job.py:639} INFO - DAG(s) dict_keys(['example_trigger_target_dag']) retrieved from /home/airflow/.local/lib/python3.6/site-packages/airflow/example_dags/example_trigger_target_dag.py
[2026-09-22 16:38:08,592] {logging_mixin.py:104} INFO - [2026-09-22 16:38:08,592] {dag.py:1824} INFO - Sync 1 DAGs
[2026-09-22 16:38:08,617] {logging_mixin.py:104} INFO - [2026-09-22 16:38:08,617] {dag.py:2280} INFO - Setting next_dagrun for example_trigger_target_dag to None
[2026-09-22 16:38:08,631] {scheduler_job.py:190} INFO - Processing /home/airflow/.local/lib/python3.6/site-packages/airflow/example_dags/example_trigger_target_dag.py took 0.117 seconds
[2026-09-22 16:38:39,234] {scheduler_job.py:182} INFO - Started process (PID=717) to work on /home/airflow/.local/lib/python3.6/site-packages/airflow/example_dags/example_trigger_target_dag.py
[2026-09-22 16:38:39,237] {scheduler_job.py:629} INFO - Processing file /home/airflow/.local/lib/python3.6/site-packages/airflow/example_dags/example_trigger_target_dag.py for tasks to queue
[2026-09-22 16:38:39,238] {logging_mixin.py:104} INFO - [2026-09-22 16:38:39,238] {dagbag.py:451} INFO - Filling up the DagBag from /home/airflow/.local/lib/python3.6/site-packages/airflow/example_dags/example_trigger_target_dag.py
[2026-09-22 16:38:39,260] {scheduler_job.py:639} INFO - DAG(s) dict_keys(['example_trigger_target_dag']) retrieved from /home/airflow/.local/lib/python3.6/site-packages/airflow/example_dags/example_trigger_target_dag.py
[2026-09-22 16:38:39,296] {logging_mixin.py:104} INFO - [2026-09-22 16:38:39,296] {dag.py:1824} INFO - Sync 1 DAGs
[2026-09-22 16:38:39,324] {logging_mixin.py:104} INFO - [2026-09-22 16:38:39,324] {dag.py:2280} INFO - Setting next_dagrun for example_trigger_target_dag to None
[2026-09-22 16:38:39,343] {scheduler_job.py:190} INFO - Processing /home/airflow/.local/lib/python3.6/site-packages/airflow/example_dags/example_trigger_target_dag.py took 0.115 seconds
[2026-09-22 16:39:10,028] {scheduler_job.py:182} INFO - Started process (PID=743) to work on /home/airflow/.local/lib/python3.6/site-packages/airflow/example_dags/example_trigger_target_dag.py
[2026-09-22 16:39:10,030] {scheduler_job.py:629} INFO - Processing file /home/airflow/.local/lib/python3.6/site-packages/airflow/example_dags/example_trigger_target_dag.py for tasks to queue
[2026-09-22 16:39:10,031] {logging_mixin.py:104} INFO - [2026-09-22 16:39:10,031] {dagbag.py:451} INFO - Filling up the DagBag from /home/airflow/.local/lib/python3.6/site-packages/airflow/example_dags/example_trigger_target_dag.py
[2026-09-22 16:39:10,052] {scheduler_job.py:639} INFO - DAG(s) dict_keys(['example_trigger_target_dag']) retrieved from /home/airflow/.local/lib/python3.6/site-packages/airflow/example_dags/example_trigger_target_dag.py
[2026-09-22 16:39:10,088] {logging_mixin.py:104} INFO - [2026-09-22 16:39:10,088] {dag.py:1824} INFO - Sync 1 DAGs
[2026-09-22 16:39:10,114] {logging_mixin.py:104} INFO - [2026-09-22 16:39:10,114] {dag.py:2280} INFO - Setting next_dagrun for example_trigger_target_dag to None
[2026-09-22 16:39:10,131] {scheduler_job.py:190} INFO - Processing /home/airflow/.local/lib/python3.6/site-packages/airflow/example_dags/example_trigger_target_dag.py took 0.108 seconds
[2026-09-22 16:39:40,818] {scheduler_job.py:182} INFO - Started process (PID=769) to work on /home/airflow/.local/lib/python3.6/site-packages/airflow/example_dags/example_trigger_target_dag.py
[2026-09-22 16:39:40,820] {scheduler_job.py:629} INFO - Processing file /home/airflow/.local/lib/python3.6/site-packages/airflow/example_dags/example_trigger_target_dag.py for tasks to queue
[2026-09-22 16:39:40,821] {logging_mixin.py:104} INFO - [2026-09-22 16:39:40,821] {dagbag.py:451} INFO - Filling up the DagBag from /home/airflow/.local/lib/python3.6/site-packages/airflow/example_dags/example_trigger_target_dag.py
[2026-09-22 16:39:40,844] {scheduler_job.py:639} INFO - DAG(s) dict_keys(['example_trigger_target_dag']) retrieved from /home/airflow/.local/lib/python3.6/site-packages/airflow/example_dags/example_trigger_target_dag.py
[2026-09-22 16:39:40,876] {logging_mixin.py:104} INFO - [2026-09-22 16:39:40,876] {dag.py:1824} INFO - Sync 1 DAGs
[2026-09-22 16:39:40,905] {logging_mixin.py:104} INFO - [2026-09-22 16:39:40,904] {dag.py:2280} INFO - Setting next_dagrun for example_trigger_target_dag to None
[2026-09-22 16:39:40,923] {scheduler_job.py:190} INFO - Processing /home/airflow/.local/lib/python3.6/site-packages/airflow/example_dags/example_trigger_target_dag.py took 0.111 seconds
[2026-09-22 16:40:11,549] {scheduler_job.py:182} INFO - Started process (PID=795) to work on /home/airflow/.local/lib/python3.6/site-packages/airflow/example_dags/example_trigger_target_dag.py
[2026-09-22 16:40:11,550] {scheduler_job.py:629} INFO - Processing file /home/airflow/.local/lib/python3.6/site-packages/airflow/example_dags/example_trigger_target_dag.py for tasks to queue
[2026-09-22 16:40:11,551] {logging_mixin.py:104} INFO - [2026-09-22 16:40:11,551] {dagbag.py:451} INFO - Filling up the DagBag from /home/airflow/.local/lib/python3.6/site-packages/airflow/example_dags/example_trigger_target_dag.py
[2026-09-22 16:40:11,570] {scheduler_job.py:639} INFO - DAG(s) dict_keys(['example_trigger_target_dag']) retrieved from /home/airflow/.local/lib/python3.6/site-packages/airflow/example_dags/example_trigger_target_dag.py
[2026-09-22 16:40:11,596] {logging_mixin.py:104} INFO - [2026-09-22 16:40:11,596] {dag.py:1824} INFO - Sync 1 DAGs
[2026-09-22 16:40:11,618] {logging_mixin.py:104} INFO - [2026-09-22 16:40:11,618] {dag.py:2280} INFO - Setting next_dagrun for example_trigger_target_dag to None
[2026-09-22 16:40:11,635] {scheduler_job.py:190} INFO - Processing /home/airflow/.local/lib/python3.6/site-packages/airflow/example_dags/example_trigger_target_dag.py took 0.091 seconds
[2026-09-22 16:40:42,516] {scheduler_job.py:182} INFO - Started process (PID=821) to work on /home/airflow/.local/lib/python3.6/site-packages/airflow/example_dags/example_trigger_target_dag.py
[2026-09-22 16:40:42,517] {scheduler_job.py:629} INFO - Processing file /home/airflow/.local/lib/python3.6/site-packages/airflow/example_dags/example_trigger_target_dag.py for tasks to queue
[2026-09-22 16:40:42,518] {logging_mixin.py:104} INFO - [2026-09-22 16:40:42,518] {dagbag.py:451} INFO - Filling up the DagBag from /home/airflow/.local/lib/python3.6/site-packages/airflow/example_dags/example_trigger_target_dag.py
[2026-09-22 16:40:42,541] {scheduler_job.py:639} INFO - DAG(s) dict_keys(['example_trigger_target_dag']) retrieved from /home/airflow/.local/lib/python3.6/site-packages/airflow/example_dags/example_trigger_target_dag.py
[2026-09-22 16:40:42,574] {logging_mixin.py:104} INFO - [2026-09-22 16:40:42,574] {dag.py:1824} INFO - Sync 1 DAGs
[2026-09-22 16:40:42,599] {logging_mixin.py:104} INFO - [2026-09-22 16:40:42,599] {dag.py:2280} INFO - Setting next_dagrun for example_trigger_target_dag to None
[2026-09-22 16:40:42,613] {scheduler_job.py:190} INFO - Processing /home/airflow/.local/lib/python3.6/site-packages/airflow/example_dags/example_trigger_target_dag.py took 0.101 seconds
[2026-09-22 16:41:13,263] {scheduler_job.py:182} INFO - Started process (PID=847) to work on /home/airflow/.local/lib/python3.6/site-packages/airflow/example_dags/example_trigger_target_dag.py
[2026-09-22 16:41:13,265] {scheduler_job.py:629} INFO - Processing file /home/airflow/.local/lib/python3.6/site-packages/airflow/example_dags/example_trigger_target_dag.py for tasks to queue
[2026-09-22 16:41:13,267] {logging_mixin.py:104} INFO - [2026-09-22 16:41:13,266] {dagbag.py:451} INFO - Filling up the DagBag from /home/airflow/.local/lib/python3.6/site-packages/airflow/example_dags/example_trigger_target_dag.py
[2026-09-22 16:41:13,297] {scheduler_job.py:639} INFO - DAG(s) dict_keys(['example_trigger_target_dag']) retrieved from /home/airflow/.local/lib/python3.6/site-packages/airflow/example_dags/example_trigger_target_dag.py
[2026-09-22 16:41:13,328] {logging_mixin.py:104} INFO - [2026-09-22 16:41:13,327] {dag.py:1824} INFO - Sync 1 DAGs
[2026-09-22 16:41:13,353] {logging_mixin.py:104} INFO - [2026-09-22 16:41:13,353] {dag.py:2280} INFO - Setting next_dagrun for example_trigger_target_dag to None
[2026-09-22 16:41:13,372] {scheduler_job.py:190} INFO - Processing /home/airflow/.local/lib/python3.6/site-packages/airflow/example_dags/example_trigger_target_dag.py took 0.117 seconds
[2026-09-22 16:41:44,239] {scheduler_job.py:182} INFO - Started process (PID=874) to work on /home/airflow/.local/lib/python3.6/site-packages/airflow/example_dags/example_trigger_target_dag.py
[2026-09-22 16:41:44,242] {scheduler_job.py:629} INFO - Processing file /home/airflow/.local/lib/python3.6/site-packages/airflow/example_dags/example_trigger_target_dag.py for tasks to queue
[2026-09-22 16:41:44,243] {logging_mixin.py:104} INFO - [2026-09-22 16:41:44,243] {dagbag.py:451} INFO - Filling up the DagBag from /home/airflow/.local/lib/python3.6/site-packages/airflow/example_dags/example_trigger_target_dag.py
[2026-09-22 16:41:44,289] {scheduler_job.py:639} INFO - DAG(s) dict_keys(['example_trigger_target_dag']) retrieved from /home/airflow/.local/lib/python3.6/site-packages/airflow/example_dags/example_trigger_target_dag.py
[2026-09-22 16:41:44,360] {logging_mixin.py:104} INFO - [2026-09-22 16:41:44,360] {dag.py:1824} INFO - Sync 1 DAGs
[2026-09-22 16:41:44,398] {logging_mixin.py:104} INFO - [2026-09-22 16:41:44,398] {dag.py:2280} INFO - Setting next_dagrun for example_trigger_target_dag to None
[2026-09-22 16:41:44,422] {scheduler_job.py:190} INFO - Processing /home/airflow/.local/lib/python3.6/site-packages/airflow/example_dags/example_trigger_target_dag.py took 0.193 seconds
