[2026-09-22 16:25:18,751] {scheduler_job.py:182} INFO - Started process (PID=32) to work on /home/airflow/.local/lib/python3.6/site-packages/airflow/example_dags/example_trigger_controller_dag.py
[2026-09-22 16:25:18,753] {scheduler_job.py:629} INFO - Processing file /home/airflow/.local/lib/python3.6/site-packages/airflow/example_dags/example_trigger_controller_dag.py for tasks to queue
[2026-09-22 16:25:18,757] {logging_mixin.py:104} INFO - [2026-09-22 16:25:18,755] {dagbag.py:451} INFO - Filling up the DagBag from /home/airflow/.local/lib/python3.6/site-packages/airflow/example_dags/example_trigger_controller_dag.py
[2026-09-22 16:25:18,788] {scheduler_job.py:639} INFO - DAG(s) dict_keys(['example_trigger_controller_dag']) retrieved from /home/airflow/.local/lib/python3.6/site-packages/airflow/example_dags/example_trigger_controller_dag.py
[2026-09-22 16:25:18,842] {logging_mixin.py:104} INFO - [2026-09-22 16:25:18,842] {dag.py:1824} INFO - Sync 1 DAGs
[2026-09-22 16:25:18,904] {logging_mixin.py:104} INFO - [2026-09-22 16:25:18,903] {dag.py:2280} INFO - Setting next_dagrun for example_trigger_controller_dag to 2026-09-20 00:00:00+00:00
[2026-09-22 16:25:18,936] {scheduler_job.py:190} INFO - Processing /home/airflow/.local/lib/python3.6/site-packages/airflow/example_dags/example_trigger_controller_dag.py took 0.197 seconds
[2026-09-22 16:25:49,183] {scheduler_job.py:182} INFO - Started process (PID=58) to work on /home/airflow/.local/lib/python3.6/site-packages/airflow/example_dags/example_trigger_controller_dag.py
[2026-09-22 16:25:49,184] {scheduler_job.py:629} INFO - Processing file /home/airflow/.local/lib/python3.6/site-packages/airflow/example_dags/example_trigger_controller_dag.py for tasks to queue
[2026-09-22 16:25:49,185] {logging_mixin.py:104} INFO - [2026-09-22 16:25:49,184] {dagbag.py:451} INFO - Filling up the DagBag from /home/airflow/.local/lib/python3.6/site-packages/airflow/example_dags/example_trigger_controller_dag.py
[2026-09-22 16:25:49,202] {scheduler_job.py:639} INFO - DAG(s) dict_keys(['example_trigger_controller_dag']) retrieved from /home/airflow/.local/lib/python3.6/site-packages/airflow/example_dags/example_trigger_controller_dag.py
[2026-09-22 16:25:49,228] {logging_mixin.py:104} INFO - [2026-09-22 16:25:49,228] {dag.py:1824} INFO - Sync 1 DAGs
[2026-09-22 16:25:49,248] {logging_mixin.py:104} INFO - [2026-09-22 16:25:49,248] {dag.py:2280} INFO - Setting next_dagrun for example_trigger_controller_dag to 2026-09-20 00:00:00+00:00
[2026-09-22 16:25:49,262] {scheduler_job.py:190} INFO - Processing /home/airflow/.local/lib/python3.6/site-packages/airflow/example_dags/example_trigger_controller_dag.py took 0.084 seconds
[2026-09-22 16:26:20,102] {scheduler_job.py:182} INFO - Started process (PID=84) to work on /home/airflow/.local/lib/python3.6/site-packages/airflow/example_dags/example_trigger_controller_dag.py
[2026-09-22 16:26:20,104] {scheduler_job.py:629} INFO - Processing file /home/airflow/.local/lib/python3.6/site-packages/airflow/example_dags/example_trigger_controller_dag.py for tasks to queue
[2026-09-22 16:26:20,105] {logging_mixin.py:104} INFO - [2026-09-22 16:26:20,104] {dagbag.py:451} INFO - Filling up the DagBag from /home/airflow/.local/lib/python3.6/site-packages/airflow/example_dags/example_trigger_controller_dag.py
[2026-09-22 16:26:20,120] {scheduler_job.py:639} INFO - DAG(s) dict_keys(['example_trigger_controller_dag']) retrieved from /home/airflow/.local/lib/python3.6/site-packages/airflow/example_dags/example_trigger_controller_dag.py
[2026-09-22 16:26:20,152] {logging_mixin.py:104} INFO - [2026-09-22 16:26:20,152] {dag.py:1824} INFO - Sync 1 DAGs
[2026-09-22 16:26:20,174] {logging_mixin.py:104} INFO - [2026-09-22 16:26:20,174] {dag.py:2280} INFO - Setting next_dagrun for example_trigger_controller_dag to 2026-09-20 00:00:00+00:00
[2026-09-22 16:26:20,188] {scheduler_job.py:190} INFO - Processing /home/airflow/.local/lib/python3.6/site-packages/airflow/example_dags/example_trigger_controller_dag.py took 0.092 seconds
[2026-09-22 16:26:50,739] {scheduler_job.py:182} INFO - Started process (PID=110) to work on /home/airflow/.local/lib/python3.6/site-packages/airflow/example_dags/example_trigger_controller_dag.py
[2026-09-22 16:26:50,741] {scheduler_job.py:629} INFO - Processing file /home/airflow/.local/lib/python3.6/site-packages/airflow/example_dags/example_trigger_controller_dag.py for tasks to queue
[2026-09-22 16:26:50,742] {logging_mixin.py:104} INFO - [2026-09-22 16:26:50,742] {dagbag.py:451} INFO - Filling up the DagBag from /home/airflow/.local/lib/python3.6/site-packages/airflow/example_dags/example_trigger_controller_dag.py
[2026-09-22 16:26:50,761] {scheduler_job.py:639} INFO - DAG(s) dict_keys(['example_trigger_controller_dag']) retrieved from /home/airflow/.local/lib/python3.6/site-packages/airflow/example_dags/example_trigger_controller_dag.py
[2026-09-22 16:26:50,794] {logging_mixin.py:104} INFO - [2026-09-22 16:26:50,794] {dag.py:1824} INFO - Sync 1 DAGs
[2026-09-22 16:26:50,818] {logging_mixin.py:104} INFO - [2026-09-22 16:26:50,818] {dag.py:2280} INFO - Setting next_dagrun for example_trigger_controller_dag to 2026-09-20 00:00:00+00:00
[2026-09-22 16:26:50,837] {scheduler_job.py:190} INFO - Processing /home/airflow/.local/lib/python3.6/site-packages/airflow/example_dags/example_trigger_controller_dag.py took 0.104 seconds
[2026-09-22 16:27:21,683] {scheduler_job.py:182} INFO - Started process (PID=136) to work on /home/airflow/.local/lib/python3.6/site-packages/airflow/example_dags/example_trigger_controller_dag.py
[2026-09-22 16:27:21,684] {scheduler_job.py:629} INFO - Processing file /home/airflow/.local/lib/python3.6/site-packages/airflow/example_dags/example_trigger_controller_dag.py for tasks to queue
[2026-09-22 16:27:21,685] {logging_mixin.py:104} INFO - [2026-09-22 16:27:21,685] {dagbag.py:451} INFO - Filling up the DagBag from /home/airflow/.local/lib/python3.6/site-packages/airflow/example_dags/example_trigger_controller_dag.py
[2026-09-22 16:27:21,699] {scheduler_job.py:639} INFO - DAG(s) dict_keys(['example_trigger_controller_dag']) retrieved from /home/airflow/.local/lib/python3.6/site-packages/airflow/example_dags/example_trigger_controller_dag.py
[2026-09-22 16:27:21,730] {logging_mixin.py:104} INFO - [2026-09-22 16:27:21,729] {dag.py:1824} INFO - Sync 1 DAGs
[2026-09-22 16:27:21,757] {logging_mixin.py:104} INFO - [2026-09-22 16:27:21,757] {dag.py:2280} INFO - Setting next_dagrun for example_trigger_controller_dag to 2026-09-20 00:00:00+00:00
[2026-09-22 16:27:21,778] {scheduler_job.py:190} INFO - Processing /home/airflow/.local/lib/python3.6/site-packages/airflow/example_dags/example_trigger_controller_dag.py took 0.100 seconds
[2026-09-22 16:27:52,470] {scheduler_job.py:182} INFO - Started process (PID=162) to work on /home/airflow/.local/lib/python3.6/site-packages/airflow/example_dags/example_trigger_controller_dag.py
[2026-09-22 16:27:52,472] {scheduler_job.py:629} INFO - Processing file /home/airflow/.local/lib/python3.6/site-packages/airflow/example_dags/example_trigger_controller_dag.py for tasks to queue
[2026-09-22 16:27:52,473] {logging_mixin.py:104} INFO - [2026-09-22 16:27:52,473] {dagbag.py:451} INFO - Filling up the DagBag from /home/airflow/.local/lib/python3.6/site-packages/airflow/example_dags/example_trigger_controller_dag.py
[2026-09-22 16:27:52,496] {scheduler_job.py:639} INFO - DAG(s) dict_keys(['example_trigger_controller_dag']) retrieved from /home/airflow/.local/lib/python3.6/site-packages/airflow/example_dags/example_trigger_controller_dag.py
[2026-09-22 16:27:52,532] {logging_mixin.py:104} INFO - [2026-09-22 16:27:52,532] {dag.py:1824} INFO - Sync 1 DAGs
[2026-09-22 16:27:52,562] {logging_mixin.py:104} INFO - [2026-09-22 16:27:52,562] {dag.py:2280} INFO - Setting next_dagrun for example_trigger_controller_dag to 2026-09-20 00:00:00+00:00
[2026-09-22 16:27:52,582] {scheduler_job.py:190} INFO - Processing /home/airflow/.local/lib/python3.6/site-packages/airflow/example_dags/example_trigger_controller_dag.py took 0.118 seconds
[2026-09-22 16:28:23,136] {scheduler_job.py:182} INFO - Started process (PID=188) to work on /home/airflow/.local/lib/python3.6/site-packages/airflow/example_dags/example_trigger_controller_dag.py
[2026-09-22 16:28:23,137] {scheduler_job.py:629} INFO - Processing file /home/airflow/.local/lib/python3.6/site-packages/airflow/example_dags/example_trigger_controller_dag.py for tasks to queue
[2026-09-22 16:28:23,138] {logging_mixin.py:104} INFO - [2026-09-22 16:28:23,138] {dagbag.py:451} INFO - Filling up the DagBag from /home/airflow/.local/lib/python3.6/site-packages/airflow/example_dags/example_trigger_controller_dag.py
[2026-09-22 16:28:23,152] {scheduler_job.py:639} INFO - DAG(s) dict_keys(['example_trigger_controller_dag']) retrieved from /home/airflow/.local/lib/python3.6/site-packages/airflow/example_dags/example_trigger_controller_dag.py
[2026-09-22 16:28:23,178] {logging_mixin.py:104} INFO - [2026-09-22 16:28:23,178] {dag.py:1824} INFO - Sync 1 DAGs
[2026-09-22 16:28:23,200] {logging_mixin.py:104} INFO - [2026-09-22 16:28:23,200] {dag.py:2280} INFO - Setting next_dagrun for example_trigger_controller_dag to 2026-09-20 00:00:00+00:00
[2026-09-22 16:28:23,217] {scheduler_job.py:190} INFO - Processing /home/airflow/.local/lib/python3.6/site-packages/airflow/example_dags/example_trigger_controller_dag.py took 0.085 seconds
[2026-09-22 16:28:53,970] {scheduler_job.py:182} INFO - Started process (PID=214) to work on /home/airflow/.local/lib/python3.6/site-packages/airflow/example_dags/example_trigger_controller_dag.py
[2026-09-22 16:28:53,971] {scheduler_job.py:629} INFO - Processing file /home/airflow/.local/lib/python3.6/site-packages/airflow/example_dags/example_trigger_controller_dag.py for tasks to queue
[2026-09-22 16:28:53,972] {logging_mixin.py:104} INFO - [2026-09-22 16:28:53,972] {dagbag.py:451} INFO - Filling up the DagBag from /home/airflow/.local/lib/python3.6/site-packages/airflow/example_dags/example_trigger_controller_dag.py
[2026-09-22 16:28:53,985] {scheduler_job.py:639} INFO - DAG(s) dict_keys(['example_trigger_controller_dag']) retrieved from /home/airflow/.local/lib/python3.6/site-packages/airflow/example_dags/example_trigger_controller_dag.py
[2026-09-22 16:28:54,012] {logging_mixin.py:104} INFO - [2026-09-22 16:28:54,012] {dag.py:1824} INFO - Sync 1 DAGs
[2026-09-22 16:28:54,032] {logging_mixin.py:104} INFO - [2026-09-22 16:28:54,032] {dag.py:2280} INFO - Setting next_dagrun for example_trigger_controller_dag to 2026-09-20 00:00:00+00:00
[2026-09-22 16:28:54,047] {scheduler_job.py:190} INFO - Processing /home/airflow/.local/lib/python3.6/site-packages/airflow/example_dags/example_trigger_controller_dag.py took 0.081 seconds
[2026-09-22 16:29:24,537] {scheduler_job.py:182} INFO - Started process (PID=240) to work on /home/airflow/.local/lib/python3.6/site-packages/airflow/example_dags/example_trigger_controller_dag.py
[2026-09-22 16:29:24,538] {scheduler_job.py:629} INFO - Processing file /home/airflow/.local/lib/python3.6/site-packages/airflow/example_dags/example_trigger_controller_dag.py for tasks to queue
[2026-09-22 16:29:24,539] {logging_mixin.py:104} INFO - [2026-09-22 16:29:24,539] {dagbag.py:451} INFO - Filling up the DagBag from /home/airflow/.local/lib/python3.6/site-packages/airflow/example_dags/example_trigger_controller_dag.py
[2026-09-22 16:29:24,555] {scheduler_job.py:639} INFO - DAG(s) dict_keys(['example_trigger_controller_dag']) retrieved from /home/airflow/.local/lib/python3.6/site-packages/airflow/example_dags/example_trigger_controller_dag.py
[2026-09-22 16:29:24,586] {logging_mixin.py:104} INFO - [2026-09-22 16:29:24,586] {dag.py:1824} INFO - Sync 1 DAGs
[2026-09-22 16:29:24,610] {logging_mixin.py:104} INFO - [2026-09-22 16:29:24,610] {dag.py:2280} INFO - Setting next_dagrun for example_trigger_controller_dag to 2026-09-20 00:00:00+00:00
[2026-09-22 16:29:24,634] {scheduler_job.py:190} INFO - Processing /home/airflow/.local/lib/python3.6/site-packages/airflow/example_dags/example_trigger_controller_dag.py took 0.102 seconds
[2026-09-22 16:29:54,766] {scheduler_job.py:182} INFO - Started process (PID=266) to work on /home/airflow/.local/lib/python3.6/site-packages/airflow/example_dags/example_trigger_controller_dag.py
[2026-09-22 16:29:54,768] {scheduler_job.py:629} INFO - Processing file /home/airflow/.local/lib/python3.6/site-packages/airflow/example_dags/example_trigger_controller_dag.py for tasks to queue
[2026-09-22 16:29:54,769] {logging_mixin.py:104} INFO - [2026-09-22 16:29:54,769] {dagbag.py:451} INFO - Filling up the DagBag from /home/airflow/.local/lib/python3.6/site-packages/airflow/example_dags/example_trigger_controller_dag.py
[2026-09-22 16:29:54,798] {scheduler_job.py:639} INFO - DAG(s) dict_keys(['example_trigger_controller_dag']) retrieved from /home/airflow/.local/lib/python3.6/site-packages/airflow/example_dags/example_trigger_controller_dag.py
[2026-09-22 16:29:54,836] {logging_mixin.py:104} INFO - [2026-09-22 16:29:54,836] {dag.py:1824} INFO - Sync 1 DAGs
[2026-09-22 16:29:54,867] {logging_mixin.py:104} INFO - [2026-09-22 16:29:54,866] {dag.py:2280} INFO - Setting next_dagrun for example_trigger_controller_dag to 2026-09-20 00:00:00+00:00
[2026-09-22 16:29:54,892] {scheduler_job.py:190} INFO - Processing /home/airflow/.local/lib/python3.6/site-packages/airflow/example_dags/example_trigger_controller_dag.py took 0.132 seconds
[2026-09-22 16:30:25,777] {scheduler_job.py:182} INFO - Started process (PID=292) to work on /home/airflow/.local/lib/python3.6/site-packages/airflow/example_dags/example_trigger_controller_dag.py
[2026-09-22 16:30:25,778] {scheduler_job.py:629} INFO - Processing file /home/airflow/.local/lib/python3.6/site-packages/airflow/example_dags/example_trigger_controller_dag.py for tasks to queue
[2026-09-22 16:30:25,779] {logging_mixin.py:104} INFO - [2026-09-22 16:30:25,779] {dagbag.py:451} INFO - Filling up the DagBag from /home/airflow/.local/lib/python3.6/site-packages/airflow/example_dags/example_trigger_controller_dag.py
[2026-09-22 16:30:25,795] {scheduler_job.py:639} INFO - DAG(s) dict_keys(['example_trigger_controller_dag']) retrieved from /home/airflow/.local/lib/python3.6/site-packages/airflow/example_dags/example_trigger_controller_dag.py
[2026-09-22 16:30:25,828] {logging_mixin.py:104} INFO - [2026-09-22 16:30:25,827] {dag.py:1824} INFO - Sync 1 DAGs
[2026-09-22 16:30:25,854] {logging_mixin.py:104} INFO - [2026-09-22 16:30:25,854] {dag.py:2280} INFO - Setting next_dagrun for example_trigger_controller_dag to 2026-09-20 00:00:00+00:00
[2026-09-22 16:30:25,874] {scheduler_job.py:190} INFO - Processing /home/airflow/.local/lib/python3.6/site-packages/airflow/example_dags/example_trigger_controller_dag.py took 0.102 seconds
[2026-09-22 16:30:56,598] {scheduler_job.py:182} INFO - Started process (PID=318) to work on /home/airflow/.local/lib/python3.6/site-packages/airflow/example_dags/example_trigger_controller_dag.py
[2026-09-22 16:30:56,599] {scheduler_job.py:629} INFO - Processing file /home/airflow/.local/lib/python3.6/site-packages/airflow/example_dags/example_trigger_controller_dag.py for tasks to queue
[2026-09-22 16:30:56,600] {logging_mixin.py:104} INFO - [2026-09-22 16:30:56,599] {dagbag.py:451} INFO - Filling up the DagBag from /home/airflow/.local/lib/python3.6/site-packages/airflow/example_dags/example_trigger_controller_dag.py
[2026-09-22 16:30:56,613] {scheduler_job.py:639} INFO - DAG(s) dict_keys(['example_trigger_controller_dag']) retrieved from /home/airflow/.local/lib/python3.6/site-packages/airflow/example_dags/example_trigger_controller_dag.py
[2026-09-22 16:30:56,638] {logging_mixin.py:104} INFO - [2026-09-22 16:30:56,638] {dag.py:1824} INFO - Sync 1 DAGs
[2026-09-22 16:30:56,658] {logging_mixin.py:104} INFO - [2026-09-22 16:30:56,657] {dag.py:2280} INFO - Setting next_dagrun for example_trigger_controller_dag to 2026-09-20 00:00:00+00:00
[2026-09-22 16:30:56,674] {scheduler_job.py:190} INFO - Processing /home/airflow/.local/lib/python3.6/site-packages/airflow/example_dags/example_trigger_controller_dag.py took 0.080 seconds
[2026-09-22 16:31:27,421] {scheduler_job.py:182} INFO - Started process (PID=344) to work on /home/airflow/.local/lib/python3.6/site-packages/airflow/example_dags/example_trigger_controller_dag.py
[2026-09-22 16:31:27,423] {scheduler_job.py:629} INFO - Processing file /home/airflow/.local/lib/python3.6/site-packages/airflow/example_dags/example_trigger_controller_dag.py for tasks to queue
[2026-09-22 16:31:27,424] {logging_mixin.py:104} INFO - [2026-09-22 16:31:27,424] {dagbag.py:451} INFO - Filling up the DagBag from /home/airflow/.local/lib/python3.6/site-packages/airflow/example_dags/example_trigger_controller_dag.py
[2026-09-22 16:31:27,446] {scheduler_job.py:639} INFO - DAG(s) dict_keys(['example_trigger_controller_dag']) retrieved from /home/airflow/.local/lib/python3.6/site-packages/airflow/example_dags/example_trigger_controller_dag.py
[2026-09-22 16:31:27,492] {logging_mixin.py:104} INFO - [2026-09-22 16:31:27,492] {dag.py:1824} INFO - Sync 1 DAGs
[2026-09-22 16:31:27,520] {logging_mixin.py:104} INFO - [2026-09-22 16:31:27,519] {dag.py:2280} INFO - Setting next_dagrun for example_trigger_controller_dag to 2026-09-20 00:00:00+00:00
[2026-09-22 16:31:27,539] {scheduler_job.py:190} INFO - Processing /home/airflow/.local/lib/python3.6/site-packages/airflow/example_dags/example_trigger_controller_dag.py took 0.124 seconds
[2026-09-22 16:31:58,443] {scheduler_job.py:182} INFO - Started process (PID=370) to work on /home/airflow/.local/lib/python3.6/site-packages/airflow/example_dags/example_trigger_controller_dag.py
[2026-09-22 16:31:58,444] {scheduler_job.py:629} INFO - Processing file /home/airflow/.local/lib/python3.6/site-packages/airflow/example_dags/example_trigger_controller_dag.py for tasks to queue
[2026-09-22 16:31:58,445] {logging_mixin.py:104} INFO - [2026-09-22 16:31:58,445] {dagbag.py:451} INFO - Filling up the DagBag from /home/airflow/.local/lib/python3.6/site-packages/airflow/example_dags/example_trigger_controller_dag.py
[2026-09-22 16:31:58,459] {scheduler_job.py:639} INFO - DAG(s) dict_keys(['example_trigger_controller_dag']) retrieved from /home/airflow/.local/lib/python3.6/site-packages/airflow/example_dags/example_trigger_controller_dag.py
[2026-09-22 16:31:58,486] {logging_mixin.py:104} INFO - [2026-09-22 16:31:58,486] {dag.py:1824} INFO - Sync 1 DAGs
[2026-09-22 16:31:58,508] {logging_mixin.py:104} INFO - [2026-09-22 16:31:58,507] {dag.py:2280} INFO - Setting next_dagrun for example_trigger_controller_dag to 2026-09-20 00:00:00+00:00
[2026-09-22 16:31:58,525] {scheduler_job.py:190} INFO - Processing /home/airflow/.local/lib/python3.6/site-packages/airflow/example_dags/example_trigger_controller_dag.py took 0.086 seconds
[2026-09-22 16:32:28,812] {scheduler_job.py:182} INFO - Started process (PID=396) to work on /home/airflow/.local/lib/python3.6/site-packages/airflow/example_dags/example_trigger_controller_dag.py
[2026-09-22 16:32:28,814] {scheduler_job.py:629} INFO - Processing file /home/airflow/.local/lib/python3.6/site-packages/airflow/example_dags/example_trigger_controller_dag.py for tasks to queue
[2026-09-22 16:32:28,814] {logging_mixin.py:104} INFO - [2026-09-22 16:32:28,814] {dagbag.py:451} INFO - Filling up the DagBag from /home/airflow/.local/lib/python3.6/site-packages/airflow/example_dags/example_trigger_controller_dag.py
[2026-09-22 16:32:28,827] {scheduler_job.py:639} INFO - DAG(s) dict_keys(['example_trigger_controller_dag']) retrieved from /home/airflow/.local/lib/python3.6/site-packages/airflow/example_dags/example_trigger_controller_dag.py
[2026-09-22 16:32:28,852] {logging_mixin.py:104} INFO - [2026-09-22 16:32:28,852] {dag.py:1824} INFO - Sync 1 DAGs
[2026-09-22 16:32:28,873] {logging_mixin.py:104} INFO - [2026-09-22 16:32:28,873] {dag.py:2280} INFO - Setting next_dagrun for example_trigger_controller_dag to 2026-09-20 00:00:00+00:00
[2026-09-22 16:32:28,889] {scheduler_job.py:190} INFO - Processing /home/airflow/.local/lib/python3.6/site-packages/airflow/example_dags/example_trigger_controller_dag.py took 0.081 seconds
[2026-09-22 16:32:59,434] {scheduler_job.py:182} INFO - Started process (PID=422) to work on /home/airflow/.local/lib/python3.6/site-packages/airflow/example_dags/example_trigger_controller_dag.py
[2026-09-22 16:32:59,436] {scheduler_job.py:629} INFO - Processing file /home/airflow/.local/lib/python3.6/site-packages/airflow/example_dags/example_trigger_controller_dag.py for tasks to queue
[2026-09-22 16:32:59,437] {logging_mixin.py:104} INFO - [2026-09-22 16:32:59,437] {dagbag.py:451} INFO - Filling up the DagBag from /home/airflow/.local/lib/python3.6/site-packages/airflow/example_dags/example_trigger_controller_dag.py
[2026-09-22 16:32:59,459] {scheduler_job.py:639} INFO - DAG(s) dict_keys(['example_trigger_controller_dag']) retrieved from /home/airflow/.local/lib/python3.6/site-packages/airflow/example_dags/example_trigger_controller_dag.py
[2026-09-22 16:32:59,493] {logging_mixin.py:104} INFO - [2026-09-22 16:32:59,492] {dag.py:1824} INFO - Sync 1 DAGs
[2026-09-22 16:32:59,523] {logging_mixin.py:104} INFO - [2026-09-22 16:32:59,523] {dag.py:2280} INFO - Setting next_dagrun for example_trigger_controller_dag to 2026-09-20 00:00:00+00:00
[2026-09-22 16:32:59,545] {scheduler_job.py:190} INFO - Processing /home/airflow/.local/lib/python3.6/site-packages/airflow/example_dags/example_trigger_controller_dag.py took 0.117 seconds
[2026-09-22 16:33:30,358] {scheduler_job.py:182} INFO - Started process (PID=448) to work on /home/airflow/.local/lib/python3.6/site-packages/airflow/example_dags/example_trigger_controller_dag.py
[2026-09-22 16:33:30,360] {scheduler_job.py:629} INFO - Processing file /home/airflow/.local/lib/python3.6/site-packages/airflow/example_dags/example_trigger_controller_dag.py for tasks to queue
[2026-09-22 16:33:30,361] {logging_mixin.py:104} INFO - [2026-09-22 16:33:30,361] {dagbag.py:451} INFO - Filling up the DagBag from /home/airflow/.local/lib/python3.6/site-packages/airflow/example_dags/example_trigger_controller_dag.py
[2026-09-22 16:33:30,378] {scheduler_job.py:639} INFO - DAG(s) dict_keys(['example_trigger_controller_dag']) retrieved from /home/airflow/.local/lib/python3.6/site-packages/airflow/example_dags/example_trigger_controller_dag.py
[2026-09-22 16:33:30,408] {logging_mixin.py:104} INFO - [2026-09-22 16:33:30,408] {dag.py:1824} INFO - Sync 1 DAGs
[2026-09-22 16:33:30,432] {logging_mixin.py:104} INFO - [2026-09-22 16:33:30,432] {dag.py:2280} INFO - Setting next_dagrun for example_trigger_controller_dag to 2026-09-20 00:00:00+00:00
[2026-09-22 16:33:30,456] {scheduler_job.py:190} INFO - Processing /home/airflow/.local/lib/python3.6/site-packages/airflow/example_dags/example_trigger_controller_dag.py took 0.102 seconds
[2026-09-22 16:34:01,207] {scheduler_job.py:182} INFO - Started process (PID=474) to work on /home/airflow/.local/lib/python3.6/site-packages/airflow/example_dags/example_trigger_controller_dag.py
[2026-09-22 16:34:01,209] {scheduler_job.py:629} INFO - Processing file /home/airflow/.local/lib/python3.6/site-packages/airflow/example_dags/example_trigger_controller_dag.py for tasks to queue
[2026-09-22 16:34:01,210] {logging_mixin.py:104} INFO - [2026-09-22 16:34:01,210] {dagbag.py:451} INFO - Filling up the DagBag from /home/airflow/.local/lib/python3.6/site-packages/airflow/example_dags/example_trigger_controller_dag.py
[2026-09-22 16:34:01,232] {scheduler_job.py:639} INFO - DAG(s) dict_keys(['example_trigger_controller_dag']) retrieved from /home/airflow/.local/lib/python3.6/site-packages/airflow/example_dags/example_trigger_controller_dag.py
[2026-09-22 16:34:01,270] {logging_mixin.py:104} INFO - [2026-09-22 16:34:01,270] {dag.py:1824} INFO - Sync 1 DAGs
[2026-09-22 16:34:01,303] {logging_mixin.py:104} INFO - [2026-09-22 16:34:01,303] {dag.py:2280} INFO - Setting next_dagrun for example_trigger_controller_dag to 2026-09-20 00:00:00+00:00
[2026-09-22 16:34:01,326] {scheduler_job.py:190} INFO - Processing /home/airflow/.local/lib/python3.6/site-packages/airflow/example_dags/example_trigger_controller_dag.py took 0.125 seconds
[2026-09-22 16:34:32,068] {scheduler_job.py:182} INFO - Started process (PID=500) to work on /home/airflow/.local/lib/python3.6/site-packages/airflow/example_dags/example_trigger_controller_dag.py
[2026-09-22 16:34:32,069] {scheduler_job.py:629} INFO - Processing file /home/airflow/.local/lib/python3.6/site-packages/airflow/example_dags/example_trigger_controller_dag.py for tasks to queue
[2026-09-22 16:34:32,070] {logging_mixin.py:104} INFO - [2026-09-22 16:34:32,070] {dagbag.py:451} INFO - Filling up the DagBag from /home/airflow/.local/lib/python3.6/site-packages/airflow/example_dags/example_trigger_controller_dag.py
[2026-09-22 16:34:32,083] {scheduler_job.py:639} INFO - DAG(s) dict_keys(['example_trigger_controller_dag']) retrieved from /home/airflow/.local/lib/python3.6/site-packages/airflow/example_dags/example_trigger_controller_dag.py
[2026-09-22 16:34:32,110] {logging_mixin.py:104} INFO - [2026-09-22 16:34:32,110] {dag.py:1824} INFO - Sync 1 DAGs
[2026-09-22 16:34:32,131] {logging_mixin.py:104} INFO - [2026-09-22 16:34:32,131] {dag.py:2280} INFO - Setting next_dagrun for example_trigger_controller_dag to 2026-09-20 00:00:00+00:00
[2026-09-22 16:34:32,150] {scheduler_job.py:190} INFO - Processing /home/airflow/.local/lib/python3.6/site-packages/airflow/example_dags/example_trigger_controller_dag.py took 0.087 seconds
[2026-09-22 16:35:02,656] {scheduler_job.py:182} INFO - Started process (PID=526) to work on /home/airflow/.local/lib/python3.6/site-packages/airflow/example_dags/example_trigger_controller_dag.py
[2026-09-22 16:35:02,657] {scheduler_job.py:629} INFO - Processing file /home/airflow/.local/lib/python3.6/site-packages/airflow/example_dags/example_trigger_controller_dag.py for tasks to queue
[2026-09-22 16:35:02,658] {logging_mixin.py:104} INFO - [2026-09-22 16:35:02,658] {dagbag.py:451} INFO - Filling up the DagBag from /home/airflow/.local/lib/python3.6/site-packages/airflow/example_dags/example_trigger_controller_dag.py
[2026-09-22 16:35:02,672] {scheduler_job.py:639} INFO - DAG(s) dict_keys(['example_trigger_controller_dag']) retrieved from /home/airflow/.local/lib/python3.6/site-packages/airflow/example_dags/example_trigger_controller_dag.py
[2026-09-22 16:35:02,697] {logging_mixin.py:104} INFO - [2026-09-22 16:35:02,697] {dag.py:1824} INFO - Sync 1 DAGs
[2026-09-22 16:35:02,722] {logging_mixin.py:104} INFO - [2026-09-22 16:35:02,722] {dag.py:2280} INFO - Setting next_dagrun for example_trigger_controller_dag to 2026-09-20 00:00:00+00:00
[2026-09-22 16:35:02,748] {scheduler_job.py:190} INFO - Processing /home/airflow/.local/lib/python3.6/site-packages/airflow/example_dags/example_trigger_controller_dag.py took 0.097 seconds
[2026-09-22 16:35:33,354] {scheduler_job.py:182} INFO - Started process (PID=552) to work on /home/airflow/.local/lib/python3.6/site-packages/airflow/example_dags/example_trigger_controller_dag.py
[2026-09-22 16:35:33,356] {scheduler_job.py:629} INFO - Processing file /home/airflow/.local/lib/python3.6/site-packages/airflow/example_dags/example_trigger_controller_dag.py for tasks to queue
[2026-09-22 16:35:33,357] {logging_mixin.py:104} INFO - [2026-09-22 16:35:33,357] {dagbag.py:451} INFO - Filling up the DagBag from /home/airflow/.local/lib/python3.6/site-packages/airflow/example_dags/example_trigger_controller_dag.py
[2026-09-22 16:35:33,377] {scheduler_job.py:639} INFO - DAG(s) dict_keys(['example_trigger_controller_dag']) retrieved from /home/airflow/.local/lib/python3.6/site-packages/airflow/example_dags/example_trigger_controller_dag.py
[2026-09-22 16:35:33,406] {logging_mixin.py:104} INFO - [2026-09-22 16:35:33,406] {dag.py:1824} INFO - Sync 1 DAGs
[2026-09-22 16:35:33,429] {logging_mixin.py:104} INFO - [2026-09-22 16:35:33,429] {dag.py:2280} INFO - Setting next_dagrun for example_trigger_controller_dag to 2026-09-20 00:00:00+00:00
[2026-09-22 16:35:33,445] {scheduler_job.py:190} INFO - Processing /home/airflow/.local/lib/python3.6/site-packages/airflow/example_dags/example_trigger_controller_dag.py took 0.097 seconds
[2026-09-22 16:36:04,041] {scheduler_job.py:182} INFO - Started process (PID=578) to work on /home/airflow/.local/lib/python3.6/site-packages/airflow/example_dags/example_trigger_controller_dag.py
[2026-09-22 16:36:04,043] {scheduler_job.py:629} INFO - Processing file /home/airflow/.local/lib/python3.6/site-packages/airflow/example_dags/example_trigger_controller_dag.py for tasks to queue
[2026-09-22 16:36:04,044] {logging_mixin.py:104} INFO - [2026-09-22 16:36:04,043] {dagbag.py:451} INFO - Filling up the DagBag from /home/airflow/.local/lib/python3.6/site-packages/airflow/example_dags/example_trigger_controller_dag.py
[2026-09-22 16:36:04,058] {scheduler_job.py:639} INFO - DAG(s) dict_keys(['example_trigger_controller_dag']) retrieved from /home/airflow/.local/lib/python3.6/site-packages/airflow/example_dags/example_trigger_controller_dag.py
[2026-09-22 16:36:04,084] {logging_mixin.py:104} INFO - [2026-09-22 16:36:04,084] {dag.py:1824} INFO - Sync 1 DAGs
[2026-09-22 16:36:04,110] {logging_mixin.py:104} INFO - [2026-09-22 16:36:04,110] {dag.py:2280} INFO - Setting next_dagrun for example_trigger_controller_dag to 2026-09-20 00:00:00+00:00
[2026-09-22 16:36:04,125] {scheduler_job.py:190} INFO - Processing /home/airflow/.local/lib/python3.6/site-packages/airflow/example_dags/example_trigger_controller_dag.py took 0.088 seconds
[2026-09-22 16:36:34,735] {scheduler_job.py:182} INFO - Started process (PID=604) to work on /home/airflow/.local/lib/python3.6/site-packages/airflow/example_dags/example_trigger_controller_dag.py
[2026-09-22 16:36:34,737] {scheduler_job.py:629} INFO - Processing file /home/airflow/.local/lib/python3.6/site-packages/airflow/example_dags/example_trigger_controller_dag.py for tasks to queue
[2026-09-22 16:36:34,738] {logging_mixin.py:104} INFO - [2026-09-22 16:36:34,737] {dagbag.py:451} INFO - Filling up the DagBag from /home/airflow/.local/lib/python3.6/site-packages/airflow/example_dags/example_trigger_controller_dag.py
[2026-09-22 16:36:34,755] {scheduler_job.py:639} INFO - DAG(s) dict_keys(['example_trigger_controller_dag']) retrieved from /home/airflow/.local/lib/python3.6/site-packages/airflow/example_dags/example_trigger_controller_dag.py
[2026-09-22 16:36:34,785] {logging_mixin.py:104} INFO - [2026-09-22 16:36:34,785] {dag.py:1824} INFO - Sync 1 DAGs
[2026-09-22 16:36:34,807] {logging_mixin.py:104} INFO - [2026-09-22 16:36:34,807] {dag.py:2280} INFO - Setting next_dagrun for example_trigger_controller_dag to 2026-09-20 00:00:00+00:00
[2026-09-22 16:36:34,822] {scheduler_job.py:190} INFO - Processing /home/airflow/.local/lib/python3.6/site-packages/airflow/example_dags/example_trigger_controller_dag.py took 0.092 seconds
[2026-09-22 16:37:05,710] {scheduler_job.py:182} INFO - Started process (PID=630) to work on /home/airflow/.local/lib/python3.6/site-packages/airflow/example_dags/example_trigger_controller_dag.py
[2026-09-22 16:37:05,712] {scheduler_job.py:629} INFO - Processing file /home/airflow/.local/lib/python3.6/site-packages/airflow/example_dags/example_trigger_controller_dag.py for tasks to queue
[2026-09-22 16:37:05,713] {logging_mixin.py:104} INFO - [2026-09-22 16:37:05,713] {dagbag.py:451} INFO - Filling up the DagBag from /home/airflow/.local/lib/python3.6/site-packages/airflow/example_dags/example_trigger_controller_dag.py
[2026-09-22 16:37:05,728] {scheduler_job.py:639} INFO - DAG(s) dict_keys(['example_trigger_controller_dag']) retrieved from /home/airflow/.local/lib/python3.6/site-packages/airflow/example_dags/example_trigger_controller_dag.py
[2026-09-22 16:37:05,758] {logging_mixin.py:104} INFO - [2026-09-22 16:37:05,758] {dag.py:1824} INFO - Sync 1 DAGs
[2026-09-22 16:37:05,780] {logging_mixin.py:104} INFO - [2026-09-22 16:37:05,780] {dag.py:2280} INFO - Setting next_dagrun for example_trigger_controller_dag to 2026-09-20 00:00:00+00:00
[2026-09-22 16:37:05,798] {scheduler_job.py:190} INFO - Processing /home/airflow/.local/lib/python3.6/site-packages/airflow/example_dags/example_trigger_controller_dag.py took 0.092 seconds
[2026-09-22 16:37:36,319] {scheduler_job.py:182} INFO - Started process (PID=656) to work on /home/airflow/.local/lib/python3.6/site-packages/airflow/example_dags/example_trigger_controller_dag.py
[2026-09-22 16:37:36,326] {scheduler_job.py:629} INFO - Processing file /home/airflow/.local/lib/python3.6/site-packages/airflow/example_dags/example_trigger_controller_dag.py for tasks to queue
[2026-09-22 16:37:36,327] {logging_mixin.py:104} INFO - [2026-09-22 16:37:36,327] {dagbag.py:451} INFO - Filling up the DagBag from /home/airflow/.local/lib/python3.6/site-packages/airflow/example_dags/example_trigger_controller_dag.py
[2026-09-22 16:37:36,351] {scheduler_job.py:639} INFO - DAG(s) dict_keys(['example_trigger_controller_dag']) retrieved from /home/airflow/.local/lib/python3.6/site-packages/airflow/example_dags/example_trigger_controller_dag.py
[2026-09-22 16:37:36,393] {logging_mixin.py:104} INFO - [2026-09-22 16:37:36,393] {dag.py:1824} INFO - Sync 1 DAGs
[2026-09-22 16:37:36,428] {logging_mixin.py:104} INFO - [2026-09-22 16:37:36,427] {dag.py:2280} INFO - Setting next_dagrun for example_trigger_controller_dag to 2026-09-20 00:00:00+00:00
[2026-09-22 16:37:36,459] {scheduler_job.py:190} INFO - Processing /home/airflow/.local/lib/python3.6/site-packages/airflow/example_dags/example_trigger_controller_dag.py took 0.145 seconds
[2026-09-22 16:38:07,053] {scheduler_job.py:182} INFO - Started process (PID=682) to work on /home/airflow/.local/lib/python3.6/site-packages/airflow/example_dags/example_trigger_controller_dag.py
[2026-09-22 16:38:07,055] {scheduler_job.py:629} INFO - Processing file /home/airflow/.local/lib/python3.6/site-packages/airflow/example_dags/example_trigger_controller_dag.py for tasks to queue
[2026-09-22 16:38:07,056] {logging_mixin.py:104} INFO - [2026-09-22 16:38:07,056] {dagbag.py:451} INFO - Filling up the DagBag from /home/airflow/.local/lib/python3.6/site-packages/airflow/example_dags/example_trigger_controller_dag.py
[2026-09-22 16:38:07,073] {scheduler_job.py:639} INFO - DAG(s) dict_keys(['example_trigger_controller_dag']) retrieved from /home/airflow/.local/lib/python3.6/site-packages/airflow/example_dags/example_trigger_controller_dag.py
[2026-09-22 16:38:07,106] {logging_mixin.py:104} INFO - [2026-09-22 16:38:07,106] {dag.py:1824} INFO - Sync 1 DAGs
[2026-09-22 16:38:07,133] {logging_mixin.py:104} INFO - [2026-09-22 16:38:07,133] {dag.py:2280} INFO - Setting next_dagrun for example_trigger_controller_dag to 2026-09-20 00:00:00+00:00
[2026-09-22 16:38:07,149] {scheduler_job.py:190} INFO - Processing /home/airflow/.local/lib/python3.6/site-packages/airflow/example_dags/example_trigger_controller_dag.py took 0.102 seconds
[2026-09-22 16:38:37,654] {scheduler_job.py:182} INFO - Started process (PID=708) to work on /home/airflow/.local/lib/python3.6/site-packages/airflow/example_dags/example_trigger_controller_dag.py
[2026-09-22 16:38:37,655] {scheduler_job.py:629} INFO - Processing file /home/airflow/.local/lib/python3.6/site-packages/airflow/example_dags/example_trigger_controller_dag.py for tasks to queue
[2026-09-22 16:38:37,656] {logging_mixin.py:104} INFO - [2026-09-22 16:38:37,656] {dagbag.py:451} INFO - Filling up the DagBag from /home/airflow/.local/lib/python3.6/site-packages/airflow/example_dags/example_trigger_controller_dag.py
[2026-09-22 16:38:37,673] {scheduler_job.py:639} INFO - DAG(s) dict_keys(['example_trigger_controller_dag']) retrieved from /home/airflow/.local/lib/python3.6/site-packages/airflow/example_dags/example_trigger_controller_dag.py
[2026-09-22 16:38:37,716] {logging_mixin.py:104} INFO - [2026-09-22 16:38:37,716] {dag.py:1824} INFO - Sync 1 DAGs
[2026-09-22 16:38:37,748] {logging_mixin.py:104} INFO - [2026-09-22 16:38:37,748] {dag.py:2280} INFO - Setting next_dagrun for example_trigger_controller_dag to 2026-09-20 00:00:00+00:00
[2026-09-22 16:38:37,763] {scheduler_job.py:190} INFO - Processing /home/airflow/.local/lib/python3.6/site-packages/airflow/example_dags/example_trigger_controller_dag.py took 0.114 seconds
[2026-09-22 16:39:08,464] {scheduler_job.py:182} INFO - Started process (PID=734) to work on /home/airflow/.local/lib/python3.6/site-packages/airflow/example_dags/example_trigger_controller_dag.py
[2026-09-22 16:39:08,466] {scheduler_job.py:629} INFO - Processing file /home/airflow/.local/lib/python3.6/site-packages/airflow/example_dags/example_trigger_controller_dag.py for tasks to queue
[2026-09-22 16:39:08,467] {logging_mixin.py:104} INFO - [2026-09-22 16:39:08,467] {dagbag.py:451} INFO - Filling up the DagBag from /home/airflow/.local/lib/python3.6/site-packages/airflow/example_dags/example_trigger_controller_dag.py
[2026-09-22 16:39:08,490] {scheduler_job.py:639} INFO - DAG(s) dict_keys(['example_trigger_controller_dag']) retrieved from /home/airflow/.local/lib/python3.6/site-packages/airflow/example_dags/example_trigger_controller_dag.py
[2026-09-22 16:39:08,529] {logging_mixin.py:104} INFO - [2026-09-22 16:39:08,529] {dag.py:1824} INFO - Sync 1 DAGs
[2026-09-22 16:39:08,562] {logging_mixin.py:104} INFO - [2026-09-22 16:39:08,561] {dag.py:2280} INFO - Setting next_dagrun for example_trigger_controller_dag to 2026-09-20 00:00:00+00:00
[2026-09-22 16:39:08,580] {scheduler_job.py:190} INFO - Processing /home/airflow/.local/lib/python3.6/site-packages/airflow/example_dags/example_trigger_controller_dag.py took 0.124 seconds
[2026-09-22 16:39:39,216] {scheduler_job.py:182} INFO - Started process (PID=760) to work on /home/airflow/.local/lib/python3.6/site-packages/airflow/example_dags/example_trigger_controller_dag.py
[2026-09-22 16:39:39,217] {scheduler_job.py:629} INFO - Processing file /home/airflow/.local/lib/python3.6/site-packages/airflow/example_dags/example_trigger_controller_dag.py for tasks to queue
[2026-09-22 16:39:39,218] {logging_mixin.py:104} INFO - [2026-09-22 16:39:39,218] {dagbag.py:451} INFO - Filling up the DagBag from /home/airflow/.local/lib/python3.6/site-packages/airflow/example_dags/example_trigger_controller_dag.py
[2026-09-22 16:39:39,233] {scheduler_job.py:639} INFO - DAG(s) dict_keys(['example_trigger_controller_dag']) retrieved from /home/airflow/.local/lib/python3.6/site-packages/airflow/example_dags/example_trigger_controller_dag.py
[2026-09-22 16:39:39,260] {logging_mixin.py:104} INFO - [2026-09-22 16:39:39,260] {dag.py:1824} INFO - Sync 1 DAGs
[2026-09-22 16:39:39,284] {logging_mixin.py:104} INFO - [2026-09-22 16:39:39,284] {dag.py:2280} INFO - Setting next_dagrun for example_trigger_controller_dag to 2026-09-20 00:00:00+00:00
[2026-09-22 16:39:39,298] {scheduler_job.py:190} INFO - Processing /home/airflow/.local/lib/python3.6/site-packages/airflow/example_dags/example_trigger_controller_dag.py took 0.086 seconds
[2026-09-22 16:40:10,068] {scheduler_job.py:182} INFO - Started process (PID=786) to work on /home/airflow/.local/lib/python3.6/site-packages/airflow/example_dags/example_trigger_controller_dag.py
[2026-09-22 16:40:10,070] {scheduler_job.py:629} INFO - Processing file /home/airflow/.local/lib/python3.6/site-packages/airflow/example_dags/example_trigger_controller_dag.py for tasks to queue
[2026-09-22 16:40:10,072] {logging_mixin.py:104} INFO - [2026-09-22 16:40:10,071] {dagbag.py:451} INFO - Filling up the DagBag from /home/airflow/.local/lib/python3.6/site-packages/airflow/example_dags/example_trigger_controller_dag.py
[2026-09-22 16:40:10,088] {scheduler_job.py:639} INFO - DAG(s) dict_keys(['example_trigger_controller_dag']) retrieved from /home/airflow/.local/lib/python3.6/site-packages/airflow/example_dags/example_trigger_controller_dag.py
[2026-09-22 16:40:10,120] {logging_mixin.py:104} INFO - [2026-09-22 16:40:10,120] {dag.py:1824} INFO - Sync 1 DAGs
[2026-09-22 16:40:10,144] {logging_mixin.py:104} INFO - [2026-09-22 16:40:10,144] {dag.py:2280} INFO - Setting next_dagrun for example_trigger_controller_dag to 2026-09-20 00:00:00+00:00
[2026-09-22 16:40:10,158] {scheduler_job.py:190} INFO - Processing /home/airflow/.local/lib/python3.6/site-packages/airflow/example_dags/example_trigger_controller_dag.py took 0.095 seconds
[2026-09-22 16:40:40,774] {scheduler_job.py:182} INFO - Started process (PID=812) to work on /home/airflow/.local/lib/python3.6/site-packages/airflow/example_dags/example_trigger_controller_dag.py
[2026-09-22 16:40:40,776] {scheduler_job.py:629} INFO - Processing file /home/airflow/.local/lib/python3.6/site-packages/airflow/example_dags/example_trigger_controller_dag.py for tasks to queue
[2026-09-22 16:40:40,781] {logging_mixin.py:104} INFO - [2026-09-22 16:40:40,779] {dagbag.py:451} INFO - Filling up the DagBag from /home/airflow/.local/lib/python3.6/site-packages/airflow/example_dags/example_trigger_controller_dag.py
[2026-09-22 16:40:40,810] {scheduler_job.py:639} INFO - DAG(s) dict_keys(['example_trigger_controller_dag']) retrieved from /home/airflow/.local/lib/python3.6/site-packages/airflow/example_dags/example_trigger_controller_dag.py
[2026-09-22 16:40:40,854] {logging_mixin.py:104} INFO - [2026-09-22 16:40:40,854] {dag.py:1824} INFO - Sync 1 DAGs
[2026-09-22 16:40:40,892] {logging_mixin.py:104} INFO - [2026-09-22 16:40:40,892] {dag.py:2280} INFO - Setting next_dagrun for example_trigger_controller_dag to 2026-09-20 00:00:00+00:00
[2026-09-22 16:40:40,918] {scheduler_job.py:190} INFO - Processing /home/airflow/.local/lib/python3.6/site-packages/airflow/example_dags/example_trigger_controller_dag.py took 0.154 seconds
[2026-09-22 16:41:11,630] {scheduler_job.py:182} INFO - Started process (PID=838) to work on /home/airflow/.local/lib/python3.6/site-packages/airflow/example_dags/example_trigger_controller_dag.py
[2026-09-22 16:41:11,631] {scheduler_job.py:629} INFO - Processing file /home/airflow/.local/lib/python3.6/site-packages/airflow/example_dags/example_trigger_controller_dag.py for tasks to queue
[2026-09-22 16:41:11,633] {logging_mixin.py:104} INFO - [2026-09-22 16:41:11,633] {dagbag.py:451} INFO - Filling up the DagBag from /home/airflow/.local/lib/python3.6/site-packages/airflow/example_dags/example_trigger_controller_dag.py
[2026-09-22 16:41:11,658] {scheduler_job.py:639} INFO - DAG(s) dict_keys(['example_trigger_controller_dag']) retrieved from /home/airflow/.local/lib/python3.6/site-packages/airflow/example_dags/example_trigger_controller_dag.py
[2026-09-22 16:41:11,689] {logging_mixin.py:104} INFO - [2026-09-22 16:41:11,689] {dag.py:1824} INFO - Sync 1 DAGs
[2026-09-22 16:41:11,718] {logging_mixin.py:104} INFO - [2026-09-22 16:41:11,718] {dag.py:2280} INFO - Setting next_dagrun for example_trigger_controller_dag to 2026-09-20 00:00:00+00:00
[2026-09-22 16:41:11,739] {scheduler_job.py:190} INFO - Processing /home/airflow/.local/lib/python3.6/site-packages/airflow/example_dags/example_trigger_controller_dag.py took 0.116 seconds
[2026-09-22 16:41:41,801] {scheduler_job.py:182} INFO - Started process (PID=864) to work on /home/airflow/.local/lib/python3.6/site-packages/airflow/example_dags/example_trigger_controller_dag.py
[2026-09-22 16:41:41,803] {scheduler_job.py:629} INFO - Processing file /home/airflow/.local/lib/python3.6/site-packages/airflow/example_dags/example_trigger_controller_dag.py for tasks to queue
[2026-09-22 16:41:41,804] {logging_mixin.py:104} INFO - [2026-09-22 16:41:41,804] {dagbag.py:451} INFO - Filling up the DagBag from /home/airflow/.local/lib/python3.6/site-packages/airflow/example_dags/example_trigger_controller_dag.py
[2026-09-22 16:41:41,828] {scheduler_job.py:639} INFO - DAG(s) dict_keys(['example_trigger_controller_dag']) retrieved from /home/airflow/.local/lib/python3.6/site-packages/airflow/example_dags/example_trigger_controller_dag.py
[2026-09-22 16:41:41,900] {logging_mixin.py:104} INFO - [2026-09-22 16:41:41,899] {dag.py:1824} INFO - Sync 1 DAGs
[2026-09-22 16:41:41,969] {logging_mixin.py:104} INFO - [2026-09-22 16:41:41,968] {dag.py:2280} INFO - Setting next_dagrun for example_trigger_controller_dag to 2026-09-20 00:00:00+00:00
[2026-09-22 16:41:42,008] {scheduler_job.py:190} INFO - Processing /home/airflow/.local/lib/python3.6/site-packages/airflow/example_dags/example_trigger_controller_dag.py took 0.214 seconds
