[2026-09-22 16:25:20,554] {scheduler_job.py:182} INFO - Started process (PID=46) to work on /home/airflow/.local/lib/python3.6/site-packages/airflow/example_dags/example_branch_operator.py
[2026-09-22 16:25:20,556] {scheduler_job.py:629} INFO - Processing file /home/airflow/.local/lib/python3.6/site-packages/airflow/example_dags/example_branch_operator.py for tasks to queue
[2026-09-22 16:25:20,559] {logging_mixin.py:104} INFO - [2026-09-22 16:25:20,559] {dagbag.py:451} INFO - Filling up the DagBag from /home/airflow/.local/lib/python3.6/site-packages/airflow/example_dags/example_branch_operator.py
[2026-09-22 16:25:20,607] {scheduler_job.py:639} INFO - DAG(s) dict_keys(['example_branch_operator']) retrieved from /home/airflow/.local/lib/python3.6/site-packages/airflow/example_dags/example_branch_operator.py
[2026-09-22 16:25:20,662] {logging_mixin.py:104} INFO - [2026-09-22 16:25:20,662] {dag.py:1824} INFO - Sync 1 DAGs
[2026-09-22 16:25:20,710] {logging_mixin.py:104} INFO - [2026-09-22 16:25:20,710] {dag.py:2280} INFO - Setting next_dagrun for example_branch_operator to 2026-09-20 00:00:00+00:00
[2026-09-22 16:25:20,744] {scheduler_job.py:190} INFO - Processing /home/airflow/.local/lib/python3.6/site-packages/airflow/example_dags/example_branch_operator.py took 0.204 seconds
[2026-09-22 16:25:51,286] {scheduler_job.py:182} INFO - Started process (PID=72) to work on /home/airflow/.local/lib/python3.6/site-packages/airflow/example_dags/example_branch_operator.py
[2026-09-22 16:25:51,287] {scheduler_job.py:629} INFO - Processing file /home/airflow/.local/lib/python3.6/site-packages/airflow/example_dags/example_branch_operator.py for tasks to queue
[2026-09-22 16:25:51,288] {logging_mixin.py:104} INFO - [2026-09-22 16:25:51,287] {dagbag.py:451} INFO - Filling up the DagBag from /home/airflow/.local/lib/python3.6/site-packages/airflow/example_dags/example_branch_operator.py
[2026-09-22 16:25:51,312] {scheduler_job.py:639} INFO - DAG(s) dict_keys(['example_branch_operator']) retrieved from /home/airflow/.local/lib/python3.6/site-packages/airflow/example_dags/example_branch_operator.py
[2026-09-22 16:25:51,351] {logging_mixin.py:104} INFO - [2026-09-22 16:25:51,351] {dag.py:1824} INFO - Sync 1 DAGs
[2026-09-22 16:25:51,398] {logging_mixin.py:104} INFO - [2026-09-22 16:25:51,398] {dag.py:2280} INFO - Setting next_dagrun for example_branch_operator to 2026-09-20 00:00:00+00:00
[2026-09-22 16:25:51,419] {scheduler_job.py:190} INFO - Processing /home/airflow/.local/lib/python3.6/site-packages/airflow/example_dags/example_branch_operator.py took 0.137 seconds
[2026-09-22 16:26:21,478] {scheduler_job.py:182} INFO - Started process (PID=91) to work on /home/airflow/.local/lib/python3.6/site-packages/airflow/example_dags/example_branch_operator.py
[2026-09-22 16:26:21,479] {scheduler_job.py:629} INFO - Processing file /home/airflow/.local/lib/python3.6/site-packages/airflow/example_dags/example_branch_operator.py for tasks to queue
[2026-09-22 16:26:21,480] {logging_mixin.py:104} INFO - [2026-09-22 16:26:21,480] {dagbag.py:451} INFO - Filling up the DagBag from /home/airflow/.local/lib/python3.6/site-packages/airflow/example_dags/example_branch_operator.py
[2026-09-22 16:26:21,501] {scheduler_job.py:639} INFO - DAG(s) dict_keys(['example_branch_operator']) retrieved from /home/airflow/.local/lib/python3.6/site-packages/airflow/example_dags/example_branch_operator.py
[2026-09-22 16:26:21,527] {logging_mixin.py:104} INFO - [2026-09-22 16:26:21,527] {dag.py:1824} INFO - Sync 1 DAGs
[2026-09-22 16:26:21,553] {logging_mixin.py:104} INFO - [2026-09-22 16:26:21,553] {dag.py:2280} INFO - Setting next_dagrun for example_branch_operator to 2026-09-20 00:00:00+00:00
[2026-09-22 16:26:21,571] {scheduler_job.py:190} INFO - Processing /home/airflow/.local/lib/python3.6/site-packages/airflow/example_dags/example_branch_operator.py took 0.099 seconds
[2026-09-22 16:26:52,165] {scheduler_job.py:182} INFO - Started process (PID=117) to work on /home/airflow/.local/lib/python3.6/site-packages/airflow/example_dags/example_branch_operator.py
[2026-09-22 16:26:52,166] {scheduler_job.py:629} INFO - Processing file /home/airflow/.local/lib/python3.6/site-packages/airflow/example_dags/example_branch_operator.py for tasks to queue
[2026-09-22 16:26:52,168] {logging_mixin.py:104} INFO - [2026-09-22 16:26:52,167] {dagbag.py:451} INFO - Filling up the DagBag from /home/airflow/.local/lib/python3.6/site-packages/airflow/example_dags/example_branch_operator.py
[2026-09-22 16:26:52,204] {scheduler_job.py:639} INFO - DAG(s) dict_keys(['example_branch_operator']) retrieved from /home/airflow/.local/lib/python3.6/site-packages/airflow/example_dags/example_branch_operator.py
[2026-09-22 16:26:52,260] {logging_mixin.py:104} INFO - [2026-09-22 16:26:52,260] {dag.py:1824} INFO - Sync 1 DAGs
[2026-09-22 16:26:52,312] {logging_mixin.py:104} INFO - [2026-09-22 16:26:52,312] {dag.py:2280} INFO - Setting next_dagrun for example_branch_operator to 2026-09-20 00:00:00+00:00
[2026-09-22 16:26:52,343] {scheduler_job.py:190} INFO - Processing /home/airflow/.local/lib/python3.6/site-packages/airflow/example_dags/example_branch_operator.py took 0.184 seconds
[2026-09-22 16:27:23,054] {scheduler_job.py:182} INFO - Started process (PID=143) to work on /home/airflow/.local/lib/python3.6/site-packages/airflow/example_dags/example_branch_operator.py
[2026-09-22 16:27:23,055] {scheduler_job.py:629} INFO - Processing file /home/airflow/.local/lib/python3.6/site-packages/airflow/example_dags/example_branch_operator.py for tasks to queue
[2026-09-22 16:27:23,056] {logging_mixin.py:104} INFO - [2026-09-22 16:27:23,056] {dagbag.py:451} INFO - Filling up the DagBag from /home/airflow/.local/lib/python3.6/site-packages/airflow/example_dags/example_branch_operator.py
[2026-09-22 16:27:23,077] {scheduler_job.py:639} INFO - DAG(s) dict_keys(['example_branch_operator']) retrieved from /home/airflow/.local/lib/python3.6/site-packages/airflow/example_dags/example_branch_operator.py
[2026-09-22 16:27:23,108] {logging_mixin.py:104} INFO - [2026-09-22 16:27:23,108] {dag.py:1824} INFO - Sync 1 DAGs
[2026-09-22 16:27:23,149] {logging_mixin.py:104} INFO - [2026-09-22 16:27:23,148] {dag.py:2280} INFO - Setting next_dagrun for example_branch_operator to 2026-09-20 00:00:00+00:00
[2026-09-22 16:27:23,173] {scheduler_job.py:190} INFO - Processing /home/airflow/.local/lib/python3.6/site-packages/airflow/example_dags/example_branch_operator.py took 0.123 seconds
[2026-09-22 16:27:53,886] {scheduler_job.py:182} INFO - Started process (PID=169) to work on /home/airflow/.local/lib/python3.6/site-packages/airflow/example_dags/example_branch_operator.py
[2026-09-22 16:27:53,888] {scheduler_job.py:629} INFO - Processing file /home/airflow/.local/lib/python3.6/site-packages/airflow/example_dags/example_branch_operator.py for tasks to queue
[2026-09-22 16:27:53,889] {logging_mixin.py:104} INFO - [2026-09-22 16:27:53,888] {dagbag.py:451} INFO - Filling up the DagBag from /home/airflow/.local/lib/python3.6/site-packages/airflow/example_dags/example_branch_operator.py
[2026-09-22 16:27:53,910] {scheduler_job.py:639} INFO - DAG(s) dict_keys(['example_branch_operator']) retrieved from /home/airflow/.local/lib/python3.6/site-packages/airflow/example_dags/example_branch_operator.py
[2026-09-22 16:27:53,944] {logging_mixin.py:104} INFO - [2026-09-22 16:27:53,944] {dag.py:1824} INFO - Sync 1 DAGs
[2026-09-22 16:27:53,980] {logging_mixin.py:104} INFO - [2026-09-22 16:27:53,980] {dag.py:2280} INFO - Setting next_dagrun for example_branch_operator to 2026-09-20 00:00:00+00:00
[2026-09-22 16:27:53,998] {scheduler_job.py:190} INFO - Processing /home/airflow/.local/lib/python3.6/site-packages/airflow/example_dags/example_branch_operator.py took 0.117 seconds
[2026-09-22 16:28:24,467] {scheduler_job.py:182} INFO - Started process (PID=195) to work on /home/airflow/.local/lib/python3.6/site-packages/airflow/example_dags/example_branch_operator.py
[2026-09-22 16:28:24,468] {scheduler_job.py:629} INFO - Processing file /home/airflow/.local/lib/python3.6/site-packages/airflow/example_dags/example_branch_operator.py for tasks to queue
[2026-09-22 16:28:24,469] {logging_mixin.py:104} INFO - [2026-09-22 16:28:24,469] {dagbag.py:451} INFO - Filling up the DagBag from /home/airflow/.local/lib/python3.6/site-packages/airflow/example_dags/example_branch_operator.py
[2026-09-22 16:28:24,493] {scheduler_job.py:639} INFO - DAG(s) dict_keys(['example_branch_operator']) retrieved from /home/airflow/.local/lib/python3.6/site-packages/airflow/example_dags/example_branch_operator.py
[2026-09-22 16:28:24,531] {logging_mixin.py:104} INFO - [2026-09-22 16:28:24,531] {dag.py:1824} INFO - Sync 1 DAGs
[2026-09-22 16:28:24,569] {logging_mixin.py:104} INFO - [2026-09-22 16:28:24,569] {dag.py:2280} INFO - Setting next_dagrun for example_branch_operator to 2026-09-20 00:00:00+00:00
[2026-09-22 16:28:24,588] {scheduler_job.py:190} INFO - Processing /home/airflow/.local/lib/python3.6/site-packages/airflow/example_dags/example_branch_operator.py took 0.126 seconds
[2026-09-22 16:28:55,294] {scheduler_job.py:182} INFO - Started process (PID=221) to work on /home/airflow/.local/lib/python3.6/site-packages/airflow/example_dags/example_branch_operator.py
[2026-09-22 16:28:55,296] {scheduler_job.py:629} INFO - Processing file /home/airflow/.local/lib/python3.6/site-packages/airflow/example_dags/example_branch_operator.py for tasks to queue
[2026-09-22 16:28:55,297] {logging_mixin.py:104} INFO - [2026-09-22 16:28:55,297] {dagbag.py:451} INFO - Filling up the DagBag from /home/airflow/.local/lib/python3.6/site-packages/airflow/example_dags/example_branch_operator.py
[2026-09-22 16:28:55,331] {scheduler_job.py:639} INFO - DAG(s) dict_keys(['example_branch_operator']) retrieved from /home/airflow/.local/lib/python3.6/site-packages/airflow/example_dags/example_branch_operator.py
[2026-09-22 16:28:55,367] {logging_mixin.py:104} INFO - [2026-09-22 16:28:55,367] {dag.py:1824} INFO - Sync 1 DAGs
[2026-09-22 16:28:55,403] {logging_mixin.py:104} INFO - [2026-09-22 16:28:55,403] {dag.py:2280} INFO - Setting next_dagrun for example_branch_operator to 2026-09-20 00:00:00+00:00
[2026-09-22 16:28:55,423] {scheduler_job.py:190} INFO - Processing /home/airflow/.local/lib/python3.6/site-packages/airflow/example_dags/example_branch_operator.py took 0.134 seconds
[2026-09-22 16:29:26,127] {scheduler_job.py:182} INFO - Started process (PID=249) to work on /home/airflow/.local/lib/python3.6/site-packages/airflow/example_dags/example_branch_operator.py
[2026-09-22 16:29:26,130] {scheduler_job.py:629} INFO - Processing file /home/airflow/.local/lib/python3.6/site-packages/airflow/example_dags/example_branch_operator.py for tasks to queue
[2026-09-22 16:29:26,132] {logging_mixin.py:104} INFO - [2026-09-22 16:29:26,132] {dagbag.py:451} INFO - Filling up the DagBag from /home/airflow/.local/lib/python3.6/site-packages/airflow/example_dags/example_branch_operator.py
[2026-09-22 16:29:26,168] {scheduler_job.py:639} INFO - DAG(s) dict_keys(['example_branch_operator']) retrieved from /home/airflow/.local/lib/python3.6/site-packages/airflow/example_dags/example_branch_operator.py
[2026-09-22 16:29:26,211] {logging_mixin.py:104} INFO - [2026-09-22 16:29:26,211] {dag.py:1824} INFO - Sync 1 DAGs
[2026-09-22 16:29:26,260] {logging_mixin.py:104} INFO - [2026-09-22 16:29:26,259] {dag.py:2280} INFO - Setting next_dagrun for example_branch_operator to 2026-09-20 00:00:00+00:00
[2026-09-22 16:29:26,279] {scheduler_job.py:190} INFO - Processing /home/airflow/.local/lib/python3.6/site-packages/airflow/example_dags/example_branch_operator.py took 0.158 seconds
[2026-09-22 16:29:56,495] {scheduler_job.py:182} INFO - Started process (PID=275) to work on /home/airflow/.local/lib/python3.6/site-packages/airflow/example_dags/example_branch_operator.py
[2026-09-22 16:29:56,497] {scheduler_job.py:629} INFO - Processing file /home/airflow/.local/lib/python3.6/site-packages/airflow/example_dags/example_branch_operator.py for tasks to queue
[2026-09-22 16:29:56,498] {logging_mixin.py:104} INFO - [2026-09-22 16:29:56,498] {dagbag.py:451} INFO - Filling up the DagBag from /home/airflow/.local/lib/python3.6/site-packages/airflow/example_dags/example_branch_operator.py
[2026-09-22 16:29:56,527] {scheduler_job.py:639} INFO - DAG(s) dict_keys(['example_branch_operator']) retrieved from /home/airflow/.local/lib/python3.6/site-packages/airflow/example_dags/example_branch_operator.py
[2026-09-22 16:29:56,558] {logging_mixin.py:104} INFO - [2026-09-22 16:29:56,557] {dag.py:1824} INFO - Sync 1 DAGs
[2026-09-22 16:29:56,602] {logging_mixin.py:104} INFO - [2026-09-22 16:29:56,601] {dag.py:2280} INFO - Setting next_dagrun for example_branch_operator to 2026-09-20 00:00:00+00:00
[2026-09-22 16:29:56,618] {scheduler_job.py:190} INFO - Processing /home/airflow/.local/lib/python3.6/site-packages/airflow/example_dags/example_branch_operator.py took 0.128 seconds
[2026-09-22 16:30:27,284] {scheduler_job.py:182} INFO - Started process (PID=300) to work on /home/airflow/.local/lib/python3.6/site-packages/airflow/example_dags/example_branch_operator.py
[2026-09-22 16:30:27,285] {scheduler_job.py:629} INFO - Processing file /home/airflow/.local/lib/python3.6/site-packages/airflow/example_dags/example_branch_operator.py for tasks to queue
[2026-09-22 16:30:27,286] {logging_mixin.py:104} INFO - [2026-09-22 16:30:27,286] {dagbag.py:451} INFO - Filling up the DagBag from /home/airflow/.local/lib/python3.6/site-packages/airflow/example_dags/example_branch_operator.py
[2026-09-22 16:30:27,310] {scheduler_job.py:639} INFO - DAG(s) dict_keys(['example_branch_operator']) retrieved from /home/airflow/.local/lib/python3.6/site-packages/airflow/example_dags/example_branch_operator.py
[2026-09-22 16:30:27,341] {logging_mixin.py:104} INFO - [2026-09-22 16:30:27,341] {dag.py:1824} INFO - Sync 1 DAGs
[2026-09-22 16:30:27,380] {logging_mixin.py:104} INFO - [2026-09-22 16:30:27,380] {dag.py:2280} INFO - Setting next_dagrun for example_branch_operator to 2026-09-20 00:00:00+00:00
[2026-09-22 16:30:27,403] {scheduler_job.py:190} INFO - Processing /home/airflow/.local/lib/python3.6/site-packages/airflow/example_dags/example_branch_operator.py took 0.124 seconds
[2026-09-22 16:30:58,084] {scheduler_job.py:182} INFO - Started process (PID=326) to work on /home/airflow/.local/lib/python3.6/site-packages/airflow/example_dags/example_branch_operator.py
[2026-09-22 16:30:58,086] {scheduler_job.py:629} INFO - Processing file /home/airflow/.local/lib/python3.6/site-packages/airflow/example_dags/example_branch_operator.py for tasks to queue
[2026-09-22 16:30:58,087] {logging_mixin.py:104} INFO - [2026-09-22 16:30:58,086] {dagbag.py:451} INFO - Filling up the DagBag from /home/airflow/.local/lib/python3.6/site-packages/airflow/example_dags/example_branch_operator.py
[2026-09-22 16:30:58,114] {scheduler_job.py:639} INFO - DAG(s) dict_keys(['example_branch_operator']) retrieved from /home/airflow/.local/lib/python3.6/site-packages/airflow/example_dags/example_branch_operator.py
[2026-09-22 16:30:58,161] {logging_mixin.py:104} INFO - [2026-09-22 16:30:58,161] {dag.py:1824} INFO - Sync 1 DAGs
[2026-09-22 16:30:58,210] {logging_mixin.py:104} INFO - [2026-09-22 16:30:58,210] {dag.py:2280} INFO - Setting next_dagrun for example_branch_operator to 2026-09-20 00:00:00+00:00
[2026-09-22 16:30:58,244] {scheduler_job.py:190} INFO - Processing /home/airflow/.local/lib/python3.6/site-packages/airflow/example_dags/example_branch_operator.py took 0.165 seconds
[2026-09-22 16:31:29,018] {scheduler_job.py:182} INFO - Started process (PID=352) to work on /home/airflow/.local/lib/python3.6/site-packages/airflow/example_dags/example_branch_operator.py
[2026-09-22 16:31:29,020] {scheduler_job.py:629} INFO - Processing file /home/airflow/.local/lib/python3.6/site-packages/airflow/example_dags/example_branch_operator.py for tasks to queue
[2026-09-22 16:31:29,021] {logging_mixin.py:104} INFO - [2026-09-22 16:31:29,021] {dagbag.py:451} INFO - Filling up the DagBag from /home/airflow/.local/lib/python3.6/site-packages/airflow/example_dags/example_branch_operator.py
[2026-09-22 16:31:29,046] {scheduler_job.py:639} INFO - DAG(s) dict_keys(['example_branch_operator']) retrieved from /home/airflow/.local/lib/python3.6/site-packages/airflow/example_dags/example_branch_operator.py
[2026-09-22 16:31:29,080] {logging_mixin.py:104} INFO - [2026-09-22 16:31:29,079] {dag.py:1824} INFO - Sync 1 DAGs
[2026-09-22 16:31:29,112] {logging_mixin.py:104} INFO - [2026-09-22 16:31:29,111] {dag.py:2280} INFO - Setting next_dagrun for example_branch_operator to 2026-09-20 00:00:00+00:00
[2026-09-22 16:31:29,130] {scheduler_job.py:190} INFO - Processing /home/airflow/.local/lib/python3.6/site-packages/airflow/example_dags/example_branch_operator.py took 0.117 seconds
[2026-09-22 16:31:59,761] {scheduler_job.py:182} INFO - Started process (PID=377) to work on /home/airflow/.local/lib/python3.6/site-packages/airflow/example_dags/example_branch_operator.py
[2026-09-22 16:31:59,762] {scheduler_job.py:629} INFO - Processing file /home/airflow/.local/lib/python3.6/site-packages/airflow/example_dags/example_branch_operator.py for tasks to queue
[2026-09-22 16:31:59,763] {logging_mixin.py:104} INFO - [2026-09-22 16:31:59,763] {dagbag.py:451} INFO - Filling up the DagBag from /home/airflow/.local/lib/python3.6/site-packages/airflow/example_dags/example_branch_operator.py
[2026-09-22 16:31:59,784] {scheduler_job.py:639} INFO - DAG(s) dict_keys(['example_branch_operator']) retrieved from /home/airflow/.local/lib/python3.6/site-packages/airflow/example_dags/example_branch_operator.py
[2026-09-22 16:31:59,811] {logging_mixin.py:104} INFO - [2026-09-22 16:31:59,811] {dag.py:1824} INFO - Sync 1 DAGs
[2026-09-22 16:31:59,838] {logging_mixin.py:104} INFO - [2026-09-22 16:31:59,838] {dag.py:2280} INFO - Setting next_dagrun for example_branch_operator to 2026-09-20 00:00:00+00:00
[2026-09-22 16:31:59,855] {scheduler_job.py:190} INFO - Processing /home/airflow/.local/lib/python3.6/site-packages/airflow/example_dags/example_branch_operator.py took 0.099 seconds
[2026-09-22 16:32:30,250] {scheduler_job.py:182} INFO - Started process (PID=404) to work on /home/airflow/.local/lib/python3.6/site-packages/airflow/example_dags/example_branch_operator.py
[2026-09-22 16:32:30,252] {scheduler_job.py:629} INFO - Processing file /home/airflow/.local/lib/python3.6/site-packages/airflow/example_dags/example_branch_operator.py for tasks to queue
[2026-09-22 16:32:30,253] {logging_mixin.py:104} INFO - [2026-09-22 16:32:30,253] {dagbag.py:451} INFO - Filling up the DagBag from /home/airflow/.local/lib/python3.6/site-packages/airflow/example_dags/example_branch_operator.py
[2026-09-22 16:32:30,275] {scheduler_job.py:639} INFO - DAG(s) dict_keys(['example_branch_operator']) retrieved from /home/airflow/.local/lib/python3.6/site-packages/airflow/example_dags/example_branch_operator.py
[2026-09-22 16:32:30,304] {logging_mixin.py:104} INFO - [2026-09-22 16:32:30,303] {dag.py:1824} INFO - Sync 1 DAGs
[2026-09-22 16:32:30,336] {logging_mixin.py:104} INFO - [2026-09-22 16:32:30,335] {dag.py:2280} INFO - Setting next_dagrun for example_branch_operator to 2026-09-20 00:00:00+00:00
[2026-09-22 16:32:30,358] {scheduler_job.py:190} INFO - Processing /home/airflow/.local/lib/python3.6/site-packages/airflow/example_dags/example_branch_operator.py took 0.112 seconds
[2026-09-22 16:33:00,813] {scheduler_job.py:182} INFO - Started process (PID=429) to work on /home/airflow/.local/lib/python3.6/site-packages/airflow/example_dags/example_branch_operator.py
[2026-09-22 16:33:00,815] {scheduler_job.py:629} INFO - Processing file /home/airflow/.local/lib/python3.6/site-packages/airflow/example_dags/example_branch_operator.py for tasks to queue
[2026-09-22 16:33:00,815] {logging_mixin.py:104} INFO - [2026-09-22 16:33:00,815] {dagbag.py:451} INFO - Filling up the DagBag from /home/airflow/.local/lib/python3.6/site-packages/airflow/example_dags/example_branch_operator.py
[2026-09-22 16:33:00,839] {scheduler_job.py:639} INFO - DAG(s) dict_keys(['example_branch_operator']) retrieved from /home/airflow/.local/lib/python3.6/site-packages/airflow/example_dags/example_branch_operator.py
[2026-09-22 16:33:00,871] {logging_mixin.py:104} INFO - [2026-09-22 16:33:00,871] {dag.py:1824} INFO - Sync 1 DAGs
[2026-09-22 16:33:00,910] {logging_mixin.py:104} INFO - [2026-09-22 16:33:00,910] {dag.py:2280} INFO - Setting next_dagrun for example_branch_operator to 2026-09-20 00:00:00+00:00
[2026-09-22 16:33:00,929] {scheduler_job.py:190} INFO - Processing /home/airflow/.local/lib/python3.6/site-packages/airflow/example_dags/example_branch_operator.py took 0.121 seconds
[2026-09-22 16:33:31,758] {scheduler_job.py:182} INFO - Started process (PID=455) to work on /home/airflow/.local/lib/python3.6/site-packages/airflow/example_dags/example_branch_operator.py
[2026-09-22 16:33:31,759] {scheduler_job.py:629} INFO - Processing file /home/airflow/.local/lib/python3.6/site-packages/airflow/example_dags/example_branch_operator.py for tasks to queue
[2026-09-22 16:33:31,760] {logging_mixin.py:104} INFO - [2026-09-22 16:33:31,760] {dagbag.py:451} INFO - Filling up the DagBag from /home/airflow/.local/lib/python3.6/site-packages/airflow/example_dags/example_branch_operator.py
[2026-09-22 16:33:31,778] {scheduler_job.py:639} INFO - DAG(s) dict_keys(['example_branch_operator']) retrieved from /home/airflow/.local/lib/python3.6/site-packages/airflow/example_dags/example_branch_operator.py
[2026-09-22 16:33:31,806] {logging_mixin.py:104} INFO - [2026-09-22 16:33:31,806] {dag.py:1824} INFO - Sync 1 DAGs
[2026-09-22 16:33:31,846] {logging_mixin.py:104} INFO - [2026-09-22 16:33:31,846] {dag.py:2280} INFO - Setting next_dagrun for example_branch_operator to 2026-09-20 00:00:00+00:00
[2026-09-22 16:33:31,918] {scheduler_job.py:190} INFO - Processing /home/airflow/.local/lib/python3.6/site-packages/airflow/example_dags/example_branch_operator.py took 0.164 seconds
[2026-09-22 16:34:02,731] {scheduler_job.py:182} INFO - Started process (PID=481) to work on /home/airflow/.local/lib/python3.6/site-packages/airflow/example_dags/example_branch_operator.py
[2026-09-22 16:34:02,732] {scheduler_job.py:629} INFO - Processing file /home/airflow/.local/lib/python3.6/site-packages/airflow/example_dags/example_branch_operator.py for tasks to queue
[2026-09-22 16:34:02,733] {logging_mixin.py:104} INFO - [2026-09-22 16:34:02,733] {dagbag.py:451} INFO - Filling up the DagBag from /home/airflow/.local/lib/python3.6/site-packages/airflow/example_dags/example_branch_operator.py
[2026-09-22 16:34:02,765] {scheduler_job.py:639} INFO - DAG(s) dict_keys(['example_branch_operator']) retrieved from /home/airflow/.local/lib/python3.6/site-packages/airflow/example_dags/example_branch_operator.py
[2026-09-22 16:34:02,804] {logging_mixin.py:104} INFO - [2026-09-22 16:34:02,804] {dag.py:1824} INFO - Sync 1 DAGs
[2026-09-22 16:34:02,853] {logging_mixin.py:104} INFO - [2026-09-22 16:34:02,853] {dag.py:2280} INFO - Setting next_dagrun for example_branch_operator to 2026-09-20 00:00:00+00:00
[2026-09-22 16:34:02,869] {scheduler_job.py:190} INFO - Processing /home/airflow/.local/lib/python3.6/site-packages/airflow/example_dags/example_branch_operator.py took 0.143 seconds
[2026-09-22 16:34:33,442] {scheduler_job.py:182} INFO - Started process (PID=507) to work on /home/airflow/.local/lib/python3.6/site-packages/airflow/example_dags/example_branch_operator.py
[2026-09-22 16:34:33,443] {scheduler_job.py:629} INFO - Processing file /home/airflow/.local/lib/python3.6/site-packages/airflow/example_dags/example_branch_operator.py for tasks to queue
[2026-09-22 16:34:33,444] {logging_mixin.py:104} INFO - [2026-09-22 16:34:33,444] {dagbag.py:451} INFO - Filling up the DagBag from /home/airflow/.local/lib/python3.6/site-packages/airflow/example_dags/example_branch_operator.py
[2026-09-22 16:34:33,463] {scheduler_job.py:639} INFO - DAG(s) dict_keys(['example_branch_operator']) retrieved from /home/airflow/.local/lib/python3.6/site-packages/airflow/example_dags/example_branch_operator.py
[2026-09-22 16:34:33,491] {logging_mixin.py:104} INFO - [2026-09-22 16:34:33,491] {dag.py:1824} INFO - Sync 1 DAGs
[2026-09-22 16:34:33,521] {logging_mixin.py:104} INFO - [2026-09-22 16:34:33,521] {dag.py:2280} INFO - Setting next_dagrun for example_branch_operator to 2026-09-20 00:00:00+00:00
[2026-09-22 16:34:33,538] {scheduler_job.py:190} INFO - Processing /home/airflow/.local/lib/python3.6/site-packages/airflow/example_dags/example_branch_operator.py took 0.100 seconds
[2026-09-22 16:35:04,057] {scheduler_job.py:182} INFO - Started process (PID=533) to work on /home/airflow/.local/lib/python3.6/site-packages/airflow/example_dags/example_branch_operator.py
[2026-09-22 16:35:04,058] {scheduler_job.py:629} INFO - Processing file /home/airflow/.local/lib/python3.6/site-packages/airflow/example_dags/example_branch_operator.py for tasks to queue
[2026-09-22 16:35:04,059] {logging_mixin.py:104} INFO - [2026-09-22 16:35:04,059] {dagbag.py:451} INFO - Filling up the DagBag from /home/airflow/.local/lib/python3.6/site-packages/airflow/example_dags/example_branch_operator.py
[2026-09-22 16:35:04,078] {scheduler_job.py:639} INFO - DAG(s) dict_keys(['example_branch_operator']) retrieved from /home/airflow/.local/lib/python3.6/site-packages/airflow/example_dags/example_branch_operator.py
[2026-09-22 16:35:04,103] {logging_mixin.py:104} INFO - [2026-09-22 16:35:04,102] {dag.py:1824} INFO - Sync 1 DAGs
[2026-09-22 16:35:04,130] {logging_mixin.py:104} INFO - [2026-09-22 16:35:04,130] {dag.py:2280} INFO - Setting next_dagrun for example_branch_operator to 2026-09-20 00:00:00+00:00
[2026-09-22 16:35:04,147] {scheduler_job.py:190} INFO - Processing /home/airflow/.local/lib/python3.6/site-packages/airflow/example_dags/example_branch_operator.py took 0.094 seconds
[2026-09-22 16:35:34,783] {scheduler_job.py:182} INFO - Started process (PID=560) to work on /home/airflow/.local/lib/python3.6/site-packages/airflow/example_dags/example_branch_operator.py
[2026-09-22 16:35:34,785] {scheduler_job.py:629} INFO - Processing file /home/airflow/.local/lib/python3.6/site-packages/airflow/example_dags/example_branch_operator.py for tasks to queue
[2026-09-22 16:35:34,785] {logging_mixin.py:104} INFO - [2026-09-22 16:35:34,785] {dagbag.py:451} INFO - Filling up the DagBag from /home/airflow/.local/lib/python3.6/site-packages/airflow/example_dags/example_branch_operator.py
[2026-09-22 16:35:34,806] {scheduler_job.py:639} INFO - DAG(s) dict_keys(['example_branch_operator']) retrieved from /home/airflow/.local/lib/python3.6/site-packages/airflow/example_dags/example_branch_operator.py
[2026-09-22 16:35:34,838] {logging_mixin.py:104} INFO - [2026-09-22 16:35:34,838] {dag.py:1824} INFO - Sync 1 DAGs
[2026-09-22 16:35:34,885] {logging_mixin.py:104} INFO - [2026-09-22 16:35:34,884] {dag.py:2280} INFO - Setting next_dagrun for example_branch_operator to 2026-09-20 00:00:00+00:00
[2026-09-22 16:35:34,908] {scheduler_job.py:190} INFO - Processing /home/airflow/.local/lib/python3.6/site-packages/airflow/example_dags/example_branch_operator.py took 0.129 seconds
[2026-09-22 16:36:05,501] {scheduler_job.py:182} INFO - Started process (PID=586) to work on /home/airflow/.local/lib/python3.6/site-packages/airflow/example_dags/example_branch_operator.py
[2026-09-22 16:36:05,502] {scheduler_job.py:629} INFO - Processing file /home/airflow/.local/lib/python3.6/site-packages/airflow/example_dags/example_branch_operator.py for tasks to queue
[2026-09-22 16:36:05,503] {logging_mixin.py:104} INFO - [2026-09-22 16:36:05,503] {dagbag.py:451} INFO - Filling up the DagBag from /home/airflow/.local/lib/python3.6/site-packages/airflow/example_dags/example_branch_operator.py
[2026-09-22 16:36:05,526] {scheduler_job.py:639} INFO - DAG(s) dict_keys(['example_branch_operator']) retrieved from /home/airflow/.local/lib/python3.6/site-packages/airflow/example_dags/example_branch_operator.py
[2026-09-22 16:36:05,553] {logging_mixin.py:104} INFO - [2026-09-22 16:36:05,553] {dag.py:1824} INFO - Sync 1 DAGs
[2026-09-22 16:36:05,581] {logging_mixin.py:104} INFO - [2026-09-22 16:36:05,581] {dag.py:2280} INFO - Setting next_dagrun for example_branch_operator to 2026-09-20 00:00:00+00:00
[2026-09-22 16:36:05,597] {scheduler_job.py:190} INFO - Processing /home/airflow/.local/lib/python3.6/site-packages/airflow/example_dags/example_branch_operator.py took 0.100 seconds
[2026-09-22 16:36:36,221] {scheduler_job.py:182} INFO - Started process (PID=612) to work on /home/airflow/.local/lib/python3.6/site-packages/airflow/example_dags/example_branch_operator.py
[2026-09-22 16:36:36,223] {scheduler_job.py:629} INFO - Processing file /home/airflow/.local/lib/python3.6/site-packages/airflow/example_dags/example_branch_operator.py for tasks to queue
[2026-09-22 16:36:36,224] {logging_mixin.py:104} INFO - [2026-09-22 16:36:36,224] {dagbag.py:451} INFO - Filling up the DagBag from /home/airflow/.local/lib/python3.6/site-packages/airflow/example_dags/example_branch_operator.py
[2026-09-22 16:36:36,259] {scheduler_job.py:639} INFO - DAG(s) dict_keys(['example_branch_operator']) retrieved from /home/airflow/.local/lib/python3.6/site-packages/airflow/example_dags/example_branch_operator.py
[2026-09-22 16:36:36,329] {logging_mixin.py:104} INFO - [2026-09-22 16:36:36,329] {dag.py:1824} INFO - Sync 1 DAGs
[2026-09-22 16:36:36,375] {logging_mixin.py:104} INFO - [2026-09-22 16:36:36,375] {dag.py:2280} INFO - Setting next_dagrun for example_branch_operator to 2026-09-20 00:00:00+00:00
[2026-09-22 16:36:36,395] {scheduler_job.py:190} INFO - Processing /home/airflow/.local/lib/python3.6/site-packages/airflow/example_dags/example_branch_operator.py took 0.179 seconds
[2026-09-22 16:37:07,029] {scheduler_job.py:182} INFO - Started process (PID=637) to work on /home/airflow/.local/lib/python3.6/site-packages/airflow/example_dags/example_branch_operator.py
[2026-09-22 16:37:07,031] {scheduler_job.py:629} INFO - Processing file /home/airflow/.local/lib/python3.6/site-packages/airflow/example_dags/example_branch_operator.py for tasks to queue
[2026-09-22 16:37:07,032] {logging_mixin.py:104} INFO - [2026-09-22 16:37:07,032] {dagbag.py:451} INFO - Filling up the DagBag from /home/airflow/.local/lib/python3.6/site-packages/airflow/example_dags/example_branch_operator.py
[2026-09-22 16:37:07,073] {scheduler_job.py:639} INFO - DAG(s) dict_keys(['example_branch_operator']) retrieved from /home/airflow/.local/lib/python3.6/site-packages/airflow/example_dags/example_branch_operator.py
[2026-09-22 16:37:07,128] {logging_mixin.py:104} INFO - [2026-09-22 16:37:07,128] {dag.py:1824} INFO - Sync 1 DAGs
[2026-09-22 16:37:07,167] {logging_mixin.py:104} INFO - [2026-09-22 16:37:07,167] {dag.py:2280} INFO - Setting next_dagrun for example_branch_operator to 2026-09-20 00:00:00+00:00
[2026-09-22 16:37:07,183] {scheduler_job.py:190} INFO - Processing /home/airflow/.local/lib/python3.6/site-packages/airflow/example_dags/example_branch_operator.py took 0.160 seconds
[2026-09-22 16:37:37,882] {scheduler_job.py:182} INFO - Started process (PID=664) to work on /home/airflow/.local/lib/python3.6/site-packages/airflow/example_dags/example_branch_operator.py
[2026-09-22 16:37:37,884] {scheduler_job.py:629} INFO - Processing file /home/airflow/.local/lib/python3.6/site-packages/airflow/example_dags/example_branch_operator.py for tasks to queue
[2026-09-22 16:37:37,885] {logging_mixin.py:104} INFO - [2026-09-22 16:37:37,885] {dagbag.py:451} INFO - Filling up the DagBag from /home/airflow/.local/lib/python3.6/site-packages/airflow/example_dags/example_branch_operator.py
[2026-09-22 16:37:37,906] {scheduler_job.py:639} INFO - DAG(s) dict_keys(['example_branch_operator']) retrieved from /home/airflow/.local/lib/python3.6/site-packages/airflow/example_dags/example_branch_operator.py
[2026-09-22 16:37:37,934] {logging_mixin.py:104} INFO - [2026-09-22 16:37:37,934] {dag.py:1824} INFO - Sync 1 DAGs
[2026-09-22 16:37:37,965] {logging_mixin.py:104} INFO - [2026-09-22 16:37:37,965] {dag.py:2280} INFO - Setting next_dagrun for example_branch_operator to 2026-09-20 00:00:00+00:00
[2026-09-22 16:37:37,982] {scheduler_job.py:190} INFO - Processing /home/airflow/.local/lib/python3.6/site-packages/airflow/example_dags/example_branch_operator.py took 0.104 seconds
[2026-09-22 16:38:08,489] {scheduler_job.py:182} INFO - Started process (PID=690) to work on /home/airflow/.local/lib/python3.6/site-packages/airflow/example_dags/example_branch_operator.py
[2026-09-22 16:38:08,491] {scheduler_job.py:629} INFO - Processing file /home/airflow/.local/lib/python3.6/site-packages/airflow/example_dags/example_branch_operator.py for tasks to queue
[2026-09-22 16:38:08,492] {logging_mixin.py:104} INFO - [2026-09-22 16:38:08,492] {dagbag.py:451} INFO - Filling up the DagBag from /home/airflow/.local/lib/python3.6/site-packages/airflow/example_dags/example_branch_operator.py
[2026-09-22 16:38:08,517] {scheduler_job.py:639} INFO - DAG(s) dict_keys(['example_branch_operator']) retrieved from /home/airflow/.local/lib/python3.6/site-packages/airflow/example_dags/example_branch_operator.py
[2026-09-22 16:38:08,575] {logging_mixin.py:104} INFO - [2026-09-22 16:38:08,574] {dag.py:1824} INFO - Sync 1 DAGs
[2026-09-22 16:38:08,611] {logging_mixin.py:104} INFO - [2026-09-22 16:38:08,610] {dag.py:2280} INFO - Setting next_dagrun for example_branch_operator to 2026-09-20 00:00:00+00:00
[2026-09-22 16:38:08,629] {scheduler_job.py:190} INFO - Processing /home/airflow/.local/lib/python3.6/site-packages/airflow/example_dags/example_branch_operator.py took 0.146 seconds
[2026-09-22 16:38:39,196] {scheduler_job.py:182} INFO - Started process (PID=716) to work on /home/airflow/.local/lib/python3.6/site-packages/airflow/example_dags/example_branch_operator.py
[2026-09-22 16:38:39,198] {scheduler_job.py:629} INFO - Processing file /home/airflow/.local/lib/python3.6/site-packages/airflow/example_dags/example_branch_operator.py for tasks to queue
[2026-09-22 16:38:39,199] {logging_mixin.py:104} INFO - [2026-09-22 16:38:39,199] {dagbag.py:451} INFO - Filling up the DagBag from /home/airflow/.local/lib/python3.6/site-packages/airflow/example_dags/example_branch_operator.py
[2026-09-22 16:38:39,230] {scheduler_job.py:639} INFO - DAG(s) dict_keys(['example_branch_operator']) retrieved from /home/airflow/.local/lib/python3.6/site-packages/airflow/example_dags/example_branch_operator.py
[2026-09-22 16:38:39,262] {logging_mixin.py:104} INFO - [2026-09-22 16:38:39,262] {dag.py:1824} INFO - Sync 1 DAGs
[2026-09-22 16:38:39,302] {logging_mixin.py:104} INFO - [2026-09-22 16:38:39,302] {dag.py:2280} INFO - Setting next_dagrun for example_branch_operator to 2026-09-20 00:00:00+00:00
[2026-09-22 16:38:39,324] {scheduler_job.py:190} INFO - Processing /home/airflow/.local/lib/python3.6/site-packages/airflow/example_dags/example_branch_operator.py took 0.134 seconds
[2026-09-22 16:39:10,001] {scheduler_job.py:182} INFO - Started process (PID=742) to work on /home/airflow/.local/lib/python3.6/site-packages/airflow/example_dags/example_branch_operator.py
[2026-09-22 16:39:10,003] {scheduler_job.py:629} INFO - Processing file /home/airflow/.local/lib/python3.6/site-packages/airflow/example_dags/example_branch_operator.py for tasks to queue
[2026-09-22 16:39:10,004] {logging_mixin.py:104} INFO - [2026-09-22 16:39:10,004] {dagbag.py:451} INFO - Filling up the DagBag from /home/airflow/.local/lib/python3.6/site-packages/airflow/example_dags/example_branch_operator.py
[2026-09-22 16:39:10,031] {scheduler_job.py:639} INFO - DAG(s) dict_keys(['example_branch_operator']) retrieved from /home/airflow/.local/lib/python3.6/site-packages/airflow/example_dags/example_branch_operator.py
[2026-09-22 16:39:10,066] {logging_mixin.py:104} INFO - [2026-09-22 16:39:10,065] {dag.py:1824} INFO - Sync 1 DAGs
[2026-09-22 16:39:10,107] {logging_mixin.py:104} INFO - [2026-09-22 16:39:10,106] {dag.py:2280} INFO - Setting next_dagrun for example_branch_operator to 2026-09-20 00:00:00+00:00
[2026-09-22 16:39:10,127] {scheduler_job.py:190} INFO - Processing /home/airflow/.local/lib/python3.6/site-packages/airflow/example_dags/example_branch_operator.py took 0.131 seconds
[2026-09-22 16:39:40,768] {scheduler_job.py:182} INFO - Started process (PID=768) to work on /home/airflow/.local/lib/python3.6/site-packages/airflow/example_dags/example_branch_operator.py
[2026-09-22 16:39:40,769] {scheduler_job.py:629} INFO - Processing file /home/airflow/.local/lib/python3.6/site-packages/airflow/example_dags/example_branch_operator.py for tasks to queue
[2026-09-22 16:39:40,769] {logging_mixin.py:104} INFO - [2026-09-22 16:39:40,769] {dagbag.py:451} INFO - Filling up the DagBag from /home/airflow/.local/lib/python3.6/site-packages/airflow/example_dags/example_branch_operator.py
[2026-09-22 16:39:40,796] {scheduler_job.py:639} INFO - DAG(s) dict_keys(['example_branch_operator']) retrieved from /home/airflow/.local/lib/python3.6/site-packages/airflow/example_dags/example_branch_operator.py
[2026-09-22 16:39:40,831] {logging_mixin.py:104} INFO - [2026-09-22 16:39:40,831] {dag.py:1824} INFO - Sync 1 DAGs
[2026-09-22 16:39:40,867] {logging_mixin.py:104} INFO - [2026-09-22 16:39:40,867] {dag.py:2280} INFO - Setting next_dagrun for example_branch_operator to 2026-09-20 00:00:00+00:00
[2026-09-22 16:39:40,890] {scheduler_job.py:190} INFO - Processing /home/airflow/.local/lib/python3.6/site-packages/airflow/example_dags/example_branch_operator.py took 0.126 seconds
[2026-09-22 16:40:11,535] {scheduler_job.py:182} INFO - Started process (PID=794) to work on /home/airflow/.local/lib/python3.6/site-packages/airflow/example_dags/example_branch_operator.py
[2026-09-22 16:40:11,538] {scheduler_job.py:629} INFO - Processing file /home/airflow/.local/lib/python3.6/site-packages/airflow/example_dags/example_branch_operator.py for tasks to queue
[2026-09-22 16:40:11,539] {logging_mixin.py:104} INFO - [2026-09-22 16:40:11,539] {dagbag.py:451} INFO - Filling up the DagBag from /home/airflow/.local/lib/python3.6/site-packages/airflow/example_dags/example_branch_operator.py
[2026-09-22 16:40:11,568] {scheduler_job.py:639} INFO - DAG(s) dict_keys(['example_branch_operator']) retrieved from /home/airflow/.local/lib/python3.6/site-packages/airflow/example_dags/example_branch_operator.py
[2026-09-22 16:40:11,597] {logging_mixin.py:104} INFO - [2026-09-22 16:40:11,597] {dag.py:1824} INFO - Sync 1 DAGs
[2026-09-22 16:40:11,629] {logging_mixin.py:104} INFO - [2026-09-22 16:40:11,628] {dag.py:2280} INFO - Setting next_dagrun for example_branch_operator to 2026-09-20 00:00:00+00:00
[2026-09-22 16:40:11,643] {scheduler_job.py:190} INFO - Processing /home/airflow/.local/lib/python3.6/site-packages/airflow/example_dags/example_branch_operator.py took 0.112 seconds
[2026-09-22 16:40:42,305] {scheduler_job.py:182} INFO - Started process (PID=819) to work on /home/airflow/.local/lib/python3.6/site-packages/airflow/example_dags/example_branch_operator.py
[2026-09-22 16:40:42,306] {scheduler_job.py:629} INFO - Processing file /home/airflow/.local/lib/python3.6/site-packages/airflow/example_dags/example_branch_operator.py for tasks to queue
[2026-09-22 16:40:42,307] {logging_mixin.py:104} INFO - [2026-09-22 16:40:42,307] {dagbag.py:451} INFO - Filling up the DagBag from /home/airflow/.local/lib/python3.6/site-packages/airflow/example_dags/example_branch_operator.py
[2026-09-22 16:40:42,332] {scheduler_job.py:639} INFO - DAG(s) dict_keys(['example_branch_operator']) retrieved from /home/airflow/.local/lib/python3.6/site-packages/airflow/example_dags/example_branch_operator.py
[2026-09-22 16:40:42,358] {logging_mixin.py:104} INFO - [2026-09-22 16:40:42,358] {dag.py:1824} INFO - Sync 1 DAGs
[2026-09-22 16:40:42,385] {logging_mixin.py:104} INFO - [2026-09-22 16:40:42,385] {dag.py:2280} INFO - Setting next_dagrun for example_branch_operator to 2026-09-20 00:00:00+00:00
[2026-09-22 16:40:42,402] {scheduler_job.py:190} INFO - Processing /home/airflow/.local/lib/python3.6/site-packages/airflow/example_dags/example_branch_operator.py took 0.103 seconds
[2026-09-22 16:41:13,229] {scheduler_job.py:182} INFO - Started process (PID=846) to work on /home/airflow/.local/lib/python3.6/site-packages/airflow/example_dags/example_branch_operator.py
[2026-09-22 16:41:13,233] {scheduler_job.py:629} INFO - Processing file /home/airflow/.local/lib/python3.6/site-packages/airflow/example_dags/example_branch_operator.py for tasks to queue
[2026-09-22 16:41:13,237] {logging_mixin.py:104} INFO - [2026-09-22 16:41:13,237] {dagbag.py:451} INFO - Filling up the DagBag from /home/airflow/.local/lib/python3.6/site-packages/airflow/example_dags/example_branch_operator.py
[2026-09-22 16:41:13,278] {scheduler_job.py:639} INFO - DAG(s) dict_keys(['example_branch_operator']) retrieved from /home/airflow/.local/lib/python3.6/site-packages/airflow/example_dags/example_branch_operator.py
[2026-09-22 16:41:13,320] {logging_mixin.py:104} INFO - [2026-09-22 16:41:13,320] {dag.py:1824} INFO - Sync 1 DAGs
[2026-09-22 16:41:13,370] {logging_mixin.py:104} INFO - [2026-09-22 16:41:13,369] {dag.py:2280} INFO - Setting next_dagrun for example_branch_operator to 2026-09-20 00:00:00+00:00
[2026-09-22 16:41:13,391] {scheduler_job.py:190} INFO - Processing /home/airflow/.local/lib/python3.6/site-packages/airflow/example_dags/example_branch_operator.py took 0.174 seconds
[2026-09-22 16:41:43,886] {scheduler_job.py:182} INFO - Started process (PID=872) to work on /home/airflow/.local/lib/python3.6/site-packages/airflow/example_dags/example_branch_operator.py
[2026-09-22 16:41:43,890] {scheduler_job.py:629} INFO - Processing file /home/airflow/.local/lib/python3.6/site-packages/airflow/example_dags/example_branch_operator.py for tasks to queue
[2026-09-22 16:41:43,893] {logging_mixin.py:104} INFO - [2026-09-22 16:41:43,892] {dagbag.py:451} INFO - Filling up the DagBag from /home/airflow/.local/lib/python3.6/site-packages/airflow/example_dags/example_branch_operator.py
[2026-09-22 16:41:43,964] {scheduler_job.py:639} INFO - DAG(s) dict_keys(['example_branch_operator']) retrieved from /home/airflow/.local/lib/python3.6/site-packages/airflow/example_dags/example_branch_operator.py
[2026-09-22 16:41:44,031] {logging_mixin.py:104} INFO - [2026-09-22 16:41:44,031] {dag.py:1824} INFO - Sync 1 DAGs
[2026-09-22 16:41:44,149] {logging_mixin.py:104} INFO - [2026-09-22 16:41:44,148] {dag.py:2280} INFO - Setting next_dagrun for example_branch_operator to 2026-09-20 00:00:00+00:00
[2026-09-22 16:41:44,197] {scheduler_job.py:190} INFO - Processing /home/airflow/.local/lib/python3.6/site-packages/airflow/example_dags/example_branch_operator.py took 0.322 seconds
