[2026-09-22 16:25:19,006] {scheduler_job.py:182} INFO - Started process (PID=34) to work on /home/airflow/.local/lib/python3.6/site-packages/airflow/example_dags/example_dag_decorator.py
[2026-09-22 16:25:19,007] {scheduler_job.py:629} INFO - Processing file /home/airflow/.local/lib/python3.6/site-packages/airflow/example_dags/example_dag_decorator.py for tasks to queue
[2026-09-22 16:25:19,009] {logging_mixin.py:104} INFO - [2026-09-22 16:25:19,008] {dagbag.py:451} INFO - Filling up the DagBag from /home/airflow/.local/lib/python3.6/site-packages/airflow/example_dags/example_dag_decorator.py
[2026-09-22 16:25:19,047] {scheduler_job.py:639} INFO - DAG(s) dict_keys(['example_dag_decorator']) retrieved from /home/airflow/.local/lib/python3.6/site-packages/airflow/example_dags/example_dag_decorator.py
[2026-09-22 16:25:19,145] {logging_mixin.py:104} INFO - [2026-09-22 16:25:19,145] {dag.py:1824} INFO - Sync 1 DAGs
[2026-09-22 16:25:19,179] {logging_mixin.py:104} INFO - [2026-09-22 16:25:19,178] {dag.py:2280} INFO - Setting next_dagrun for example_dag_decorator to None
[2026-09-22 16:25:19,211] {scheduler_job.py:190} INFO - Processing /home/airflow/.local/lib/python3.6/site-packages/airflow/example_dags/example_dag_decorator.py took 0.222 seconds
[2026-09-22 16:25:49,302] {scheduler_job.py:182} INFO - Started process (PID=60) to work on /home/airflow/.local/lib/python3.6/site-packages/airflow/example_dags/example_dag_decorator.py
[2026-09-22 16:25:49,303] {scheduler_job.py:629} INFO - Processing file /home/airflow/.local/lib/python3.6/site-packages/airflow/example_dags/example_dag_decorator.py for tasks to queue
[2026-09-22 16:25:49,304] {logging_mixin.py:104} INFO - [2026-09-22 16:25:49,304] {dagbag.py:451} INFO - Filling up the DagBag from /home/airflow/.local/lib/python3.6/site-packages/airflow/example_dags/example_dag_decorator.py
[2026-09-22 16:25:49,325] {scheduler_job.py:639} INFO - DAG(s) dict_keys(['example_dag_decorator']) retrieved from /home/airflow/.local/lib/python3.6/site-packages/airflow/example_dags/example_dag_decorator.py
[2026-09-22 16:25:49,352] {logging_mixin.py:104} INFO - [2026-09-22 16:25:49,352] {dag.py:1824} INFO - Sync 1 DAGs
[2026-09-22 16:25:49,371] {logging_mixin.py:104} INFO - [2026-09-22 16:25:49,371] {dag.py:2280} INFO - Setting next_dagrun for example_dag_decorator to None
[2026-09-22 16:25:49,386] {scheduler_job.py:190} INFO - Processing /home/airflow/.local/lib/python3.6/site-packages/airflow/example_dags/example_dag_decorator.py took 0.089 seconds
[2026-09-22 16:26:20,224] {scheduler_job.py:182} INFO - Started process (PID=86) to work on /home/airflow/.local/lib/python3.6/site-packages/airflow/example_dags/example_dag_decorator.py
[2026-09-22 16:26:20,225] {scheduler_job.py:629} INFO - Processing file /home/airflow/.local/lib/python3.6/site-packages/airflow/example_dags/example_dag_decorator.py for tasks to queue
[2026-09-22 16:26:20,226] {logging_mixin.py:104} INFO - [2026-09-22 16:26:20,226] {dagbag.py:451} INFO - Filling up the DagBag from /home/airflow/.local/lib/python3.6/site-packages/airflow/example_dags/example_dag_decorator.py
[2026-09-22 16:26:20,249] {scheduler_job.py:639} INFO - DAG(s) dict_keys(['example_dag_decorator']) retrieved from /home/airflow/.local/lib/python3.6/site-packages/airflow/example_dags/example_dag_decorator.py
[2026-09-22 16:26:20,290] {logging_mixin.py:104} INFO - [2026-09-22 16:26:20,290] {dag.py:1824} INFO - Sync 1 DAGs
[2026-09-22 16:26:20,319] {logging_mixin.py:104} INFO - [2026-09-22 16:26:20,319] {dag.py:2280} INFO - Setting next_dagrun for example_dag_decorator to None
[2026-09-22 16:26:20,341] {scheduler_job.py:190} INFO - Processing /home/airflow/.local/lib/python3.6/site-packages/airflow/example_dags/example_dag_decorator.py took 0.121 seconds
[2026-09-22 16:26:50,875] {scheduler_job.py:182} INFO - Started process (PID=112) to work on /home/airflow/.local/lib/python3.6/site-packages/airflow/example_dags/example_dag_decorator.py
[2026-09-22 16:26:50,876] {scheduler_job.py:629} INFO - Processing file /home/airflow/.local/lib/python3.6/site-packages/airflow/example_dags/example_dag_decorator.py for tasks to queue
[2026-09-22 16:26:50,877] {logging_mixin.py:104} INFO - [2026-09-22 16:26:50,877] {dagbag.py:451} INFO - Filling up the DagBag from /home/airflow/.local/lib/python3.6/site-packages/airflow/example_dags/example_dag_decorator.py
[2026-09-22 16:26:50,906] {scheduler_job.py:639} INFO - DAG(s) dict_keys(['example_dag_decorator']) retrieved from /home/airflow/.local/lib/python3.6/site-packages/airflow/example_dags/example_dag_decorator.py
[2026-09-22 16:26:50,947] {logging_mixin.py:104} INFO - [2026-09-22 16:26:50,946] {dag.py:1824} INFO - Sync 1 DAGs
[2026-09-22 16:26:50,974] {logging_mixin.py:104} INFO - [2026-09-22 16:26:50,973] {dag.py:2280} INFO - Setting next_dagrun for example_dag_decorator to None
[2026-09-22 16:26:50,995] {scheduler_job.py:190} INFO - Processing /home/airflow/.local/lib/python3.6/site-packages/airflow/example_dags/example_dag_decorator.py took 0.124 seconds
[2026-09-22 16:27:21,805] {scheduler_job.py:182} INFO - Started process (PID=138) to work on /home/airflow/.local/lib/python3.6/site-packages/airflow/example_dags/example_dag_decorator.py
[2026-09-22 16:27:21,808] {scheduler_job.py:629} INFO - Processing file /home/airflow/.local/lib/python3.6/site-packages/airflow/example_dags/example_dag_decorator.py for tasks to queue
[2026-09-22 16:27:21,809] {logging_mixin.py:104} INFO - [2026-09-22 16:27:21,809] {dagbag.py:451} INFO - Filling up the DagBag from /home/airflow/.local/lib/python3.6/site-packages/airflow/example_dags/example_dag_decorator.py
[2026-09-22 16:27:21,833] {scheduler_job.py:639} INFO - DAG(s) dict_keys(['example_dag_decorator']) retrieved from /home/airflow/.local/lib/python3.6/site-packages/airflow/example_dags/example_dag_decorator.py
[2026-09-22 16:27:21,873] {logging_mixin.py:104} INFO - [2026-09-22 16:27:21,872] {dag.py:1824} INFO - Sync 1 DAGs
[2026-09-22 16:27:21,892] {logging_mixin.py:104} INFO - [2026-09-22 16:27:21,892] {dag.py:2280} INFO - Setting next_dagrun for example_dag_decorator to None
[2026-09-22 16:27:21,906] {scheduler_job.py:190} INFO - Processing /home/airflow/.local/lib/python3.6/site-packages/airflow/example_dags/example_dag_decorator.py took 0.105 seconds
[2026-09-22 16:27:52,707] {scheduler_job.py:182} INFO - Started process (PID=164) to work on /home/airflow/.local/lib/python3.6/site-packages/airflow/example_dags/example_dag_decorator.py
[2026-09-22 16:27:52,709] {scheduler_job.py:629} INFO - Processing file /home/airflow/.local/lib/python3.6/site-packages/airflow/example_dags/example_dag_decorator.py for tasks to queue
[2026-09-22 16:27:52,710] {logging_mixin.py:104} INFO - [2026-09-22 16:27:52,710] {dagbag.py:451} INFO - Filling up the DagBag from /home/airflow/.local/lib/python3.6/site-packages/airflow/example_dags/example_dag_decorator.py
[2026-09-22 16:27:52,729] {scheduler_job.py:639} INFO - DAG(s) dict_keys(['example_dag_decorator']) retrieved from /home/airflow/.local/lib/python3.6/site-packages/airflow/example_dags/example_dag_decorator.py
[2026-09-22 16:27:52,764] {logging_mixin.py:104} INFO - [2026-09-22 16:27:52,764] {dag.py:1824} INFO - Sync 1 DAGs
[2026-09-22 16:27:52,790] {logging_mixin.py:104} INFO - [2026-09-22 16:27:52,790] {dag.py:2280} INFO - Setting next_dagrun for example_dag_decorator to None
[2026-09-22 16:27:52,808] {scheduler_job.py:190} INFO - Processing /home/airflow/.local/lib/python3.6/site-packages/airflow/example_dags/example_dag_decorator.py took 0.105 seconds
[2026-09-22 16:28:23,251] {scheduler_job.py:182} INFO - Started process (PID=190) to work on /home/airflow/.local/lib/python3.6/site-packages/airflow/example_dags/example_dag_decorator.py
[2026-09-22 16:28:23,252] {scheduler_job.py:629} INFO - Processing file /home/airflow/.local/lib/python3.6/site-packages/airflow/example_dags/example_dag_decorator.py for tasks to queue
[2026-09-22 16:28:23,252] {logging_mixin.py:104} INFO - [2026-09-22 16:28:23,252] {dagbag.py:451} INFO - Filling up the DagBag from /home/airflow/.local/lib/python3.6/site-packages/airflow/example_dags/example_dag_decorator.py
[2026-09-22 16:28:23,275] {scheduler_job.py:639} INFO - DAG(s) dict_keys(['example_dag_decorator']) retrieved from /home/airflow/.local/lib/python3.6/site-packages/airflow/example_dags/example_dag_decorator.py
[2026-09-22 16:28:23,304] {logging_mixin.py:104} INFO - [2026-09-22 16:28:23,304] {dag.py:1824} INFO - Sync 1 DAGs
[2026-09-22 16:28:23,327] {logging_mixin.py:104} INFO - [2026-09-22 16:28:23,327] {dag.py:2280} INFO - Setting next_dagrun for example_dag_decorator to None
[2026-09-22 16:28:23,345] {scheduler_job.py:190} INFO - Processing /home/airflow/.local/lib/python3.6/site-packages/airflow/example_dags/example_dag_decorator.py took 0.098 seconds
[2026-09-22 16:28:54,080] {scheduler_job.py:182} INFO - Started process (PID=216) to work on /home/airflow/.local/lib/python3.6/site-packages/airflow/example_dags/example_dag_decorator.py
[2026-09-22 16:28:54,081] {scheduler_job.py:629} INFO - Processing file /home/airflow/.local/lib/python3.6/site-packages/airflow/example_dags/example_dag_decorator.py for tasks to queue
[2026-09-22 16:28:54,082] {logging_mixin.py:104} INFO - [2026-09-22 16:28:54,082] {dagbag.py:451} INFO - Filling up the DagBag from /home/airflow/.local/lib/python3.6/site-packages/airflow/example_dags/example_dag_decorator.py
[2026-09-22 16:28:54,105] {scheduler_job.py:639} INFO - DAG(s) dict_keys(['example_dag_decorator']) retrieved from /home/airflow/.local/lib/python3.6/site-packages/airflow/example_dags/example_dag_decorator.py
[2026-09-22 16:28:54,135] {logging_mixin.py:104} INFO - [2026-09-22 16:28:54,135] {dag.py:1824} INFO - Sync 1 DAGs
[2026-09-22 16:28:54,157] {logging_mixin.py:104} INFO - [2026-09-22 16:28:54,156] {dag.py:2280} INFO - Setting next_dagrun for example_dag_decorator to None
[2026-09-22 16:28:54,175] {scheduler_job.py:190} INFO - Processing /home/airflow/.local/lib/python3.6/site-packages/airflow/example_dags/example_dag_decorator.py took 0.099 seconds
[2026-09-22 16:29:24,671] {scheduler_job.py:182} INFO - Started process (PID=242) to work on /home/airflow/.local/lib/python3.6/site-packages/airflow/example_dags/example_dag_decorator.py
[2026-09-22 16:29:24,673] {scheduler_job.py:629} INFO - Processing file /home/airflow/.local/lib/python3.6/site-packages/airflow/example_dags/example_dag_decorator.py for tasks to queue
[2026-09-22 16:29:24,674] {logging_mixin.py:104} INFO - [2026-09-22 16:29:24,673] {dagbag.py:451} INFO - Filling up the DagBag from /home/airflow/.local/lib/python3.6/site-packages/airflow/example_dags/example_dag_decorator.py
[2026-09-22 16:29:24,697] {scheduler_job.py:639} INFO - DAG(s) dict_keys(['example_dag_decorator']) retrieved from /home/airflow/.local/lib/python3.6/site-packages/airflow/example_dags/example_dag_decorator.py
[2026-09-22 16:29:24,746] {logging_mixin.py:104} INFO - [2026-09-22 16:29:24,746] {dag.py:1824} INFO - Sync 1 DAGs
[2026-09-22 16:29:24,770] {logging_mixin.py:104} INFO - [2026-09-22 16:29:24,770] {dag.py:2280} INFO - Setting next_dagrun for example_dag_decorator to None
[2026-09-22 16:29:24,789] {scheduler_job.py:190} INFO - Processing /home/airflow/.local/lib/python3.6/site-packages/airflow/example_dags/example_dag_decorator.py took 0.124 seconds
[2026-09-22 16:29:54,946] {scheduler_job.py:182} INFO - Started process (PID=268) to work on /home/airflow/.local/lib/python3.6/site-packages/airflow/example_dags/example_dag_decorator.py
[2026-09-22 16:29:54,948] {scheduler_job.py:629} INFO - Processing file /home/airflow/.local/lib/python3.6/site-packages/airflow/example_dags/example_dag_decorator.py for tasks to queue
[2026-09-22 16:29:54,949] {logging_mixin.py:104} INFO - [2026-09-22 16:29:54,949] {dagbag.py:451} INFO - Filling up the DagBag from /home/airflow/.local/lib/python3.6/site-packages/airflow/example_dags/example_dag_decorator.py
[2026-09-22 16:29:54,988] {scheduler_job.py:639} INFO - DAG(s) dict_keys(['example_dag_decorator']) retrieved from /home/airflow/.local/lib/python3.6/site-packages/airflow/example_dags/example_dag_decorator.py
[2026-09-22 16:29:55,033] {logging_mixin.py:104} INFO - [2026-09-22 16:29:55,032] {dag.py:1824} INFO - Sync 1 DAGs
[2026-09-22 16:29:55,067] {logging_mixin.py:104} INFO - [2026-09-22 16:29:55,066] {dag.py:2280} INFO - Setting next_dagrun for example_dag_decorator to None
[2026-09-22 16:29:55,096] {scheduler_job.py:190} INFO - Processing /home/airflow/.local/lib/python3.6/site-packages/airflow/example_dags/example_dag_decorator.py took 0.156 seconds
[2026-09-22 16:30:25,904] {scheduler_job.py:182} INFO - Started process (PID=294) to work on /home/airflow/.local/lib/python3.6/site-packages/airflow/example_dags/example_dag_decorator.py
[2026-09-22 16:30:25,906] {scheduler_job.py:629} INFO - Processing file /home/airflow/.local/lib/python3.6/site-packages/airflow/example_dags/example_dag_decorator.py for tasks to queue
[2026-09-22 16:30:25,907] {logging_mixin.py:104} INFO - [2026-09-22 16:30:25,907] {dagbag.py:451} INFO - Filling up the DagBag from /home/airflow/.local/lib/python3.6/site-packages/airflow/example_dags/example_dag_decorator.py
[2026-09-22 16:30:25,931] {scheduler_job.py:639} INFO - DAG(s) dict_keys(['example_dag_decorator']) retrieved from /home/airflow/.local/lib/python3.6/site-packages/airflow/example_dags/example_dag_decorator.py
[2026-09-22 16:30:25,964] {logging_mixin.py:104} INFO - [2026-09-22 16:30:25,964] {dag.py:1824} INFO - Sync 1 DAGs
[2026-09-22 16:30:25,987] {logging_mixin.py:104} INFO - [2026-09-22 16:30:25,987] {dag.py:2280} INFO - Setting next_dagrun for example_dag_decorator to None
[2026-09-22 16:30:26,008] {scheduler_job.py:190} INFO - Processing /home/airflow/.local/lib/python3.6/site-packages/airflow/example_dags/example_dag_decorator.py took 0.109 seconds
[2026-09-22 16:30:56,701] {scheduler_job.py:182} INFO - Started process (PID=320) to work on /home/airflow/.local/lib/python3.6/site-packages/airflow/example_dags/example_dag_decorator.py
[2026-09-22 16:30:56,703] {scheduler_job.py:629} INFO - Processing file /home/airflow/.local/lib/python3.6/site-packages/airflow/example_dags/example_dag_decorator.py for tasks to queue
[2026-09-22 16:30:56,704] {logging_mixin.py:104} INFO - [2026-09-22 16:30:56,704] {dagbag.py:451} INFO - Filling up the DagBag from /home/airflow/.local/lib/python3.6/site-packages/airflow/example_dags/example_dag_decorator.py
[2026-09-22 16:30:56,735] {scheduler_job.py:639} INFO - DAG(s) dict_keys(['example_dag_decorator']) retrieved from /home/airflow/.local/lib/python3.6/site-packages/airflow/example_dags/example_dag_decorator.py
[2026-09-22 16:30:56,764] {logging_mixin.py:104} INFO - [2026-09-22 16:30:56,764] {dag.py:1824} INFO - Sync 1 DAGs
[2026-09-22 16:30:56,783] {logging_mixin.py:104} INFO - [2026-09-22 16:30:56,783] {dag.py:2280} INFO - Setting next_dagrun for example_dag_decorator to None
[2026-09-22 16:30:56,805] {scheduler_job.py:190} INFO - Processing /home/airflow/.local/lib/python3.6/site-packages/airflow/example_dags/example_dag_decorator.py took 0.107 seconds
[2026-09-22 16:31:27,590] {scheduler_job.py:182} INFO - Started process (PID=346) to work on /home/airflow/.local/lib/python3.6/site-packages/airflow/example_dags/example_dag_decorator.py
[2026-09-22 16:31:27,592] {scheduler_job.py:629} INFO - Processing file /home/airflow/.local/lib/python3.6/site-packages/airflow/example_dags/example_dag_decorator.py for tasks to queue
[2026-09-22 16:31:27,594] {logging_mixin.py:104} INFO - [2026-09-22 16:31:27,593] {dagbag.py:451} INFO - Filling up the DagBag from /home/airflow/.local/lib/python3.6/site-packages/airflow/example_dags/example_dag_decorator.py
[2026-09-22 16:31:27,620] {scheduler_job.py:639} INFO - DAG(s) dict_keys(['example_dag_decorator']) retrieved from /home/airflow/.local/lib/python3.6/site-packages/airflow/example_dags/example_dag_decorator.py
[2026-09-22 16:31:27,660] {logging_mixin.py:104} INFO - [2026-09-22 16:31:27,659] {dag.py:1824} INFO - Sync 1 DAGs
[2026-09-22 16:31:27,711] {logging_mixin.py:104} INFO - [2026-09-22 16:31:27,711] {dag.py:2280} INFO - Setting next_dagrun for example_dag_decorator to None
[2026-09-22 16:31:27,748] {scheduler_job.py:190} INFO - Processing /home/airflow/.local/lib/python3.6/site-packages/airflow/example_dags/example_dag_decorator.py took 0.163 seconds
[2026-09-22 16:31:58,553] {scheduler_job.py:182} INFO - Started process (PID=372) to work on /home/airflow/.local/lib/python3.6/site-packages/airflow/example_dags/example_dag_decorator.py
[2026-09-22 16:31:58,554] {scheduler_job.py:629} INFO - Processing file /home/airflow/.local/lib/python3.6/site-packages/airflow/example_dags/example_dag_decorator.py for tasks to queue
[2026-09-22 16:31:58,555] {logging_mixin.py:104} INFO - [2026-09-22 16:31:58,555] {dagbag.py:451} INFO - Filling up the DagBag from /home/airflow/.local/lib/python3.6/site-packages/airflow/example_dags/example_dag_decorator.py
[2026-09-22 16:31:58,577] {scheduler_job.py:639} INFO - DAG(s) dict_keys(['example_dag_decorator']) retrieved from /home/airflow/.local/lib/python3.6/site-packages/airflow/example_dags/example_dag_decorator.py
[2026-09-22 16:31:58,607] {logging_mixin.py:104} INFO - [2026-09-22 16:31:58,607] {dag.py:1824} INFO - Sync 1 DAGs
[2026-09-22 16:31:58,631] {logging_mixin.py:104} INFO - [2026-09-22 16:31:58,631] {dag.py:2280} INFO - Setting next_dagrun for example_dag_decorator to None
[2026-09-22 16:31:58,647] {scheduler_job.py:190} INFO - Processing /home/airflow/.local/lib/python3.6/site-packages/airflow/example_dags/example_dag_decorator.py took 0.099 seconds
[2026-09-22 16:32:28,922] {scheduler_job.py:182} INFO - Started process (PID=398) to work on /home/airflow/.local/lib/python3.6/site-packages/airflow/example_dags/example_dag_decorator.py
[2026-09-22 16:32:28,924] {scheduler_job.py:629} INFO - Processing file /home/airflow/.local/lib/python3.6/site-packages/airflow/example_dags/example_dag_decorator.py for tasks to queue
[2026-09-22 16:32:28,925] {logging_mixin.py:104} INFO - [2026-09-22 16:32:28,925] {dagbag.py:451} INFO - Filling up the DagBag from /home/airflow/.local/lib/python3.6/site-packages/airflow/example_dags/example_dag_decorator.py
[2026-09-22 16:32:28,946] {scheduler_job.py:639} INFO - DAG(s) dict_keys(['example_dag_decorator']) retrieved from /home/airflow/.local/lib/python3.6/site-packages/airflow/example_dags/example_dag_decorator.py
[2026-09-22 16:32:28,972] {logging_mixin.py:104} INFO - [2026-09-22 16:32:28,971] {dag.py:1824} INFO - Sync 1 DAGs
[2026-09-22 16:32:28,994] {logging_mixin.py:104} INFO - [2026-09-22 16:32:28,993] {dag.py:2280} INFO - Setting next_dagrun for example_dag_decorator to None
[2026-09-22 16:32:29,010] {scheduler_job.py:190} INFO - Processing /home/airflow/.local/lib/python3.6/site-packages/airflow/example_dags/example_dag_decorator.py took 0.092 seconds
[2026-09-22 16:32:59,588] {scheduler_job.py:182} INFO - Started process (PID=424) to work on /home/airflow/.local/lib/python3.6/site-packages/airflow/example_dags/example_dag_decorator.py
[2026-09-22 16:32:59,590] {scheduler_job.py:629} INFO - Processing file /home/airflow/.local/lib/python3.6/site-packages/airflow/example_dags/example_dag_decorator.py for tasks to queue
[2026-09-22 16:32:59,591] {logging_mixin.py:104} INFO - [2026-09-22 16:32:59,590] {dagbag.py:451} INFO - Filling up the DagBag from /home/airflow/.local/lib/python3.6/site-packages/airflow/example_dags/example_dag_decorator.py
[2026-09-22 16:32:59,611] {scheduler_job.py:639} INFO - DAG(s) dict_keys(['example_dag_decorator']) retrieved from /home/airflow/.local/lib/python3.6/site-packages/airflow/example_dags/example_dag_decorator.py
[2026-09-22 16:32:59,639] {logging_mixin.py:104} INFO - [2026-09-22 16:32:59,639] {dag.py:1824} INFO - Sync 1 DAGs
[2026-09-22 16:32:59,660] {logging_mixin.py:104} INFO - [2026-09-22 16:32:59,660] {dag.py:2280} INFO - Setting next_dagrun for example_dag_decorator to None
[2026-09-22 16:32:59,679] {scheduler_job.py:190} INFO - Processing /home/airflow/.local/lib/python3.6/site-packages/airflow/example_dags/example_dag_decorator.py took 0.095 seconds
[2026-09-22 16:33:30,491] {scheduler_job.py:182} INFO - Started process (PID=450) to work on /home/airflow/.local/lib/python3.6/site-packages/airflow/example_dags/example_dag_decorator.py
[2026-09-22 16:33:30,492] {scheduler_job.py:629} INFO - Processing file /home/airflow/.local/lib/python3.6/site-packages/airflow/example_dags/example_dag_decorator.py for tasks to queue
[2026-09-22 16:33:30,493] {logging_mixin.py:104} INFO - [2026-09-22 16:33:30,493] {dagbag.py:451} INFO - Filling up the DagBag from /home/airflow/.local/lib/python3.6/site-packages/airflow/example_dags/example_dag_decorator.py
[2026-09-22 16:33:30,519] {scheduler_job.py:639} INFO - DAG(s) dict_keys(['example_dag_decorator']) retrieved from /home/airflow/.local/lib/python3.6/site-packages/airflow/example_dags/example_dag_decorator.py
[2026-09-22 16:33:30,558] {logging_mixin.py:104} INFO - [2026-09-22 16:33:30,557] {dag.py:1824} INFO - Sync 1 DAGs
[2026-09-22 16:33:30,584] {logging_mixin.py:104} INFO - [2026-09-22 16:33:30,584] {dag.py:2280} INFO - Setting next_dagrun for example_dag_decorator to None
[2026-09-22 16:33:30,607] {scheduler_job.py:190} INFO - Processing /home/airflow/.local/lib/python3.6/site-packages/airflow/example_dags/example_dag_decorator.py took 0.121 seconds
[2026-09-22 16:34:01,400] {scheduler_job.py:182} INFO - Started process (PID=476) to work on /home/airflow/.local/lib/python3.6/site-packages/airflow/example_dags/example_dag_decorator.py
[2026-09-22 16:34:01,402] {scheduler_job.py:629} INFO - Processing file /home/airflow/.local/lib/python3.6/site-packages/airflow/example_dags/example_dag_decorator.py for tasks to queue
[2026-09-22 16:34:01,403] {logging_mixin.py:104} INFO - [2026-09-22 16:34:01,403] {dagbag.py:451} INFO - Filling up the DagBag from /home/airflow/.local/lib/python3.6/site-packages/airflow/example_dags/example_dag_decorator.py
[2026-09-22 16:34:01,437] {scheduler_job.py:639} INFO - DAG(s) dict_keys(['example_dag_decorator']) retrieved from /home/airflow/.local/lib/python3.6/site-packages/airflow/example_dags/example_dag_decorator.py
[2026-09-22 16:34:01,486] {logging_mixin.py:104} INFO - [2026-09-22 16:34:01,486] {dag.py:1824} INFO - Sync 1 DAGs
[2026-09-22 16:34:01,534] {logging_mixin.py:104} INFO - [2026-09-22 16:34:01,534] {dag.py:2280} INFO - Setting next_dagrun for example_dag_decorator to None
[2026-09-22 16:34:01,563] {scheduler_job.py:190} INFO - Processing /home/airflow/.local/lib/python3.6/site-packages/airflow/example_dags/example_dag_decorator.py took 0.170 seconds
[2026-09-22 16:34:32,186] {scheduler_job.py:182} INFO - Started process (PID=502) to work on /home/airflow/.local/lib/python3.6/site-packages/airflow/example_dags/example_dag_decorator.py
[2026-09-22 16:34:32,187] {scheduler_job.py:629} INFO - Processing file /home/airflow/.local/lib/python3.6/site-packages/airflow/example_dags/example_dag_decorator.py for tasks to queue
[2026-09-22 16:34:32,188] {logging_mixin.py:104} INFO - [2026-09-22 16:34:32,188] {dagbag.py:451} INFO - Filling up the DagBag from /home/airflow/.local/lib/python3.6/site-packages/airflow/example_dags/example_dag_decorator.py
[2026-09-22 16:34:32,217] {scheduler_job.py:639} INFO - DAG(s) dict_keys(['example_dag_decorator']) retrieved from /home/airflow/.local/lib/python3.6/site-packages/airflow/example_dags/example_dag_decorator.py
[2026-09-22 16:34:32,254] {logging_mixin.py:104} INFO - [2026-09-22 16:34:32,253] {dag.py:1824} INFO - Sync 1 DAGs
[2026-09-22 16:34:32,283] {logging_mixin.py:104} INFO - [2026-09-22 16:34:32,283] {dag.py:2280} INFO - Setting next_dagrun for example_dag_decorator to None
[2026-09-22 16:34:32,309] {scheduler_job.py:190} INFO - Processing /home/airflow/.local/lib/python3.6/site-packages/airflow/example_dags/example_dag_decorator.py took 0.129 seconds
[2026-09-22 16:35:02,887] {scheduler_job.py:182} INFO - Started process (PID=528) to work on /home/airflow/.local/lib/python3.6/site-packages/airflow/example_dags/example_dag_decorator.py
[2026-09-22 16:35:02,888] {scheduler_job.py:629} INFO - Processing file /home/airflow/.local/lib/python3.6/site-packages/airflow/example_dags/example_dag_decorator.py for tasks to queue
[2026-09-22 16:35:02,889] {logging_mixin.py:104} INFO - [2026-09-22 16:35:02,889] {dagbag.py:451} INFO - Filling up the DagBag from /home/airflow/.local/lib/python3.6/site-packages/airflow/example_dags/example_dag_decorator.py
[2026-09-22 16:35:02,911] {scheduler_job.py:639} INFO - DAG(s) dict_keys(['example_dag_decorator']) retrieved from /home/airflow/.local/lib/python3.6/site-packages/airflow/example_dags/example_dag_decorator.py
[2026-09-22 16:35:02,950] {logging_mixin.py:104} INFO - [2026-09-22 16:35:02,950] {dag.py:1824} INFO - Sync 1 DAGs
[2026-09-22 16:35:02,978] {logging_mixin.py:104} INFO - [2026-09-22 16:35:02,977] {dag.py:2280} INFO - Setting next_dagrun for example_dag_decorator to None
[2026-09-22 16:35:02,995] {scheduler_job.py:190} INFO - Processing /home/airflow/.local/lib/python3.6/site-packages/airflow/example_dags/example_dag_decorator.py took 0.113 seconds
[2026-09-22 16:35:33,479] {scheduler_job.py:182} INFO - Started process (PID=554) to work on /home/airflow/.local/lib/python3.6/site-packages/airflow/example_dags/example_dag_decorator.py
[2026-09-22 16:35:33,481] {scheduler_job.py:629} INFO - Processing file /home/airflow/.local/lib/python3.6/site-packages/airflow/example_dags/example_dag_decorator.py for tasks to queue
[2026-09-22 16:35:33,482] {logging_mixin.py:104} INFO - [2026-09-22 16:35:33,482] {dagbag.py:451} INFO - Filling up the DagBag from /home/airflow/.local/lib/python3.6/site-packages/airflow/example_dags/example_dag_decorator.py
[2026-09-22 16:35:33,506] {scheduler_job.py:639} INFO - DAG(s) dict_keys(['example_dag_decorator']) retrieved from /home/airflow/.local/lib/python3.6/site-packages/airflow/example_dags/example_dag_decorator.py
[2026-09-22 16:35:33,542] {logging_mixin.py:104} INFO - [2026-09-22 16:35:33,541] {dag.py:1824} INFO - Sync 1 DAGs
[2026-09-22 16:35:33,562] {logging_mixin.py:104} INFO - [2026-09-22 16:35:33,562] {dag.py:2280} INFO - Setting next_dagrun for example_dag_decorator to None
[2026-09-22 16:35:33,576] {scheduler_job.py:190} INFO - Processing /home/airflow/.local/lib/python3.6/site-packages/airflow/example_dags/example_dag_decorator.py took 0.102 seconds
[2026-09-22 16:36:04,169] {scheduler_job.py:182} INFO - Started process (PID=580) to work on /home/airflow/.local/lib/python3.6/site-packages/airflow/example_dags/example_dag_decorator.py
[2026-09-22 16:36:04,171] {scheduler_job.py:629} INFO - Processing file /home/airflow/.local/lib/python3.6/site-packages/airflow/example_dags/example_dag_decorator.py for tasks to queue
[2026-09-22 16:36:04,171] {logging_mixin.py:104} INFO - [2026-09-22 16:36:04,171] {dagbag.py:451} INFO - Filling up the DagBag from /home/airflow/.local/lib/python3.6/site-packages/airflow/example_dags/example_dag_decorator.py
[2026-09-22 16:36:04,196] {scheduler_job.py:639} INFO - DAG(s) dict_keys(['example_dag_decorator']) retrieved from /home/airflow/.local/lib/python3.6/site-packages/airflow/example_dags/example_dag_decorator.py
[2026-09-22 16:36:04,231] {logging_mixin.py:104} INFO - [2026-09-22 16:36:04,231] {dag.py:1824} INFO - Sync 1 DAGs
[2026-09-22 16:36:04,261] {logging_mixin.py:104} INFO - [2026-09-22 16:36:04,261] {dag.py:2280} INFO - Setting next_dagrun for example_dag_decorator to None
[2026-09-22 16:36:04,281] {scheduler_job.py:190} INFO - Processing /home/airflow/.local/lib/python3.6/site-packages/airflow/example_dags/example_dag_decorator.py took 0.116 seconds
[2026-09-22 16:36:34,852] {scheduler_job.py:182} INFO - Started process (PID=606) to work on /home/airflow/.local/lib/python3.6/site-packages/airflow/example_dags/example_dag_decorator.py
[2026-09-22 16:36:34,854] {scheduler_job.py:629} INFO - Processing file /home/airflow/.local/lib/python3.6/site-packages/airflow/example_dags/example_dag_decorator.py for tasks to queue
[2026-09-22 16:36:34,854] {logging_mixin.py:104} INFO - [2026-09-22 16:36:34,854] {dagbag.py:451} INFO - Filling up the DagBag from /home/airflow/.local/lib/python3.6/site-packages/airflow/example_dags/example_dag_decorator.py
[2026-09-22 16:36:34,876] {scheduler_job.py:639} INFO - DAG(s) dict_keys(['example_dag_decorator']) retrieved from /home/airflow/.local/lib/python3.6/site-packages/airflow/example_dags/example_dag_decorator.py
[2026-09-22 16:36:34,904] {logging_mixin.py:104} INFO - [2026-09-22 16:36:34,904] {dag.py:1824} INFO - Sync 1 DAGs
[2026-09-22 16:36:34,922] {logging_mixin.py:104} INFO - [2026-09-22 16:36:34,922] {dag.py:2280} INFO - Setting next_dagrun for example_dag_decorator to None
[2026-09-22 16:36:34,936] {scheduler_job.py:190} INFO - Processing /home/airflow/.local/lib/python3.6/site-packages/airflow/example_dags/example_dag_decorator.py took 0.088 seconds
[2026-09-22 16:37:05,832] {scheduler_job.py:182} INFO - Started process (PID=632) to work on /home/airflow/.local/lib/python3.6/site-packages/airflow/example_dags/example_dag_decorator.py
[2026-09-22 16:37:05,834] {scheduler_job.py:629} INFO - Processing file /home/airflow/.local/lib/python3.6/site-packages/airflow/example_dags/example_dag_decorator.py for tasks to queue
[2026-09-22 16:37:05,834] {logging_mixin.py:104} INFO - [2026-09-22 16:37:05,834] {dagbag.py:451} INFO - Filling up the DagBag from /home/airflow/.local/lib/python3.6/site-packages/airflow/example_dags/example_dag_decorator.py
[2026-09-22 16:37:05,856] {scheduler_job.py:639} INFO - DAG(s) dict_keys(['example_dag_decorator']) retrieved from /home/airflow/.local/lib/python3.6/site-packages/airflow/example_dags/example_dag_decorator.py
[2026-09-22 16:37:05,886] {logging_mixin.py:104} INFO - [2026-09-22 16:37:05,885] {dag.py:1824} INFO - Sync 1 DAGs
[2026-09-22 16:37:05,904] {logging_mixin.py:104} INFO - [2026-09-22 16:37:05,904] {dag.py:2280} INFO - Setting next_dagrun for example_dag_decorator to None
[2026-09-22 16:37:05,920] {scheduler_job.py:190} INFO - Processing /home/airflow/.local/lib/python3.6/site-packages/airflow/example_dags/example_dag_decorator.py took 0.092 seconds
[2026-09-22 16:37:36,529] {scheduler_job.py:182} INFO - Started process (PID=658) to work on /home/airflow/.local/lib/python3.6/site-packages/airflow/example_dags/example_dag_decorator.py
[2026-09-22 16:37:36,532] {scheduler_job.py:629} INFO - Processing file /home/airflow/.local/lib/python3.6/site-packages/airflow/example_dags/example_dag_decorator.py for tasks to queue
[2026-09-22 16:37:36,533] {logging_mixin.py:104} INFO - [2026-09-22 16:37:36,533] {dagbag.py:451} INFO - Filling up the DagBag from /home/airflow/.local/lib/python3.6/site-packages/airflow/example_dags/example_dag_decorator.py
[2026-09-22 16:37:36,564] {scheduler_job.py:639} INFO - DAG(s) dict_keys(['example_dag_decorator']) retrieved from /home/airflow/.local/lib/python3.6/site-packages/airflow/example_dags/example_dag_decorator.py
[2026-09-22 16:37:36,603] {logging_mixin.py:104} INFO - [2026-09-22 16:37:36,603] {dag.py:1824} INFO - Sync 1 DAGs
[2026-09-22 16:37:36,628] {logging_mixin.py:104} INFO - [2026-09-22 16:37:36,628] {dag.py:2280} INFO - Setting next_dagrun for example_dag_decorator to None
[2026-09-22 16:37:36,649] {scheduler_job.py:190} INFO - Processing /home/airflow/.local/lib/python3.6/site-packages/airflow/example_dags/example_dag_decorator.py took 0.125 seconds
[2026-09-22 16:38:07,183] {scheduler_job.py:182} INFO - Started process (PID=684) to work on /home/airflow/.local/lib/python3.6/site-packages/airflow/example_dags/example_dag_decorator.py
[2026-09-22 16:38:07,184] {scheduler_job.py:629} INFO - Processing file /home/airflow/.local/lib/python3.6/site-packages/airflow/example_dags/example_dag_decorator.py for tasks to queue
[2026-09-22 16:38:07,185] {logging_mixin.py:104} INFO - [2026-09-22 16:38:07,185] {dagbag.py:451} INFO - Filling up the DagBag from /home/airflow/.local/lib/python3.6/site-packages/airflow/example_dags/example_dag_decorator.py
[2026-09-22 16:38:07,209] {scheduler_job.py:639} INFO - DAG(s) dict_keys(['example_dag_decorator']) retrieved from /home/airflow/.local/lib/python3.6/site-packages/airflow/example_dags/example_dag_decorator.py
[2026-09-22 16:38:07,235] {logging_mixin.py:104} INFO - [2026-09-22 16:38:07,235] {dag.py:1824} INFO - Sync 1 DAGs
[2026-09-22 16:38:07,254] {logging_mixin.py:104} INFO - [2026-09-22 16:38:07,254] {dag.py:2280} INFO - Setting next_dagrun for example_dag_decorator to None
[2026-09-22 16:38:07,269] {scheduler_job.py:190} INFO - Processing /home/airflow/.local/lib/python3.6/site-packages/airflow/example_dags/example_dag_decorator.py took 0.091 seconds
[2026-09-22 16:38:37,836] {scheduler_job.py:182} INFO - Started process (PID=710) to work on /home/airflow/.local/lib/python3.6/site-packages/airflow/example_dags/example_dag_decorator.py
[2026-09-22 16:38:37,840] {scheduler_job.py:629} INFO - Processing file /home/airflow/.local/lib/python3.6/site-packages/airflow/example_dags/example_dag_decorator.py for tasks to queue
[2026-09-22 16:38:37,841] {logging_mixin.py:104} INFO - [2026-09-22 16:38:37,841] {dagbag.py:451} INFO - Filling up the DagBag from /home/airflow/.local/lib/python3.6/site-packages/airflow/example_dags/example_dag_decorator.py
[2026-09-22 16:38:37,872] {scheduler_job.py:639} INFO - DAG(s) dict_keys(['example_dag_decorator']) retrieved from /home/airflow/.local/lib/python3.6/site-packages/airflow/example_dags/example_dag_decorator.py
[2026-09-22 16:38:37,912] {logging_mixin.py:104} INFO - [2026-09-22 16:38:37,912] {dag.py:1824} INFO - Sync 1 DAGs
[2026-09-22 16:38:37,940] {logging_mixin.py:104} INFO - [2026-09-22 16:38:37,940] {dag.py:2280} INFO - Setting next_dagrun for example_dag_decorator to None
[2026-09-22 16:38:37,961] {scheduler_job.py:190} INFO - Processing /home/airflow/.local/lib/python3.6/site-packages/airflow/example_dags/example_dag_decorator.py took 0.132 seconds
[2026-09-22 16:39:08,651] {scheduler_job.py:182} INFO - Started process (PID=736) to work on /home/airflow/.local/lib/python3.6/site-packages/airflow/example_dags/example_dag_decorator.py
[2026-09-22 16:39:08,653] {scheduler_job.py:629} INFO - Processing file /home/airflow/.local/lib/python3.6/site-packages/airflow/example_dags/example_dag_decorator.py for tasks to queue
[2026-09-22 16:39:08,654] {logging_mixin.py:104} INFO - [2026-09-22 16:39:08,654] {dagbag.py:451} INFO - Filling up the DagBag from /home/airflow/.local/lib/python3.6/site-packages/airflow/example_dags/example_dag_decorator.py
[2026-09-22 16:39:08,690] {scheduler_job.py:639} INFO - DAG(s) dict_keys(['example_dag_decorator']) retrieved from /home/airflow/.local/lib/python3.6/site-packages/airflow/example_dags/example_dag_decorator.py
[2026-09-22 16:39:08,732] {logging_mixin.py:104} INFO - [2026-09-22 16:39:08,732] {dag.py:1824} INFO - Sync 1 DAGs
[2026-09-22 16:39:08,758] {logging_mixin.py:104} INFO - [2026-09-22 16:39:08,757] {dag.py:2280} INFO - Setting next_dagrun for example_dag_decorator to None
[2026-09-22 16:39:08,777] {scheduler_job.py:190} INFO - Processing /home/airflow/.local/lib/python3.6/site-packages/airflow/example_dags/example_dag_decorator.py took 0.131 seconds
[2026-09-22 16:39:39,339] {scheduler_job.py:182} INFO - Started process (PID=762) to work on /home/airflow/.local/lib/python3.6/site-packages/airflow/example_dags/example_dag_decorator.py
[2026-09-22 16:39:39,341] {scheduler_job.py:629} INFO - Processing file /home/airflow/.local/lib/python3.6/site-packages/airflow/example_dags/example_dag_decorator.py for tasks to queue
[2026-09-22 16:39:39,342] {logging_mixin.py:104} INFO - [2026-09-22 16:39:39,342] {dagbag.py:451} INFO - Filling up the DagBag from /home/airflow/.local/lib/python3.6/site-packages/airflow/example_dags/example_dag_decorator.py
[2026-09-22 16:39:39,374] {scheduler_job.py:639} INFO - DAG(s) dict_keys(['example_dag_decorator']) retrieved from /home/airflow/.local/lib/python3.6/site-packages/airflow/example_dags/example_dag_decorator.py
[2026-09-22 16:39:39,407] {logging_mixin.py:104} INFO - [2026-09-22 16:39:39,407] {dag.py:1824} INFO - Sync 1 DAGs
[2026-09-22 16:39:39,438] {logging_mixin.py:104} INFO - [2026-09-22 16:39:39,438] {dag.py:2280} INFO - Setting next_dagrun for example_dag_decorator to None
[2026-09-22 16:39:39,467] {scheduler_job.py:190} INFO - Processing /home/airflow/.local/lib/python3.6/site-packages/airflow/example_dags/example_dag_decorator.py took 0.134 seconds
[2026-09-22 16:40:10,198] {scheduler_job.py:182} INFO - Started process (PID=788) to work on /home/airflow/.local/lib/python3.6/site-packages/airflow/example_dags/example_dag_decorator.py
[2026-09-22 16:40:10,200] {scheduler_job.py:629} INFO - Processing file /home/airflow/.local/lib/python3.6/site-packages/airflow/example_dags/example_dag_decorator.py for tasks to queue
[2026-09-22 16:40:10,201] {logging_mixin.py:104} INFO - [2026-09-22 16:40:10,200] {dagbag.py:451} INFO - Filling up the DagBag from /home/airflow/.local/lib/python3.6/site-packages/airflow/example_dags/example_dag_decorator.py
[2026-09-22 16:40:10,231] {scheduler_job.py:639} INFO - DAG(s) dict_keys(['example_dag_decorator']) retrieved from /home/airflow/.local/lib/python3.6/site-packages/airflow/example_dags/example_dag_decorator.py
[2026-09-22 16:40:10,267] {logging_mixin.py:104} INFO - [2026-09-22 16:40:10,267] {dag.py:1824} INFO - Sync 1 DAGs
[2026-09-22 16:40:10,287] {logging_mixin.py:104} INFO - [2026-09-22 16:40:10,287] {dag.py:2280} INFO - Setting next_dagrun for example_dag_decorator to None
[2026-09-22 16:40:10,306] {scheduler_job.py:190} INFO - Processing /home/airflow/.local/lib/python3.6/site-packages/airflow/example_dags/example_dag_decorator.py took 0.112 seconds
[2026-09-22 16:40:40,989] {scheduler_job.py:182} INFO - Started process (PID=814) to work on /home/airflow/.local/lib/python3.6/site-packages/airflow/example_dags/example_dag_decorator.py
[2026-09-22 16:40:40,991] {scheduler_job.py:629} INFO - Processing file /home/airflow/.local/lib/python3.6/site-packages/airflow/example_dags/example_dag_decorator.py for tasks to queue
[2026-09-22 16:40:40,993] {logging_mixin.py:104} INFO - [2026-09-22 16:40:40,992] {dagbag.py:451} INFO - Filling up the DagBag from /home/airflow/.local/lib/python3.6/site-packages/airflow/example_dags/example_dag_decorator.py
[2026-09-22 16:40:41,026] {scheduler_job.py:639} INFO - DAG(s) dict_keys(['example_dag_decorator']) retrieved from /home/airflow/.local/lib/python3.6/site-packages/airflow/example_dags/example_dag_decorator.py
[2026-09-22 16:40:41,068] {logging_mixin.py:104} INFO - [2026-09-22 16:40:41,067] {dag.py:1824} INFO - Sync 1 DAGs
[2026-09-22 16:40:41,106] {logging_mixin.py:104} INFO - [2026-09-22 16:40:41,106] {dag.py:2280} INFO - Setting next_dagrun for example_dag_decorator to None
[2026-09-22 16:40:41,138] {scheduler_job.py:190} INFO - Processing /home/airflow/.local/lib/python3.6/site-packages/airflow/example_dags/example_dag_decorator.py took 0.155 seconds
[2026-09-22 16:41:11,779] {scheduler_job.py:182} INFO - Started process (PID=840) to work on /home/airflow/.local/lib/python3.6/site-packages/airflow/example_dags/example_dag_decorator.py
[2026-09-22 16:41:11,781] {scheduler_job.py:629} INFO - Processing file /home/airflow/.local/lib/python3.6/site-packages/airflow/example_dags/example_dag_decorator.py for tasks to queue
[2026-09-22 16:41:11,782] {logging_mixin.py:104} INFO - [2026-09-22 16:41:11,782] {dagbag.py:451} INFO - Filling up the DagBag from /home/airflow/.local/lib/python3.6/site-packages/airflow/example_dags/example_dag_decorator.py
[2026-09-22 16:41:11,818] {scheduler_job.py:639} INFO - DAG(s) dict_keys(['example_dag_decorator']) retrieved from /home/airflow/.local/lib/python3.6/site-packages/airflow/example_dags/example_dag_decorator.py
[2026-09-22 16:41:11,854] {logging_mixin.py:104} INFO - [2026-09-22 16:41:11,854] {dag.py:1824} INFO - Sync 1 DAGs
[2026-09-22 16:41:11,882] {logging_mixin.py:104} INFO - [2026-09-22 16:41:11,882] {dag.py:2280} INFO - Setting next_dagrun for example_dag_decorator to None
[2026-09-22 16:41:11,903] {scheduler_job.py:190} INFO - Processing /home/airflow/.local/lib/python3.6/site-packages/airflow/example_dags/example_dag_decorator.py took 0.130 seconds
[2026-09-22 16:41:42,103] {scheduler_job.py:182} INFO - Started process (PID=866) to work on /home/airflow/.local/lib/python3.6/site-packages/airflow/example_dags/example_dag_decorator.py
[2026-09-22 16:41:42,107] {scheduler_job.py:629} INFO - Processing file /home/airflow/.local/lib/python3.6/site-packages/airflow/example_dags/example_dag_decorator.py for tasks to queue
[2026-09-22 16:41:42,109] {logging_mixin.py:104} INFO - [2026-09-22 16:41:42,109] {dagbag.py:451} INFO - Filling up the DagBag from /home/airflow/.local/lib/python3.6/site-packages/airflow/example_dags/example_dag_decorator.py
[2026-09-22 16:41:42,194] {scheduler_job.py:639} INFO - DAG(s) dict_keys(['example_dag_decorator']) retrieved from /home/airflow/.local/lib/python3.6/site-packages/airflow/example_dags/example_dag_decorator.py
[2026-09-22 16:41:42,265] {logging_mixin.py:104} INFO - [2026-09-22 16:41:42,265] {dag.py:1824} INFO - Sync 1 DAGs
[2026-09-22 16:41:42,309] {logging_mixin.py:104} INFO - [2026-09-22 16:41:42,309] {dag.py:2280} INFO - Setting next_dagrun for example_dag_decorator to None
[2026-09-22 16:41:42,347] {scheduler_job.py:190} INFO - Processing /home/airflow/.local/lib/python3.6/site-packages/airflow/example_dags/example_dag_decorator.py took 0.257 seconds
