[2026-09-22 16:25:21,716] {scheduler_job.py:182} INFO - Started process (PID=54) to work on /home/airflow/.local/lib/python3.6/site-packages/airflow/example_dags/example_kubernetes_executor.py
[2026-09-22 16:25:21,721] {scheduler_job.py:629} INFO - Processing file /home/airflow/.local/lib/python3.6/site-packages/airflow/example_dags/example_kubernetes_executor.py for tasks to queue
[2026-09-22 16:25:21,722] {logging_mixin.py:104} INFO - [2026-09-22 16:25:21,722] {dagbag.py:451} INFO - Filling up the DagBag from /home/airflow/.local/lib/python3.6/site-packages/airflow/example_dags/example_kubernetes_executor.py
[2026-09-22 16:25:21,774] {scheduler_job.py:639} INFO - DAG(s) dict_keys(['example_kubernetes_executor']) retrieved from /home/airflow/.local/lib/python3.6/site-packages/airflow/example_dags/example_kubernetes_executor.py
[2026-09-22 16:25:21,858] {logging_mixin.py:104} INFO - [2026-09-22 16:25:21,857] {dag.py:1824} INFO - Sync 1 DAGs
[2026-09-22 16:25:21,914] {logging_mixin.py:104} INFO - [2026-09-22 16:25:21,914] {dag.py:2280} INFO - Setting next_dagrun for example_kubernetes_executor to None
[2026-09-22 16:25:21,974] {scheduler_job.py:190} INFO - Processing /home/airflow/.local/lib/python3.6/site-packages/airflow/example_dags/example_kubernetes_executor.py took 0.273 seconds
[2026-09-22 16:25:52,900] {scheduler_job.py:182} INFO - Started process (PID=80) to work on /home/airflow/.local/lib/python3.6/site-packages/airflow/example_dags/example_kubernetes_executor.py
[2026-09-22 16:25:52,901] {scheduler_job.py:629} INFO - Processing file /home/airflow/.local/lib/python3.6/site-packages/airflow/example_dags/example_kubernetes_executor.py for tasks to queue
[2026-09-22 16:25:52,902] {logging_mixin.py:104} INFO - [2026-09-22 16:25:52,902] {dagbag.py:451} INFO - Filling up the DagBag from /home/airflow/.local/lib/python3.6/site-packages/airflow/example_dags/example_kubernetes_executor.py
[2026-09-22 16:25:52,919] {scheduler_job.py:639} INFO - DAG(s) dict_keys(['example_kubernetes_executor']) retrieved from /home/airflow/.local/lib/python3.6/site-packages/airflow/example_dags/example_kubernetes_executor.py
[2026-09-22 16:25:52,949] {logging_mixin.py:104} INFO - [2026-09-22 16:25:52,948] {dag.py:1824} INFO - Sync 1 DAGs
[2026-09-22 16:25:52,971] {logging_mixin.py:104} INFO - [2026-09-22 16:25:52,971] {dag.py:2280} INFO - Setting next_dagrun for example_kubernetes_executor to None
[2026-09-22 16:25:52,991] {scheduler_job.py:190} INFO - Processing /home/airflow/.local/lib/python3.6/site-packages/airflow/example_dags/example_kubernetes_executor.py took 0.095 seconds
[2026-09-22 16:26:23,486] {scheduler_job.py:182} INFO - Started process (PID=106) to work on /home/airflow/.local/lib/python3.6/site-packages/airflow/example_dags/example_kubernetes_executor.py
[2026-09-22 16:26:23,488] {scheduler_job.py:629} INFO - Processing file /home/airflow/.local/lib/python3.6/site-packages/airflow/example_dags/example_kubernetes_executor.py for tasks to queue
[2026-09-22 16:26:23,489] {logging_mixin.py:104} INFO - [2026-09-22 16:26:23,489] {dagbag.py:451} INFO - Filling up the DagBag from /home/airflow/.local/lib/python3.6/site-packages/airflow/example_dags/example_kubernetes_executor.py
[2026-09-22 16:26:23,516] {scheduler_job.py:639} INFO - DAG(s) dict_keys(['example_kubernetes_executor']) retrieved from /home/airflow/.local/lib/python3.6/site-packages/airflow/example_dags/example_kubernetes_executor.py
[2026-09-22 16:26:23,557] {logging_mixin.py:104} INFO - [2026-09-22 16:26:23,556] {dag.py:1824} INFO - Sync 1 DAGs
[2026-09-22 16:26:23,589] {logging_mixin.py:104} INFO - [2026-09-22 16:26:23,589] {dag.py:2280} INFO - Setting next_dagrun for example_kubernetes_executor to None
[2026-09-22 16:26:23,614] {scheduler_job.py:190} INFO - Processing /home/airflow/.local/lib/python3.6/site-packages/airflow/example_dags/example_kubernetes_executor.py took 0.134 seconds
[2026-09-22 16:26:54,457] {scheduler_job.py:182} INFO - Started process (PID=132) to work on /home/airflow/.local/lib/python3.6/site-packages/airflow/example_dags/example_kubernetes_executor.py
[2026-09-22 16:26:54,458] {scheduler_job.py:629} INFO - Processing file /home/airflow/.local/lib/python3.6/site-packages/airflow/example_dags/example_kubernetes_executor.py for tasks to queue
[2026-09-22 16:26:54,459] {logging_mixin.py:104} INFO - [2026-09-22 16:26:54,459] {dagbag.py:451} INFO - Filling up the DagBag from /home/airflow/.local/lib/python3.6/site-packages/airflow/example_dags/example_kubernetes_executor.py
[2026-09-22 16:26:54,481] {scheduler_job.py:639} INFO - DAG(s) dict_keys(['example_kubernetes_executor']) retrieved from /home/airflow/.local/lib/python3.6/site-packages/airflow/example_dags/example_kubernetes_executor.py
[2026-09-22 16:26:54,515] {logging_mixin.py:104} INFO - [2026-09-22 16:26:54,514] {dag.py:1824} INFO - Sync 1 DAGs
[2026-09-22 16:26:54,538] {logging_mixin.py:104} INFO - [2026-09-22 16:26:54,538] {dag.py:2280} INFO - Setting next_dagrun for example_kubernetes_executor to None
[2026-09-22 16:26:54,553] {scheduler_job.py:190} INFO - Processing /home/airflow/.local/lib/python3.6/site-packages/airflow/example_dags/example_kubernetes_executor.py took 0.101 seconds
[2026-09-22 16:27:25,100] {scheduler_job.py:182} INFO - Started process (PID=158) to work on /home/airflow/.local/lib/python3.6/site-packages/airflow/example_dags/example_kubernetes_executor.py
[2026-09-22 16:27:25,103] {scheduler_job.py:629} INFO - Processing file /home/airflow/.local/lib/python3.6/site-packages/airflow/example_dags/example_kubernetes_executor.py for tasks to queue
[2026-09-22 16:27:25,104] {logging_mixin.py:104} INFO - [2026-09-22 16:27:25,104] {dagbag.py:451} INFO - Filling up the DagBag from /home/airflow/.local/lib/python3.6/site-packages/airflow/example_dags/example_kubernetes_executor.py
[2026-09-22 16:27:25,135] {scheduler_job.py:639} INFO - DAG(s) dict_keys(['example_kubernetes_executor']) retrieved from /home/airflow/.local/lib/python3.6/site-packages/airflow/example_dags/example_kubernetes_executor.py
[2026-09-22 16:27:25,189] {logging_mixin.py:104} INFO - [2026-09-22 16:27:25,189] {dag.py:1824} INFO - Sync 1 DAGs
[2026-09-22 16:27:25,229] {logging_mixin.py:104} INFO - [2026-09-22 16:27:25,229] {dag.py:2280} INFO - Setting next_dagrun for example_kubernetes_executor to None
[2026-09-22 16:27:25,333] {scheduler_job.py:190} INFO - Processing /home/airflow/.local/lib/python3.6/site-packages/airflow/example_dags/example_kubernetes_executor.py took 0.244 seconds
[2026-09-22 16:27:55,938] {scheduler_job.py:182} INFO - Started process (PID=184) to work on /home/airflow/.local/lib/python3.6/site-packages/airflow/example_dags/example_kubernetes_executor.py
[2026-09-22 16:27:55,939] {scheduler_job.py:629} INFO - Processing file /home/airflow/.local/lib/python3.6/site-packages/airflow/example_dags/example_kubernetes_executor.py for tasks to queue
[2026-09-22 16:27:55,940] {logging_mixin.py:104} INFO - [2026-09-22 16:27:55,940] {dagbag.py:451} INFO - Filling up the DagBag from /home/airflow/.local/lib/python3.6/site-packages/airflow/example_dags/example_kubernetes_executor.py
[2026-09-22 16:27:55,955] {scheduler_job.py:639} INFO - DAG(s) dict_keys(['example_kubernetes_executor']) retrieved from /home/airflow/.local/lib/python3.6/site-packages/airflow/example_dags/example_kubernetes_executor.py
[2026-09-22 16:27:55,981] {logging_mixin.py:104} INFO - [2026-09-22 16:27:55,981] {dag.py:1824} INFO - Sync 1 DAGs
[2026-09-22 16:27:56,002] {logging_mixin.py:104} INFO - [2026-09-22 16:27:56,002] {dag.py:2280} INFO - Setting next_dagrun for example_kubernetes_executor to None
[2026-09-22 16:27:56,019] {scheduler_job.py:190} INFO - Processing /home/airflow/.local/lib/python3.6/site-packages/airflow/example_dags/example_kubernetes_executor.py took 0.085 seconds
[2026-09-22 16:28:26,785] {scheduler_job.py:182} INFO - Started process (PID=210) to work on /home/airflow/.local/lib/python3.6/site-packages/airflow/example_dags/example_kubernetes_executor.py
[2026-09-22 16:28:26,786] {scheduler_job.py:629} INFO - Processing file /home/airflow/.local/lib/python3.6/site-packages/airflow/example_dags/example_kubernetes_executor.py for tasks to queue
[2026-09-22 16:28:26,787] {logging_mixin.py:104} INFO - [2026-09-22 16:28:26,787] {dagbag.py:451} INFO - Filling up the DagBag from /home/airflow/.local/lib/python3.6/site-packages/airflow/example_dags/example_kubernetes_executor.py
[2026-09-22 16:28:26,804] {scheduler_job.py:639} INFO - DAG(s) dict_keys(['example_kubernetes_executor']) retrieved from /home/airflow/.local/lib/python3.6/site-packages/airflow/example_dags/example_kubernetes_executor.py
[2026-09-22 16:28:26,829] {logging_mixin.py:104} INFO - [2026-09-22 16:28:26,829] {dag.py:1824} INFO - Sync 1 DAGs
[2026-09-22 16:28:26,849] {logging_mixin.py:104} INFO - [2026-09-22 16:28:26,848] {dag.py:2280} INFO - Setting next_dagrun for example_kubernetes_executor to None
[2026-09-22 16:28:26,865] {scheduler_job.py:190} INFO - Processing /home/airflow/.local/lib/python3.6/site-packages/airflow/example_dags/example_kubernetes_executor.py took 0.086 seconds
[2026-09-22 16:28:57,336] {scheduler_job.py:182} INFO - Started process (PID=236) to work on /home/airflow/.local/lib/python3.6/site-packages/airflow/example_dags/example_kubernetes_executor.py
[2026-09-22 16:28:57,338] {scheduler_job.py:629} INFO - Processing file /home/airflow/.local/lib/python3.6/site-packages/airflow/example_dags/example_kubernetes_executor.py for tasks to queue
[2026-09-22 16:28:57,338] {logging_mixin.py:104} INFO - [2026-09-22 16:28:57,338] {dagbag.py:451} INFO - Filling up the DagBag from /home/airflow/.local/lib/python3.6/site-packages/airflow/example_dags/example_kubernetes_executor.py
[2026-09-22 16:28:57,354] {scheduler_job.py:639} INFO - DAG(s) dict_keys(['example_kubernetes_executor']) retrieved from /home/airflow/.local/lib/python3.6/site-packages/airflow/example_dags/example_kubernetes_executor.py
[2026-09-22 16:28:57,378] {logging_mixin.py:104} INFO - [2026-09-22 16:28:57,378] {dag.py:1824} INFO - Sync 1 DAGs
[2026-09-22 16:28:57,397] {logging_mixin.py:104} INFO - [2026-09-22 16:28:57,397] {dag.py:2280} INFO - Setting next_dagrun for example_kubernetes_executor to None
[2026-09-22 16:28:57,416] {scheduler_job.py:190} INFO - Processing /home/airflow/.local/lib/python3.6/site-packages/airflow/example_dags/example_kubernetes_executor.py took 0.083 seconds
[2026-09-22 16:29:27,475] {scheduler_job.py:182} INFO - Started process (PID=262) to work on /home/airflow/.local/lib/python3.6/site-packages/airflow/example_dags/example_kubernetes_executor.py
[2026-09-22 16:29:27,478] {scheduler_job.py:629} INFO - Processing file /home/airflow/.local/lib/python3.6/site-packages/airflow/example_dags/example_kubernetes_executor.py for tasks to queue
[2026-09-22 16:29:27,480] {logging_mixin.py:104} INFO - [2026-09-22 16:29:27,479] {dagbag.py:451} INFO - Filling up the DagBag from /home/airflow/.local/lib/python3.6/site-packages/airflow/example_dags/example_kubernetes_executor.py
[2026-09-22 16:29:27,511] {scheduler_job.py:639} INFO - DAG(s) dict_keys(['example_kubernetes_executor']) retrieved from /home/airflow/.local/lib/python3.6/site-packages/airflow/example_dags/example_kubernetes_executor.py
[2026-09-22 16:29:27,556] {logging_mixin.py:104} INFO - [2026-09-22 16:29:27,555] {dag.py:1824} INFO - Sync 1 DAGs
[2026-09-22 16:29:27,591] {logging_mixin.py:104} INFO - [2026-09-22 16:29:27,590] {dag.py:2280} INFO - Setting next_dagrun for example_kubernetes_executor to None
[2026-09-22 16:29:27,619] {scheduler_job.py:190} INFO - Processing /home/airflow/.local/lib/python3.6/site-packages/airflow/example_dags/example_kubernetes_executor.py took 0.150 seconds
[2026-09-22 16:29:58,526] {scheduler_job.py:182} INFO - Started process (PID=288) to work on /home/airflow/.local/lib/python3.6/site-packages/airflow/example_dags/example_kubernetes_executor.py
[2026-09-22 16:29:58,528] {scheduler_job.py:629} INFO - Processing file /home/airflow/.local/lib/python3.6/site-packages/airflow/example_dags/example_kubernetes_executor.py for tasks to queue
[2026-09-22 16:29:58,529] {logging_mixin.py:104} INFO - [2026-09-22 16:29:58,529] {dagbag.py:451} INFO - Filling up the DagBag from /home/airflow/.local/lib/python3.6/site-packages/airflow/example_dags/example_kubernetes_executor.py
[2026-09-22 16:29:58,558] {scheduler_job.py:639} INFO - DAG(s) dict_keys(['example_kubernetes_executor']) retrieved from /home/airflow/.local/lib/python3.6/site-packages/airflow/example_dags/example_kubernetes_executor.py
[2026-09-22 16:29:58,597] {logging_mixin.py:104} INFO - [2026-09-22 16:29:58,596] {dag.py:1824} INFO - Sync 1 DAGs
[2026-09-22 16:29:58,626] {logging_mixin.py:104} INFO - [2026-09-22 16:29:58,626] {dag.py:2280} INFO - Setting next_dagrun for example_kubernetes_executor to None
[2026-09-22 16:29:58,649] {scheduler_job.py:190} INFO - Processing /home/airflow/.local/lib/python3.6/site-packages/airflow/example_dags/example_kubernetes_executor.py took 0.130 seconds
[2026-09-22 16:30:29,381] {scheduler_job.py:182} INFO - Started process (PID=314) to work on /home/airflow/.local/lib/python3.6/site-packages/airflow/example_dags/example_kubernetes_executor.py
[2026-09-22 16:30:29,383] {scheduler_job.py:629} INFO - Processing file /home/airflow/.local/lib/python3.6/site-packages/airflow/example_dags/example_kubernetes_executor.py for tasks to queue
[2026-09-22 16:30:29,383] {logging_mixin.py:104} INFO - [2026-09-22 16:30:29,383] {dagbag.py:451} INFO - Filling up the DagBag from /home/airflow/.local/lib/python3.6/site-packages/airflow/example_dags/example_kubernetes_executor.py
[2026-09-22 16:30:29,404] {scheduler_job.py:639} INFO - DAG(s) dict_keys(['example_kubernetes_executor']) retrieved from /home/airflow/.local/lib/python3.6/site-packages/airflow/example_dags/example_kubernetes_executor.py
[2026-09-22 16:30:29,437] {logging_mixin.py:104} INFO - [2026-09-22 16:30:29,437] {dag.py:1824} INFO - Sync 1 DAGs
[2026-09-22 16:30:29,460] {logging_mixin.py:104} INFO - [2026-09-22 16:30:29,459] {dag.py:2280} INFO - Setting next_dagrun for example_kubernetes_executor to None
[2026-09-22 16:30:29,479] {scheduler_job.py:190} INFO - Processing /home/airflow/.local/lib/python3.6/site-packages/airflow/example_dags/example_kubernetes_executor.py took 0.103 seconds
[2026-09-22 16:31:00,195] {scheduler_job.py:182} INFO - Started process (PID=340) to work on /home/airflow/.local/lib/python3.6/site-packages/airflow/example_dags/example_kubernetes_executor.py
[2026-09-22 16:31:00,196] {scheduler_job.py:629} INFO - Processing file /home/airflow/.local/lib/python3.6/site-packages/airflow/example_dags/example_kubernetes_executor.py for tasks to queue
[2026-09-22 16:31:00,197] {logging_mixin.py:104} INFO - [2026-09-22 16:31:00,197] {dagbag.py:451} INFO - Filling up the DagBag from /home/airflow/.local/lib/python3.6/site-packages/airflow/example_dags/example_kubernetes_executor.py
[2026-09-22 16:31:00,213] {scheduler_job.py:639} INFO - DAG(s) dict_keys(['example_kubernetes_executor']) retrieved from /home/airflow/.local/lib/python3.6/site-packages/airflow/example_dags/example_kubernetes_executor.py
[2026-09-22 16:31:00,243] {logging_mixin.py:104} INFO - [2026-09-22 16:31:00,243] {dag.py:1824} INFO - Sync 1 DAGs
[2026-09-22 16:31:00,263] {logging_mixin.py:104} INFO - [2026-09-22 16:31:00,262] {dag.py:2280} INFO - Setting next_dagrun for example_kubernetes_executor to None
[2026-09-22 16:31:00,280] {scheduler_job.py:190} INFO - Processing /home/airflow/.local/lib/python3.6/site-packages/airflow/example_dags/example_kubernetes_executor.py took 0.089 seconds
[2026-09-22 16:31:31,218] {scheduler_job.py:182} INFO - Started process (PID=366) to work on /home/airflow/.local/lib/python3.6/site-packages/airflow/example_dags/example_kubernetes_executor.py
[2026-09-22 16:31:31,221] {scheduler_job.py:629} INFO - Processing file /home/airflow/.local/lib/python3.6/site-packages/airflow/example_dags/example_kubernetes_executor.py for tasks to queue
[2026-09-22 16:31:31,222] {logging_mixin.py:104} INFO - [2026-09-22 16:31:31,222] {dagbag.py:451} INFO - Filling up the DagBag from /home/airflow/.local/lib/python3.6/site-packages/airflow/example_dags/example_kubernetes_executor.py
[2026-09-22 16:31:31,251] {scheduler_job.py:639} INFO - DAG(s) dict_keys(['example_kubernetes_executor']) retrieved from /home/airflow/.local/lib/python3.6/site-packages/airflow/example_dags/example_kubernetes_executor.py
[2026-09-22 16:31:31,292] {logging_mixin.py:104} INFO - [2026-09-22 16:31:31,292] {dag.py:1824} INFO - Sync 1 DAGs
[2026-09-22 16:31:31,323] {logging_mixin.py:104} INFO - [2026-09-22 16:31:31,322] {dag.py:2280} INFO - Setting next_dagrun for example_kubernetes_executor to None
[2026-09-22 16:31:31,342] {scheduler_job.py:190} INFO - Processing /home/airflow/.local/lib/python3.6/site-packages/airflow/example_dags/example_kubernetes_executor.py took 0.135 seconds
[2026-09-22 16:32:01,623] {scheduler_job.py:182} INFO - Started process (PID=392) to work on /home/airflow/.local/lib/python3.6/site-packages/airflow/example_dags/example_kubernetes_executor.py
[2026-09-22 16:32:01,625] {scheduler_job.py:629} INFO - Processing file /home/airflow/.local/lib/python3.6/site-packages/airflow/example_dags/example_kubernetes_executor.py for tasks to queue
[2026-09-22 16:32:01,625] {logging_mixin.py:104} INFO - [2026-09-22 16:32:01,625] {dagbag.py:451} INFO - Filling up the DagBag from /home/airflow/.local/lib/python3.6/site-packages/airflow/example_dags/example_kubernetes_executor.py
[2026-09-22 16:32:01,642] {scheduler_job.py:639} INFO - DAG(s) dict_keys(['example_kubernetes_executor']) retrieved from /home/airflow/.local/lib/python3.6/site-packages/airflow/example_dags/example_kubernetes_executor.py
[2026-09-22 16:32:01,667] {logging_mixin.py:104} INFO - [2026-09-22 16:32:01,667] {dag.py:1824} INFO - Sync 1 DAGs
[2026-09-22 16:32:01,686] {logging_mixin.py:104} INFO - [2026-09-22 16:32:01,685] {dag.py:2280} INFO - Setting next_dagrun for example_kubernetes_executor to None
[2026-09-22 16:32:01,701] {scheduler_job.py:190} INFO - Processing /home/airflow/.local/lib/python3.6/site-packages/airflow/example_dags/example_kubernetes_executor.py took 0.082 seconds
[2026-09-22 16:32:32,205] {scheduler_job.py:182} INFO - Started process (PID=418) to work on /home/airflow/.local/lib/python3.6/site-packages/airflow/example_dags/example_kubernetes_executor.py
[2026-09-22 16:32:32,207] {scheduler_job.py:629} INFO - Processing file /home/airflow/.local/lib/python3.6/site-packages/airflow/example_dags/example_kubernetes_executor.py for tasks to queue
[2026-09-22 16:32:32,208] {logging_mixin.py:104} INFO - [2026-09-22 16:32:32,207] {dagbag.py:451} INFO - Filling up the DagBag from /home/airflow/.local/lib/python3.6/site-packages/airflow/example_dags/example_kubernetes_executor.py
[2026-09-22 16:32:32,224] {scheduler_job.py:639} INFO - DAG(s) dict_keys(['example_kubernetes_executor']) retrieved from /home/airflow/.local/lib/python3.6/site-packages/airflow/example_dags/example_kubernetes_executor.py
[2026-09-22 16:32:32,251] {logging_mixin.py:104} INFO - [2026-09-22 16:32:32,251] {dag.py:1824} INFO - Sync 1 DAGs
[2026-09-22 16:32:32,275] {logging_mixin.py:104} INFO - [2026-09-22 16:32:32,275] {dag.py:2280} INFO - Setting next_dagrun for example_kubernetes_executor to None
[2026-09-22 16:32:32,291] {scheduler_job.py:190} INFO - Processing /home/airflow/.local/lib/python3.6/site-packages/airflow/example_dags/example_kubernetes_executor.py took 0.091 seconds
[2026-09-22 16:33:03,122] {scheduler_job.py:182} INFO - Started process (PID=444) to work on /home/airflow/.local/lib/python3.6/site-packages/airflow/example_dags/example_kubernetes_executor.py
[2026-09-22 16:33:03,124] {scheduler_job.py:629} INFO - Processing file /home/airflow/.local/lib/python3.6/site-packages/airflow/example_dags/example_kubernetes_executor.py for tasks to queue
[2026-09-22 16:33:03,125] {logging_mixin.py:104} INFO - [2026-09-22 16:33:03,124] {dagbag.py:451} INFO - Filling up the DagBag from /home/airflow/.local/lib/python3.6/site-packages/airflow/example_dags/example_kubernetes_executor.py
[2026-09-22 16:33:03,145] {scheduler_job.py:639} INFO - DAG(s) dict_keys(['example_kubernetes_executor']) retrieved from /home/airflow/.local/lib/python3.6/site-packages/airflow/example_dags/example_kubernetes_executor.py
[2026-09-22 16:33:03,175] {logging_mixin.py:104} INFO - [2026-09-22 16:33:03,175] {dag.py:1824} INFO - Sync 1 DAGs
[2026-09-22 16:33:03,198] {logging_mixin.py:104} INFO - [2026-09-22 16:33:03,197] {dag.py:2280} INFO - Setting next_dagrun for example_kubernetes_executor to None
[2026-09-22 16:33:03,216] {scheduler_job.py:190} INFO - Processing /home/airflow/.local/lib/python3.6/site-packages/airflow/example_dags/example_kubernetes_executor.py took 0.099 seconds
[2026-09-22 16:33:33,975] {scheduler_job.py:182} INFO - Started process (PID=470) to work on /home/airflow/.local/lib/python3.6/site-packages/airflow/example_dags/example_kubernetes_executor.py
[2026-09-22 16:33:33,976] {scheduler_job.py:629} INFO - Processing file /home/airflow/.local/lib/python3.6/site-packages/airflow/example_dags/example_kubernetes_executor.py for tasks to queue
[2026-09-22 16:33:33,977] {logging_mixin.py:104} INFO - [2026-09-22 16:33:33,977] {dagbag.py:451} INFO - Filling up the DagBag from /home/airflow/.local/lib/python3.6/site-packages/airflow/example_dags/example_kubernetes_executor.py
[2026-09-22 16:33:33,996] {scheduler_job.py:639} INFO - DAG(s) dict_keys(['example_kubernetes_executor']) retrieved from /home/airflow/.local/lib/python3.6/site-packages/airflow/example_dags/example_kubernetes_executor.py
[2026-09-22 16:33:34,027] {logging_mixin.py:104} INFO - [2026-09-22 16:33:34,026] {dag.py:1824} INFO - Sync 1 DAGs
[2026-09-22 16:33:34,047] {logging_mixin.py:104} INFO - [2026-09-22 16:33:34,047] {dag.py:2280} INFO - Setting next_dagrun for example_kubernetes_executor to None
[2026-09-22 16:33:34,067] {scheduler_job.py:190} INFO - Processing /home/airflow/.local/lib/python3.6/site-packages/airflow/example_dags/example_kubernetes_executor.py took 0.096 seconds
[2026-09-22 16:34:04,870] {scheduler_job.py:182} INFO - Started process (PID=496) to work on /home/airflow/.local/lib/python3.6/site-packages/airflow/example_dags/example_kubernetes_executor.py
[2026-09-22 16:34:04,871] {scheduler_job.py:629} INFO - Processing file /home/airflow/.local/lib/python3.6/site-packages/airflow/example_dags/example_kubernetes_executor.py for tasks to queue
[2026-09-22 16:34:04,872] {logging_mixin.py:104} INFO - [2026-09-22 16:34:04,871] {dagbag.py:451} INFO - Filling up the DagBag from /home/airflow/.local/lib/python3.6/site-packages/airflow/example_dags/example_kubernetes_executor.py
[2026-09-22 16:34:04,888] {scheduler_job.py:639} INFO - DAG(s) dict_keys(['example_kubernetes_executor']) retrieved from /home/airflow/.local/lib/python3.6/site-packages/airflow/example_dags/example_kubernetes_executor.py
[2026-09-22 16:34:04,914] {logging_mixin.py:104} INFO - [2026-09-22 16:34:04,913] {dag.py:1824} INFO - Sync 1 DAGs
[2026-09-22 16:34:04,933] {logging_mixin.py:104} INFO - [2026-09-22 16:34:04,933] {dag.py:2280} INFO - Setting next_dagrun for example_kubernetes_executor to None
[2026-09-22 16:34:04,951] {scheduler_job.py:190} INFO - Processing /home/airflow/.local/lib/python3.6/site-packages/airflow/example_dags/example_kubernetes_executor.py took 0.085 seconds
[2026-09-22 16:34:35,460] {scheduler_job.py:182} INFO - Started process (PID=522) to work on /home/airflow/.local/lib/python3.6/site-packages/airflow/example_dags/example_kubernetes_executor.py
[2026-09-22 16:34:35,461] {scheduler_job.py:629} INFO - Processing file /home/airflow/.local/lib/python3.6/site-packages/airflow/example_dags/example_kubernetes_executor.py for tasks to queue
[2026-09-22 16:34:35,462] {logging_mixin.py:104} INFO - [2026-09-22 16:34:35,461] {dagbag.py:451} INFO - Filling up the DagBag from /home/airflow/.local/lib/python3.6/site-packages/airflow/example_dags/example_kubernetes_executor.py
[2026-09-22 16:34:35,477] {scheduler_job.py:639} INFO - DAG(s) dict_keys(['example_kubernetes_executor']) retrieved from /home/airflow/.local/lib/python3.6/site-packages/airflow/example_dags/example_kubernetes_executor.py
[2026-09-22 16:34:35,502] {logging_mixin.py:104} INFO - [2026-09-22 16:34:35,502] {dag.py:1824} INFO - Sync 1 DAGs
[2026-09-22 16:34:35,524] {logging_mixin.py:104} INFO - [2026-09-22 16:34:35,523] {dag.py:2280} INFO - Setting next_dagrun for example_kubernetes_executor to None
[2026-09-22 16:34:35,542] {scheduler_job.py:190} INFO - Processing /home/airflow/.local/lib/python3.6/site-packages/airflow/example_dags/example_kubernetes_executor.py took 0.086 seconds
[2026-09-22 16:35:06,094] {scheduler_job.py:182} INFO - Started process (PID=548) to work on /home/airflow/.local/lib/python3.6/site-packages/airflow/example_dags/example_kubernetes_executor.py
[2026-09-22 16:35:06,095] {scheduler_job.py:629} INFO - Processing file /home/airflow/.local/lib/python3.6/site-packages/airflow/example_dags/example_kubernetes_executor.py for tasks to queue
[2026-09-22 16:35:06,096] {logging_mixin.py:104} INFO - [2026-09-22 16:35:06,096] {dagbag.py:451} INFO - Filling up the DagBag from /home/airflow/.local/lib/python3.6/site-packages/airflow/example_dags/example_kubernetes_executor.py
[2026-09-22 16:35:06,114] {scheduler_job.py:639} INFO - DAG(s) dict_keys(['example_kubernetes_executor']) retrieved from /home/airflow/.local/lib/python3.6/site-packages/airflow/example_dags/example_kubernetes_executor.py
[2026-09-22 16:35:06,141] {logging_mixin.py:104} INFO - [2026-09-22 16:35:06,141] {dag.py:1824} INFO - Sync 1 DAGs
[2026-09-22 16:35:06,165] {logging_mixin.py:104} INFO - [2026-09-22 16:35:06,165] {dag.py:2280} INFO - Setting next_dagrun for example_kubernetes_executor to None
[2026-09-22 16:35:06,187] {scheduler_job.py:190} INFO - Processing /home/airflow/.local/lib/python3.6/site-packages/airflow/example_dags/example_kubernetes_executor.py took 0.097 seconds
[2026-09-22 16:35:36,819] {scheduler_job.py:182} INFO - Started process (PID=574) to work on /home/airflow/.local/lib/python3.6/site-packages/airflow/example_dags/example_kubernetes_executor.py
[2026-09-22 16:35:36,821] {scheduler_job.py:629} INFO - Processing file /home/airflow/.local/lib/python3.6/site-packages/airflow/example_dags/example_kubernetes_executor.py for tasks to queue
[2026-09-22 16:35:36,822] {logging_mixin.py:104} INFO - [2026-09-22 16:35:36,822] {dagbag.py:451} INFO - Filling up the DagBag from /home/airflow/.local/lib/python3.6/site-packages/airflow/example_dags/example_kubernetes_executor.py
[2026-09-22 16:35:36,844] {scheduler_job.py:639} INFO - DAG(s) dict_keys(['example_kubernetes_executor']) retrieved from /home/airflow/.local/lib/python3.6/site-packages/airflow/example_dags/example_kubernetes_executor.py
[2026-09-22 16:35:36,878] {logging_mixin.py:104} INFO - [2026-09-22 16:35:36,878] {dag.py:1824} INFO - Sync 1 DAGs
[2026-09-22 16:35:36,904] {logging_mixin.py:104} INFO - [2026-09-22 16:35:36,904] {dag.py:2280} INFO - Setting next_dagrun for example_kubernetes_executor to None
[2026-09-22 16:35:36,922] {scheduler_job.py:190} INFO - Processing /home/airflow/.local/lib/python3.6/site-packages/airflow/example_dags/example_kubernetes_executor.py took 0.109 seconds
[2026-09-22 16:36:07,492] {scheduler_job.py:182} INFO - Started process (PID=600) to work on /home/airflow/.local/lib/python3.6/site-packages/airflow/example_dags/example_kubernetes_executor.py
[2026-09-22 16:36:07,493] {scheduler_job.py:629} INFO - Processing file /home/airflow/.local/lib/python3.6/site-packages/airflow/example_dags/example_kubernetes_executor.py for tasks to queue
[2026-09-22 16:36:07,494] {logging_mixin.py:104} INFO - [2026-09-22 16:36:07,494] {dagbag.py:451} INFO - Filling up the DagBag from /home/airflow/.local/lib/python3.6/site-packages/airflow/example_dags/example_kubernetes_executor.py
[2026-09-22 16:36:07,511] {scheduler_job.py:639} INFO - DAG(s) dict_keys(['example_kubernetes_executor']) retrieved from /home/airflow/.local/lib/python3.6/site-packages/airflow/example_dags/example_kubernetes_executor.py
[2026-09-22 16:36:07,545] {logging_mixin.py:104} INFO - [2026-09-22 16:36:07,545] {dag.py:1824} INFO - Sync 1 DAGs
[2026-09-22 16:36:07,577] {logging_mixin.py:104} INFO - [2026-09-22 16:36:07,576] {dag.py:2280} INFO - Setting next_dagrun for example_kubernetes_executor to None
[2026-09-22 16:36:07,609] {scheduler_job.py:190} INFO - Processing /home/airflow/.local/lib/python3.6/site-packages/airflow/example_dags/example_kubernetes_executor.py took 0.121 seconds
[2026-09-22 16:36:38,519] {scheduler_job.py:182} INFO - Started process (PID=626) to work on /home/airflow/.local/lib/python3.6/site-packages/airflow/example_dags/example_kubernetes_executor.py
[2026-09-22 16:36:38,523] {scheduler_job.py:629} INFO - Processing file /home/airflow/.local/lib/python3.6/site-packages/airflow/example_dags/example_kubernetes_executor.py for tasks to queue
[2026-09-22 16:36:38,524] {logging_mixin.py:104} INFO - [2026-09-22 16:36:38,524] {dagbag.py:451} INFO - Filling up the DagBag from /home/airflow/.local/lib/python3.6/site-packages/airflow/example_dags/example_kubernetes_executor.py
[2026-09-22 16:36:38,539] {scheduler_job.py:639} INFO - DAG(s) dict_keys(['example_kubernetes_executor']) retrieved from /home/airflow/.local/lib/python3.6/site-packages/airflow/example_dags/example_kubernetes_executor.py
[2026-09-22 16:36:38,567] {logging_mixin.py:104} INFO - [2026-09-22 16:36:38,567] {dag.py:1824} INFO - Sync 1 DAGs
[2026-09-22 16:36:38,593] {logging_mixin.py:104} INFO - [2026-09-22 16:36:38,593] {dag.py:2280} INFO - Setting next_dagrun for example_kubernetes_executor to None
[2026-09-22 16:36:38,618] {scheduler_job.py:190} INFO - Processing /home/airflow/.local/lib/python3.6/site-packages/airflow/example_dags/example_kubernetes_executor.py took 0.104 seconds
[2026-09-22 16:37:09,112] {scheduler_job.py:182} INFO - Started process (PID=652) to work on /home/airflow/.local/lib/python3.6/site-packages/airflow/example_dags/example_kubernetes_executor.py
[2026-09-22 16:37:09,113] {scheduler_job.py:629} INFO - Processing file /home/airflow/.local/lib/python3.6/site-packages/airflow/example_dags/example_kubernetes_executor.py for tasks to queue
[2026-09-22 16:37:09,114] {logging_mixin.py:104} INFO - [2026-09-22 16:37:09,114] {dagbag.py:451} INFO - Filling up the DagBag from /home/airflow/.local/lib/python3.6/site-packages/airflow/example_dags/example_kubernetes_executor.py
[2026-09-22 16:37:09,130] {scheduler_job.py:639} INFO - DAG(s) dict_keys(['example_kubernetes_executor']) retrieved from /home/airflow/.local/lib/python3.6/site-packages/airflow/example_dags/example_kubernetes_executor.py
[2026-09-22 16:37:09,156] {logging_mixin.py:104} INFO - [2026-09-22 16:37:09,156] {dag.py:1824} INFO - Sync 1 DAGs
[2026-09-22 16:37:09,176] {logging_mixin.py:104} INFO - [2026-09-22 16:37:09,176] {dag.py:2280} INFO - Setting next_dagrun for example_kubernetes_executor to None
[2026-09-22 16:37:09,192] {scheduler_job.py:190} INFO - Processing /home/airflow/.local/lib/python3.6/site-packages/airflow/example_dags/example_kubernetes_executor.py took 0.084 seconds
[2026-09-22 16:37:39,837] {scheduler_job.py:182} INFO - Started process (PID=678) to work on /home/airflow/.local/lib/python3.6/site-packages/airflow/example_dags/example_kubernetes_executor.py
[2026-09-22 16:37:39,843] {scheduler_job.py:629} INFO - Processing file /home/airflow/.local/lib/python3.6/site-packages/airflow/example_dags/example_kubernetes_executor.py for tasks to queue
[2026-09-22 16:37:39,844] {logging_mixin.py:104} INFO - [2026-09-22 16:37:39,844] {dagbag.py:451} INFO - Filling up the DagBag from /home/airflow/.local/lib/python3.6/site-packages/airflow/example_dags/example_kubernetes_executor.py
[2026-09-22 16:37:39,865] {scheduler_job.py:639} INFO - DAG(s) dict_keys(['example_kubernetes_executor']) retrieved from /home/airflow/.local/lib/python3.6/site-packages/airflow/example_dags/example_kubernetes_executor.py
[2026-09-22 16:37:39,894] {logging_mixin.py:104} INFO - [2026-09-22 16:37:39,894] {dag.py:1824} INFO - Sync 1 DAGs
[2026-09-22 16:37:39,915] {logging_mixin.py:104} INFO - [2026-09-22 16:37:39,915] {dag.py:2280} INFO - Setting next_dagrun for example_kubernetes_executor to None
[2026-09-22 16:37:39,932] {scheduler_job.py:190} INFO - Processing /home/airflow/.local/lib/python3.6/site-packages/airflow/example_dags/example_kubernetes_executor.py took 0.098 seconds
[2026-09-22 16:38:10,446] {scheduler_job.py:182} INFO - Started process (PID=704) to work on /home/airflow/.local/lib/python3.6/site-packages/airflow/example_dags/example_kubernetes_executor.py
[2026-09-22 16:38:10,447] {scheduler_job.py:629} INFO - Processing file /home/airflow/.local/lib/python3.6/site-packages/airflow/example_dags/example_kubernetes_executor.py for tasks to queue
[2026-09-22 16:38:10,448] {logging_mixin.py:104} INFO - [2026-09-22 16:38:10,448] {dagbag.py:451} INFO - Filling up the DagBag from /home/airflow/.local/lib/python3.6/site-packages/airflow/example_dags/example_kubernetes_executor.py
[2026-09-22 16:38:10,466] {scheduler_job.py:639} INFO - DAG(s) dict_keys(['example_kubernetes_executor']) retrieved from /home/airflow/.local/lib/python3.6/site-packages/airflow/example_dags/example_kubernetes_executor.py
[2026-09-22 16:38:10,495] {logging_mixin.py:104} INFO - [2026-09-22 16:38:10,495] {dag.py:1824} INFO - Sync 1 DAGs
[2026-09-22 16:38:10,518] {logging_mixin.py:104} INFO - [2026-09-22 16:38:10,517] {dag.py:2280} INFO - Setting next_dagrun for example_kubernetes_executor to None
[2026-09-22 16:38:10,534] {scheduler_job.py:190} INFO - Processing /home/airflow/.local/lib/python3.6/site-packages/airflow/example_dags/example_kubernetes_executor.py took 0.094 seconds
[2026-09-22 16:38:41,224] {scheduler_job.py:182} INFO - Started process (PID=730) to work on /home/airflow/.local/lib/python3.6/site-packages/airflow/example_dags/example_kubernetes_executor.py
[2026-09-22 16:38:41,229] {scheduler_job.py:629} INFO - Processing file /home/airflow/.local/lib/python3.6/site-packages/airflow/example_dags/example_kubernetes_executor.py for tasks to queue
[2026-09-22 16:38:41,231] {logging_mixin.py:104} INFO - [2026-09-22 16:38:41,231] {dagbag.py:451} INFO - Filling up the DagBag from /home/airflow/.local/lib/python3.6/site-packages/airflow/example_dags/example_kubernetes_executor.py
[2026-09-22 16:38:41,257] {scheduler_job.py:639} INFO - DAG(s) dict_keys(['example_kubernetes_executor']) retrieved from /home/airflow/.local/lib/python3.6/site-packages/airflow/example_dags/example_kubernetes_executor.py
[2026-09-22 16:38:41,292] {logging_mixin.py:104} INFO - [2026-09-22 16:38:41,292] {dag.py:1824} INFO - Sync 1 DAGs
[2026-09-22 16:38:41,322] {logging_mixin.py:104} INFO - [2026-09-22 16:38:41,321] {dag.py:2280} INFO - Setting next_dagrun for example_kubernetes_executor to None
[2026-09-22 16:38:41,342] {scheduler_job.py:190} INFO - Processing /home/airflow/.local/lib/python3.6/site-packages/airflow/example_dags/example_kubernetes_executor.py took 0.123 seconds
[2026-09-22 16:39:12,017] {scheduler_job.py:182} INFO - Started process (PID=756) to work on /home/airflow/.local/lib/python3.6/site-packages/airflow/example_dags/example_kubernetes_executor.py
[2026-09-22 16:39:12,019] {scheduler_job.py:629} INFO - Processing file /home/airflow/.local/lib/python3.6/site-packages/airflow/example_dags/example_kubernetes_executor.py for tasks to queue
[2026-09-22 16:39:12,020] {logging_mixin.py:104} INFO - [2026-09-22 16:39:12,019] {dagbag.py:451} INFO - Filling up the DagBag from /home/airflow/.local/lib/python3.6/site-packages/airflow/example_dags/example_kubernetes_executor.py
[2026-09-22 16:39:12,036] {scheduler_job.py:639} INFO - DAG(s) dict_keys(['example_kubernetes_executor']) retrieved from /home/airflow/.local/lib/python3.6/site-packages/airflow/example_dags/example_kubernetes_executor.py
[2026-09-22 16:39:12,062] {logging_mixin.py:104} INFO - [2026-09-22 16:39:12,062] {dag.py:1824} INFO - Sync 1 DAGs
[2026-09-22 16:39:12,080] {logging_mixin.py:104} INFO - [2026-09-22 16:39:12,080] {dag.py:2280} INFO - Setting next_dagrun for example_kubernetes_executor to None
[2026-09-22 16:39:12,096] {scheduler_job.py:190} INFO - Processing /home/airflow/.local/lib/python3.6/site-packages/airflow/example_dags/example_kubernetes_executor.py took 0.083 seconds
[2026-09-22 16:39:42,815] {scheduler_job.py:182} INFO - Started process (PID=782) to work on /home/airflow/.local/lib/python3.6/site-packages/airflow/example_dags/example_kubernetes_executor.py
[2026-09-22 16:39:42,817] {scheduler_job.py:629} INFO - Processing file /home/airflow/.local/lib/python3.6/site-packages/airflow/example_dags/example_kubernetes_executor.py for tasks to queue
[2026-09-22 16:39:42,820] {logging_mixin.py:104} INFO - [2026-09-22 16:39:42,819] {dagbag.py:451} INFO - Filling up the DagBag from /home/airflow/.local/lib/python3.6/site-packages/airflow/example_dags/example_kubernetes_executor.py
[2026-09-22 16:39:42,851] {scheduler_job.py:639} INFO - DAG(s) dict_keys(['example_kubernetes_executor']) retrieved from /home/airflow/.local/lib/python3.6/site-packages/airflow/example_dags/example_kubernetes_executor.py
[2026-09-22 16:39:42,886] {logging_mixin.py:104} INFO - [2026-09-22 16:39:42,886] {dag.py:1824} INFO - Sync 1 DAGs
[2026-09-22 16:39:42,909] {logging_mixin.py:104} INFO - [2026-09-22 16:39:42,909] {dag.py:2280} INFO - Setting next_dagrun for example_kubernetes_executor to None
[2026-09-22 16:39:42,932] {scheduler_job.py:190} INFO - Processing /home/airflow/.local/lib/python3.6/site-packages/airflow/example_dags/example_kubernetes_executor.py took 0.123 seconds
[2026-09-22 16:40:13,473] {scheduler_job.py:182} INFO - Started process (PID=808) to work on /home/airflow/.local/lib/python3.6/site-packages/airflow/example_dags/example_kubernetes_executor.py
[2026-09-22 16:40:13,478] {scheduler_job.py:629} INFO - Processing file /home/airflow/.local/lib/python3.6/site-packages/airflow/example_dags/example_kubernetes_executor.py for tasks to queue
[2026-09-22 16:40:13,479] {logging_mixin.py:104} INFO - [2026-09-22 16:40:13,479] {dagbag.py:451} INFO - Filling up the DagBag from /home/airflow/.local/lib/python3.6/site-packages/airflow/example_dags/example_kubernetes_executor.py
[2026-09-22 16:40:13,501] {scheduler_job.py:639} INFO - DAG(s) dict_keys(['example_kubernetes_executor']) retrieved from /home/airflow/.local/lib/python3.6/site-packages/airflow/example_dags/example_kubernetes_executor.py
[2026-09-22 16:40:13,531] {logging_mixin.py:104} INFO - [2026-09-22 16:40:13,531] {dag.py:1824} INFO - Sync 1 DAGs
[2026-09-22 16:40:13,553] {logging_mixin.py:104} INFO - [2026-09-22 16:40:13,553] {dag.py:2280} INFO - Setting next_dagrun for example_kubernetes_executor to None
[2026-09-22 16:40:13,572] {scheduler_job.py:190} INFO - Processing /home/airflow/.local/lib/python3.6/site-packages/airflow/example_dags/example_kubernetes_executor.py took 0.102 seconds
[2026-09-22 16:40:44,372] {scheduler_job.py:182} INFO - Started process (PID=834) to work on /home/airflow/.local/lib/python3.6/site-packages/airflow/example_dags/example_kubernetes_executor.py
[2026-09-22 16:40:44,373] {scheduler_job.py:629} INFO - Processing file /home/airflow/.local/lib/python3.6/site-packages/airflow/example_dags/example_kubernetes_executor.py for tasks to queue
[2026-09-22 16:40:44,374] {logging_mixin.py:104} INFO - [2026-09-22 16:40:44,373] {dagbag.py:451} INFO - Filling up the DagBag from /home/airflow/.local/lib/python3.6/site-packages/airflow/example_dags/example_kubernetes_executor.py
[2026-09-22 16:40:44,392] {scheduler_job.py:639} INFO - DAG(s) dict_keys(['example_kubernetes_executor']) retrieved from /home/airflow/.local/lib/python3.6/site-packages/airflow/example_dags/example_kubernetes_executor.py
[2026-09-22 16:40:44,418] {logging_mixin.py:104} INFO - [2026-09-22 16:40:44,418] {dag.py:1824} INFO - Sync 1 DAGs
[2026-09-22 16:40:44,441] {logging_mixin.py:104} INFO - [2026-09-22 16:40:44,441] {dag.py:2280} INFO - Setting next_dagrun for example_kubernetes_executor to None
[2026-09-22 16:40:44,463] {scheduler_job.py:190} INFO - Processing /home/airflow/.local/lib/python3.6/site-packages/airflow/example_dags/example_kubernetes_executor.py took 0.096 seconds
[2026-09-22 16:41:15,381] {scheduler_job.py:182} INFO - Started process (PID=860) to work on /home/airflow/.local/lib/python3.6/site-packages/airflow/example_dags/example_kubernetes_executor.py
[2026-09-22 16:41:15,383] {scheduler_job.py:629} INFO - Processing file /home/airflow/.local/lib/python3.6/site-packages/airflow/example_dags/example_kubernetes_executor.py for tasks to queue
[2026-09-22 16:41:15,384] {logging_mixin.py:104} INFO - [2026-09-22 16:41:15,384] {dagbag.py:451} INFO - Filling up the DagBag from /home/airflow/.local/lib/python3.6/site-packages/airflow/example_dags/example_kubernetes_executor.py
[2026-09-22 16:41:15,412] {scheduler_job.py:639} INFO - DAG(s) dict_keys(['example_kubernetes_executor']) retrieved from /home/airflow/.local/lib/python3.6/site-packages/airflow/example_dags/example_kubernetes_executor.py
[2026-09-22 16:41:15,455] {logging_mixin.py:104} INFO - [2026-09-22 16:41:15,454] {dag.py:1824} INFO - Sync 1 DAGs
[2026-09-22 16:41:15,490] {logging_mixin.py:104} INFO - [2026-09-22 16:41:15,490] {dag.py:2280} INFO - Setting next_dagrun for example_kubernetes_executor to None
[2026-09-22 16:41:15,519] {scheduler_job.py:190} INFO - Processing /home/airflow/.local/lib/python3.6/site-packages/airflow/example_dags/example_kubernetes_executor.py took 0.145 seconds
[2026-09-22 16:41:45,904] {scheduler_job.py:182} INFO - Started process (PID=885) to work on /home/airflow/.local/lib/python3.6/site-packages/airflow/example_dags/example_kubernetes_executor.py
[2026-09-22 16:41:45,906] {scheduler_job.py:629} INFO - Processing file /home/airflow/.local/lib/python3.6/site-packages/airflow/example_dags/example_kubernetes_executor.py for tasks to queue
[2026-09-22 16:41:45,908] {logging_mixin.py:104} INFO - [2026-09-22 16:41:45,907] {dagbag.py:451} INFO - Filling up the DagBag from /home/airflow/.local/lib/python3.6/site-packages/airflow/example_dags/example_kubernetes_executor.py
[2026-09-22 16:41:45,954] {scheduler_job.py:639} INFO - DAG(s) dict_keys(['example_kubernetes_executor']) retrieved from /home/airflow/.local/lib/python3.6/site-packages/airflow/example_dags/example_kubernetes_executor.py
[2026-09-22 16:41:46,003] {logging_mixin.py:104} INFO - [2026-09-22 16:41:46,003] {dag.py:1824} INFO - Sync 1 DAGs
[2026-09-22 16:41:46,039] {logging_mixin.py:104} INFO - [2026-09-22 16:41:46,039] {dag.py:2280} INFO - Setting next_dagrun for example_kubernetes_executor to None
[2026-09-22 16:41:46,070] {scheduler_job.py:190} INFO - Processing /home/airflow/.local/lib/python3.6/site-packages/airflow/example_dags/example_kubernetes_executor.py took 0.173 seconds
