[2026-09-22 16:25:20,507] {scheduler_job.py:182} INFO - Started process (PID=45) to work on /home/airflow/.local/lib/python3.6/site-packages/airflow/example_dags/example_branch_python_dop_operator_3.py
[2026-09-22 16:25:20,509] {scheduler_job.py:629} INFO - Processing file /home/airflow/.local/lib/python3.6/site-packages/airflow/example_dags/example_branch_python_dop_operator_3.py for tasks to queue
[2026-09-22 16:25:20,513] {logging_mixin.py:104} INFO - [2026-09-22 16:25:20,513] {dagbag.py:451} INFO - Filling up the DagBag from /home/airflow/.local/lib/python3.6/site-packages/airflow/example_dags/example_branch_python_dop_operator_3.py
[2026-09-22 16:25:20,568] {scheduler_job.py:639} INFO - DAG(s) dict_keys(['example_branch_dop_operator_v3']) retrieved from /home/airflow/.local/lib/python3.6/site-packages/airflow/example_dags/example_branch_python_dop_operator_3.py
[2026-09-22 16:25:20,626] {logging_mixin.py:104} INFO - [2026-09-22 16:25:20,625] {dag.py:1824} INFO - Sync 1 DAGs
[2026-09-22 16:25:20,716] {logging_mixin.py:104} INFO - [2026-09-22 16:25:20,716] {dag.py:2280} INFO - Setting next_dagrun for example_branch_dop_operator_v3 to 2026-09-20 00:00:00+00:00
[2026-09-22 16:25:20,755] {scheduler_job.py:190} INFO - Processing /home/airflow/.local/lib/python3.6/site-packages/airflow/example_dags/example_branch_python_dop_operator_3.py took 0.260 seconds
[2026-09-22 16:25:51,292] {scheduler_job.py:182} INFO - Started process (PID=73) to work on /home/airflow/.local/lib/python3.6/site-packages/airflow/example_dags/example_branch_python_dop_operator_3.py
[2026-09-22 16:25:51,294] {scheduler_job.py:629} INFO - Processing file /home/airflow/.local/lib/python3.6/site-packages/airflow/example_dags/example_branch_python_dop_operator_3.py for tasks to queue
[2026-09-22 16:25:51,295] {logging_mixin.py:104} INFO - [2026-09-22 16:25:51,295] {dagbag.py:451} INFO - Filling up the DagBag from /home/airflow/.local/lib/python3.6/site-packages/airflow/example_dags/example_branch_python_dop_operator_3.py
[2026-09-22 16:25:51,321] {scheduler_job.py:639} INFO - DAG(s) dict_keys(['example_branch_dop_operator_v3']) retrieved from /home/airflow/.local/lib/python3.6/site-packages/airflow/example_dags/example_branch_python_dop_operator_3.py
[2026-09-22 16:25:51,352] {logging_mixin.py:104} INFO - [2026-09-22 16:25:51,352] {dag.py:1824} INFO - Sync 1 DAGs
[2026-09-22 16:25:51,396] {logging_mixin.py:104} INFO - [2026-09-22 16:25:51,396] {dag.py:2280} INFO - Setting next_dagrun for example_branch_dop_operator_v3 to 2026-09-20 00:00:00+00:00
[2026-09-22 16:25:51,414] {scheduler_job.py:190} INFO - Processing /home/airflow/.local/lib/python3.6/site-packages/airflow/example_dags/example_branch_python_dop_operator_3.py took 0.127 seconds
[2026-09-22 16:26:21,471] {scheduler_job.py:182} INFO - Started process (PID=90) to work on /home/airflow/.local/lib/python3.6/site-packages/airflow/example_dags/example_branch_python_dop_operator_3.py
[2026-09-22 16:26:21,472] {scheduler_job.py:629} INFO - Processing file /home/airflow/.local/lib/python3.6/site-packages/airflow/example_dags/example_branch_python_dop_operator_3.py for tasks to queue
[2026-09-22 16:26:21,473] {logging_mixin.py:104} INFO - [2026-09-22 16:26:21,472] {dagbag.py:451} INFO - Filling up the DagBag from /home/airflow/.local/lib/python3.6/site-packages/airflow/example_dags/example_branch_python_dop_operator_3.py
[2026-09-22 16:26:21,491] {scheduler_job.py:639} INFO - DAG(s) dict_keys(['example_branch_dop_operator_v3']) retrieved from /home/airflow/.local/lib/python3.6/site-packages/airflow/example_dags/example_branch_python_dop_operator_3.py
[2026-09-22 16:26:21,515] {logging_mixin.py:104} INFO - [2026-09-22 16:26:21,515] {dag.py:1824} INFO - Sync 1 DAGs
[2026-09-22 16:26:21,553] {logging_mixin.py:104} INFO - [2026-09-22 16:26:21,552] {dag.py:2280} INFO - Setting next_dagrun for example_branch_dop_operator_v3 to 2026-09-20 00:00:00+00:00
[2026-09-22 16:26:21,571] {scheduler_job.py:190} INFO - Processing /home/airflow/.local/lib/python3.6/site-packages/airflow/example_dags/example_branch_python_dop_operator_3.py took 0.104 seconds
[2026-09-22 16:26:52,157] {scheduler_job.py:182} INFO - Started process (PID=116) to work on /home/airflow/.local/lib/python3.6/site-packages/airflow/example_dags/example_branch_python_dop_operator_3.py
[2026-09-22 16:26:52,162] {scheduler_job.py:629} INFO - Processing file /home/airflow/.local/lib/python3.6/site-packages/airflow/example_dags/example_branch_python_dop_operator_3.py for tasks to queue
[2026-09-22 16:26:52,164] {logging_mixin.py:104} INFO - [2026-09-22 16:26:52,164] {dagbag.py:451} INFO - Filling up the DagBag from /home/airflow/.local/lib/python3.6/site-packages/airflow/example_dags/example_branch_python_dop_operator_3.py
[2026-09-22 16:26:52,216] {scheduler_job.py:639} INFO - DAG(s) dict_keys(['example_branch_dop_operator_v3']) retrieved from /home/airflow/.local/lib/python3.6/site-packages/airflow/example_dags/example_branch_python_dop_operator_3.py
[2026-09-22 16:26:52,285] {logging_mixin.py:104} INFO - [2026-09-22 16:26:52,285] {dag.py:1824} INFO - Sync 1 DAGs
[2026-09-22 16:26:52,362] {logging_mixin.py:104} INFO - [2026-09-22 16:26:52,361] {dag.py:2280} INFO - Setting next_dagrun for example_branch_dop_operator_v3 to 2026-09-20 00:00:00+00:00
[2026-09-22 16:26:52,383] {scheduler_job.py:190} INFO - Processing /home/airflow/.local/lib/python3.6/site-packages/airflow/example_dags/example_branch_python_dop_operator_3.py took 0.242 seconds
[2026-09-22 16:27:23,047] {scheduler_job.py:182} INFO - Started process (PID=142) to work on /home/airflow/.local/lib/python3.6/site-packages/airflow/example_dags/example_branch_python_dop_operator_3.py
[2026-09-22 16:27:23,049] {scheduler_job.py:629} INFO - Processing file /home/airflow/.local/lib/python3.6/site-packages/airflow/example_dags/example_branch_python_dop_operator_3.py for tasks to queue
[2026-09-22 16:27:23,049] {logging_mixin.py:104} INFO - [2026-09-22 16:27:23,049] {dagbag.py:451} INFO - Filling up the DagBag from /home/airflow/.local/lib/python3.6/site-packages/airflow/example_dags/example_branch_python_dop_operator_3.py
[2026-09-22 16:27:23,069] {scheduler_job.py:639} INFO - DAG(s) dict_keys(['example_branch_dop_operator_v3']) retrieved from /home/airflow/.local/lib/python3.6/site-packages/airflow/example_dags/example_branch_python_dop_operator_3.py
[2026-09-22 16:27:23,101] {logging_mixin.py:104} INFO - [2026-09-22 16:27:23,101] {dag.py:1824} INFO - Sync 1 DAGs
[2026-09-22 16:27:23,169] {logging_mixin.py:104} INFO - [2026-09-22 16:27:23,169] {dag.py:2280} INFO - Setting next_dagrun for example_branch_dop_operator_v3 to 2026-09-20 00:00:00+00:00
[2026-09-22 16:27:23,188] {scheduler_job.py:190} INFO - Processing /home/airflow/.local/lib/python3.6/site-packages/airflow/example_dags/example_branch_python_dop_operator_3.py took 0.144 seconds
[2026-09-22 16:27:53,880] {scheduler_job.py:182} INFO - Started process (PID=168) to work on /home/airflow/.local/lib/python3.6/site-packages/airflow/example_dags/example_branch_python_dop_operator_3.py
[2026-09-22 16:27:53,883] {scheduler_job.py:629} INFO - Processing file /home/airflow/.local/lib/python3.6/site-packages/airflow/example_dags/example_branch_python_dop_operator_3.py for tasks to queue
[2026-09-22 16:27:53,884] {logging_mixin.py:104} INFO - [2026-09-22 16:27:53,884] {dagbag.py:451} INFO - Filling up the DagBag from /home/airflow/.local/lib/python3.6/site-packages/airflow/example_dags/example_branch_python_dop_operator_3.py
[2026-09-22 16:27:53,906] {scheduler_job.py:639} INFO - DAG(s) dict_keys(['example_branch_dop_operator_v3']) retrieved from /home/airflow/.local/lib/python3.6/site-packages/airflow/example_dags/example_branch_python_dop_operator_3.py
[2026-09-22 16:27:53,938] {logging_mixin.py:104} INFO - [2026-09-22 16:27:53,938] {dag.py:1824} INFO - Sync 1 DAGs
[2026-09-22 16:27:53,987] {logging_mixin.py:104} INFO - [2026-09-22 16:27:53,987] {dag.py:2280} INFO - Setting next_dagrun for example_branch_dop_operator_v3 to 2026-09-20 00:00:00+00:00
[2026-09-22 16:27:54,002] {scheduler_job.py:190} INFO - Processing /home/airflow/.local/lib/python3.6/site-packages/airflow/example_dags/example_branch_python_dop_operator_3.py took 0.125 seconds
[2026-09-22 16:28:24,462] {scheduler_job.py:182} INFO - Started process (PID=194) to work on /home/airflow/.local/lib/python3.6/site-packages/airflow/example_dags/example_branch_python_dop_operator_3.py
[2026-09-22 16:28:24,464] {scheduler_job.py:629} INFO - Processing file /home/airflow/.local/lib/python3.6/site-packages/airflow/example_dags/example_branch_python_dop_operator_3.py for tasks to queue
[2026-09-22 16:28:24,465] {logging_mixin.py:104} INFO - [2026-09-22 16:28:24,465] {dagbag.py:451} INFO - Filling up the DagBag from /home/airflow/.local/lib/python3.6/site-packages/airflow/example_dags/example_branch_python_dop_operator_3.py
[2026-09-22 16:28:24,495] {scheduler_job.py:639} INFO - DAG(s) dict_keys(['example_branch_dop_operator_v3']) retrieved from /home/airflow/.local/lib/python3.6/site-packages/airflow/example_dags/example_branch_python_dop_operator_3.py
[2026-09-22 16:28:24,525] {logging_mixin.py:104} INFO - [2026-09-22 16:28:24,525] {dag.py:1824} INFO - Sync 1 DAGs
[2026-09-22 16:28:24,575] {logging_mixin.py:104} INFO - [2026-09-22 16:28:24,575] {dag.py:2280} INFO - Setting next_dagrun for example_branch_dop_operator_v3 to 2026-09-20 00:00:00+00:00
[2026-09-22 16:28:24,592] {scheduler_job.py:190} INFO - Processing /home/airflow/.local/lib/python3.6/site-packages/airflow/example_dags/example_branch_python_dop_operator_3.py took 0.136 seconds
[2026-09-22 16:28:55,286] {scheduler_job.py:182} INFO - Started process (PID=220) to work on /home/airflow/.local/lib/python3.6/site-packages/airflow/example_dags/example_branch_python_dop_operator_3.py
[2026-09-22 16:28:55,287] {scheduler_job.py:629} INFO - Processing file /home/airflow/.local/lib/python3.6/site-packages/airflow/example_dags/example_branch_python_dop_operator_3.py for tasks to queue
[2026-09-22 16:28:55,288] {logging_mixin.py:104} INFO - [2026-09-22 16:28:55,288] {dagbag.py:451} INFO - Filling up the DagBag from /home/airflow/.local/lib/python3.6/site-packages/airflow/example_dags/example_branch_python_dop_operator_3.py
[2026-09-22 16:28:55,313] {scheduler_job.py:639} INFO - DAG(s) dict_keys(['example_branch_dop_operator_v3']) retrieved from /home/airflow/.local/lib/python3.6/site-packages/airflow/example_dags/example_branch_python_dop_operator_3.py
[2026-09-22 16:28:55,353] {logging_mixin.py:104} INFO - [2026-09-22 16:28:55,353] {dag.py:1824} INFO - Sync 1 DAGs
[2026-09-22 16:28:55,404] {logging_mixin.py:104} INFO - [2026-09-22 16:28:55,404] {dag.py:2280} INFO - Setting next_dagrun for example_branch_dop_operator_v3 to 2026-09-20 00:00:00+00:00
[2026-09-22 16:28:55,429] {scheduler_job.py:190} INFO - Processing /home/airflow/.local/lib/python3.6/site-packages/airflow/example_dags/example_branch_python_dop_operator_3.py took 0.147 seconds
[2026-09-22 16:29:26,092] {scheduler_job.py:182} INFO - Started process (PID=248) to work on /home/airflow/.local/lib/python3.6/site-packages/airflow/example_dags/example_branch_python_dop_operator_3.py
[2026-09-22 16:29:26,094] {scheduler_job.py:629} INFO - Processing file /home/airflow/.local/lib/python3.6/site-packages/airflow/example_dags/example_branch_python_dop_operator_3.py for tasks to queue
[2026-09-22 16:29:26,095] {logging_mixin.py:104} INFO - [2026-09-22 16:29:26,095] {dagbag.py:451} INFO - Filling up the DagBag from /home/airflow/.local/lib/python3.6/site-packages/airflow/example_dags/example_branch_python_dop_operator_3.py
[2026-09-22 16:29:26,125] {scheduler_job.py:639} INFO - DAG(s) dict_keys(['example_branch_dop_operator_v3']) retrieved from /home/airflow/.local/lib/python3.6/site-packages/airflow/example_dags/example_branch_python_dop_operator_3.py
[2026-09-22 16:29:26,164] {logging_mixin.py:104} INFO - [2026-09-22 16:29:26,164] {dag.py:1824} INFO - Sync 1 DAGs
[2026-09-22 16:29:26,247] {logging_mixin.py:104} INFO - [2026-09-22 16:29:26,247] {dag.py:2280} INFO - Setting next_dagrun for example_branch_dop_operator_v3 to 2026-09-20 00:00:00+00:00
[2026-09-22 16:29:26,276] {scheduler_job.py:190} INFO - Processing /home/airflow/.local/lib/python3.6/site-packages/airflow/example_dags/example_branch_python_dop_operator_3.py took 0.190 seconds
[2026-09-22 16:29:56,353] {scheduler_job.py:182} INFO - Started process (PID=274) to work on /home/airflow/.local/lib/python3.6/site-packages/airflow/example_dags/example_branch_python_dop_operator_3.py
[2026-09-22 16:29:56,356] {scheduler_job.py:629} INFO - Processing file /home/airflow/.local/lib/python3.6/site-packages/airflow/example_dags/example_branch_python_dop_operator_3.py for tasks to queue
[2026-09-22 16:29:56,357] {logging_mixin.py:104} INFO - [2026-09-22 16:29:56,357] {dagbag.py:451} INFO - Filling up the DagBag from /home/airflow/.local/lib/python3.6/site-packages/airflow/example_dags/example_branch_python_dop_operator_3.py
[2026-09-22 16:29:56,379] {scheduler_job.py:639} INFO - DAG(s) dict_keys(['example_branch_dop_operator_v3']) retrieved from /home/airflow/.local/lib/python3.6/site-packages/airflow/example_dags/example_branch_python_dop_operator_3.py
[2026-09-22 16:29:56,411] {logging_mixin.py:104} INFO - [2026-09-22 16:29:56,411] {dag.py:1824} INFO - Sync 1 DAGs
[2026-09-22 16:29:56,458] {logging_mixin.py:104} INFO - [2026-09-22 16:29:56,457] {dag.py:2280} INFO - Setting next_dagrun for example_branch_dop_operator_v3 to 2026-09-20 00:00:00+00:00
[2026-09-22 16:29:56,473] {scheduler_job.py:190} INFO - Processing /home/airflow/.local/lib/python3.6/site-packages/airflow/example_dags/example_branch_python_dop_operator_3.py took 0.126 seconds
[2026-09-22 16:30:27,161] {scheduler_job.py:182} INFO - Started process (PID=299) to work on /home/airflow/.local/lib/python3.6/site-packages/airflow/example_dags/example_branch_python_dop_operator_3.py
[2026-09-22 16:30:27,164] {scheduler_job.py:629} INFO - Processing file /home/airflow/.local/lib/python3.6/site-packages/airflow/example_dags/example_branch_python_dop_operator_3.py for tasks to queue
[2026-09-22 16:30:27,165] {logging_mixin.py:104} INFO - [2026-09-22 16:30:27,165] {dagbag.py:451} INFO - Filling up the DagBag from /home/airflow/.local/lib/python3.6/site-packages/airflow/example_dags/example_branch_python_dop_operator_3.py
[2026-09-22 16:30:27,194] {scheduler_job.py:639} INFO - DAG(s) dict_keys(['example_branch_dop_operator_v3']) retrieved from /home/airflow/.local/lib/python3.6/site-packages/airflow/example_dags/example_branch_python_dop_operator_3.py
[2026-09-22 16:30:27,223] {logging_mixin.py:104} INFO - [2026-09-22 16:30:27,223] {dag.py:1824} INFO - Sync 1 DAGs
[2026-09-22 16:30:27,271] {logging_mixin.py:104} INFO - [2026-09-22 16:30:27,271] {dag.py:2280} INFO - Setting next_dagrun for example_branch_dop_operator_v3 to 2026-09-20 00:00:00+00:00
[2026-09-22 16:30:27,289] {scheduler_job.py:190} INFO - Processing /home/airflow/.local/lib/python3.6/site-packages/airflow/example_dags/example_branch_python_dop_operator_3.py took 0.134 seconds
[2026-09-22 16:30:57,947] {scheduler_job.py:182} INFO - Started process (PID=325) to work on /home/airflow/.local/lib/python3.6/site-packages/airflow/example_dags/example_branch_python_dop_operator_3.py
[2026-09-22 16:30:57,949] {scheduler_job.py:629} INFO - Processing file /home/airflow/.local/lib/python3.6/site-packages/airflow/example_dags/example_branch_python_dop_operator_3.py for tasks to queue
[2026-09-22 16:30:57,950] {logging_mixin.py:104} INFO - [2026-09-22 16:30:57,950] {dagbag.py:451} INFO - Filling up the DagBag from /home/airflow/.local/lib/python3.6/site-packages/airflow/example_dags/example_branch_python_dop_operator_3.py
[2026-09-22 16:30:57,980] {scheduler_job.py:639} INFO - DAG(s) dict_keys(['example_branch_dop_operator_v3']) retrieved from /home/airflow/.local/lib/python3.6/site-packages/airflow/example_dags/example_branch_python_dop_operator_3.py
[2026-09-22 16:30:58,024] {logging_mixin.py:104} INFO - [2026-09-22 16:30:58,023] {dag.py:1824} INFO - Sync 1 DAGs
[2026-09-22 16:30:58,089] {logging_mixin.py:104} INFO - [2026-09-22 16:30:58,089] {dag.py:2280} INFO - Setting next_dagrun for example_branch_dop_operator_v3 to 2026-09-20 00:00:00+00:00
[2026-09-22 16:30:58,110] {scheduler_job.py:190} INFO - Processing /home/airflow/.local/lib/python3.6/site-packages/airflow/example_dags/example_branch_python_dop_operator_3.py took 0.169 seconds
[2026-09-22 16:31:28,879] {scheduler_job.py:182} INFO - Started process (PID=351) to work on /home/airflow/.local/lib/python3.6/site-packages/airflow/example_dags/example_branch_python_dop_operator_3.py
[2026-09-22 16:31:28,881] {scheduler_job.py:629} INFO - Processing file /home/airflow/.local/lib/python3.6/site-packages/airflow/example_dags/example_branch_python_dop_operator_3.py for tasks to queue
[2026-09-22 16:31:28,882] {logging_mixin.py:104} INFO - [2026-09-22 16:31:28,882] {dagbag.py:451} INFO - Filling up the DagBag from /home/airflow/.local/lib/python3.6/site-packages/airflow/example_dags/example_branch_python_dop_operator_3.py
[2026-09-22 16:31:28,912] {scheduler_job.py:639} INFO - DAG(s) dict_keys(['example_branch_dop_operator_v3']) retrieved from /home/airflow/.local/lib/python3.6/site-packages/airflow/example_dags/example_branch_python_dop_operator_3.py
[2026-09-22 16:31:28,947] {logging_mixin.py:104} INFO - [2026-09-22 16:31:28,946] {dag.py:1824} INFO - Sync 1 DAGs
[2026-09-22 16:31:29,006] {logging_mixin.py:104} INFO - [2026-09-22 16:31:29,006] {dag.py:2280} INFO - Setting next_dagrun for example_branch_dop_operator_v3 to 2026-09-20 00:00:00+00:00
[2026-09-22 16:31:29,023] {scheduler_job.py:190} INFO - Processing /home/airflow/.local/lib/python3.6/site-packages/airflow/example_dags/example_branch_python_dop_operator_3.py took 0.150 seconds
[2026-09-22 16:31:59,756] {scheduler_job.py:182} INFO - Started process (PID=376) to work on /home/airflow/.local/lib/python3.6/site-packages/airflow/example_dags/example_branch_python_dop_operator_3.py
[2026-09-22 16:31:59,757] {scheduler_job.py:629} INFO - Processing file /home/airflow/.local/lib/python3.6/site-packages/airflow/example_dags/example_branch_python_dop_operator_3.py for tasks to queue
[2026-09-22 16:31:59,758] {logging_mixin.py:104} INFO - [2026-09-22 16:31:59,758] {dagbag.py:451} INFO - Filling up the DagBag from /home/airflow/.local/lib/python3.6/site-packages/airflow/example_dags/example_branch_python_dop_operator_3.py
[2026-09-22 16:31:59,778] {scheduler_job.py:639} INFO - DAG(s) dict_keys(['example_branch_dop_operator_v3']) retrieved from /home/airflow/.local/lib/python3.6/site-packages/airflow/example_dags/example_branch_python_dop_operator_3.py
[2026-09-22 16:31:59,805] {logging_mixin.py:104} INFO - [2026-09-22 16:31:59,804] {dag.py:1824} INFO - Sync 1 DAGs
[2026-09-22 16:31:59,843] {logging_mixin.py:104} INFO - [2026-09-22 16:31:59,843] {dag.py:2280} INFO - Setting next_dagrun for example_branch_dop_operator_v3 to 2026-09-20 00:00:00+00:00
[2026-09-22 16:31:59,856] {scheduler_job.py:190} INFO - Processing /home/airflow/.local/lib/python3.6/site-packages/airflow/example_dags/example_branch_python_dop_operator_3.py took 0.105 seconds
[2026-09-22 16:32:30,140] {scheduler_job.py:182} INFO - Started process (PID=403) to work on /home/airflow/.local/lib/python3.6/site-packages/airflow/example_dags/example_branch_python_dop_operator_3.py
[2026-09-22 16:32:30,142] {scheduler_job.py:629} INFO - Processing file /home/airflow/.local/lib/python3.6/site-packages/airflow/example_dags/example_branch_python_dop_operator_3.py for tasks to queue
[2026-09-22 16:32:30,143] {logging_mixin.py:104} INFO - [2026-09-22 16:32:30,142] {dagbag.py:451} INFO - Filling up the DagBag from /home/airflow/.local/lib/python3.6/site-packages/airflow/example_dags/example_branch_python_dop_operator_3.py
[2026-09-22 16:32:30,163] {scheduler_job.py:639} INFO - DAG(s) dict_keys(['example_branch_dop_operator_v3']) retrieved from /home/airflow/.local/lib/python3.6/site-packages/airflow/example_dags/example_branch_python_dop_operator_3.py
[2026-09-22 16:32:30,195] {logging_mixin.py:104} INFO - [2026-09-22 16:32:30,194] {dag.py:1824} INFO - Sync 1 DAGs
[2026-09-22 16:32:30,253] {logging_mixin.py:104} INFO - [2026-09-22 16:32:30,252] {dag.py:2280} INFO - Setting next_dagrun for example_branch_dop_operator_v3 to 2026-09-20 00:00:00+00:00
[2026-09-22 16:32:30,267] {scheduler_job.py:190} INFO - Processing /home/airflow/.local/lib/python3.6/site-packages/airflow/example_dags/example_branch_python_dop_operator_3.py took 0.133 seconds
[2026-09-22 16:33:00,806] {scheduler_job.py:182} INFO - Started process (PID=428) to work on /home/airflow/.local/lib/python3.6/site-packages/airflow/example_dags/example_branch_python_dop_operator_3.py
[2026-09-22 16:33:00,808] {scheduler_job.py:629} INFO - Processing file /home/airflow/.local/lib/python3.6/site-packages/airflow/example_dags/example_branch_python_dop_operator_3.py for tasks to queue
[2026-09-22 16:33:00,809] {logging_mixin.py:104} INFO - [2026-09-22 16:33:00,809] {dagbag.py:451} INFO - Filling up the DagBag from /home/airflow/.local/lib/python3.6/site-packages/airflow/example_dags/example_branch_python_dop_operator_3.py
[2026-09-22 16:33:00,830] {scheduler_job.py:639} INFO - DAG(s) dict_keys(['example_branch_dop_operator_v3']) retrieved from /home/airflow/.local/lib/python3.6/site-packages/airflow/example_dags/example_branch_python_dop_operator_3.py
[2026-09-22 16:33:00,863] {logging_mixin.py:104} INFO - [2026-09-22 16:33:00,862] {dag.py:1824} INFO - Sync 1 DAGs
[2026-09-22 16:33:00,916] {logging_mixin.py:104} INFO - [2026-09-22 16:33:00,916] {dag.py:2280} INFO - Setting next_dagrun for example_branch_dop_operator_v3 to 2026-09-20 00:00:00+00:00
[2026-09-22 16:33:00,937] {scheduler_job.py:190} INFO - Processing /home/airflow/.local/lib/python3.6/site-packages/airflow/example_dags/example_branch_python_dop_operator_3.py took 0.135 seconds
[2026-09-22 16:33:31,754] {scheduler_job.py:182} INFO - Started process (PID=454) to work on /home/airflow/.local/lib/python3.6/site-packages/airflow/example_dags/example_branch_python_dop_operator_3.py
[2026-09-22 16:33:31,755] {scheduler_job.py:629} INFO - Processing file /home/airflow/.local/lib/python3.6/site-packages/airflow/example_dags/example_branch_python_dop_operator_3.py for tasks to queue
[2026-09-22 16:33:31,755] {logging_mixin.py:104} INFO - [2026-09-22 16:33:31,755] {dagbag.py:451} INFO - Filling up the DagBag from /home/airflow/.local/lib/python3.6/site-packages/airflow/example_dags/example_branch_python_dop_operator_3.py
[2026-09-22 16:33:31,773] {scheduler_job.py:639} INFO - DAG(s) dict_keys(['example_branch_dop_operator_v3']) retrieved from /home/airflow/.local/lib/python3.6/site-packages/airflow/example_dags/example_branch_python_dop_operator_3.py
[2026-09-22 16:33:31,802] {logging_mixin.py:104} INFO - [2026-09-22 16:33:31,802] {dag.py:1824} INFO - Sync 1 DAGs
[2026-09-22 16:33:31,856] {logging_mixin.py:104} INFO - [2026-09-22 16:33:31,855] {dag.py:2280} INFO - Setting next_dagrun for example_branch_dop_operator_v3 to 2026-09-20 00:00:00+00:00
[2026-09-22 16:33:31,921] {scheduler_job.py:190} INFO - Processing /home/airflow/.local/lib/python3.6/site-packages/airflow/example_dags/example_branch_python_dop_operator_3.py took 0.171 seconds
[2026-09-22 16:34:02,726] {scheduler_job.py:182} INFO - Started process (PID=480) to work on /home/airflow/.local/lib/python3.6/site-packages/airflow/example_dags/example_branch_python_dop_operator_3.py
[2026-09-22 16:34:02,727] {scheduler_job.py:629} INFO - Processing file /home/airflow/.local/lib/python3.6/site-packages/airflow/example_dags/example_branch_python_dop_operator_3.py for tasks to queue
[2026-09-22 16:34:02,728] {logging_mixin.py:104} INFO - [2026-09-22 16:34:02,727] {dagbag.py:451} INFO - Filling up the DagBag from /home/airflow/.local/lib/python3.6/site-packages/airflow/example_dags/example_branch_python_dop_operator_3.py
[2026-09-22 16:34:02,747] {scheduler_job.py:639} INFO - DAG(s) dict_keys(['example_branch_dop_operator_v3']) retrieved from /home/airflow/.local/lib/python3.6/site-packages/airflow/example_dags/example_branch_python_dop_operator_3.py
[2026-09-22 16:34:02,787] {logging_mixin.py:104} INFO - [2026-09-22 16:34:02,787] {dag.py:1824} INFO - Sync 1 DAGs
[2026-09-22 16:34:02,853] {logging_mixin.py:104} INFO - [2026-09-22 16:34:02,853] {dag.py:2280} INFO - Setting next_dagrun for example_branch_dop_operator_v3 to 2026-09-20 00:00:00+00:00
[2026-09-22 16:34:02,866] {scheduler_job.py:190} INFO - Processing /home/airflow/.local/lib/python3.6/site-packages/airflow/example_dags/example_branch_python_dop_operator_3.py took 0.145 seconds
[2026-09-22 16:34:33,437] {scheduler_job.py:182} INFO - Started process (PID=506) to work on /home/airflow/.local/lib/python3.6/site-packages/airflow/example_dags/example_branch_python_dop_operator_3.py
[2026-09-22 16:34:33,438] {scheduler_job.py:629} INFO - Processing file /home/airflow/.local/lib/python3.6/site-packages/airflow/example_dags/example_branch_python_dop_operator_3.py for tasks to queue
[2026-09-22 16:34:33,439] {logging_mixin.py:104} INFO - [2026-09-22 16:34:33,439] {dagbag.py:451} INFO - Filling up the DagBag from /home/airflow/.local/lib/python3.6/site-packages/airflow/example_dags/example_branch_python_dop_operator_3.py
[2026-09-22 16:34:33,457] {scheduler_job.py:639} INFO - DAG(s) dict_keys(['example_branch_dop_operator_v3']) retrieved from /home/airflow/.local/lib/python3.6/site-packages/airflow/example_dags/example_branch_python_dop_operator_3.py
[2026-09-22 16:34:33,483] {logging_mixin.py:104} INFO - [2026-09-22 16:34:33,483] {dag.py:1824} INFO - Sync 1 DAGs
[2026-09-22 16:34:33,526] {logging_mixin.py:104} INFO - [2026-09-22 16:34:33,526] {dag.py:2280} INFO - Setting next_dagrun for example_branch_dop_operator_v3 to 2026-09-20 00:00:00+00:00
[2026-09-22 16:34:33,540] {scheduler_job.py:190} INFO - Processing /home/airflow/.local/lib/python3.6/site-packages/airflow/example_dags/example_branch_python_dop_operator_3.py took 0.106 seconds
[2026-09-22 16:35:04,053] {scheduler_job.py:182} INFO - Started process (PID=532) to work on /home/airflow/.local/lib/python3.6/site-packages/airflow/example_dags/example_branch_python_dop_operator_3.py
[2026-09-22 16:35:04,054] {scheduler_job.py:629} INFO - Processing file /home/airflow/.local/lib/python3.6/site-packages/airflow/example_dags/example_branch_python_dop_operator_3.py for tasks to queue
[2026-09-22 16:35:04,054] {logging_mixin.py:104} INFO - [2026-09-22 16:35:04,054] {dagbag.py:451} INFO - Filling up the DagBag from /home/airflow/.local/lib/python3.6/site-packages/airflow/example_dags/example_branch_python_dop_operator_3.py
[2026-09-22 16:35:04,073] {scheduler_job.py:639} INFO - DAG(s) dict_keys(['example_branch_dop_operator_v3']) retrieved from /home/airflow/.local/lib/python3.6/site-packages/airflow/example_dags/example_branch_python_dop_operator_3.py
[2026-09-22 16:35:04,096] {logging_mixin.py:104} INFO - [2026-09-22 16:35:04,095] {dag.py:1824} INFO - Sync 1 DAGs
[2026-09-22 16:35:04,134] {logging_mixin.py:104} INFO - [2026-09-22 16:35:04,133] {dag.py:2280} INFO - Setting next_dagrun for example_branch_dop_operator_v3 to 2026-09-20 00:00:00+00:00
[2026-09-22 16:35:04,149] {scheduler_job.py:190} INFO - Processing /home/airflow/.local/lib/python3.6/site-packages/airflow/example_dags/example_branch_python_dop_operator_3.py took 0.100 seconds
[2026-09-22 16:35:34,693] {scheduler_job.py:182} INFO - Started process (PID=559) to work on /home/airflow/.local/lib/python3.6/site-packages/airflow/example_dags/example_branch_python_dop_operator_3.py
[2026-09-22 16:35:34,694] {scheduler_job.py:629} INFO - Processing file /home/airflow/.local/lib/python3.6/site-packages/airflow/example_dags/example_branch_python_dop_operator_3.py for tasks to queue
[2026-09-22 16:35:34,695] {logging_mixin.py:104} INFO - [2026-09-22 16:35:34,694] {dagbag.py:451} INFO - Filling up the DagBag from /home/airflow/.local/lib/python3.6/site-packages/airflow/example_dags/example_branch_python_dop_operator_3.py
[2026-09-22 16:35:34,712] {scheduler_job.py:639} INFO - DAG(s) dict_keys(['example_branch_dop_operator_v3']) retrieved from /home/airflow/.local/lib/python3.6/site-packages/airflow/example_dags/example_branch_python_dop_operator_3.py
[2026-09-22 16:35:34,738] {logging_mixin.py:104} INFO - [2026-09-22 16:35:34,738] {dag.py:1824} INFO - Sync 1 DAGs
[2026-09-22 16:35:34,778] {logging_mixin.py:104} INFO - [2026-09-22 16:35:34,778] {dag.py:2280} INFO - Setting next_dagrun for example_branch_dop_operator_v3 to 2026-09-20 00:00:00+00:00
[2026-09-22 16:35:34,791] {scheduler_job.py:190} INFO - Processing /home/airflow/.local/lib/python3.6/site-packages/airflow/example_dags/example_branch_python_dop_operator_3.py took 0.102 seconds
[2026-09-22 16:36:05,402] {scheduler_job.py:182} INFO - Started process (PID=585) to work on /home/airflow/.local/lib/python3.6/site-packages/airflow/example_dags/example_branch_python_dop_operator_3.py
[2026-09-22 16:36:05,403] {scheduler_job.py:629} INFO - Processing file /home/airflow/.local/lib/python3.6/site-packages/airflow/example_dags/example_branch_python_dop_operator_3.py for tasks to queue
[2026-09-22 16:36:05,404] {logging_mixin.py:104} INFO - [2026-09-22 16:36:05,403] {dagbag.py:451} INFO - Filling up the DagBag from /home/airflow/.local/lib/python3.6/site-packages/airflow/example_dags/example_branch_python_dop_operator_3.py
[2026-09-22 16:36:05,422] {scheduler_job.py:639} INFO - DAG(s) dict_keys(['example_branch_dop_operator_v3']) retrieved from /home/airflow/.local/lib/python3.6/site-packages/airflow/example_dags/example_branch_python_dop_operator_3.py
[2026-09-22 16:36:05,445] {logging_mixin.py:104} INFO - [2026-09-22 16:36:05,445] {dag.py:1824} INFO - Sync 1 DAGs
[2026-09-22 16:36:05,490] {logging_mixin.py:104} INFO - [2026-09-22 16:36:05,490] {dag.py:2280} INFO - Setting next_dagrun for example_branch_dop_operator_v3 to 2026-09-20 00:00:00+00:00
[2026-09-22 16:36:05,507] {scheduler_job.py:190} INFO - Processing /home/airflow/.local/lib/python3.6/site-packages/airflow/example_dags/example_branch_python_dop_operator_3.py took 0.109 seconds
[2026-09-22 16:36:36,065] {scheduler_job.py:182} INFO - Started process (PID=611) to work on /home/airflow/.local/lib/python3.6/site-packages/airflow/example_dags/example_branch_python_dop_operator_3.py
[2026-09-22 16:36:36,066] {scheduler_job.py:629} INFO - Processing file /home/airflow/.local/lib/python3.6/site-packages/airflow/example_dags/example_branch_python_dop_operator_3.py for tasks to queue
[2026-09-22 16:36:36,067] {logging_mixin.py:104} INFO - [2026-09-22 16:36:36,067] {dagbag.py:451} INFO - Filling up the DagBag from /home/airflow/.local/lib/python3.6/site-packages/airflow/example_dags/example_branch_python_dop_operator_3.py
[2026-09-22 16:36:36,097] {scheduler_job.py:639} INFO - DAG(s) dict_keys(['example_branch_dop_operator_v3']) retrieved from /home/airflow/.local/lib/python3.6/site-packages/airflow/example_dags/example_branch_python_dop_operator_3.py
[2026-09-22 16:36:36,131] {logging_mixin.py:104} INFO - [2026-09-22 16:36:36,131] {dag.py:1824} INFO - Sync 1 DAGs
[2026-09-22 16:36:36,200] {logging_mixin.py:104} INFO - [2026-09-22 16:36:36,200] {dag.py:2280} INFO - Setting next_dagrun for example_branch_dop_operator_v3 to 2026-09-20 00:00:00+00:00
[2026-09-22 16:36:36,219] {scheduler_job.py:190} INFO - Processing /home/airflow/.local/lib/python3.6/site-packages/airflow/example_dags/example_branch_python_dop_operator_3.py took 0.159 seconds
[2026-09-22 16:37:07,021] {scheduler_job.py:182} INFO - Started process (PID=636) to work on /home/airflow/.local/lib/python3.6/site-packages/airflow/example_dags/example_branch_python_dop_operator_3.py
[2026-09-22 16:37:07,026] {scheduler_job.py:629} INFO - Processing file /home/airflow/.local/lib/python3.6/site-packages/airflow/example_dags/example_branch_python_dop_operator_3.py for tasks to queue
[2026-09-22 16:37:07,028] {logging_mixin.py:104} INFO - [2026-09-22 16:37:07,027] {dagbag.py:451} INFO - Filling up the DagBag from /home/airflow/.local/lib/python3.6/site-packages/airflow/example_dags/example_branch_python_dop_operator_3.py
[2026-09-22 16:37:07,060] {scheduler_job.py:639} INFO - DAG(s) dict_keys(['example_branch_dop_operator_v3']) retrieved from /home/airflow/.local/lib/python3.6/site-packages/airflow/example_dags/example_branch_python_dop_operator_3.py
[2026-09-22 16:37:07,109] {logging_mixin.py:104} INFO - [2026-09-22 16:37:07,109] {dag.py:1824} INFO - Sync 1 DAGs
[2026-09-22 16:37:07,164] {logging_mixin.py:104} INFO - [2026-09-22 16:37:07,164] {dag.py:2280} INFO - Setting next_dagrun for example_branch_dop_operator_v3 to 2026-09-20 00:00:00+00:00
[2026-09-22 16:37:07,182] {scheduler_job.py:190} INFO - Processing /home/airflow/.local/lib/python3.6/site-packages/airflow/example_dags/example_branch_python_dop_operator_3.py took 0.165 seconds
[2026-09-22 16:37:37,778] {scheduler_job.py:182} INFO - Started process (PID=663) to work on /home/airflow/.local/lib/python3.6/site-packages/airflow/example_dags/example_branch_python_dop_operator_3.py
[2026-09-22 16:37:37,780] {scheduler_job.py:629} INFO - Processing file /home/airflow/.local/lib/python3.6/site-packages/airflow/example_dags/example_branch_python_dop_operator_3.py for tasks to queue
[2026-09-22 16:37:37,781] {logging_mixin.py:104} INFO - [2026-09-22 16:37:37,781] {dagbag.py:451} INFO - Filling up the DagBag from /home/airflow/.local/lib/python3.6/site-packages/airflow/example_dags/example_branch_python_dop_operator_3.py
[2026-09-22 16:37:37,799] {scheduler_job.py:639} INFO - DAG(s) dict_keys(['example_branch_dop_operator_v3']) retrieved from /home/airflow/.local/lib/python3.6/site-packages/airflow/example_dags/example_branch_python_dop_operator_3.py
[2026-09-22 16:37:37,830] {logging_mixin.py:104} INFO - [2026-09-22 16:37:37,830] {dag.py:1824} INFO - Sync 1 DAGs
[2026-09-22 16:37:37,870] {logging_mixin.py:104} INFO - [2026-09-22 16:37:37,870] {dag.py:2280} INFO - Setting next_dagrun for example_branch_dop_operator_v3 to 2026-09-20 00:00:00+00:00
[2026-09-22 16:37:37,883] {scheduler_job.py:190} INFO - Processing /home/airflow/.local/lib/python3.6/site-packages/airflow/example_dags/example_branch_python_dop_operator_3.py took 0.108 seconds
[2026-09-22 16:38:08,395] {scheduler_job.py:182} INFO - Started process (PID=689) to work on /home/airflow/.local/lib/python3.6/site-packages/airflow/example_dags/example_branch_python_dop_operator_3.py
[2026-09-22 16:38:08,396] {scheduler_job.py:629} INFO - Processing file /home/airflow/.local/lib/python3.6/site-packages/airflow/example_dags/example_branch_python_dop_operator_3.py for tasks to queue
[2026-09-22 16:38:08,397] {logging_mixin.py:104} INFO - [2026-09-22 16:38:08,397] {dagbag.py:451} INFO - Filling up the DagBag from /home/airflow/.local/lib/python3.6/site-packages/airflow/example_dags/example_branch_python_dop_operator_3.py
[2026-09-22 16:38:08,416] {scheduler_job.py:639} INFO - DAG(s) dict_keys(['example_branch_dop_operator_v3']) retrieved from /home/airflow/.local/lib/python3.6/site-packages/airflow/example_dags/example_branch_python_dop_operator_3.py
[2026-09-22 16:38:08,441] {logging_mixin.py:104} INFO - [2026-09-22 16:38:08,440] {dag.py:1824} INFO - Sync 1 DAGs
[2026-09-22 16:38:08,481] {logging_mixin.py:104} INFO - [2026-09-22 16:38:08,481] {dag.py:2280} INFO - Setting next_dagrun for example_branch_dop_operator_v3 to 2026-09-20 00:00:00+00:00
[2026-09-22 16:38:08,495] {scheduler_job.py:190} INFO - Processing /home/airflow/.local/lib/python3.6/site-packages/airflow/example_dags/example_branch_python_dop_operator_3.py took 0.105 seconds
[2026-09-22 16:38:39,074] {scheduler_job.py:182} INFO - Started process (PID=715) to work on /home/airflow/.local/lib/python3.6/site-packages/airflow/example_dags/example_branch_python_dop_operator_3.py
[2026-09-22 16:38:39,076] {scheduler_job.py:629} INFO - Processing file /home/airflow/.local/lib/python3.6/site-packages/airflow/example_dags/example_branch_python_dop_operator_3.py for tasks to queue
[2026-09-22 16:38:39,077] {logging_mixin.py:104} INFO - [2026-09-22 16:38:39,076] {dagbag.py:451} INFO - Filling up the DagBag from /home/airflow/.local/lib/python3.6/site-packages/airflow/example_dags/example_branch_python_dop_operator_3.py
[2026-09-22 16:38:39,100] {scheduler_job.py:639} INFO - DAG(s) dict_keys(['example_branch_dop_operator_v3']) retrieved from /home/airflow/.local/lib/python3.6/site-packages/airflow/example_dags/example_branch_python_dop_operator_3.py
[2026-09-22 16:38:39,128] {logging_mixin.py:104} INFO - [2026-09-22 16:38:39,127] {dag.py:1824} INFO - Sync 1 DAGs
[2026-09-22 16:38:39,181] {logging_mixin.py:104} INFO - [2026-09-22 16:38:39,181] {dag.py:2280} INFO - Setting next_dagrun for example_branch_dop_operator_v3 to 2026-09-20 00:00:00+00:00
[2026-09-22 16:38:39,205] {scheduler_job.py:190} INFO - Processing /home/airflow/.local/lib/python3.6/site-packages/airflow/example_dags/example_branch_python_dop_operator_3.py took 0.135 seconds
[2026-09-22 16:39:09,891] {scheduler_job.py:182} INFO - Started process (PID=741) to work on /home/airflow/.local/lib/python3.6/site-packages/airflow/example_dags/example_branch_python_dop_operator_3.py
[2026-09-22 16:39:09,892] {scheduler_job.py:629} INFO - Processing file /home/airflow/.local/lib/python3.6/site-packages/airflow/example_dags/example_branch_python_dop_operator_3.py for tasks to queue
[2026-09-22 16:39:09,893] {logging_mixin.py:104} INFO - [2026-09-22 16:39:09,893] {dagbag.py:451} INFO - Filling up the DagBag from /home/airflow/.local/lib/python3.6/site-packages/airflow/example_dags/example_branch_python_dop_operator_3.py
[2026-09-22 16:39:09,915] {scheduler_job.py:639} INFO - DAG(s) dict_keys(['example_branch_dop_operator_v3']) retrieved from /home/airflow/.local/lib/python3.6/site-packages/airflow/example_dags/example_branch_python_dop_operator_3.py
[2026-09-22 16:39:09,944] {logging_mixin.py:104} INFO - [2026-09-22 16:39:09,944] {dag.py:1824} INFO - Sync 1 DAGs
[2026-09-22 16:39:09,989] {logging_mixin.py:104} INFO - [2026-09-22 16:39:09,989] {dag.py:2280} INFO - Setting next_dagrun for example_branch_dop_operator_v3 to 2026-09-20 00:00:00+00:00
[2026-09-22 16:39:10,005] {scheduler_job.py:190} INFO - Processing /home/airflow/.local/lib/python3.6/site-packages/airflow/example_dags/example_branch_python_dop_operator_3.py took 0.120 seconds
[2026-09-22 16:39:40,641] {scheduler_job.py:182} INFO - Started process (PID=767) to work on /home/airflow/.local/lib/python3.6/site-packages/airflow/example_dags/example_branch_python_dop_operator_3.py
[2026-09-22 16:39:40,643] {scheduler_job.py:629} INFO - Processing file /home/airflow/.local/lib/python3.6/site-packages/airflow/example_dags/example_branch_python_dop_operator_3.py for tasks to queue
[2026-09-22 16:39:40,644] {logging_mixin.py:104} INFO - [2026-09-22 16:39:40,644] {dagbag.py:451} INFO - Filling up the DagBag from /home/airflow/.local/lib/python3.6/site-packages/airflow/example_dags/example_branch_python_dop_operator_3.py
[2026-09-22 16:39:40,677] {scheduler_job.py:639} INFO - DAG(s) dict_keys(['example_branch_dop_operator_v3']) retrieved from /home/airflow/.local/lib/python3.6/site-packages/airflow/example_dags/example_branch_python_dop_operator_3.py
[2026-09-22 16:39:40,716] {logging_mixin.py:104} INFO - [2026-09-22 16:39:40,716] {dag.py:1824} INFO - Sync 1 DAGs
[2026-09-22 16:39:40,775] {logging_mixin.py:104} INFO - [2026-09-22 16:39:40,774] {dag.py:2280} INFO - Setting next_dagrun for example_branch_dop_operator_v3 to 2026-09-20 00:00:00+00:00
[2026-09-22 16:39:40,792] {scheduler_job.py:190} INFO - Processing /home/airflow/.local/lib/python3.6/site-packages/airflow/example_dags/example_branch_python_dop_operator_3.py took 0.157 seconds
[2026-09-22 16:40:11,428] {scheduler_job.py:182} INFO - Started process (PID=793) to work on /home/airflow/.local/lib/python3.6/site-packages/airflow/example_dags/example_branch_python_dop_operator_3.py
[2026-09-22 16:40:11,429] {scheduler_job.py:629} INFO - Processing file /home/airflow/.local/lib/python3.6/site-packages/airflow/example_dags/example_branch_python_dop_operator_3.py for tasks to queue
[2026-09-22 16:40:11,430] {logging_mixin.py:104} INFO - [2026-09-22 16:40:11,430] {dagbag.py:451} INFO - Filling up the DagBag from /home/airflow/.local/lib/python3.6/site-packages/airflow/example_dags/example_branch_python_dop_operator_3.py
[2026-09-22 16:40:11,452] {scheduler_job.py:639} INFO - DAG(s) dict_keys(['example_branch_dop_operator_v3']) retrieved from /home/airflow/.local/lib/python3.6/site-packages/airflow/example_dags/example_branch_python_dop_operator_3.py
[2026-09-22 16:40:11,476] {logging_mixin.py:104} INFO - [2026-09-22 16:40:11,475] {dag.py:1824} INFO - Sync 1 DAGs
[2026-09-22 16:40:11,514] {logging_mixin.py:104} INFO - [2026-09-22 16:40:11,514] {dag.py:2280} INFO - Setting next_dagrun for example_branch_dop_operator_v3 to 2026-09-20 00:00:00+00:00
[2026-09-22 16:40:11,528] {scheduler_job.py:190} INFO - Processing /home/airflow/.local/lib/python3.6/site-packages/airflow/example_dags/example_branch_python_dop_operator_3.py took 0.105 seconds
[2026-09-22 16:40:42,300] {scheduler_job.py:182} INFO - Started process (PID=818) to work on /home/airflow/.local/lib/python3.6/site-packages/airflow/example_dags/example_branch_python_dop_operator_3.py
[2026-09-22 16:40:42,301] {scheduler_job.py:629} INFO - Processing file /home/airflow/.local/lib/python3.6/site-packages/airflow/example_dags/example_branch_python_dop_operator_3.py for tasks to queue
[2026-09-22 16:40:42,302] {logging_mixin.py:104} INFO - [2026-09-22 16:40:42,301] {dagbag.py:451} INFO - Filling up the DagBag from /home/airflow/.local/lib/python3.6/site-packages/airflow/example_dags/example_branch_python_dop_operator_3.py
[2026-09-22 16:40:42,322] {scheduler_job.py:639} INFO - DAG(s) dict_keys(['example_branch_dop_operator_v3']) retrieved from /home/airflow/.local/lib/python3.6/site-packages/airflow/example_dags/example_branch_python_dop_operator_3.py
[2026-09-22 16:40:42,346] {logging_mixin.py:104} INFO - [2026-09-22 16:40:42,346] {dag.py:1824} INFO - Sync 1 DAGs
[2026-09-22 16:40:42,384] {logging_mixin.py:104} INFO - [2026-09-22 16:40:42,384] {dag.py:2280} INFO - Setting next_dagrun for example_branch_dop_operator_v3 to 2026-09-20 00:00:00+00:00
[2026-09-22 16:40:42,401] {scheduler_job.py:190} INFO - Processing /home/airflow/.local/lib/python3.6/site-packages/airflow/example_dags/example_branch_python_dop_operator_3.py took 0.106 seconds
[2026-09-22 16:41:13,071] {scheduler_job.py:182} INFO - Started process (PID=845) to work on /home/airflow/.local/lib/python3.6/site-packages/airflow/example_dags/example_branch_python_dop_operator_3.py
[2026-09-22 16:41:13,073] {scheduler_job.py:629} INFO - Processing file /home/airflow/.local/lib/python3.6/site-packages/airflow/example_dags/example_branch_python_dop_operator_3.py for tasks to queue
[2026-09-22 16:41:13,074] {logging_mixin.py:104} INFO - [2026-09-22 16:41:13,074] {dagbag.py:451} INFO - Filling up the DagBag from /home/airflow/.local/lib/python3.6/site-packages/airflow/example_dags/example_branch_python_dop_operator_3.py
[2026-09-22 16:41:13,102] {scheduler_job.py:639} INFO - DAG(s) dict_keys(['example_branch_dop_operator_v3']) retrieved from /home/airflow/.local/lib/python3.6/site-packages/airflow/example_dags/example_branch_python_dop_operator_3.py
[2026-09-22 16:41:13,137] {logging_mixin.py:104} INFO - [2026-09-22 16:41:13,137] {dag.py:1824} INFO - Sync 1 DAGs
[2026-09-22 16:41:13,196] {logging_mixin.py:104} INFO - [2026-09-22 16:41:13,196] {dag.py:2280} INFO - Setting next_dagrun for example_branch_dop_operator_v3 to 2026-09-20 00:00:00+00:00
[2026-09-22 16:41:13,225] {scheduler_job.py:190} INFO - Processing /home/airflow/.local/lib/python3.6/site-packages/airflow/example_dags/example_branch_python_dop_operator_3.py took 0.161 seconds
[2026-09-22 16:41:43,665] {scheduler_job.py:182} INFO - Started process (PID=871) to work on /home/airflow/.local/lib/python3.6/site-packages/airflow/example_dags/example_branch_python_dop_operator_3.py
[2026-09-22 16:41:43,669] {scheduler_job.py:629} INFO - Processing file /home/airflow/.local/lib/python3.6/site-packages/airflow/example_dags/example_branch_python_dop_operator_3.py for tasks to queue
[2026-09-22 16:41:43,671] {logging_mixin.py:104} INFO - [2026-09-22 16:41:43,671] {dagbag.py:451} INFO - Filling up the DagBag from /home/airflow/.local/lib/python3.6/site-packages/airflow/example_dags/example_branch_python_dop_operator_3.py
[2026-09-22 16:41:43,724] {scheduler_job.py:639} INFO - DAG(s) dict_keys(['example_branch_dop_operator_v3']) retrieved from /home/airflow/.local/lib/python3.6/site-packages/airflow/example_dags/example_branch_python_dop_operator_3.py
[2026-09-22 16:41:43,784] {logging_mixin.py:104} INFO - [2026-09-22 16:41:43,784] {dag.py:1824} INFO - Sync 1 DAGs
[2026-09-22 16:41:43,861] {logging_mixin.py:104} INFO - [2026-09-22 16:41:43,860] {dag.py:2280} INFO - Setting next_dagrun for example_branch_dop_operator_v3 to 2026-09-20 00:00:00+00:00
[2026-09-22 16:41:43,887] {scheduler_job.py:190} INFO - Processing /home/airflow/.local/lib/python3.6/site-packages/airflow/example_dags/example_branch_python_dop_operator_3.py took 0.230 seconds
