[2026-09-22 16:25:19,261] {scheduler_job.py:182} INFO - Started process (PID=36) to work on /home/airflow/.local/lib/python3.6/site-packages/airflow/example_dags/example_skip_dag.py
[2026-09-22 16:25:19,269] {scheduler_job.py:629} INFO - Processing file /home/airflow/.local/lib/python3.6/site-packages/airflow/example_dags/example_skip_dag.py for tasks to queue
[2026-09-22 16:25:19,271] {logging_mixin.py:104} INFO - [2026-09-22 16:25:19,270] {dagbag.py:451} INFO - Filling up the DagBag from /home/airflow/.local/lib/python3.6/site-packages/airflow/example_dags/example_skip_dag.py
[2026-09-22 16:25:19,295] {scheduler_job.py:639} INFO - DAG(s) dict_keys(['example_skip_dag']) retrieved from /home/airflow/.local/lib/python3.6/site-packages/airflow/example_dags/example_skip_dag.py
[2026-09-22 16:25:19,365] {logging_mixin.py:104} INFO - [2026-09-22 16:25:19,365] {dag.py:1824} INFO - Sync 1 DAGs
[2026-09-22 16:25:19,397] {logging_mixin.py:104} INFO - [2026-09-22 16:25:19,396] {dag.py:2280} INFO - Setting next_dagrun for example_skip_dag to 2026-09-20 00:00:00+00:00
[2026-09-22 16:25:19,428] {scheduler_job.py:190} INFO - Processing /home/airflow/.local/lib/python3.6/site-packages/airflow/example_dags/example_skip_dag.py took 0.181 seconds
[2026-09-22 16:25:49,501] {scheduler_job.py:182} INFO - Started process (PID=62) to work on /home/airflow/.local/lib/python3.6/site-packages/airflow/example_dags/example_skip_dag.py
[2026-09-22 16:25:49,502] {scheduler_job.py:629} INFO - Processing file /home/airflow/.local/lib/python3.6/site-packages/airflow/example_dags/example_skip_dag.py for tasks to queue
[2026-09-22 16:25:49,503] {logging_mixin.py:104} INFO - [2026-09-22 16:25:49,503] {dagbag.py:451} INFO - Filling up the DagBag from /home/airflow/.local/lib/python3.6/site-packages/airflow/example_dags/example_skip_dag.py
[2026-09-22 16:25:49,516] {scheduler_job.py:639} INFO - DAG(s) dict_keys(['example_skip_dag']) retrieved from /home/airflow/.local/lib/python3.6/site-packages/airflow/example_dags/example_skip_dag.py
[2026-09-22 16:25:49,542] {logging_mixin.py:104} INFO - [2026-09-22 16:25:49,542] {dag.py:1824} INFO - Sync 1 DAGs
[2026-09-22 16:25:49,561] {logging_mixin.py:104} INFO - [2026-09-22 16:25:49,561] {dag.py:2280} INFO - Setting next_dagrun for example_skip_dag to 2026-09-20 00:00:00+00:00
[2026-09-22 16:25:49,578] {scheduler_job.py:190} INFO - Processing /home/airflow/.local/lib/python3.6/site-packages/airflow/example_dags/example_skip_dag.py took 0.081 seconds
[2026-09-22 16:26:20,410] {scheduler_job.py:182} INFO - Started process (PID=89) to work on /home/airflow/.local/lib/python3.6/site-packages/airflow/example_dags/example_skip_dag.py
[2026-09-22 16:26:20,412] {scheduler_job.py:629} INFO - Processing file /home/airflow/.local/lib/python3.6/site-packages/airflow/example_dags/example_skip_dag.py for tasks to queue
[2026-09-22 16:26:20,414] {logging_mixin.py:104} INFO - [2026-09-22 16:26:20,413] {dagbag.py:451} INFO - Filling up the DagBag from /home/airflow/.local/lib/python3.6/site-packages/airflow/example_dags/example_skip_dag.py
[2026-09-22 16:26:20,433] {scheduler_job.py:639} INFO - DAG(s) dict_keys(['example_skip_dag']) retrieved from /home/airflow/.local/lib/python3.6/site-packages/airflow/example_dags/example_skip_dag.py
[2026-09-22 16:26:20,464] {logging_mixin.py:104} INFO - [2026-09-22 16:26:20,464] {dag.py:1824} INFO - Sync 1 DAGs
[2026-09-22 16:26:20,488] {logging_mixin.py:104} INFO - [2026-09-22 16:26:20,488] {dag.py:2280} INFO - Setting next_dagrun for example_skip_dag to 2026-09-20 00:00:00+00:00
[2026-09-22 16:26:20,508] {scheduler_job.py:190} INFO - Processing /home/airflow/.local/lib/python3.6/site-packages/airflow/example_dags/example_skip_dag.py took 0.103 seconds
[2026-09-22 16:26:51,065] {scheduler_job.py:182} INFO - Started process (PID=115) to work on /home/airflow/.local/lib/python3.6/site-packages/airflow/example_dags/example_skip_dag.py
[2026-09-22 16:26:51,066] {scheduler_job.py:629} INFO - Processing file /home/airflow/.local/lib/python3.6/site-packages/airflow/example_dags/example_skip_dag.py for tasks to queue
[2026-09-22 16:26:51,067] {logging_mixin.py:104} INFO - [2026-09-22 16:26:51,067] {dagbag.py:451} INFO - Filling up the DagBag from /home/airflow/.local/lib/python3.6/site-packages/airflow/example_dags/example_skip_dag.py
[2026-09-22 16:26:51,086] {scheduler_job.py:639} INFO - DAG(s) dict_keys(['example_skip_dag']) retrieved from /home/airflow/.local/lib/python3.6/site-packages/airflow/example_dags/example_skip_dag.py
[2026-09-22 16:26:51,119] {logging_mixin.py:104} INFO - [2026-09-22 16:26:51,119] {dag.py:1824} INFO - Sync 1 DAGs
[2026-09-22 16:26:51,143] {logging_mixin.py:104} INFO - [2026-09-22 16:26:51,143] {dag.py:2280} INFO - Setting next_dagrun for example_skip_dag to 2026-09-20 00:00:00+00:00
[2026-09-22 16:26:51,158] {scheduler_job.py:190} INFO - Processing /home/airflow/.local/lib/python3.6/site-packages/airflow/example_dags/example_skip_dag.py took 0.098 seconds
[2026-09-22 16:27:21,972] {scheduler_job.py:182} INFO - Started process (PID=141) to work on /home/airflow/.local/lib/python3.6/site-packages/airflow/example_dags/example_skip_dag.py
[2026-09-22 16:27:21,973] {scheduler_job.py:629} INFO - Processing file /home/airflow/.local/lib/python3.6/site-packages/airflow/example_dags/example_skip_dag.py for tasks to queue
[2026-09-22 16:27:21,974] {logging_mixin.py:104} INFO - [2026-09-22 16:27:21,974] {dagbag.py:451} INFO - Filling up the DagBag from /home/airflow/.local/lib/python3.6/site-packages/airflow/example_dags/example_skip_dag.py
[2026-09-22 16:27:21,989] {scheduler_job.py:639} INFO - DAG(s) dict_keys(['example_skip_dag']) retrieved from /home/airflow/.local/lib/python3.6/site-packages/airflow/example_dags/example_skip_dag.py
[2026-09-22 16:27:22,016] {logging_mixin.py:104} INFO - [2026-09-22 16:27:22,016] {dag.py:1824} INFO - Sync 1 DAGs
[2026-09-22 16:27:22,037] {logging_mixin.py:104} INFO - [2026-09-22 16:27:22,037] {dag.py:2280} INFO - Setting next_dagrun for example_skip_dag to 2026-09-20 00:00:00+00:00
[2026-09-22 16:27:22,051] {scheduler_job.py:190} INFO - Processing /home/airflow/.local/lib/python3.6/site-packages/airflow/example_dags/example_skip_dag.py took 0.083 seconds
[2026-09-22 16:27:52,874] {scheduler_job.py:182} INFO - Started process (PID=167) to work on /home/airflow/.local/lib/python3.6/site-packages/airflow/example_dags/example_skip_dag.py
[2026-09-22 16:27:52,876] {scheduler_job.py:629} INFO - Processing file /home/airflow/.local/lib/python3.6/site-packages/airflow/example_dags/example_skip_dag.py for tasks to queue
[2026-09-22 16:27:52,877] {logging_mixin.py:104} INFO - [2026-09-22 16:27:52,877] {dagbag.py:451} INFO - Filling up the DagBag from /home/airflow/.local/lib/python3.6/site-packages/airflow/example_dags/example_skip_dag.py
[2026-09-22 16:27:52,892] {scheduler_job.py:639} INFO - DAG(s) dict_keys(['example_skip_dag']) retrieved from /home/airflow/.local/lib/python3.6/site-packages/airflow/example_dags/example_skip_dag.py
[2026-09-22 16:27:52,924] {logging_mixin.py:104} INFO - [2026-09-22 16:27:52,924] {dag.py:1824} INFO - Sync 1 DAGs
[2026-09-22 16:27:52,951] {logging_mixin.py:104} INFO - [2026-09-22 16:27:52,951] {dag.py:2280} INFO - Setting next_dagrun for example_skip_dag to 2026-09-20 00:00:00+00:00
[2026-09-22 16:27:52,966] {scheduler_job.py:190} INFO - Processing /home/airflow/.local/lib/python3.6/site-packages/airflow/example_dags/example_skip_dag.py took 0.096 seconds
[2026-09-22 16:28:23,408] {scheduler_job.py:182} INFO - Started process (PID=193) to work on /home/airflow/.local/lib/python3.6/site-packages/airflow/example_dags/example_skip_dag.py
[2026-09-22 16:28:23,410] {scheduler_job.py:629} INFO - Processing file /home/airflow/.local/lib/python3.6/site-packages/airflow/example_dags/example_skip_dag.py for tasks to queue
[2026-09-22 16:28:23,411] {logging_mixin.py:104} INFO - [2026-09-22 16:28:23,410] {dagbag.py:451} INFO - Filling up the DagBag from /home/airflow/.local/lib/python3.6/site-packages/airflow/example_dags/example_skip_dag.py
[2026-09-22 16:28:23,426] {scheduler_job.py:639} INFO - DAG(s) dict_keys(['example_skip_dag']) retrieved from /home/airflow/.local/lib/python3.6/site-packages/airflow/example_dags/example_skip_dag.py
[2026-09-22 16:28:23,454] {logging_mixin.py:104} INFO - [2026-09-22 16:28:23,454] {dag.py:1824} INFO - Sync 1 DAGs
[2026-09-22 16:28:23,475] {logging_mixin.py:104} INFO - [2026-09-22 16:28:23,475] {dag.py:2280} INFO - Setting next_dagrun for example_skip_dag to 2026-09-20 00:00:00+00:00
[2026-09-22 16:28:23,488] {scheduler_job.py:190} INFO - Processing /home/airflow/.local/lib/python3.6/site-packages/airflow/example_dags/example_skip_dag.py took 0.085 seconds
[2026-09-22 16:28:54,240] {scheduler_job.py:182} INFO - Started process (PID=219) to work on /home/airflow/.local/lib/python3.6/site-packages/airflow/example_dags/example_skip_dag.py
[2026-09-22 16:28:54,241] {scheduler_job.py:629} INFO - Processing file /home/airflow/.local/lib/python3.6/site-packages/airflow/example_dags/example_skip_dag.py for tasks to queue
[2026-09-22 16:28:54,242] {logging_mixin.py:104} INFO - [2026-09-22 16:28:54,242] {dagbag.py:451} INFO - Filling up the DagBag from /home/airflow/.local/lib/python3.6/site-packages/airflow/example_dags/example_skip_dag.py
[2026-09-22 16:28:54,256] {scheduler_job.py:639} INFO - DAG(s) dict_keys(['example_skip_dag']) retrieved from /home/airflow/.local/lib/python3.6/site-packages/airflow/example_dags/example_skip_dag.py
[2026-09-22 16:28:54,281] {logging_mixin.py:104} INFO - [2026-09-22 16:28:54,281] {dag.py:1824} INFO - Sync 1 DAGs
[2026-09-22 16:28:54,302] {logging_mixin.py:104} INFO - [2026-09-22 16:28:54,301] {dag.py:2280} INFO - Setting next_dagrun for example_skip_dag to 2026-09-20 00:00:00+00:00
[2026-09-22 16:28:54,314] {scheduler_job.py:190} INFO - Processing /home/airflow/.local/lib/python3.6/site-packages/airflow/example_dags/example_skip_dag.py took 0.078 seconds
[2026-09-22 16:29:24,865] {scheduler_job.py:182} INFO - Started process (PID=245) to work on /home/airflow/.local/lib/python3.6/site-packages/airflow/example_dags/example_skip_dag.py
[2026-09-22 16:29:24,867] {scheduler_job.py:629} INFO - Processing file /home/airflow/.local/lib/python3.6/site-packages/airflow/example_dags/example_skip_dag.py for tasks to queue
[2026-09-22 16:29:24,869] {logging_mixin.py:104} INFO - [2026-09-22 16:29:24,868] {dagbag.py:451} INFO - Filling up the DagBag from /home/airflow/.local/lib/python3.6/site-packages/airflow/example_dags/example_skip_dag.py
[2026-09-22 16:29:24,888] {scheduler_job.py:639} INFO - DAG(s) dict_keys(['example_skip_dag']) retrieved from /home/airflow/.local/lib/python3.6/site-packages/airflow/example_dags/example_skip_dag.py
[2026-09-22 16:29:24,926] {logging_mixin.py:104} INFO - [2026-09-22 16:29:24,926] {dag.py:1824} INFO - Sync 1 DAGs
[2026-09-22 16:29:24,959] {logging_mixin.py:104} INFO - [2026-09-22 16:29:24,959] {dag.py:2280} INFO - Setting next_dagrun for example_skip_dag to 2026-09-20 00:00:00+00:00
[2026-09-22 16:29:24,985] {scheduler_job.py:190} INFO - Processing /home/airflow/.local/lib/python3.6/site-packages/airflow/example_dags/example_skip_dag.py took 0.124 seconds
[2026-09-22 16:29:55,096] {scheduler_job.py:182} INFO - Started process (PID=269) to work on /home/airflow/.local/lib/python3.6/site-packages/airflow/example_dags/example_skip_dag.py
[2026-09-22 16:29:55,098] {scheduler_job.py:629} INFO - Processing file /home/airflow/.local/lib/python3.6/site-packages/airflow/example_dags/example_skip_dag.py for tasks to queue
[2026-09-22 16:29:55,099] {logging_mixin.py:104} INFO - [2026-09-22 16:29:55,099] {dagbag.py:451} INFO - Filling up the DagBag from /home/airflow/.local/lib/python3.6/site-packages/airflow/example_dags/example_skip_dag.py
[2026-09-22 16:29:55,120] {scheduler_job.py:639} INFO - DAG(s) dict_keys(['example_skip_dag']) retrieved from /home/airflow/.local/lib/python3.6/site-packages/airflow/example_dags/example_skip_dag.py
[2026-09-22 16:29:55,157] {logging_mixin.py:104} INFO - [2026-09-22 16:29:55,157] {dag.py:1824} INFO - Sync 1 DAGs
[2026-09-22 16:29:55,187] {logging_mixin.py:104} INFO - [2026-09-22 16:29:55,187] {dag.py:2280} INFO - Setting next_dagrun for example_skip_dag to 2026-09-20 00:00:00+00:00
[2026-09-22 16:29:55,209] {scheduler_job.py:190} INFO - Processing /home/airflow/.local/lib/python3.6/site-packages/airflow/example_dags/example_skip_dag.py took 0.119 seconds
[2026-09-22 16:30:26,085] {scheduler_job.py:182} INFO - Started process (PID=297) to work on /home/airflow/.local/lib/python3.6/site-packages/airflow/example_dags/example_skip_dag.py
[2026-09-22 16:30:26,086] {scheduler_job.py:629} INFO - Processing file /home/airflow/.local/lib/python3.6/site-packages/airflow/example_dags/example_skip_dag.py for tasks to queue
[2026-09-22 16:30:26,087] {logging_mixin.py:104} INFO - [2026-09-22 16:30:26,087] {dagbag.py:451} INFO - Filling up the DagBag from /home/airflow/.local/lib/python3.6/site-packages/airflow/example_dags/example_skip_dag.py
[2026-09-22 16:30:26,108] {scheduler_job.py:639} INFO - DAG(s) dict_keys(['example_skip_dag']) retrieved from /home/airflow/.local/lib/python3.6/site-packages/airflow/example_dags/example_skip_dag.py
[2026-09-22 16:30:26,141] {logging_mixin.py:104} INFO - [2026-09-22 16:30:26,141] {dag.py:1824} INFO - Sync 1 DAGs
[2026-09-22 16:30:26,163] {logging_mixin.py:104} INFO - [2026-09-22 16:30:26,163] {dag.py:2280} INFO - Setting next_dagrun for example_skip_dag to 2026-09-20 00:00:00+00:00
[2026-09-22 16:30:26,183] {scheduler_job.py:190} INFO - Processing /home/airflow/.local/lib/python3.6/site-packages/airflow/example_dags/example_skip_dag.py took 0.104 seconds
[2026-09-22 16:30:56,877] {scheduler_job.py:182} INFO - Started process (PID=323) to work on /home/airflow/.local/lib/python3.6/site-packages/airflow/example_dags/example_skip_dag.py
[2026-09-22 16:30:56,878] {scheduler_job.py:629} INFO - Processing file /home/airflow/.local/lib/python3.6/site-packages/airflow/example_dags/example_skip_dag.py for tasks to queue
[2026-09-22 16:30:56,879] {logging_mixin.py:104} INFO - [2026-09-22 16:30:56,879] {dagbag.py:451} INFO - Filling up the DagBag from /home/airflow/.local/lib/python3.6/site-packages/airflow/example_dags/example_skip_dag.py
[2026-09-22 16:30:56,894] {scheduler_job.py:639} INFO - DAG(s) dict_keys(['example_skip_dag']) retrieved from /home/airflow/.local/lib/python3.6/site-packages/airflow/example_dags/example_skip_dag.py
[2026-09-22 16:30:56,927] {logging_mixin.py:104} INFO - [2026-09-22 16:30:56,926] {dag.py:1824} INFO - Sync 1 DAGs
[2026-09-22 16:30:56,959] {logging_mixin.py:104} INFO - [2026-09-22 16:30:56,959] {dag.py:2280} INFO - Setting next_dagrun for example_skip_dag to 2026-09-20 00:00:00+00:00
[2026-09-22 16:30:56,984] {scheduler_job.py:190} INFO - Processing /home/airflow/.local/lib/python3.6/site-packages/airflow/example_dags/example_skip_dag.py took 0.112 seconds
[2026-09-22 16:31:27,842] {scheduler_job.py:182} INFO - Started process (PID=349) to work on /home/airflow/.local/lib/python3.6/site-packages/airflow/example_dags/example_skip_dag.py
[2026-09-22 16:31:27,845] {scheduler_job.py:629} INFO - Processing file /home/airflow/.local/lib/python3.6/site-packages/airflow/example_dags/example_skip_dag.py for tasks to queue
[2026-09-22 16:31:27,846] {logging_mixin.py:104} INFO - [2026-09-22 16:31:27,846] {dagbag.py:451} INFO - Filling up the DagBag from /home/airflow/.local/lib/python3.6/site-packages/airflow/example_dags/example_skip_dag.py
[2026-09-22 16:31:27,870] {scheduler_job.py:639} INFO - DAG(s) dict_keys(['example_skip_dag']) retrieved from /home/airflow/.local/lib/python3.6/site-packages/airflow/example_dags/example_skip_dag.py
[2026-09-22 16:31:27,908] {logging_mixin.py:104} INFO - [2026-09-22 16:31:27,908] {dag.py:1824} INFO - Sync 1 DAGs
[2026-09-22 16:31:27,933] {logging_mixin.py:104} INFO - [2026-09-22 16:31:27,933] {dag.py:2280} INFO - Setting next_dagrun for example_skip_dag to 2026-09-20 00:00:00+00:00
[2026-09-22 16:31:27,950] {scheduler_job.py:190} INFO - Processing /home/airflow/.local/lib/python3.6/site-packages/airflow/example_dags/example_skip_dag.py took 0.114 seconds
[2026-09-22 16:31:58,708] {scheduler_job.py:182} INFO - Started process (PID=375) to work on /home/airflow/.local/lib/python3.6/site-packages/airflow/example_dags/example_skip_dag.py
[2026-09-22 16:31:58,709] {scheduler_job.py:629} INFO - Processing file /home/airflow/.local/lib/python3.6/site-packages/airflow/example_dags/example_skip_dag.py for tasks to queue
[2026-09-22 16:31:58,710] {logging_mixin.py:104} INFO - [2026-09-22 16:31:58,710] {dagbag.py:451} INFO - Filling up the DagBag from /home/airflow/.local/lib/python3.6/site-packages/airflow/example_dags/example_skip_dag.py
[2026-09-22 16:31:58,724] {scheduler_job.py:639} INFO - DAG(s) dict_keys(['example_skip_dag']) retrieved from /home/airflow/.local/lib/python3.6/site-packages/airflow/example_dags/example_skip_dag.py
[2026-09-22 16:31:58,750] {logging_mixin.py:104} INFO - [2026-09-22 16:31:58,750] {dag.py:1824} INFO - Sync 1 DAGs
[2026-09-22 16:31:58,770] {logging_mixin.py:104} INFO - [2026-09-22 16:31:58,769] {dag.py:2280} INFO - Setting next_dagrun for example_skip_dag to 2026-09-20 00:00:00+00:00
[2026-09-22 16:31:58,782] {scheduler_job.py:190} INFO - Processing /home/airflow/.local/lib/python3.6/site-packages/airflow/example_dags/example_skip_dag.py took 0.078 seconds
[2026-09-22 16:32:29,069] {scheduler_job.py:182} INFO - Started process (PID=401) to work on /home/airflow/.local/lib/python3.6/site-packages/airflow/example_dags/example_skip_dag.py
[2026-09-22 16:32:29,071] {scheduler_job.py:629} INFO - Processing file /home/airflow/.local/lib/python3.6/site-packages/airflow/example_dags/example_skip_dag.py for tasks to queue
[2026-09-22 16:32:29,072] {logging_mixin.py:104} INFO - [2026-09-22 16:32:29,072] {dagbag.py:451} INFO - Filling up the DagBag from /home/airflow/.local/lib/python3.6/site-packages/airflow/example_dags/example_skip_dag.py
[2026-09-22 16:32:29,086] {scheduler_job.py:639} INFO - DAG(s) dict_keys(['example_skip_dag']) retrieved from /home/airflow/.local/lib/python3.6/site-packages/airflow/example_dags/example_skip_dag.py
[2026-09-22 16:32:29,112] {logging_mixin.py:104} INFO - [2026-09-22 16:32:29,112] {dag.py:1824} INFO - Sync 1 DAGs
[2026-09-22 16:32:29,131] {logging_mixin.py:104} INFO - [2026-09-22 16:32:29,131] {dag.py:2280} INFO - Setting next_dagrun for example_skip_dag to 2026-09-20 00:00:00+00:00
[2026-09-22 16:32:29,144] {scheduler_job.py:190} INFO - Processing /home/airflow/.local/lib/python3.6/site-packages/airflow/example_dags/example_skip_dag.py took 0.079 seconds
[2026-09-22 16:32:59,743] {scheduler_job.py:182} INFO - Started process (PID=427) to work on /home/airflow/.local/lib/python3.6/site-packages/airflow/example_dags/example_skip_dag.py
[2026-09-22 16:32:59,744] {scheduler_job.py:629} INFO - Processing file /home/airflow/.local/lib/python3.6/site-packages/airflow/example_dags/example_skip_dag.py for tasks to queue
[2026-09-22 16:32:59,746] {logging_mixin.py:104} INFO - [2026-09-22 16:32:59,745] {dagbag.py:451} INFO - Filling up the DagBag from /home/airflow/.local/lib/python3.6/site-packages/airflow/example_dags/example_skip_dag.py
[2026-09-22 16:32:59,765] {scheduler_job.py:639} INFO - DAG(s) dict_keys(['example_skip_dag']) retrieved from /home/airflow/.local/lib/python3.6/site-packages/airflow/example_dags/example_skip_dag.py
[2026-09-22 16:32:59,798] {logging_mixin.py:104} INFO - [2026-09-22 16:32:59,798] {dag.py:1824} INFO - Sync 1 DAGs
[2026-09-22 16:32:59,822] {logging_mixin.py:104} INFO - [2026-09-22 16:32:59,822] {dag.py:2280} INFO - Setting next_dagrun for example_skip_dag to 2026-09-20 00:00:00+00:00
[2026-09-22 16:32:59,834] {scheduler_job.py:190} INFO - Processing /home/airflow/.local/lib/python3.6/site-packages/airflow/example_dags/example_skip_dag.py took 0.097 seconds
[2026-09-22 16:33:30,683] {scheduler_job.py:182} INFO - Started process (PID=453) to work on /home/airflow/.local/lib/python3.6/site-packages/airflow/example_dags/example_skip_dag.py
[2026-09-22 16:33:30,685] {scheduler_job.py:629} INFO - Processing file /home/airflow/.local/lib/python3.6/site-packages/airflow/example_dags/example_skip_dag.py for tasks to queue
[2026-09-22 16:33:30,686] {logging_mixin.py:104} INFO - [2026-09-22 16:33:30,686] {dagbag.py:451} INFO - Filling up the DagBag from /home/airflow/.local/lib/python3.6/site-packages/airflow/example_dags/example_skip_dag.py
[2026-09-22 16:33:30,709] {scheduler_job.py:639} INFO - DAG(s) dict_keys(['example_skip_dag']) retrieved from /home/airflow/.local/lib/python3.6/site-packages/airflow/example_dags/example_skip_dag.py
[2026-09-22 16:33:30,744] {logging_mixin.py:104} INFO - [2026-09-22 16:33:30,744] {dag.py:1824} INFO - Sync 1 DAGs
[2026-09-22 16:33:30,767] {logging_mixin.py:104} INFO - [2026-09-22 16:33:30,767] {dag.py:2280} INFO - Setting next_dagrun for example_skip_dag to 2026-09-20 00:00:00+00:00
[2026-09-22 16:33:30,782] {scheduler_job.py:190} INFO - Processing /home/airflow/.local/lib/python3.6/site-packages/airflow/example_dags/example_skip_dag.py took 0.105 seconds
[2026-09-22 16:34:01,674] {scheduler_job.py:182} INFO - Started process (PID=479) to work on /home/airflow/.local/lib/python3.6/site-packages/airflow/example_dags/example_skip_dag.py
[2026-09-22 16:34:01,676] {scheduler_job.py:629} INFO - Processing file /home/airflow/.local/lib/python3.6/site-packages/airflow/example_dags/example_skip_dag.py for tasks to queue
[2026-09-22 16:34:01,678] {logging_mixin.py:104} INFO - [2026-09-22 16:34:01,677] {dagbag.py:451} INFO - Filling up the DagBag from /home/airflow/.local/lib/python3.6/site-packages/airflow/example_dags/example_skip_dag.py
[2026-09-22 16:34:01,708] {scheduler_job.py:639} INFO - DAG(s) dict_keys(['example_skip_dag']) retrieved from /home/airflow/.local/lib/python3.6/site-packages/airflow/example_dags/example_skip_dag.py
[2026-09-22 16:34:01,754] {logging_mixin.py:104} INFO - [2026-09-22 16:34:01,754] {dag.py:1824} INFO - Sync 1 DAGs
[2026-09-22 16:34:01,783] {logging_mixin.py:104} INFO - [2026-09-22 16:34:01,783] {dag.py:2280} INFO - Setting next_dagrun for example_skip_dag to 2026-09-20 00:00:00+00:00
[2026-09-22 16:34:01,802] {scheduler_job.py:190} INFO - Processing /home/airflow/.local/lib/python3.6/site-packages/airflow/example_dags/example_skip_dag.py took 0.137 seconds
[2026-09-22 16:34:32,398] {scheduler_job.py:182} INFO - Started process (PID=505) to work on /home/airflow/.local/lib/python3.6/site-packages/airflow/example_dags/example_skip_dag.py
[2026-09-22 16:34:32,399] {scheduler_job.py:629} INFO - Processing file /home/airflow/.local/lib/python3.6/site-packages/airflow/example_dags/example_skip_dag.py for tasks to queue
[2026-09-22 16:34:32,401] {logging_mixin.py:104} INFO - [2026-09-22 16:34:32,401] {dagbag.py:451} INFO - Filling up the DagBag from /home/airflow/.local/lib/python3.6/site-packages/airflow/example_dags/example_skip_dag.py
[2026-09-22 16:34:32,424] {scheduler_job.py:639} INFO - DAG(s) dict_keys(['example_skip_dag']) retrieved from /home/airflow/.local/lib/python3.6/site-packages/airflow/example_dags/example_skip_dag.py
[2026-09-22 16:34:32,453] {logging_mixin.py:104} INFO - [2026-09-22 16:34:32,453] {dag.py:1824} INFO - Sync 1 DAGs
[2026-09-22 16:34:32,481] {logging_mixin.py:104} INFO - [2026-09-22 16:34:32,480] {dag.py:2280} INFO - Setting next_dagrun for example_skip_dag to 2026-09-20 00:00:00+00:00
[2026-09-22 16:34:32,501] {scheduler_job.py:190} INFO - Processing /home/airflow/.local/lib/python3.6/site-packages/airflow/example_dags/example_skip_dag.py took 0.108 seconds
[2026-09-22 16:35:03,018] {scheduler_job.py:182} INFO - Started process (PID=531) to work on /home/airflow/.local/lib/python3.6/site-packages/airflow/example_dags/example_skip_dag.py
[2026-09-22 16:35:03,019] {scheduler_job.py:629} INFO - Processing file /home/airflow/.local/lib/python3.6/site-packages/airflow/example_dags/example_skip_dag.py for tasks to queue
[2026-09-22 16:35:03,020] {logging_mixin.py:104} INFO - [2026-09-22 16:35:03,020] {dagbag.py:451} INFO - Filling up the DagBag from /home/airflow/.local/lib/python3.6/site-packages/airflow/example_dags/example_skip_dag.py
[2026-09-22 16:35:03,037] {scheduler_job.py:639} INFO - DAG(s) dict_keys(['example_skip_dag']) retrieved from /home/airflow/.local/lib/python3.6/site-packages/airflow/example_dags/example_skip_dag.py
[2026-09-22 16:35:03,069] {logging_mixin.py:104} INFO - [2026-09-22 16:35:03,069] {dag.py:1824} INFO - Sync 1 DAGs
[2026-09-22 16:35:03,092] {logging_mixin.py:104} INFO - [2026-09-22 16:35:03,092] {dag.py:2280} INFO - Setting next_dagrun for example_skip_dag to 2026-09-20 00:00:00+00:00
[2026-09-22 16:35:03,109] {scheduler_job.py:190} INFO - Processing /home/airflow/.local/lib/python3.6/site-packages/airflow/example_dags/example_skip_dag.py took 0.096 seconds
[2026-09-22 16:35:33,637] {scheduler_job.py:182} INFO - Started process (PID=557) to work on /home/airflow/.local/lib/python3.6/site-packages/airflow/example_dags/example_skip_dag.py
[2026-09-22 16:35:33,639] {scheduler_job.py:629} INFO - Processing file /home/airflow/.local/lib/python3.6/site-packages/airflow/example_dags/example_skip_dag.py for tasks to queue
[2026-09-22 16:35:33,640] {logging_mixin.py:104} INFO - [2026-09-22 16:35:33,639] {dagbag.py:451} INFO - Filling up the DagBag from /home/airflow/.local/lib/python3.6/site-packages/airflow/example_dags/example_skip_dag.py
[2026-09-22 16:35:33,654] {scheduler_job.py:639} INFO - DAG(s) dict_keys(['example_skip_dag']) retrieved from /home/airflow/.local/lib/python3.6/site-packages/airflow/example_dags/example_skip_dag.py
[2026-09-22 16:35:33,682] {logging_mixin.py:104} INFO - [2026-09-22 16:35:33,682] {dag.py:1824} INFO - Sync 1 DAGs
[2026-09-22 16:35:33,704] {logging_mixin.py:104} INFO - [2026-09-22 16:35:33,704] {dag.py:2280} INFO - Setting next_dagrun for example_skip_dag to 2026-09-20 00:00:00+00:00
[2026-09-22 16:35:33,717] {scheduler_job.py:190} INFO - Processing /home/airflow/.local/lib/python3.6/site-packages/airflow/example_dags/example_skip_dag.py took 0.083 seconds
[2026-09-22 16:36:04,347] {scheduler_job.py:182} INFO - Started process (PID=583) to work on /home/airflow/.local/lib/python3.6/site-packages/airflow/example_dags/example_skip_dag.py
[2026-09-22 16:36:04,348] {scheduler_job.py:629} INFO - Processing file /home/airflow/.local/lib/python3.6/site-packages/airflow/example_dags/example_skip_dag.py for tasks to queue
[2026-09-22 16:36:04,349] {logging_mixin.py:104} INFO - [2026-09-22 16:36:04,349] {dagbag.py:451} INFO - Filling up the DagBag from /home/airflow/.local/lib/python3.6/site-packages/airflow/example_dags/example_skip_dag.py
[2026-09-22 16:36:04,369] {scheduler_job.py:639} INFO - DAG(s) dict_keys(['example_skip_dag']) retrieved from /home/airflow/.local/lib/python3.6/site-packages/airflow/example_dags/example_skip_dag.py
[2026-09-22 16:36:04,403] {logging_mixin.py:104} INFO - [2026-09-22 16:36:04,403] {dag.py:1824} INFO - Sync 1 DAGs
[2026-09-22 16:36:04,427] {logging_mixin.py:104} INFO - [2026-09-22 16:36:04,426] {dag.py:2280} INFO - Setting next_dagrun for example_skip_dag to 2026-09-20 00:00:00+00:00
[2026-09-22 16:36:04,442] {scheduler_job.py:190} INFO - Processing /home/airflow/.local/lib/python3.6/site-packages/airflow/example_dags/example_skip_dag.py took 0.099 seconds
[2026-09-22 16:36:35,000] {scheduler_job.py:182} INFO - Started process (PID=609) to work on /home/airflow/.local/lib/python3.6/site-packages/airflow/example_dags/example_skip_dag.py
[2026-09-22 16:36:35,002] {scheduler_job.py:629} INFO - Processing file /home/airflow/.local/lib/python3.6/site-packages/airflow/example_dags/example_skip_dag.py for tasks to queue
[2026-09-22 16:36:35,002] {logging_mixin.py:104} INFO - [2026-09-22 16:36:35,002] {dagbag.py:451} INFO - Filling up the DagBag from /home/airflow/.local/lib/python3.6/site-packages/airflow/example_dags/example_skip_dag.py
[2026-09-22 16:36:35,016] {scheduler_job.py:639} INFO - DAG(s) dict_keys(['example_skip_dag']) retrieved from /home/airflow/.local/lib/python3.6/site-packages/airflow/example_dags/example_skip_dag.py
[2026-09-22 16:36:35,042] {logging_mixin.py:104} INFO - [2026-09-22 16:36:35,042] {dag.py:1824} INFO - Sync 1 DAGs
[2026-09-22 16:36:35,062] {logging_mixin.py:104} INFO - [2026-09-22 16:36:35,062] {dag.py:2280} INFO - Setting next_dagrun for example_skip_dag to 2026-09-20 00:00:00+00:00
[2026-09-22 16:36:35,075] {scheduler_job.py:190} INFO - Processing /home/airflow/.local/lib/python3.6/site-packages/airflow/example_dags/example_skip_dag.py took 0.078 seconds
[2026-09-22 16:37:05,979] {scheduler_job.py:182} INFO - Started process (PID=635) to work on /home/airflow/.local/lib/python3.6/site-packages/airflow/example_dags/example_skip_dag.py
[2026-09-22 16:37:05,981] {scheduler_job.py:629} INFO - Processing file /home/airflow/.local/lib/python3.6/site-packages/airflow/example_dags/example_skip_dag.py for tasks to queue
[2026-09-22 16:37:05,981] {logging_mixin.py:104} INFO - [2026-09-22 16:37:05,981] {dagbag.py:451} INFO - Filling up the DagBag from /home/airflow/.local/lib/python3.6/site-packages/airflow/example_dags/example_skip_dag.py
[2026-09-22 16:37:05,996] {scheduler_job.py:639} INFO - DAG(s) dict_keys(['example_skip_dag']) retrieved from /home/airflow/.local/lib/python3.6/site-packages/airflow/example_dags/example_skip_dag.py
[2026-09-22 16:37:06,025] {logging_mixin.py:104} INFO - [2026-09-22 16:37:06,024] {dag.py:1824} INFO - Sync 1 DAGs
[2026-09-22 16:37:06,051] {logging_mixin.py:104} INFO - [2026-09-22 16:37:06,051] {dag.py:2280} INFO - Setting next_dagrun for example_skip_dag to 2026-09-20 00:00:00+00:00
[2026-09-22 16:37:06,072] {scheduler_job.py:190} INFO - Processing /home/airflow/.local/lib/python3.6/site-packages/airflow/example_dags/example_skip_dag.py took 0.098 seconds
[2026-09-22 16:37:36,719] {scheduler_job.py:182} INFO - Started process (PID=661) to work on /home/airflow/.local/lib/python3.6/site-packages/airflow/example_dags/example_skip_dag.py
[2026-09-22 16:37:36,722] {scheduler_job.py:629} INFO - Processing file /home/airflow/.local/lib/python3.6/site-packages/airflow/example_dags/example_skip_dag.py for tasks to queue
[2026-09-22 16:37:36,722] {logging_mixin.py:104} INFO - [2026-09-22 16:37:36,722] {dagbag.py:451} INFO - Filling up the DagBag from /home/airflow/.local/lib/python3.6/site-packages/airflow/example_dags/example_skip_dag.py
[2026-09-22 16:37:36,740] {scheduler_job.py:639} INFO - DAG(s) dict_keys(['example_skip_dag']) retrieved from /home/airflow/.local/lib/python3.6/site-packages/airflow/example_dags/example_skip_dag.py
[2026-09-22 16:37:36,770] {logging_mixin.py:104} INFO - [2026-09-22 16:37:36,770] {dag.py:1824} INFO - Sync 1 DAGs
[2026-09-22 16:37:36,799] {logging_mixin.py:104} INFO - [2026-09-22 16:37:36,799] {dag.py:2280} INFO - Setting next_dagrun for example_skip_dag to 2026-09-20 00:00:00+00:00
[2026-09-22 16:37:36,820] {scheduler_job.py:190} INFO - Processing /home/airflow/.local/lib/python3.6/site-packages/airflow/example_dags/example_skip_dag.py took 0.104 seconds
[2026-09-22 16:38:07,328] {scheduler_job.py:182} INFO - Started process (PID=687) to work on /home/airflow/.local/lib/python3.6/site-packages/airflow/example_dags/example_skip_dag.py
[2026-09-22 16:38:07,330] {scheduler_job.py:629} INFO - Processing file /home/airflow/.local/lib/python3.6/site-packages/airflow/example_dags/example_skip_dag.py for tasks to queue
[2026-09-22 16:38:07,331] {logging_mixin.py:104} INFO - [2026-09-22 16:38:07,331] {dagbag.py:451} INFO - Filling up the DagBag from /home/airflow/.local/lib/python3.6/site-packages/airflow/example_dags/example_skip_dag.py
[2026-09-22 16:38:07,346] {scheduler_job.py:639} INFO - DAG(s) dict_keys(['example_skip_dag']) retrieved from /home/airflow/.local/lib/python3.6/site-packages/airflow/example_dags/example_skip_dag.py
[2026-09-22 16:38:07,388] {logging_mixin.py:104} INFO - [2026-09-22 16:38:07,387] {dag.py:1824} INFO - Sync 1 DAGs
[2026-09-22 16:38:07,419] {logging_mixin.py:104} INFO - [2026-09-22 16:38:07,419] {dag.py:2280} INFO - Setting next_dagrun for example_skip_dag to 2026-09-20 00:00:00+00:00
[2026-09-22 16:38:07,436] {scheduler_job.py:190} INFO - Processing /home/airflow/.local/lib/python3.6/site-packages/airflow/example_dags/example_skip_dag.py took 0.112 seconds
[2026-09-22 16:38:38,039] {scheduler_job.py:182} INFO - Started process (PID=713) to work on /home/airflow/.local/lib/python3.6/site-packages/airflow/example_dags/example_skip_dag.py
[2026-09-22 16:38:38,041] {scheduler_job.py:629} INFO - Processing file /home/airflow/.local/lib/python3.6/site-packages/airflow/example_dags/example_skip_dag.py for tasks to queue
[2026-09-22 16:38:38,043] {logging_mixin.py:104} INFO - [2026-09-22 16:38:38,042] {dagbag.py:451} INFO - Filling up the DagBag from /home/airflow/.local/lib/python3.6/site-packages/airflow/example_dags/example_skip_dag.py
[2026-09-22 16:38:38,061] {scheduler_job.py:639} INFO - DAG(s) dict_keys(['example_skip_dag']) retrieved from /home/airflow/.local/lib/python3.6/site-packages/airflow/example_dags/example_skip_dag.py
[2026-09-22 16:38:38,091] {logging_mixin.py:104} INFO - [2026-09-22 16:38:38,091] {dag.py:1824} INFO - Sync 1 DAGs
[2026-09-22 16:38:38,113] {logging_mixin.py:104} INFO - [2026-09-22 16:38:38,113] {dag.py:2280} INFO - Setting next_dagrun for example_skip_dag to 2026-09-20 00:00:00+00:00
[2026-09-22 16:38:38,131] {scheduler_job.py:190} INFO - Processing /home/airflow/.local/lib/python3.6/site-packages/airflow/example_dags/example_skip_dag.py took 0.097 seconds
[2026-09-22 16:39:08,840] {scheduler_job.py:182} INFO - Started process (PID=739) to work on /home/airflow/.local/lib/python3.6/site-packages/airflow/example_dags/example_skip_dag.py
[2026-09-22 16:39:08,841] {scheduler_job.py:629} INFO - Processing file /home/airflow/.local/lib/python3.6/site-packages/airflow/example_dags/example_skip_dag.py for tasks to queue
[2026-09-22 16:39:08,842] {logging_mixin.py:104} INFO - [2026-09-22 16:39:08,842] {dagbag.py:451} INFO - Filling up the DagBag from /home/airflow/.local/lib/python3.6/site-packages/airflow/example_dags/example_skip_dag.py
[2026-09-22 16:39:08,857] {scheduler_job.py:639} INFO - DAG(s) dict_keys(['example_skip_dag']) retrieved from /home/airflow/.local/lib/python3.6/site-packages/airflow/example_dags/example_skip_dag.py
[2026-09-22 16:39:08,886] {logging_mixin.py:104} INFO - [2026-09-22 16:39:08,886] {dag.py:1824} INFO - Sync 1 DAGs
[2026-09-22 16:39:08,906] {logging_mixin.py:104} INFO - [2026-09-22 16:39:08,906] {dag.py:2280} INFO - Setting next_dagrun for example_skip_dag to 2026-09-20 00:00:00+00:00
[2026-09-22 16:39:08,922] {scheduler_job.py:190} INFO - Processing /home/airflow/.local/lib/python3.6/site-packages/airflow/example_dags/example_skip_dag.py took 0.086 seconds
[2026-09-22 16:39:39,561] {scheduler_job.py:182} INFO - Started process (PID=765) to work on /home/airflow/.local/lib/python3.6/site-packages/airflow/example_dags/example_skip_dag.py
[2026-09-22 16:39:39,563] {scheduler_job.py:629} INFO - Processing file /home/airflow/.local/lib/python3.6/site-packages/airflow/example_dags/example_skip_dag.py for tasks to queue
[2026-09-22 16:39:39,565] {logging_mixin.py:104} INFO - [2026-09-22 16:39:39,565] {dagbag.py:451} INFO - Filling up the DagBag from /home/airflow/.local/lib/python3.6/site-packages/airflow/example_dags/example_skip_dag.py
[2026-09-22 16:39:39,589] {scheduler_job.py:639} INFO - DAG(s) dict_keys(['example_skip_dag']) retrieved from /home/airflow/.local/lib/python3.6/site-packages/airflow/example_dags/example_skip_dag.py
[2026-09-22 16:39:39,619] {logging_mixin.py:104} INFO - [2026-09-22 16:39:39,619] {dag.py:1824} INFO - Sync 1 DAGs
[2026-09-22 16:39:39,638] {logging_mixin.py:104} INFO - [2026-09-22 16:39:39,638] {dag.py:2280} INFO - Setting next_dagrun for example_skip_dag to 2026-09-20 00:00:00+00:00
[2026-09-22 16:39:39,653] {scheduler_job.py:190} INFO - Processing /home/airflow/.local/lib/python3.6/site-packages/airflow/example_dags/example_skip_dag.py took 0.099 seconds
[2026-09-22 16:40:10,372] {scheduler_job.py:182} INFO - Started process (PID=791) to work on /home/airflow/.local/lib/python3.6/site-packages/airflow/example_dags/example_skip_dag.py
[2026-09-22 16:40:10,374] {scheduler_job.py:629} INFO - Processing file /home/airflow/.local/lib/python3.6/site-packages/airflow/example_dags/example_skip_dag.py for tasks to queue
[2026-09-22 16:40:10,375] {logging_mixin.py:104} INFO - [2026-09-22 16:40:10,374] {dagbag.py:451} INFO - Filling up the DagBag from /home/airflow/.local/lib/python3.6/site-packages/airflow/example_dags/example_skip_dag.py
[2026-09-22 16:40:10,391] {scheduler_job.py:639} INFO - DAG(s) dict_keys(['example_skip_dag']) retrieved from /home/airflow/.local/lib/python3.6/site-packages/airflow/example_dags/example_skip_dag.py
[2026-09-22 16:40:10,420] {logging_mixin.py:104} INFO - [2026-09-22 16:40:10,420] {dag.py:1824} INFO - Sync 1 DAGs
[2026-09-22 16:40:10,441] {logging_mixin.py:104} INFO - [2026-09-22 16:40:10,441] {dag.py:2280} INFO - Setting next_dagrun for example_skip_dag to 2026-09-20 00:00:00+00:00
[2026-09-22 16:40:10,457] {scheduler_job.py:190} INFO - Processing /home/airflow/.local/lib/python3.6/site-packages/airflow/example_dags/example_skip_dag.py took 0.090 seconds
[2026-09-22 16:40:41,259] {scheduler_job.py:182} INFO - Started process (PID=817) to work on /home/airflow/.local/lib/python3.6/site-packages/airflow/example_dags/example_skip_dag.py
[2026-09-22 16:40:41,261] {scheduler_job.py:629} INFO - Processing file /home/airflow/.local/lib/python3.6/site-packages/airflow/example_dags/example_skip_dag.py for tasks to queue
[2026-09-22 16:40:41,262] {logging_mixin.py:104} INFO - [2026-09-22 16:40:41,261] {dagbag.py:451} INFO - Filling up the DagBag from /home/airflow/.local/lib/python3.6/site-packages/airflow/example_dags/example_skip_dag.py
[2026-09-22 16:40:41,280] {scheduler_job.py:639} INFO - DAG(s) dict_keys(['example_skip_dag']) retrieved from /home/airflow/.local/lib/python3.6/site-packages/airflow/example_dags/example_skip_dag.py
[2026-09-22 16:40:41,307] {logging_mixin.py:104} INFO - [2026-09-22 16:40:41,306] {dag.py:1824} INFO - Sync 1 DAGs
[2026-09-22 16:40:41,327] {logging_mixin.py:104} INFO - [2026-09-22 16:40:41,327] {dag.py:2280} INFO - Setting next_dagrun for example_skip_dag to 2026-09-20 00:00:00+00:00
[2026-09-22 16:40:41,344] {scheduler_job.py:190} INFO - Processing /home/airflow/.local/lib/python3.6/site-packages/airflow/example_dags/example_skip_dag.py took 0.089 seconds
[2026-09-22 16:41:12,000] {scheduler_job.py:182} INFO - Started process (PID=843) to work on /home/airflow/.local/lib/python3.6/site-packages/airflow/example_dags/example_skip_dag.py
[2026-09-22 16:41:12,001] {scheduler_job.py:629} INFO - Processing file /home/airflow/.local/lib/python3.6/site-packages/airflow/example_dags/example_skip_dag.py for tasks to queue
[2026-09-22 16:41:12,003] {logging_mixin.py:104} INFO - [2026-09-22 16:41:12,002] {dagbag.py:451} INFO - Filling up the DagBag from /home/airflow/.local/lib/python3.6/site-packages/airflow/example_dags/example_skip_dag.py
[2026-09-22 16:41:12,020] {scheduler_job.py:639} INFO - DAG(s) dict_keys(['example_skip_dag']) retrieved from /home/airflow/.local/lib/python3.6/site-packages/airflow/example_dags/example_skip_dag.py
[2026-09-22 16:41:12,053] {logging_mixin.py:104} INFO - [2026-09-22 16:41:12,053] {dag.py:1824} INFO - Sync 1 DAGs
[2026-09-22 16:41:12,082] {logging_mixin.py:104} INFO - [2026-09-22 16:41:12,082] {dag.py:2280} INFO - Setting next_dagrun for example_skip_dag to 2026-09-20 00:00:00+00:00
[2026-09-22 16:41:12,107] {scheduler_job.py:190} INFO - Processing /home/airflow/.local/lib/python3.6/site-packages/airflow/example_dags/example_skip_dag.py took 0.112 seconds
[2026-09-22 16:41:42,413] {scheduler_job.py:182} INFO - Started process (PID=868) to work on /home/airflow/.local/lib/python3.6/site-packages/airflow/example_dags/example_skip_dag.py
[2026-09-22 16:41:42,415] {scheduler_job.py:629} INFO - Processing file /home/airflow/.local/lib/python3.6/site-packages/airflow/example_dags/example_skip_dag.py for tasks to queue
[2026-09-22 16:41:42,419] {logging_mixin.py:104} INFO - [2026-09-22 16:41:42,418] {dagbag.py:451} INFO - Filling up the DagBag from /home/airflow/.local/lib/python3.6/site-packages/airflow/example_dags/example_skip_dag.py
[2026-09-22 16:41:42,467] {scheduler_job.py:639} INFO - DAG(s) dict_keys(['example_skip_dag']) retrieved from /home/airflow/.local/lib/python3.6/site-packages/airflow/example_dags/example_skip_dag.py
[2026-09-22 16:41:42,533] {logging_mixin.py:104} INFO - [2026-09-22 16:41:42,533] {dag.py:1824} INFO - Sync 1 DAGs
[2026-09-22 16:41:42,565] {logging_mixin.py:104} INFO - [2026-09-22 16:41:42,565] {dag.py:2280} INFO - Setting next_dagrun for example_skip_dag to 2026-09-20 00:00:00+00:00
[2026-09-22 16:41:42,598] {scheduler_job.py:190} INFO - Processing /home/airflow/.local/lib/python3.6/site-packages/airflow/example_dags/example_skip_dag.py took 0.195 seconds
