[2026-09-22 16:25:21,599] {scheduler_job.py:182} INFO - Started process (PID=53) to work on /home/airflow/.local/lib/python3.6/site-packages/airflow/example_dags/example_latest_only.py
[2026-09-22 16:25:21,600] {scheduler_job.py:629} INFO - Processing file /home/airflow/.local/lib/python3.6/site-packages/airflow/example_dags/example_latest_only.py for tasks to queue
[2026-09-22 16:25:21,602] {logging_mixin.py:104} INFO - [2026-09-22 16:25:21,601] {dagbag.py:451} INFO - Filling up the DagBag from /home/airflow/.local/lib/python3.6/site-packages/airflow/example_dags/example_latest_only.py
[2026-09-22 16:25:21,624] {scheduler_job.py:639} INFO - DAG(s) dict_keys(['latest_only']) retrieved from /home/airflow/.local/lib/python3.6/site-packages/airflow/example_dags/example_latest_only.py
[2026-09-22 16:25:21,689] {logging_mixin.py:104} INFO - [2026-09-22 16:25:21,689] {dag.py:1824} INFO - Sync 1 DAGs
[2026-09-22 16:25:21,756] {logging_mixin.py:104} INFO - [2026-09-22 16:25:21,755] {dag.py:2280} INFO - Setting next_dagrun for latest_only to 2026-09-20 00:00:00+00:00
[2026-09-22 16:25:21,816] {scheduler_job.py:190} INFO - Processing /home/airflow/.local/lib/python3.6/site-packages/airflow/example_dags/example_latest_only.py took 0.226 seconds
[2026-09-22 16:25:51,895] {scheduler_job.py:182} INFO - Started process (PID=79) to work on /home/airflow/.local/lib/python3.6/site-packages/airflow/example_dags/example_latest_only.py
[2026-09-22 16:25:51,897] {scheduler_job.py:629} INFO - Processing file /home/airflow/.local/lib/python3.6/site-packages/airflow/example_dags/example_latest_only.py for tasks to queue
[2026-09-22 16:25:51,897] {logging_mixin.py:104} INFO - [2026-09-22 16:25:51,897] {dagbag.py:451} INFO - Filling up the DagBag from /home/airflow/.local/lib/python3.6/site-packages/airflow/example_dags/example_latest_only.py
[2026-09-22 16:25:51,914] {scheduler_job.py:639} INFO - DAG(s) dict_keys(['latest_only']) retrieved from /home/airflow/.local/lib/python3.6/site-packages/airflow/example_dags/example_latest_only.py
[2026-09-22 16:25:51,947] {logging_mixin.py:104} INFO - [2026-09-22 16:25:51,947] {dag.py:1824} INFO - Sync 1 DAGs
[2026-09-22 16:25:51,978] {logging_mixin.py:104} INFO - [2026-09-22 16:25:51,978] {dag.py:2280} INFO - Setting next_dagrun for latest_only to 2026-09-20 00:00:00+00:00
[2026-09-22 16:25:51,996] {scheduler_job.py:190} INFO - Processing /home/airflow/.local/lib/python3.6/site-packages/airflow/example_dags/example_latest_only.py took 0.106 seconds
[2026-09-22 16:26:22,252] {scheduler_job.py:182} INFO - Started process (PID=102) to work on /home/airflow/.local/lib/python3.6/site-packages/airflow/example_dags/example_latest_only.py
[2026-09-22 16:26:22,253] {scheduler_job.py:629} INFO - Processing file /home/airflow/.local/lib/python3.6/site-packages/airflow/example_dags/example_latest_only.py for tasks to queue
[2026-09-22 16:26:22,254] {logging_mixin.py:104} INFO - [2026-09-22 16:26:22,254] {dagbag.py:451} INFO - Filling up the DagBag from /home/airflow/.local/lib/python3.6/site-packages/airflow/example_dags/example_latest_only.py
[2026-09-22 16:26:22,268] {scheduler_job.py:639} INFO - DAG(s) dict_keys(['latest_only']) retrieved from /home/airflow/.local/lib/python3.6/site-packages/airflow/example_dags/example_latest_only.py
[2026-09-22 16:26:22,301] {logging_mixin.py:104} INFO - [2026-09-22 16:26:22,301] {dag.py:1824} INFO - Sync 1 DAGs
[2026-09-22 16:26:22,324] {logging_mixin.py:104} INFO - [2026-09-22 16:26:22,323] {dag.py:2280} INFO - Setting next_dagrun for latest_only to 2026-09-20 00:00:00+00:00
[2026-09-22 16:26:22,336] {scheduler_job.py:190} INFO - Processing /home/airflow/.local/lib/python3.6/site-packages/airflow/example_dags/example_latest_only.py took 0.089 seconds
[2026-09-22 16:26:53,307] {scheduler_job.py:182} INFO - Started process (PID=130) to work on /home/airflow/.local/lib/python3.6/site-packages/airflow/example_dags/example_latest_only.py
[2026-09-22 16:26:53,308] {scheduler_job.py:629} INFO - Processing file /home/airflow/.local/lib/python3.6/site-packages/airflow/example_dags/example_latest_only.py for tasks to queue
[2026-09-22 16:26:53,310] {logging_mixin.py:104} INFO - [2026-09-22 16:26:53,309] {dagbag.py:451} INFO - Filling up the DagBag from /home/airflow/.local/lib/python3.6/site-packages/airflow/example_dags/example_latest_only.py
[2026-09-22 16:26:53,329] {scheduler_job.py:639} INFO - DAG(s) dict_keys(['latest_only']) retrieved from /home/airflow/.local/lib/python3.6/site-packages/airflow/example_dags/example_latest_only.py
[2026-09-22 16:26:53,370] {logging_mixin.py:104} INFO - [2026-09-22 16:26:53,370] {dag.py:1824} INFO - Sync 1 DAGs
[2026-09-22 16:26:53,402] {logging_mixin.py:104} INFO - [2026-09-22 16:26:53,402] {dag.py:2280} INFO - Setting next_dagrun for latest_only to 2026-09-20 00:00:00+00:00
[2026-09-22 16:26:53,423] {scheduler_job.py:190} INFO - Processing /home/airflow/.local/lib/python3.6/site-packages/airflow/example_dags/example_latest_only.py took 0.123 seconds
[2026-09-22 16:27:23,841] {scheduler_job.py:182} INFO - Started process (PID=154) to work on /home/airflow/.local/lib/python3.6/site-packages/airflow/example_dags/example_latest_only.py
[2026-09-22 16:27:23,842] {scheduler_job.py:629} INFO - Processing file /home/airflow/.local/lib/python3.6/site-packages/airflow/example_dags/example_latest_only.py for tasks to queue
[2026-09-22 16:27:23,843] {logging_mixin.py:104} INFO - [2026-09-22 16:27:23,843] {dagbag.py:451} INFO - Filling up the DagBag from /home/airflow/.local/lib/python3.6/site-packages/airflow/example_dags/example_latest_only.py
[2026-09-22 16:27:23,858] {scheduler_job.py:639} INFO - DAG(s) dict_keys(['latest_only']) retrieved from /home/airflow/.local/lib/python3.6/site-packages/airflow/example_dags/example_latest_only.py
[2026-09-22 16:27:23,885] {logging_mixin.py:104} INFO - [2026-09-22 16:27:23,884] {dag.py:1824} INFO - Sync 1 DAGs
[2026-09-22 16:27:23,906] {logging_mixin.py:104} INFO - [2026-09-22 16:27:23,906] {dag.py:2280} INFO - Setting next_dagrun for latest_only to 2026-09-20 00:00:00+00:00
[2026-09-22 16:27:23,921] {scheduler_job.py:190} INFO - Processing /home/airflow/.local/lib/python3.6/site-packages/airflow/example_dags/example_latest_only.py took 0.085 seconds
[2026-09-22 16:27:54,589] {scheduler_job.py:182} INFO - Started process (PID=180) to work on /home/airflow/.local/lib/python3.6/site-packages/airflow/example_dags/example_latest_only.py
[2026-09-22 16:27:54,592] {scheduler_job.py:629} INFO - Processing file /home/airflow/.local/lib/python3.6/site-packages/airflow/example_dags/example_latest_only.py for tasks to queue
[2026-09-22 16:27:54,593] {logging_mixin.py:104} INFO - [2026-09-22 16:27:54,592] {dagbag.py:451} INFO - Filling up the DagBag from /home/airflow/.local/lib/python3.6/site-packages/airflow/example_dags/example_latest_only.py
[2026-09-22 16:27:54,610] {scheduler_job.py:639} INFO - DAG(s) dict_keys(['latest_only']) retrieved from /home/airflow/.local/lib/python3.6/site-packages/airflow/example_dags/example_latest_only.py
[2026-09-22 16:27:54,642] {logging_mixin.py:104} INFO - [2026-09-22 16:27:54,642] {dag.py:1824} INFO - Sync 1 DAGs
[2026-09-22 16:27:54,666] {logging_mixin.py:104} INFO - [2026-09-22 16:27:54,666] {dag.py:2280} INFO - Setting next_dagrun for latest_only to 2026-09-20 00:00:00+00:00
[2026-09-22 16:27:54,680] {scheduler_job.py:190} INFO - Processing /home/airflow/.local/lib/python3.6/site-packages/airflow/example_dags/example_latest_only.py took 0.095 seconds
[2026-09-22 16:28:25,676] {scheduler_job.py:182} INFO - Started process (PID=208) to work on /home/airflow/.local/lib/python3.6/site-packages/airflow/example_dags/example_latest_only.py
[2026-09-22 16:28:25,678] {scheduler_job.py:629} INFO - Processing file /home/airflow/.local/lib/python3.6/site-packages/airflow/example_dags/example_latest_only.py for tasks to queue
[2026-09-22 16:28:25,678] {logging_mixin.py:104} INFO - [2026-09-22 16:28:25,678] {dagbag.py:451} INFO - Filling up the DagBag from /home/airflow/.local/lib/python3.6/site-packages/airflow/example_dags/example_latest_only.py
[2026-09-22 16:28:25,692] {scheduler_job.py:639} INFO - DAG(s) dict_keys(['latest_only']) retrieved from /home/airflow/.local/lib/python3.6/site-packages/airflow/example_dags/example_latest_only.py
[2026-09-22 16:28:25,719] {logging_mixin.py:104} INFO - [2026-09-22 16:28:25,719] {dag.py:1824} INFO - Sync 1 DAGs
[2026-09-22 16:28:25,739] {logging_mixin.py:104} INFO - [2026-09-22 16:28:25,739] {dag.py:2280} INFO - Setting next_dagrun for latest_only to 2026-09-20 00:00:00+00:00
[2026-09-22 16:28:25,753] {scheduler_job.py:190} INFO - Processing /home/airflow/.local/lib/python3.6/site-packages/airflow/example_dags/example_latest_only.py took 0.081 seconds
[2026-09-22 16:28:56,134] {scheduler_job.py:182} INFO - Started process (PID=232) to work on /home/airflow/.local/lib/python3.6/site-packages/airflow/example_dags/example_latest_only.py
[2026-09-22 16:28:56,136] {scheduler_job.py:629} INFO - Processing file /home/airflow/.local/lib/python3.6/site-packages/airflow/example_dags/example_latest_only.py for tasks to queue
[2026-09-22 16:28:56,137] {logging_mixin.py:104} INFO - [2026-09-22 16:28:56,136] {dagbag.py:451} INFO - Filling up the DagBag from /home/airflow/.local/lib/python3.6/site-packages/airflow/example_dags/example_latest_only.py
[2026-09-22 16:28:56,151] {scheduler_job.py:639} INFO - DAG(s) dict_keys(['latest_only']) retrieved from /home/airflow/.local/lib/python3.6/site-packages/airflow/example_dags/example_latest_only.py
[2026-09-22 16:28:56,180] {logging_mixin.py:104} INFO - [2026-09-22 16:28:56,180] {dag.py:1824} INFO - Sync 1 DAGs
[2026-09-22 16:28:56,204] {logging_mixin.py:104} INFO - [2026-09-22 16:28:56,203] {dag.py:2280} INFO - Setting next_dagrun for latest_only to 2026-09-20 00:00:00+00:00
[2026-09-22 16:28:56,218] {scheduler_job.py:190} INFO - Processing /home/airflow/.local/lib/python3.6/site-packages/airflow/example_dags/example_latest_only.py took 0.088 seconds
[2026-09-22 16:29:27,235] {scheduler_job.py:182} INFO - Started process (PID=260) to work on /home/airflow/.local/lib/python3.6/site-packages/airflow/example_dags/example_latest_only.py
[2026-09-22 16:29:27,237] {scheduler_job.py:629} INFO - Processing file /home/airflow/.local/lib/python3.6/site-packages/airflow/example_dags/example_latest_only.py for tasks to queue
[2026-09-22 16:29:27,238] {logging_mixin.py:104} INFO - [2026-09-22 16:29:27,238] {dagbag.py:451} INFO - Filling up the DagBag from /home/airflow/.local/lib/python3.6/site-packages/airflow/example_dags/example_latest_only.py
[2026-09-22 16:29:27,260] {scheduler_job.py:639} INFO - DAG(s) dict_keys(['latest_only']) retrieved from /home/airflow/.local/lib/python3.6/site-packages/airflow/example_dags/example_latest_only.py
[2026-09-22 16:29:27,296] {logging_mixin.py:104} INFO - [2026-09-22 16:29:27,296] {dag.py:1824} INFO - Sync 1 DAGs
[2026-09-22 16:29:27,325] {logging_mixin.py:104} INFO - [2026-09-22 16:29:27,325] {dag.py:2280} INFO - Setting next_dagrun for latest_only to 2026-09-20 00:00:00+00:00
[2026-09-22 16:29:27,347] {scheduler_job.py:190} INFO - Processing /home/airflow/.local/lib/python3.6/site-packages/airflow/example_dags/example_latest_only.py took 0.117 seconds
[2026-09-22 16:29:57,404] {scheduler_job.py:182} INFO - Started process (PID=286) to work on /home/airflow/.local/lib/python3.6/site-packages/airflow/example_dags/example_latest_only.py
[2026-09-22 16:29:57,405] {scheduler_job.py:629} INFO - Processing file /home/airflow/.local/lib/python3.6/site-packages/airflow/example_dags/example_latest_only.py for tasks to queue
[2026-09-22 16:29:57,406] {logging_mixin.py:104} INFO - [2026-09-22 16:29:57,406] {dagbag.py:451} INFO - Filling up the DagBag from /home/airflow/.local/lib/python3.6/site-packages/airflow/example_dags/example_latest_only.py
[2026-09-22 16:29:57,427] {scheduler_job.py:639} INFO - DAG(s) dict_keys(['latest_only']) retrieved from /home/airflow/.local/lib/python3.6/site-packages/airflow/example_dags/example_latest_only.py
[2026-09-22 16:29:57,458] {logging_mixin.py:104} INFO - [2026-09-22 16:29:57,458] {dag.py:1824} INFO - Sync 1 DAGs
[2026-09-22 16:29:57,478] {logging_mixin.py:104} INFO - [2026-09-22 16:29:57,478] {dag.py:2280} INFO - Setting next_dagrun for latest_only to 2026-09-20 00:00:00+00:00
[2026-09-22 16:29:57,492] {scheduler_job.py:190} INFO - Processing /home/airflow/.local/lib/python3.6/site-packages/airflow/example_dags/example_latest_only.py took 0.092 seconds
[2026-09-22 16:30:28,149] {scheduler_job.py:182} INFO - Started process (PID=311) to work on /home/airflow/.local/lib/python3.6/site-packages/airflow/example_dags/example_latest_only.py
[2026-09-22 16:30:28,150] {scheduler_job.py:629} INFO - Processing file /home/airflow/.local/lib/python3.6/site-packages/airflow/example_dags/example_latest_only.py for tasks to queue
[2026-09-22 16:30:28,151] {logging_mixin.py:104} INFO - [2026-09-22 16:30:28,151] {dagbag.py:451} INFO - Filling up the DagBag from /home/airflow/.local/lib/python3.6/site-packages/airflow/example_dags/example_latest_only.py
[2026-09-22 16:30:28,168] {scheduler_job.py:639} INFO - DAG(s) dict_keys(['latest_only']) retrieved from /home/airflow/.local/lib/python3.6/site-packages/airflow/example_dags/example_latest_only.py
[2026-09-22 16:30:28,196] {logging_mixin.py:104} INFO - [2026-09-22 16:30:28,196] {dag.py:1824} INFO - Sync 1 DAGs
[2026-09-22 16:30:28,219] {logging_mixin.py:104} INFO - [2026-09-22 16:30:28,219] {dag.py:2280} INFO - Setting next_dagrun for latest_only to 2026-09-20 00:00:00+00:00
[2026-09-22 16:30:28,238] {scheduler_job.py:190} INFO - Processing /home/airflow/.local/lib/python3.6/site-packages/airflow/example_dags/example_latest_only.py took 0.094 seconds
[2026-09-22 16:30:59,084] {scheduler_job.py:182} INFO - Started process (PID=337) to work on /home/airflow/.local/lib/python3.6/site-packages/airflow/example_dags/example_latest_only.py
[2026-09-22 16:30:59,085] {scheduler_job.py:629} INFO - Processing file /home/airflow/.local/lib/python3.6/site-packages/airflow/example_dags/example_latest_only.py for tasks to queue
[2026-09-22 16:30:59,086] {logging_mixin.py:104} INFO - [2026-09-22 16:30:59,086] {dagbag.py:451} INFO - Filling up the DagBag from /home/airflow/.local/lib/python3.6/site-packages/airflow/example_dags/example_latest_only.py
[2026-09-22 16:30:59,100] {scheduler_job.py:639} INFO - DAG(s) dict_keys(['latest_only']) retrieved from /home/airflow/.local/lib/python3.6/site-packages/airflow/example_dags/example_latest_only.py
[2026-09-22 16:30:59,126] {logging_mixin.py:104} INFO - [2026-09-22 16:30:59,126] {dag.py:1824} INFO - Sync 1 DAGs
[2026-09-22 16:30:59,148] {logging_mixin.py:104} INFO - [2026-09-22 16:30:59,148] {dag.py:2280} INFO - Setting next_dagrun for latest_only to 2026-09-20 00:00:00+00:00
[2026-09-22 16:30:59,166] {scheduler_job.py:190} INFO - Processing /home/airflow/.local/lib/python3.6/site-packages/airflow/example_dags/example_latest_only.py took 0.086 seconds
[2026-09-22 16:31:29,858] {scheduler_job.py:182} INFO - Started process (PID=363) to work on /home/airflow/.local/lib/python3.6/site-packages/airflow/example_dags/example_latest_only.py
[2026-09-22 16:31:29,860] {scheduler_job.py:629} INFO - Processing file /home/airflow/.local/lib/python3.6/site-packages/airflow/example_dags/example_latest_only.py for tasks to queue
[2026-09-22 16:31:29,862] {logging_mixin.py:104} INFO - [2026-09-22 16:31:29,862] {dagbag.py:451} INFO - Filling up the DagBag from /home/airflow/.local/lib/python3.6/site-packages/airflow/example_dags/example_latest_only.py
[2026-09-22 16:31:29,885] {scheduler_job.py:639} INFO - DAG(s) dict_keys(['latest_only']) retrieved from /home/airflow/.local/lib/python3.6/site-packages/airflow/example_dags/example_latest_only.py
[2026-09-22 16:31:29,930] {logging_mixin.py:104} INFO - [2026-09-22 16:31:29,930] {dag.py:1824} INFO - Sync 1 DAGs
[2026-09-22 16:31:29,972] {logging_mixin.py:104} INFO - [2026-09-22 16:31:29,972] {dag.py:2280} INFO - Setting next_dagrun for latest_only to 2026-09-20 00:00:00+00:00
[2026-09-22 16:31:29,999] {scheduler_job.py:190} INFO - Processing /home/airflow/.local/lib/python3.6/site-packages/airflow/example_dags/example_latest_only.py took 0.148 seconds
[2026-09-22 16:32:00,505] {scheduler_job.py:182} INFO - Started process (PID=389) to work on /home/airflow/.local/lib/python3.6/site-packages/airflow/example_dags/example_latest_only.py
[2026-09-22 16:32:00,506] {scheduler_job.py:629} INFO - Processing file /home/airflow/.local/lib/python3.6/site-packages/airflow/example_dags/example_latest_only.py for tasks to queue
[2026-09-22 16:32:00,506] {logging_mixin.py:104} INFO - [2026-09-22 16:32:00,506] {dagbag.py:451} INFO - Filling up the DagBag from /home/airflow/.local/lib/python3.6/site-packages/airflow/example_dags/example_latest_only.py
[2026-09-22 16:32:00,520] {scheduler_job.py:639} INFO - DAG(s) dict_keys(['latest_only']) retrieved from /home/airflow/.local/lib/python3.6/site-packages/airflow/example_dags/example_latest_only.py
[2026-09-22 16:32:00,544] {logging_mixin.py:104} INFO - [2026-09-22 16:32:00,543] {dag.py:1824} INFO - Sync 1 DAGs
[2026-09-22 16:32:00,563] {logging_mixin.py:104} INFO - [2026-09-22 16:32:00,563] {dag.py:2280} INFO - Setting next_dagrun for latest_only to 2026-09-20 00:00:00+00:00
[2026-09-22 16:32:00,579] {scheduler_job.py:190} INFO - Processing /home/airflow/.local/lib/python3.6/site-packages/airflow/example_dags/example_latest_only.py took 0.079 seconds
[2026-09-22 16:32:31,097] {scheduler_job.py:182} INFO - Started process (PID=415) to work on /home/airflow/.local/lib/python3.6/site-packages/airflow/example_dags/example_latest_only.py
[2026-09-22 16:32:31,099] {scheduler_job.py:629} INFO - Processing file /home/airflow/.local/lib/python3.6/site-packages/airflow/example_dags/example_latest_only.py for tasks to queue
[2026-09-22 16:32:31,100] {logging_mixin.py:104} INFO - [2026-09-22 16:32:31,099] {dagbag.py:451} INFO - Filling up the DagBag from /home/airflow/.local/lib/python3.6/site-packages/airflow/example_dags/example_latest_only.py
[2026-09-22 16:32:31,112] {scheduler_job.py:639} INFO - DAG(s) dict_keys(['latest_only']) retrieved from /home/airflow/.local/lib/python3.6/site-packages/airflow/example_dags/example_latest_only.py
[2026-09-22 16:32:31,138] {logging_mixin.py:104} INFO - [2026-09-22 16:32:31,138] {dag.py:1824} INFO - Sync 1 DAGs
[2026-09-22 16:32:31,158] {logging_mixin.py:104} INFO - [2026-09-22 16:32:31,158] {dag.py:2280} INFO - Setting next_dagrun for latest_only to 2026-09-20 00:00:00+00:00
[2026-09-22 16:32:31,176] {scheduler_job.py:190} INFO - Processing /home/airflow/.local/lib/python3.6/site-packages/airflow/example_dags/example_latest_only.py took 0.083 seconds
[2026-09-22 16:33:01,750] {scheduler_job.py:182} INFO - Started process (PID=439) to work on /home/airflow/.local/lib/python3.6/site-packages/airflow/example_dags/example_latest_only.py
[2026-09-22 16:33:01,752] {scheduler_job.py:629} INFO - Processing file /home/airflow/.local/lib/python3.6/site-packages/airflow/example_dags/example_latest_only.py for tasks to queue
[2026-09-22 16:33:01,753] {logging_mixin.py:104} INFO - [2026-09-22 16:33:01,753] {dagbag.py:451} INFO - Filling up the DagBag from /home/airflow/.local/lib/python3.6/site-packages/airflow/example_dags/example_latest_only.py
[2026-09-22 16:33:01,771] {scheduler_job.py:639} INFO - DAG(s) dict_keys(['latest_only']) retrieved from /home/airflow/.local/lib/python3.6/site-packages/airflow/example_dags/example_latest_only.py
[2026-09-22 16:33:01,801] {logging_mixin.py:104} INFO - [2026-09-22 16:33:01,801] {dag.py:1824} INFO - Sync 1 DAGs
[2026-09-22 16:33:01,823] {logging_mixin.py:104} INFO - [2026-09-22 16:33:01,823] {dag.py:2280} INFO - Setting next_dagrun for latest_only to 2026-09-20 00:00:00+00:00
[2026-09-22 16:33:01,842] {scheduler_job.py:190} INFO - Processing /home/airflow/.local/lib/python3.6/site-packages/airflow/example_dags/example_latest_only.py took 0.096 seconds
[2026-09-22 16:33:32,583] {scheduler_job.py:182} INFO - Started process (PID=465) to work on /home/airflow/.local/lib/python3.6/site-packages/airflow/example_dags/example_latest_only.py
[2026-09-22 16:33:32,584] {scheduler_job.py:629} INFO - Processing file /home/airflow/.local/lib/python3.6/site-packages/airflow/example_dags/example_latest_only.py for tasks to queue
[2026-09-22 16:33:32,585] {logging_mixin.py:104} INFO - [2026-09-22 16:33:32,585] {dagbag.py:451} INFO - Filling up the DagBag from /home/airflow/.local/lib/python3.6/site-packages/airflow/example_dags/example_latest_only.py
[2026-09-22 16:33:32,604] {scheduler_job.py:639} INFO - DAG(s) dict_keys(['latest_only']) retrieved from /home/airflow/.local/lib/python3.6/site-packages/airflow/example_dags/example_latest_only.py
[2026-09-22 16:33:32,642] {logging_mixin.py:104} INFO - [2026-09-22 16:33:32,642] {dag.py:1824} INFO - Sync 1 DAGs
[2026-09-22 16:33:32,673] {logging_mixin.py:104} INFO - [2026-09-22 16:33:32,673] {dag.py:2280} INFO - Setting next_dagrun for latest_only to 2026-09-20 00:00:00+00:00
[2026-09-22 16:33:32,694] {scheduler_job.py:190} INFO - Processing /home/airflow/.local/lib/python3.6/site-packages/airflow/example_dags/example_latest_only.py took 0.115 seconds
[2026-09-22 16:34:03,369] {scheduler_job.py:182} INFO - Started process (PID=490) to work on /home/airflow/.local/lib/python3.6/site-packages/airflow/example_dags/example_latest_only.py
[2026-09-22 16:34:03,370] {scheduler_job.py:629} INFO - Processing file /home/airflow/.local/lib/python3.6/site-packages/airflow/example_dags/example_latest_only.py for tasks to queue
[2026-09-22 16:34:03,371] {logging_mixin.py:104} INFO - [2026-09-22 16:34:03,371] {dagbag.py:451} INFO - Filling up the DagBag from /home/airflow/.local/lib/python3.6/site-packages/airflow/example_dags/example_latest_only.py
[2026-09-22 16:34:03,385] {scheduler_job.py:639} INFO - DAG(s) dict_keys(['latest_only']) retrieved from /home/airflow/.local/lib/python3.6/site-packages/airflow/example_dags/example_latest_only.py
[2026-09-22 16:34:03,409] {logging_mixin.py:104} INFO - [2026-09-22 16:34:03,409] {dag.py:1824} INFO - Sync 1 DAGs
[2026-09-22 16:34:03,428] {logging_mixin.py:104} INFO - [2026-09-22 16:34:03,428] {dag.py:2280} INFO - Setting next_dagrun for latest_only to 2026-09-20 00:00:00+00:00
[2026-09-22 16:34:03,444] {scheduler_job.py:190} INFO - Processing /home/airflow/.local/lib/python3.6/site-packages/airflow/example_dags/example_latest_only.py took 0.079 seconds
[2026-09-22 16:34:34,201] {scheduler_job.py:182} INFO - Started process (PID=517) to work on /home/airflow/.local/lib/python3.6/site-packages/airflow/example_dags/example_latest_only.py
[2026-09-22 16:34:34,202] {scheduler_job.py:629} INFO - Processing file /home/airflow/.local/lib/python3.6/site-packages/airflow/example_dags/example_latest_only.py for tasks to queue
[2026-09-22 16:34:34,203] {logging_mixin.py:104} INFO - [2026-09-22 16:34:34,203] {dagbag.py:451} INFO - Filling up the DagBag from /home/airflow/.local/lib/python3.6/site-packages/airflow/example_dags/example_latest_only.py
[2026-09-22 16:34:34,217] {scheduler_job.py:639} INFO - DAG(s) dict_keys(['latest_only']) retrieved from /home/airflow/.local/lib/python3.6/site-packages/airflow/example_dags/example_latest_only.py
[2026-09-22 16:34:34,246] {logging_mixin.py:104} INFO - [2026-09-22 16:34:34,246] {dag.py:1824} INFO - Sync 1 DAGs
[2026-09-22 16:34:34,267] {logging_mixin.py:104} INFO - [2026-09-22 16:34:34,267] {dag.py:2280} INFO - Setting next_dagrun for latest_only to 2026-09-20 00:00:00+00:00
[2026-09-22 16:34:34,292] {scheduler_job.py:190} INFO - Processing /home/airflow/.local/lib/python3.6/site-packages/airflow/example_dags/example_latest_only.py took 0.095 seconds
[2026-09-22 16:35:04,855] {scheduler_job.py:182} INFO - Started process (PID=543) to work on /home/airflow/.local/lib/python3.6/site-packages/airflow/example_dags/example_latest_only.py
[2026-09-22 16:35:04,856] {scheduler_job.py:629} INFO - Processing file /home/airflow/.local/lib/python3.6/site-packages/airflow/example_dags/example_latest_only.py for tasks to queue
[2026-09-22 16:35:04,857] {logging_mixin.py:104} INFO - [2026-09-22 16:35:04,857] {dagbag.py:451} INFO - Filling up the DagBag from /home/airflow/.local/lib/python3.6/site-packages/airflow/example_dags/example_latest_only.py
[2026-09-22 16:35:04,872] {scheduler_job.py:639} INFO - DAG(s) dict_keys(['latest_only']) retrieved from /home/airflow/.local/lib/python3.6/site-packages/airflow/example_dags/example_latest_only.py
[2026-09-22 16:35:04,896] {logging_mixin.py:104} INFO - [2026-09-22 16:35:04,895] {dag.py:1824} INFO - Sync 1 DAGs
[2026-09-22 16:35:04,916] {logging_mixin.py:104} INFO - [2026-09-22 16:35:04,916] {dag.py:2280} INFO - Setting next_dagrun for latest_only to 2026-09-20 00:00:00+00:00
[2026-09-22 16:35:04,933] {scheduler_job.py:190} INFO - Processing /home/airflow/.local/lib/python3.6/site-packages/airflow/example_dags/example_latest_only.py took 0.082 seconds
[2026-09-22 16:35:35,673] {scheduler_job.py:182} INFO - Started process (PID=572) to work on /home/airflow/.local/lib/python3.6/site-packages/airflow/example_dags/example_latest_only.py
[2026-09-22 16:35:35,674] {scheduler_job.py:629} INFO - Processing file /home/airflow/.local/lib/python3.6/site-packages/airflow/example_dags/example_latest_only.py for tasks to queue
[2026-09-22 16:35:35,675] {logging_mixin.py:104} INFO - [2026-09-22 16:35:35,675] {dagbag.py:451} INFO - Filling up the DagBag from /home/airflow/.local/lib/python3.6/site-packages/airflow/example_dags/example_latest_only.py
[2026-09-22 16:35:35,697] {scheduler_job.py:639} INFO - DAG(s) dict_keys(['latest_only']) retrieved from /home/airflow/.local/lib/python3.6/site-packages/airflow/example_dags/example_latest_only.py
[2026-09-22 16:35:35,733] {logging_mixin.py:104} INFO - [2026-09-22 16:35:35,733] {dag.py:1824} INFO - Sync 1 DAGs
[2026-09-22 16:35:35,766] {logging_mixin.py:104} INFO - [2026-09-22 16:35:35,766] {dag.py:2280} INFO - Setting next_dagrun for latest_only to 2026-09-20 00:00:00+00:00
[2026-09-22 16:35:35,790] {scheduler_job.py:190} INFO - Processing /home/airflow/.local/lib/python3.6/site-packages/airflow/example_dags/example_latest_only.py took 0.121 seconds
[2026-09-22 16:36:06,176] {scheduler_job.py:182} INFO - Started process (PID=596) to work on /home/airflow/.local/lib/python3.6/site-packages/airflow/example_dags/example_latest_only.py
[2026-09-22 16:36:06,178] {scheduler_job.py:629} INFO - Processing file /home/airflow/.local/lib/python3.6/site-packages/airflow/example_dags/example_latest_only.py for tasks to queue
[2026-09-22 16:36:06,179] {logging_mixin.py:104} INFO - [2026-09-22 16:36:06,179] {dagbag.py:451} INFO - Filling up the DagBag from /home/airflow/.local/lib/python3.6/site-packages/airflow/example_dags/example_latest_only.py
[2026-09-22 16:36:06,202] {scheduler_job.py:639} INFO - DAG(s) dict_keys(['latest_only']) retrieved from /home/airflow/.local/lib/python3.6/site-packages/airflow/example_dags/example_latest_only.py
[2026-09-22 16:36:06,239] {logging_mixin.py:104} INFO - [2026-09-22 16:36:06,239] {dag.py:1824} INFO - Sync 1 DAGs
[2026-09-22 16:36:06,271] {logging_mixin.py:104} INFO - [2026-09-22 16:36:06,271] {dag.py:2280} INFO - Setting next_dagrun for latest_only to 2026-09-20 00:00:00+00:00
[2026-09-22 16:36:06,289] {scheduler_job.py:190} INFO - Processing /home/airflow/.local/lib/python3.6/site-packages/airflow/example_dags/example_latest_only.py took 0.120 seconds
[2026-09-22 16:36:37,115] {scheduler_job.py:182} INFO - Started process (PID=622) to work on /home/airflow/.local/lib/python3.6/site-packages/airflow/example_dags/example_latest_only.py
[2026-09-22 16:36:37,117] {scheduler_job.py:629} INFO - Processing file /home/airflow/.local/lib/python3.6/site-packages/airflow/example_dags/example_latest_only.py for tasks to queue
[2026-09-22 16:36:37,118] {logging_mixin.py:104} INFO - [2026-09-22 16:36:37,118] {dagbag.py:451} INFO - Filling up the DagBag from /home/airflow/.local/lib/python3.6/site-packages/airflow/example_dags/example_latest_only.py
[2026-09-22 16:36:37,167] {scheduler_job.py:639} INFO - DAG(s) dict_keys(['latest_only']) retrieved from /home/airflow/.local/lib/python3.6/site-packages/airflow/example_dags/example_latest_only.py
[2026-09-22 16:36:37,227] {logging_mixin.py:104} INFO - [2026-09-22 16:36:37,227] {dag.py:1824} INFO - Sync 1 DAGs
[2026-09-22 16:36:37,261] {logging_mixin.py:104} INFO - [2026-09-22 16:36:37,261] {dag.py:2280} INFO - Setting next_dagrun for latest_only to 2026-09-20 00:00:00+00:00
[2026-09-22 16:36:37,288] {scheduler_job.py:190} INFO - Processing /home/airflow/.local/lib/python3.6/site-packages/airflow/example_dags/example_latest_only.py took 0.185 seconds
[2026-09-22 16:37:07,903] {scheduler_job.py:182} INFO - Started process (PID=648) to work on /home/airflow/.local/lib/python3.6/site-packages/airflow/example_dags/example_latest_only.py
[2026-09-22 16:37:07,904] {scheduler_job.py:629} INFO - Processing file /home/airflow/.local/lib/python3.6/site-packages/airflow/example_dags/example_latest_only.py for tasks to queue
[2026-09-22 16:37:07,905] {logging_mixin.py:104} INFO - [2026-09-22 16:37:07,905] {dagbag.py:451} INFO - Filling up the DagBag from /home/airflow/.local/lib/python3.6/site-packages/airflow/example_dags/example_latest_only.py
[2026-09-22 16:37:07,918] {scheduler_job.py:639} INFO - DAG(s) dict_keys(['latest_only']) retrieved from /home/airflow/.local/lib/python3.6/site-packages/airflow/example_dags/example_latest_only.py
[2026-09-22 16:37:07,946] {logging_mixin.py:104} INFO - [2026-09-22 16:37:07,945] {dag.py:1824} INFO - Sync 1 DAGs
[2026-09-22 16:37:07,966] {logging_mixin.py:104} INFO - [2026-09-22 16:37:07,965] {dag.py:2280} INFO - Setting next_dagrun for latest_only to 2026-09-20 00:00:00+00:00
[2026-09-22 16:37:07,978] {scheduler_job.py:190} INFO - Processing /home/airflow/.local/lib/python3.6/site-packages/airflow/example_dags/example_latest_only.py took 0.079 seconds
[2026-09-22 16:37:38,434] {scheduler_job.py:182} INFO - Started process (PID=674) to work on /home/airflow/.local/lib/python3.6/site-packages/airflow/example_dags/example_latest_only.py
[2026-09-22 16:37:38,437] {scheduler_job.py:629} INFO - Processing file /home/airflow/.local/lib/python3.6/site-packages/airflow/example_dags/example_latest_only.py for tasks to queue
[2026-09-22 16:37:38,438] {logging_mixin.py:104} INFO - [2026-09-22 16:37:38,438] {dagbag.py:451} INFO - Filling up the DagBag from /home/airflow/.local/lib/python3.6/site-packages/airflow/example_dags/example_latest_only.py
[2026-09-22 16:37:38,460] {scheduler_job.py:639} INFO - DAG(s) dict_keys(['latest_only']) retrieved from /home/airflow/.local/lib/python3.6/site-packages/airflow/example_dags/example_latest_only.py
[2026-09-22 16:37:38,505] {logging_mixin.py:104} INFO - [2026-09-22 16:37:38,505] {dag.py:1824} INFO - Sync 1 DAGs
[2026-09-22 16:37:38,546] {logging_mixin.py:104} INFO - [2026-09-22 16:37:38,546] {dag.py:2280} INFO - Setting next_dagrun for latest_only to 2026-09-20 00:00:00+00:00
[2026-09-22 16:37:38,572] {scheduler_job.py:190} INFO - Processing /home/airflow/.local/lib/python3.6/site-packages/airflow/example_dags/example_latest_only.py took 0.142 seconds
[2026-09-22 16:38:09,209] {scheduler_job.py:182} INFO - Started process (PID=700) to work on /home/airflow/.local/lib/python3.6/site-packages/airflow/example_dags/example_latest_only.py
[2026-09-22 16:38:09,211] {scheduler_job.py:629} INFO - Processing file /home/airflow/.local/lib/python3.6/site-packages/airflow/example_dags/example_latest_only.py for tasks to queue
[2026-09-22 16:38:09,211] {logging_mixin.py:104} INFO - [2026-09-22 16:38:09,211] {dagbag.py:451} INFO - Filling up the DagBag from /home/airflow/.local/lib/python3.6/site-packages/airflow/example_dags/example_latest_only.py
[2026-09-22 16:38:09,226] {scheduler_job.py:639} INFO - DAG(s) dict_keys(['latest_only']) retrieved from /home/airflow/.local/lib/python3.6/site-packages/airflow/example_dags/example_latest_only.py
[2026-09-22 16:38:09,254] {logging_mixin.py:104} INFO - [2026-09-22 16:38:09,254] {dag.py:1824} INFO - Sync 1 DAGs
[2026-09-22 16:38:09,275] {logging_mixin.py:104} INFO - [2026-09-22 16:38:09,275] {dag.py:2280} INFO - Setting next_dagrun for latest_only to 2026-09-20 00:00:00+00:00
[2026-09-22 16:38:09,289] {scheduler_job.py:190} INFO - Processing /home/airflow/.local/lib/python3.6/site-packages/airflow/example_dags/example_latest_only.py took 0.084 seconds
[2026-09-22 16:38:39,985] {scheduler_job.py:182} INFO - Started process (PID=726) to work on /home/airflow/.local/lib/python3.6/site-packages/airflow/example_dags/example_latest_only.py
[2026-09-22 16:38:39,987] {scheduler_job.py:629} INFO - Processing file /home/airflow/.local/lib/python3.6/site-packages/airflow/example_dags/example_latest_only.py for tasks to queue
[2026-09-22 16:38:39,988] {logging_mixin.py:104} INFO - [2026-09-22 16:38:39,987] {dagbag.py:451} INFO - Filling up the DagBag from /home/airflow/.local/lib/python3.6/site-packages/airflow/example_dags/example_latest_only.py
[2026-09-22 16:38:40,006] {scheduler_job.py:639} INFO - DAG(s) dict_keys(['latest_only']) retrieved from /home/airflow/.local/lib/python3.6/site-packages/airflow/example_dags/example_latest_only.py
[2026-09-22 16:38:40,036] {logging_mixin.py:104} INFO - [2026-09-22 16:38:40,036] {dag.py:1824} INFO - Sync 1 DAGs
[2026-09-22 16:38:40,056] {logging_mixin.py:104} INFO - [2026-09-22 16:38:40,055] {dag.py:2280} INFO - Setting next_dagrun for latest_only to 2026-09-20 00:00:00+00:00
[2026-09-22 16:38:40,073] {scheduler_job.py:190} INFO - Processing /home/airflow/.local/lib/python3.6/site-packages/airflow/example_dags/example_latest_only.py took 0.093 seconds
[2026-09-22 16:39:10,794] {scheduler_job.py:182} INFO - Started process (PID=752) to work on /home/airflow/.local/lib/python3.6/site-packages/airflow/example_dags/example_latest_only.py
[2026-09-22 16:39:10,795] {scheduler_job.py:629} INFO - Processing file /home/airflow/.local/lib/python3.6/site-packages/airflow/example_dags/example_latest_only.py for tasks to queue
[2026-09-22 16:39:10,796] {logging_mixin.py:104} INFO - [2026-09-22 16:39:10,796] {dagbag.py:451} INFO - Filling up the DagBag from /home/airflow/.local/lib/python3.6/site-packages/airflow/example_dags/example_latest_only.py
[2026-09-22 16:39:10,811] {scheduler_job.py:639} INFO - DAG(s) dict_keys(['latest_only']) retrieved from /home/airflow/.local/lib/python3.6/site-packages/airflow/example_dags/example_latest_only.py
[2026-09-22 16:39:10,836] {logging_mixin.py:104} INFO - [2026-09-22 16:39:10,836] {dag.py:1824} INFO - Sync 1 DAGs
[2026-09-22 16:39:10,855] {logging_mixin.py:104} INFO - [2026-09-22 16:39:10,855] {dag.py:2280} INFO - Setting next_dagrun for latest_only to 2026-09-20 00:00:00+00:00
[2026-09-22 16:39:10,867] {scheduler_job.py:190} INFO - Processing /home/airflow/.local/lib/python3.6/site-packages/airflow/example_dags/example_latest_only.py took 0.078 seconds
[2026-09-22 16:39:41,698] {scheduler_job.py:182} INFO - Started process (PID=780) to work on /home/airflow/.local/lib/python3.6/site-packages/airflow/example_dags/example_latest_only.py
[2026-09-22 16:39:41,700] {scheduler_job.py:629} INFO - Processing file /home/airflow/.local/lib/python3.6/site-packages/airflow/example_dags/example_latest_only.py for tasks to queue
[2026-09-22 16:39:41,701] {logging_mixin.py:104} INFO - [2026-09-22 16:39:41,701] {dagbag.py:451} INFO - Filling up the DagBag from /home/airflow/.local/lib/python3.6/site-packages/airflow/example_dags/example_latest_only.py
[2026-09-22 16:39:41,722] {scheduler_job.py:639} INFO - DAG(s) dict_keys(['latest_only']) retrieved from /home/airflow/.local/lib/python3.6/site-packages/airflow/example_dags/example_latest_only.py
[2026-09-22 16:39:41,751] {logging_mixin.py:104} INFO - [2026-09-22 16:39:41,751] {dag.py:1824} INFO - Sync 1 DAGs
[2026-09-22 16:39:41,772] {logging_mixin.py:104} INFO - [2026-09-22 16:39:41,772] {dag.py:2280} INFO - Setting next_dagrun for latest_only to 2026-09-20 00:00:00+00:00
[2026-09-22 16:39:41,790] {scheduler_job.py:190} INFO - Processing /home/airflow/.local/lib/python3.6/site-packages/airflow/example_dags/example_latest_only.py took 0.098 seconds
[2026-09-22 16:40:12,260] {scheduler_job.py:182} INFO - Started process (PID=805) to work on /home/airflow/.local/lib/python3.6/site-packages/airflow/example_dags/example_latest_only.py
[2026-09-22 16:40:12,261] {scheduler_job.py:629} INFO - Processing file /home/airflow/.local/lib/python3.6/site-packages/airflow/example_dags/example_latest_only.py for tasks to queue
[2026-09-22 16:40:12,262] {logging_mixin.py:104} INFO - [2026-09-22 16:40:12,262] {dagbag.py:451} INFO - Filling up the DagBag from /home/airflow/.local/lib/python3.6/site-packages/airflow/example_dags/example_latest_only.py
[2026-09-22 16:40:12,277] {scheduler_job.py:639} INFO - DAG(s) dict_keys(['latest_only']) retrieved from /home/airflow/.local/lib/python3.6/site-packages/airflow/example_dags/example_latest_only.py
[2026-09-22 16:40:12,304] {logging_mixin.py:104} INFO - [2026-09-22 16:40:12,304] {dag.py:1824} INFO - Sync 1 DAGs
[2026-09-22 16:40:12,326] {logging_mixin.py:104} INFO - [2026-09-22 16:40:12,326] {dag.py:2280} INFO - Setting next_dagrun for latest_only to 2026-09-20 00:00:00+00:00
[2026-09-22 16:40:12,343] {scheduler_job.py:190} INFO - Processing /home/airflow/.local/lib/python3.6/site-packages/airflow/example_dags/example_latest_only.py took 0.088 seconds
[2026-09-22 16:40:43,122] {scheduler_job.py:182} INFO - Started process (PID=830) to work on /home/airflow/.local/lib/python3.6/site-packages/airflow/example_dags/example_latest_only.py
[2026-09-22 16:40:43,124] {scheduler_job.py:629} INFO - Processing file /home/airflow/.local/lib/python3.6/site-packages/airflow/example_dags/example_latest_only.py for tasks to queue
[2026-09-22 16:40:43,125] {logging_mixin.py:104} INFO - [2026-09-22 16:40:43,125] {dagbag.py:451} INFO - Filling up the DagBag from /home/airflow/.local/lib/python3.6/site-packages/airflow/example_dags/example_latest_only.py
[2026-09-22 16:40:43,144] {scheduler_job.py:639} INFO - DAG(s) dict_keys(['latest_only']) retrieved from /home/airflow/.local/lib/python3.6/site-packages/airflow/example_dags/example_latest_only.py
[2026-09-22 16:40:43,173] {logging_mixin.py:104} INFO - [2026-09-22 16:40:43,173] {dag.py:1824} INFO - Sync 1 DAGs
[2026-09-22 16:40:43,201] {logging_mixin.py:104} INFO - [2026-09-22 16:40:43,201] {dag.py:2280} INFO - Setting next_dagrun for latest_only to 2026-09-20 00:00:00+00:00
[2026-09-22 16:40:43,221] {scheduler_job.py:190} INFO - Processing /home/airflow/.local/lib/python3.6/site-packages/airflow/example_dags/example_latest_only.py took 0.104 seconds
[2026-09-22 16:41:14,130] {scheduler_job.py:182} INFO - Started process (PID=857) to work on /home/airflow/.local/lib/python3.6/site-packages/airflow/example_dags/example_latest_only.py
[2026-09-22 16:41:14,132] {scheduler_job.py:629} INFO - Processing file /home/airflow/.local/lib/python3.6/site-packages/airflow/example_dags/example_latest_only.py for tasks to queue
[2026-09-22 16:41:14,133] {logging_mixin.py:104} INFO - [2026-09-22 16:41:14,133] {dagbag.py:451} INFO - Filling up the DagBag from /home/airflow/.local/lib/python3.6/site-packages/airflow/example_dags/example_latest_only.py
[2026-09-22 16:41:14,152] {scheduler_job.py:639} INFO - DAG(s) dict_keys(['latest_only']) retrieved from /home/airflow/.local/lib/python3.6/site-packages/airflow/example_dags/example_latest_only.py
[2026-09-22 16:41:14,187] {logging_mixin.py:104} INFO - [2026-09-22 16:41:14,187] {dag.py:1824} INFO - Sync 1 DAGs
[2026-09-22 16:41:14,220] {logging_mixin.py:104} INFO - [2026-09-22 16:41:14,220] {dag.py:2280} INFO - Setting next_dagrun for latest_only to 2026-09-20 00:00:00+00:00
[2026-09-22 16:41:14,241] {scheduler_job.py:190} INFO - Processing /home/airflow/.local/lib/python3.6/site-packages/airflow/example_dags/example_latest_only.py took 0.118 seconds
[2026-09-22 16:41:45,621] {scheduler_job.py:182} INFO - Started process (PID=883) to work on /home/airflow/.local/lib/python3.6/site-packages/airflow/example_dags/example_latest_only.py
[2026-09-22 16:41:45,626] {scheduler_job.py:629} INFO - Processing file /home/airflow/.local/lib/python3.6/site-packages/airflow/example_dags/example_latest_only.py for tasks to queue
[2026-09-22 16:41:45,629] {logging_mixin.py:104} INFO - [2026-09-22 16:41:45,629] {dagbag.py:451} INFO - Filling up the DagBag from /home/airflow/.local/lib/python3.6/site-packages/airflow/example_dags/example_latest_only.py
[2026-09-22 16:41:45,663] {scheduler_job.py:639} INFO - DAG(s) dict_keys(['latest_only']) retrieved from /home/airflow/.local/lib/python3.6/site-packages/airflow/example_dags/example_latest_only.py
[2026-09-22 16:41:45,742] {logging_mixin.py:104} INFO - [2026-09-22 16:41:45,741] {dag.py:1824} INFO - Sync 1 DAGs
[2026-09-22 16:41:45,796] {logging_mixin.py:104} INFO - [2026-09-22 16:41:45,796] {dag.py:2280} INFO - Setting next_dagrun for latest_only to 2026-09-20 00:00:00+00:00
[2026-09-22 16:41:45,829] {scheduler_job.py:190} INFO - Processing /home/airflow/.local/lib/python3.6/site-packages/airflow/example_dags/example_latest_only.py took 0.222 seconds
