[2026-09-22 16:25:19,417] {scheduler_job.py:182} INFO - Started process (PID=37) to work on /home/airflow/.local/lib/python3.6/site-packages/airflow/example_dags/example_kubernetes_executor_config.py
[2026-09-22 16:25:19,419] {scheduler_job.py:629} INFO - Processing file /home/airflow/.local/lib/python3.6/site-packages/airflow/example_dags/example_kubernetes_executor_config.py for tasks to queue
[2026-09-22 16:25:19,420] {logging_mixin.py:104} INFO - [2026-09-22 16:25:19,420] {dagbag.py:451} INFO - Filling up the DagBag from /home/airflow/.local/lib/python3.6/site-packages/airflow/example_dags/example_kubernetes_executor_config.py
[2026-09-22 16:25:19,471] {scheduler_job.py:639} INFO - DAG(s) dict_keys(['example_kubernetes_executor_config']) retrieved from /home/airflow/.local/lib/python3.6/site-packages/airflow/example_dags/example_kubernetes_executor_config.py
[2026-09-22 16:25:19,557] {logging_mixin.py:104} INFO - [2026-09-22 16:25:19,556] {dag.py:1824} INFO - Sync 1 DAGs
[2026-09-22 16:25:19,599] {logging_mixin.py:104} INFO - [2026-09-22 16:25:19,599] {dag.py:2280} INFO - Setting next_dagrun for example_kubernetes_executor_config to None
[2026-09-22 16:25:19,643] {scheduler_job.py:190} INFO - Processing /home/airflow/.local/lib/python3.6/site-packages/airflow/example_dags/example_kubernetes_executor_config.py took 0.243 seconds
[2026-09-22 16:25:51,039] {scheduler_job.py:182} INFO - Started process (PID=70) to work on /home/airflow/.local/lib/python3.6/site-packages/airflow/example_dags/example_kubernetes_executor_config.py
[2026-09-22 16:25:51,041] {scheduler_job.py:629} INFO - Processing file /home/airflow/.local/lib/python3.6/site-packages/airflow/example_dags/example_kubernetes_executor_config.py for tasks to queue
[2026-09-22 16:25:51,041] {logging_mixin.py:104} INFO - [2026-09-22 16:25:51,041] {dagbag.py:451} INFO - Filling up the DagBag from /home/airflow/.local/lib/python3.6/site-packages/airflow/example_dags/example_kubernetes_executor_config.py
[2026-09-22 16:25:51,063] {scheduler_job.py:639} INFO - DAG(s) dict_keys(['example_kubernetes_executor_config']) retrieved from /home/airflow/.local/lib/python3.6/site-packages/airflow/example_dags/example_kubernetes_executor_config.py
[2026-09-22 16:25:51,100] {logging_mixin.py:104} INFO - [2026-09-22 16:25:51,099] {dag.py:1824} INFO - Sync 1 DAGs
[2026-09-22 16:25:51,130] {logging_mixin.py:104} INFO - [2026-09-22 16:25:51,130] {dag.py:2280} INFO - Setting next_dagrun for example_kubernetes_executor_config to None
[2026-09-22 16:25:51,149] {scheduler_job.py:190} INFO - Processing /home/airflow/.local/lib/python3.6/site-packages/airflow/example_dags/example_kubernetes_executor_config.py took 0.115 seconds
[2026-09-22 16:26:21,684] {scheduler_job.py:182} INFO - Started process (PID=94) to work on /home/airflow/.local/lib/python3.6/site-packages/airflow/example_dags/example_kubernetes_executor_config.py
[2026-09-22 16:26:21,686] {scheduler_job.py:629} INFO - Processing file /home/airflow/.local/lib/python3.6/site-packages/airflow/example_dags/example_kubernetes_executor_config.py for tasks to queue
[2026-09-22 16:26:21,686] {logging_mixin.py:104} INFO - [2026-09-22 16:26:21,686] {dagbag.py:451} INFO - Filling up the DagBag from /home/airflow/.local/lib/python3.6/site-packages/airflow/example_dags/example_kubernetes_executor_config.py
[2026-09-22 16:26:21,703] {scheduler_job.py:639} INFO - DAG(s) dict_keys(['example_kubernetes_executor_config']) retrieved from /home/airflow/.local/lib/python3.6/site-packages/airflow/example_dags/example_kubernetes_executor_config.py
[2026-09-22 16:26:21,730] {logging_mixin.py:104} INFO - [2026-09-22 16:26:21,729] {dag.py:1824} INFO - Sync 1 DAGs
[2026-09-22 16:26:21,749] {logging_mixin.py:104} INFO - [2026-09-22 16:26:21,749] {dag.py:2280} INFO - Setting next_dagrun for example_kubernetes_executor_config to None
[2026-09-22 16:26:21,766] {scheduler_job.py:190} INFO - Processing /home/airflow/.local/lib/python3.6/site-packages/airflow/example_dags/example_kubernetes_executor_config.py took 0.086 seconds
[2026-09-22 16:26:52,540] {scheduler_job.py:182} INFO - Started process (PID=120) to work on /home/airflow/.local/lib/python3.6/site-packages/airflow/example_dags/example_kubernetes_executor_config.py
[2026-09-22 16:26:52,542] {scheduler_job.py:629} INFO - Processing file /home/airflow/.local/lib/python3.6/site-packages/airflow/example_dags/example_kubernetes_executor_config.py for tasks to queue
[2026-09-22 16:26:52,543] {logging_mixin.py:104} INFO - [2026-09-22 16:26:52,543] {dagbag.py:451} INFO - Filling up the DagBag from /home/airflow/.local/lib/python3.6/site-packages/airflow/example_dags/example_kubernetes_executor_config.py
[2026-09-22 16:26:52,572] {scheduler_job.py:639} INFO - DAG(s) dict_keys(['example_kubernetes_executor_config']) retrieved from /home/airflow/.local/lib/python3.6/site-packages/airflow/example_dags/example_kubernetes_executor_config.py
[2026-09-22 16:26:52,614] {logging_mixin.py:104} INFO - [2026-09-22 16:26:52,614] {dag.py:1824} INFO - Sync 1 DAGs
[2026-09-22 16:26:52,644] {logging_mixin.py:104} INFO - [2026-09-22 16:26:52,644] {dag.py:2280} INFO - Setting next_dagrun for example_kubernetes_executor_config to None
[2026-09-22 16:26:52,663] {scheduler_job.py:190} INFO - Processing /home/airflow/.local/lib/python3.6/site-packages/airflow/example_dags/example_kubernetes_executor_config.py took 0.130 seconds
[2026-09-22 16:27:23,360] {scheduler_job.py:182} INFO - Started process (PID=147) to work on /home/airflow/.local/lib/python3.6/site-packages/airflow/example_dags/example_kubernetes_executor_config.py
[2026-09-22 16:27:23,361] {scheduler_job.py:629} INFO - Processing file /home/airflow/.local/lib/python3.6/site-packages/airflow/example_dags/example_kubernetes_executor_config.py for tasks to queue
[2026-09-22 16:27:23,362] {logging_mixin.py:104} INFO - [2026-09-22 16:27:23,362] {dagbag.py:451} INFO - Filling up the DagBag from /home/airflow/.local/lib/python3.6/site-packages/airflow/example_dags/example_kubernetes_executor_config.py
[2026-09-22 16:27:23,382] {scheduler_job.py:639} INFO - DAG(s) dict_keys(['example_kubernetes_executor_config']) retrieved from /home/airflow/.local/lib/python3.6/site-packages/airflow/example_dags/example_kubernetes_executor_config.py
[2026-09-22 16:27:23,419] {logging_mixin.py:104} INFO - [2026-09-22 16:27:23,419] {dag.py:1824} INFO - Sync 1 DAGs
[2026-09-22 16:27:23,444] {logging_mixin.py:104} INFO - [2026-09-22 16:27:23,443] {dag.py:2280} INFO - Setting next_dagrun for example_kubernetes_executor_config to None
[2026-09-22 16:27:23,457] {scheduler_job.py:190} INFO - Processing /home/airflow/.local/lib/python3.6/site-packages/airflow/example_dags/example_kubernetes_executor_config.py took 0.102 seconds
[2026-09-22 16:27:54,227] {scheduler_job.py:182} INFO - Started process (PID=173) to work on /home/airflow/.local/lib/python3.6/site-packages/airflow/example_dags/example_kubernetes_executor_config.py
[2026-09-22 16:27:54,229] {scheduler_job.py:629} INFO - Processing file /home/airflow/.local/lib/python3.6/site-packages/airflow/example_dags/example_kubernetes_executor_config.py for tasks to queue
[2026-09-22 16:27:54,229] {logging_mixin.py:104} INFO - [2026-09-22 16:27:54,229] {dagbag.py:451} INFO - Filling up the DagBag from /home/airflow/.local/lib/python3.6/site-packages/airflow/example_dags/example_kubernetes_executor_config.py
[2026-09-22 16:27:54,248] {scheduler_job.py:639} INFO - DAG(s) dict_keys(['example_kubernetes_executor_config']) retrieved from /home/airflow/.local/lib/python3.6/site-packages/airflow/example_dags/example_kubernetes_executor_config.py
[2026-09-22 16:27:54,275] {logging_mixin.py:104} INFO - [2026-09-22 16:27:54,275] {dag.py:1824} INFO - Sync 1 DAGs
[2026-09-22 16:27:54,298] {logging_mixin.py:104} INFO - [2026-09-22 16:27:54,298] {dag.py:2280} INFO - Setting next_dagrun for example_kubernetes_executor_config to None
[2026-09-22 16:27:54,315] {scheduler_job.py:190} INFO - Processing /home/airflow/.local/lib/python3.6/site-packages/airflow/example_dags/example_kubernetes_executor_config.py took 0.092 seconds
[2026-09-22 16:28:24,863] {scheduler_job.py:182} INFO - Started process (PID=199) to work on /home/airflow/.local/lib/python3.6/site-packages/airflow/example_dags/example_kubernetes_executor_config.py
[2026-09-22 16:28:24,864] {scheduler_job.py:629} INFO - Processing file /home/airflow/.local/lib/python3.6/site-packages/airflow/example_dags/example_kubernetes_executor_config.py for tasks to queue
[2026-09-22 16:28:24,865] {logging_mixin.py:104} INFO - [2026-09-22 16:28:24,865] {dagbag.py:451} INFO - Filling up the DagBag from /home/airflow/.local/lib/python3.6/site-packages/airflow/example_dags/example_kubernetes_executor_config.py
[2026-09-22 16:28:24,885] {scheduler_job.py:639} INFO - DAG(s) dict_keys(['example_kubernetes_executor_config']) retrieved from /home/airflow/.local/lib/python3.6/site-packages/airflow/example_dags/example_kubernetes_executor_config.py
[2026-09-22 16:28:24,929] {logging_mixin.py:104} INFO - [2026-09-22 16:28:24,929] {dag.py:1824} INFO - Sync 1 DAGs
[2026-09-22 16:28:24,969] {logging_mixin.py:104} INFO - [2026-09-22 16:28:24,968] {dag.py:2280} INFO - Setting next_dagrun for example_kubernetes_executor_config to None
[2026-09-22 16:28:25,007] {scheduler_job.py:190} INFO - Processing /home/airflow/.local/lib/python3.6/site-packages/airflow/example_dags/example_kubernetes_executor_config.py took 0.149 seconds
[2026-09-22 16:28:55,711] {scheduler_job.py:182} INFO - Started process (PID=225) to work on /home/airflow/.local/lib/python3.6/site-packages/airflow/example_dags/example_kubernetes_executor_config.py
[2026-09-22 16:28:55,713] {scheduler_job.py:629} INFO - Processing file /home/airflow/.local/lib/python3.6/site-packages/airflow/example_dags/example_kubernetes_executor_config.py for tasks to queue
[2026-09-22 16:28:55,714] {logging_mixin.py:104} INFO - [2026-09-22 16:28:55,714] {dagbag.py:451} INFO - Filling up the DagBag from /home/airflow/.local/lib/python3.6/site-packages/airflow/example_dags/example_kubernetes_executor_config.py
[2026-09-22 16:28:55,733] {scheduler_job.py:639} INFO - DAG(s) dict_keys(['example_kubernetes_executor_config']) retrieved from /home/airflow/.local/lib/python3.6/site-packages/airflow/example_dags/example_kubernetes_executor_config.py
[2026-09-22 16:28:55,760] {logging_mixin.py:104} INFO - [2026-09-22 16:28:55,760] {dag.py:1824} INFO - Sync 1 DAGs
[2026-09-22 16:28:55,779] {logging_mixin.py:104} INFO - [2026-09-22 16:28:55,779] {dag.py:2280} INFO - Setting next_dagrun for example_kubernetes_executor_config to None
[2026-09-22 16:28:55,793] {scheduler_job.py:190} INFO - Processing /home/airflow/.local/lib/python3.6/site-packages/airflow/example_dags/example_kubernetes_executor_config.py took 0.088 seconds
[2026-09-22 16:29:26,435] {scheduler_job.py:182} INFO - Started process (PID=252) to work on /home/airflow/.local/lib/python3.6/site-packages/airflow/example_dags/example_kubernetes_executor_config.py
[2026-09-22 16:29:26,437] {scheduler_job.py:629} INFO - Processing file /home/airflow/.local/lib/python3.6/site-packages/airflow/example_dags/example_kubernetes_executor_config.py for tasks to queue
[2026-09-22 16:29:26,438] {logging_mixin.py:104} INFO - [2026-09-22 16:29:26,437] {dagbag.py:451} INFO - Filling up the DagBag from /home/airflow/.local/lib/python3.6/site-packages/airflow/example_dags/example_kubernetes_executor_config.py
[2026-09-22 16:29:26,462] {scheduler_job.py:639} INFO - DAG(s) dict_keys(['example_kubernetes_executor_config']) retrieved from /home/airflow/.local/lib/python3.6/site-packages/airflow/example_dags/example_kubernetes_executor_config.py
[2026-09-22 16:29:26,507] {logging_mixin.py:104} INFO - [2026-09-22 16:29:26,507] {dag.py:1824} INFO - Sync 1 DAGs
[2026-09-22 16:29:26,541] {logging_mixin.py:104} INFO - [2026-09-22 16:29:26,541] {dag.py:2280} INFO - Setting next_dagrun for example_kubernetes_executor_config to None
[2026-09-22 16:29:26,561] {scheduler_job.py:190} INFO - Processing /home/airflow/.local/lib/python3.6/site-packages/airflow/example_dags/example_kubernetes_executor_config.py took 0.131 seconds
[2026-09-22 16:29:56,793] {scheduler_job.py:182} INFO - Started process (PID=278) to work on /home/airflow/.local/lib/python3.6/site-packages/airflow/example_dags/example_kubernetes_executor_config.py
[2026-09-22 16:29:56,796] {scheduler_job.py:629} INFO - Processing file /home/airflow/.local/lib/python3.6/site-packages/airflow/example_dags/example_kubernetes_executor_config.py for tasks to queue
[2026-09-22 16:29:56,798] {logging_mixin.py:104} INFO - [2026-09-22 16:29:56,798] {dagbag.py:451} INFO - Filling up the DagBag from /home/airflow/.local/lib/python3.6/site-packages/airflow/example_dags/example_kubernetes_executor_config.py
[2026-09-22 16:29:56,843] {scheduler_job.py:639} INFO - DAG(s) dict_keys(['example_kubernetes_executor_config']) retrieved from /home/airflow/.local/lib/python3.6/site-packages/airflow/example_dags/example_kubernetes_executor_config.py
[2026-09-22 16:29:56,896] {logging_mixin.py:104} INFO - [2026-09-22 16:29:56,896] {dag.py:1824} INFO - Sync 1 DAGs
[2026-09-22 16:29:56,928] {logging_mixin.py:104} INFO - [2026-09-22 16:29:56,928] {dag.py:2280} INFO - Setting next_dagrun for example_kubernetes_executor_config to None
[2026-09-22 16:29:56,948] {scheduler_job.py:190} INFO - Processing /home/airflow/.local/lib/python3.6/site-packages/airflow/example_dags/example_kubernetes_executor_config.py took 0.163 seconds
[2026-09-22 16:30:27,740] {scheduler_job.py:182} INFO - Started process (PID=305) to work on /home/airflow/.local/lib/python3.6/site-packages/airflow/example_dags/example_kubernetes_executor_config.py
[2026-09-22 16:30:27,741] {scheduler_job.py:629} INFO - Processing file /home/airflow/.local/lib/python3.6/site-packages/airflow/example_dags/example_kubernetes_executor_config.py for tasks to queue
[2026-09-22 16:30:27,742] {logging_mixin.py:104} INFO - [2026-09-22 16:30:27,742] {dagbag.py:451} INFO - Filling up the DagBag from /home/airflow/.local/lib/python3.6/site-packages/airflow/example_dags/example_kubernetes_executor_config.py
[2026-09-22 16:30:27,764] {scheduler_job.py:639} INFO - DAG(s) dict_keys(['example_kubernetes_executor_config']) retrieved from /home/airflow/.local/lib/python3.6/site-packages/airflow/example_dags/example_kubernetes_executor_config.py
[2026-09-22 16:30:27,808] {logging_mixin.py:104} INFO - [2026-09-22 16:30:27,808] {dag.py:1824} INFO - Sync 1 DAGs
[2026-09-22 16:30:27,839] {logging_mixin.py:104} INFO - [2026-09-22 16:30:27,839] {dag.py:2280} INFO - Setting next_dagrun for example_kubernetes_executor_config to None
[2026-09-22 16:30:27,856] {scheduler_job.py:190} INFO - Processing /home/airflow/.local/lib/python3.6/site-packages/airflow/example_dags/example_kubernetes_executor_config.py took 0.120 seconds
[2026-09-22 16:30:58,645] {scheduler_job.py:182} INFO - Started process (PID=331) to work on /home/airflow/.local/lib/python3.6/site-packages/airflow/example_dags/example_kubernetes_executor_config.py
[2026-09-22 16:30:58,647] {scheduler_job.py:629} INFO - Processing file /home/airflow/.local/lib/python3.6/site-packages/airflow/example_dags/example_kubernetes_executor_config.py for tasks to queue
[2026-09-22 16:30:58,648] {logging_mixin.py:104} INFO - [2026-09-22 16:30:58,648] {dagbag.py:451} INFO - Filling up the DagBag from /home/airflow/.local/lib/python3.6/site-packages/airflow/example_dags/example_kubernetes_executor_config.py
[2026-09-22 16:30:58,670] {scheduler_job.py:639} INFO - DAG(s) dict_keys(['example_kubernetes_executor_config']) retrieved from /home/airflow/.local/lib/python3.6/site-packages/airflow/example_dags/example_kubernetes_executor_config.py
[2026-09-22 16:30:58,707] {logging_mixin.py:104} INFO - [2026-09-22 16:30:58,707] {dag.py:1824} INFO - Sync 1 DAGs
[2026-09-22 16:30:58,732] {logging_mixin.py:104} INFO - [2026-09-22 16:30:58,732] {dag.py:2280} INFO - Setting next_dagrun for example_kubernetes_executor_config to None
[2026-09-22 16:30:58,750] {scheduler_job.py:190} INFO - Processing /home/airflow/.local/lib/python3.6/site-packages/airflow/example_dags/example_kubernetes_executor_config.py took 0.109 seconds
[2026-09-22 16:31:29,415] {scheduler_job.py:182} INFO - Started process (PID=357) to work on /home/airflow/.local/lib/python3.6/site-packages/airflow/example_dags/example_kubernetes_executor_config.py
[2026-09-22 16:31:29,417] {scheduler_job.py:629} INFO - Processing file /home/airflow/.local/lib/python3.6/site-packages/airflow/example_dags/example_kubernetes_executor_config.py for tasks to queue
[2026-09-22 16:31:29,418] {logging_mixin.py:104} INFO - [2026-09-22 16:31:29,418] {dagbag.py:451} INFO - Filling up the DagBag from /home/airflow/.local/lib/python3.6/site-packages/airflow/example_dags/example_kubernetes_executor_config.py
[2026-09-22 16:31:29,439] {scheduler_job.py:639} INFO - DAG(s) dict_keys(['example_kubernetes_executor_config']) retrieved from /home/airflow/.local/lib/python3.6/site-packages/airflow/example_dags/example_kubernetes_executor_config.py
[2026-09-22 16:31:29,481] {logging_mixin.py:104} INFO - [2026-09-22 16:31:29,481] {dag.py:1824} INFO - Sync 1 DAGs
[2026-09-22 16:31:29,514] {logging_mixin.py:104} INFO - [2026-09-22 16:31:29,514] {dag.py:2280} INFO - Setting next_dagrun for example_kubernetes_executor_config to None
[2026-09-22 16:31:29,533] {scheduler_job.py:190} INFO - Processing /home/airflow/.local/lib/python3.6/site-packages/airflow/example_dags/example_kubernetes_executor_config.py took 0.124 seconds
[2026-09-22 16:32:00,170] {scheduler_job.py:182} INFO - Started process (PID=383) to work on /home/airflow/.local/lib/python3.6/site-packages/airflow/example_dags/example_kubernetes_executor_config.py
[2026-09-22 16:32:00,172] {scheduler_job.py:629} INFO - Processing file /home/airflow/.local/lib/python3.6/site-packages/airflow/example_dags/example_kubernetes_executor_config.py for tasks to queue
[2026-09-22 16:32:00,172] {logging_mixin.py:104} INFO - [2026-09-22 16:32:00,172] {dagbag.py:451} INFO - Filling up the DagBag from /home/airflow/.local/lib/python3.6/site-packages/airflow/example_dags/example_kubernetes_executor_config.py
[2026-09-22 16:32:00,193] {scheduler_job.py:639} INFO - DAG(s) dict_keys(['example_kubernetes_executor_config']) retrieved from /home/airflow/.local/lib/python3.6/site-packages/airflow/example_dags/example_kubernetes_executor_config.py
[2026-09-22 16:32:00,222] {logging_mixin.py:104} INFO - [2026-09-22 16:32:00,222] {dag.py:1824} INFO - Sync 1 DAGs
[2026-09-22 16:32:00,242] {logging_mixin.py:104} INFO - [2026-09-22 16:32:00,242] {dag.py:2280} INFO - Setting next_dagrun for example_kubernetes_executor_config to None
[2026-09-22 16:32:00,259] {scheduler_job.py:190} INFO - Processing /home/airflow/.local/lib/python3.6/site-packages/airflow/example_dags/example_kubernetes_executor_config.py took 0.093 seconds
[2026-09-22 16:32:30,856] {scheduler_job.py:182} INFO - Started process (PID=412) to work on /home/airflow/.local/lib/python3.6/site-packages/airflow/example_dags/example_kubernetes_executor_config.py
[2026-09-22 16:32:30,858] {scheduler_job.py:629} INFO - Processing file /home/airflow/.local/lib/python3.6/site-packages/airflow/example_dags/example_kubernetes_executor_config.py for tasks to queue
[2026-09-22 16:32:30,858] {logging_mixin.py:104} INFO - [2026-09-22 16:32:30,858] {dagbag.py:451} INFO - Filling up the DagBag from /home/airflow/.local/lib/python3.6/site-packages/airflow/example_dags/example_kubernetes_executor_config.py
[2026-09-22 16:32:30,875] {scheduler_job.py:639} INFO - DAG(s) dict_keys(['example_kubernetes_executor_config']) retrieved from /home/airflow/.local/lib/python3.6/site-packages/airflow/example_dags/example_kubernetes_executor_config.py
[2026-09-22 16:32:30,901] {logging_mixin.py:104} INFO - [2026-09-22 16:32:30,901] {dag.py:1824} INFO - Sync 1 DAGs
[2026-09-22 16:32:30,920] {logging_mixin.py:104} INFO - [2026-09-22 16:32:30,919] {dag.py:2280} INFO - Setting next_dagrun for example_kubernetes_executor_config to None
[2026-09-22 16:32:30,940] {scheduler_job.py:190} INFO - Processing /home/airflow/.local/lib/python3.6/site-packages/airflow/example_dags/example_kubernetes_executor_config.py took 0.088 seconds
[2026-09-22 16:33:01,984] {scheduler_job.py:182} INFO - Started process (PID=443) to work on /home/airflow/.local/lib/python3.6/site-packages/airflow/example_dags/example_kubernetes_executor_config.py
[2026-09-22 16:33:01,986] {scheduler_job.py:629} INFO - Processing file /home/airflow/.local/lib/python3.6/site-packages/airflow/example_dags/example_kubernetes_executor_config.py for tasks to queue
[2026-09-22 16:33:01,987] {logging_mixin.py:104} INFO - [2026-09-22 16:33:01,986] {dagbag.py:451} INFO - Filling up the DagBag from /home/airflow/.local/lib/python3.6/site-packages/airflow/example_dags/example_kubernetes_executor_config.py
[2026-09-22 16:33:02,011] {scheduler_job.py:639} INFO - DAG(s) dict_keys(['example_kubernetes_executor_config']) retrieved from /home/airflow/.local/lib/python3.6/site-packages/airflow/example_dags/example_kubernetes_executor_config.py
[2026-09-22 16:33:02,047] {logging_mixin.py:104} INFO - [2026-09-22 16:33:02,047] {dag.py:1824} INFO - Sync 1 DAGs
[2026-09-22 16:33:02,073] {logging_mixin.py:104} INFO - [2026-09-22 16:33:02,073] {dag.py:2280} INFO - Setting next_dagrun for example_kubernetes_executor_config to None
[2026-09-22 16:33:02,093] {scheduler_job.py:190} INFO - Processing /home/airflow/.local/lib/python3.6/site-packages/airflow/example_dags/example_kubernetes_executor_config.py took 0.113 seconds
[2026-09-22 16:33:32,858] {scheduler_job.py:182} INFO - Started process (PID=469) to work on /home/airflow/.local/lib/python3.6/site-packages/airflow/example_dags/example_kubernetes_executor_config.py
[2026-09-22 16:33:32,859] {scheduler_job.py:629} INFO - Processing file /home/airflow/.local/lib/python3.6/site-packages/airflow/example_dags/example_kubernetes_executor_config.py for tasks to queue
[2026-09-22 16:33:32,860] {logging_mixin.py:104} INFO - [2026-09-22 16:33:32,860] {dagbag.py:451} INFO - Filling up the DagBag from /home/airflow/.local/lib/python3.6/site-packages/airflow/example_dags/example_kubernetes_executor_config.py
[2026-09-22 16:33:32,881] {scheduler_job.py:639} INFO - DAG(s) dict_keys(['example_kubernetes_executor_config']) retrieved from /home/airflow/.local/lib/python3.6/site-packages/airflow/example_dags/example_kubernetes_executor_config.py
[2026-09-22 16:33:32,914] {logging_mixin.py:104} INFO - [2026-09-22 16:33:32,914] {dag.py:1824} INFO - Sync 1 DAGs
[2026-09-22 16:33:32,944] {logging_mixin.py:104} INFO - [2026-09-22 16:33:32,944] {dag.py:2280} INFO - Setting next_dagrun for example_kubernetes_executor_config to None
[2026-09-22 16:33:32,960] {scheduler_job.py:190} INFO - Processing /home/airflow/.local/lib/python3.6/site-packages/airflow/example_dags/example_kubernetes_executor_config.py took 0.107 seconds
[2026-09-22 16:34:03,866] {scheduler_job.py:182} INFO - Started process (PID=495) to work on /home/airflow/.local/lib/python3.6/site-packages/airflow/example_dags/example_kubernetes_executor_config.py
[2026-09-22 16:34:03,868] {scheduler_job.py:629} INFO - Processing file /home/airflow/.local/lib/python3.6/site-packages/airflow/example_dags/example_kubernetes_executor_config.py for tasks to queue
[2026-09-22 16:34:03,869] {logging_mixin.py:104} INFO - [2026-09-22 16:34:03,869] {dagbag.py:451} INFO - Filling up the DagBag from /home/airflow/.local/lib/python3.6/site-packages/airflow/example_dags/example_kubernetes_executor_config.py
[2026-09-22 16:34:03,899] {scheduler_job.py:639} INFO - DAG(s) dict_keys(['example_kubernetes_executor_config']) retrieved from /home/airflow/.local/lib/python3.6/site-packages/airflow/example_dags/example_kubernetes_executor_config.py
[2026-09-22 16:34:03,932] {logging_mixin.py:104} INFO - [2026-09-22 16:34:03,932] {dag.py:1824} INFO - Sync 1 DAGs
[2026-09-22 16:34:03,957] {logging_mixin.py:104} INFO - [2026-09-22 16:34:03,957] {dag.py:2280} INFO - Setting next_dagrun for example_kubernetes_executor_config to None
[2026-09-22 16:34:03,976] {scheduler_job.py:190} INFO - Processing /home/airflow/.local/lib/python3.6/site-packages/airflow/example_dags/example_kubernetes_executor_config.py took 0.115 seconds
[2026-09-22 16:34:34,420] {scheduler_job.py:182} INFO - Started process (PID=521) to work on /home/airflow/.local/lib/python3.6/site-packages/airflow/example_dags/example_kubernetes_executor_config.py
[2026-09-22 16:34:34,422] {scheduler_job.py:629} INFO - Processing file /home/airflow/.local/lib/python3.6/site-packages/airflow/example_dags/example_kubernetes_executor_config.py for tasks to queue
[2026-09-22 16:34:34,423] {logging_mixin.py:104} INFO - [2026-09-22 16:34:34,423] {dagbag.py:451} INFO - Filling up the DagBag from /home/airflow/.local/lib/python3.6/site-packages/airflow/example_dags/example_kubernetes_executor_config.py
[2026-09-22 16:34:34,455] {scheduler_job.py:639} INFO - DAG(s) dict_keys(['example_kubernetes_executor_config']) retrieved from /home/airflow/.local/lib/python3.6/site-packages/airflow/example_dags/example_kubernetes_executor_config.py
[2026-09-22 16:34:34,491] {logging_mixin.py:104} INFO - [2026-09-22 16:34:34,491] {dag.py:1824} INFO - Sync 1 DAGs
[2026-09-22 16:34:34,513] {logging_mixin.py:104} INFO - [2026-09-22 16:34:34,513] {dag.py:2280} INFO - Setting next_dagrun for example_kubernetes_executor_config to None
[2026-09-22 16:34:34,528] {scheduler_job.py:190} INFO - Processing /home/airflow/.local/lib/python3.6/site-packages/airflow/example_dags/example_kubernetes_executor_config.py took 0.114 seconds
[2026-09-22 16:35:05,050] {scheduler_job.py:182} INFO - Started process (PID=547) to work on /home/airflow/.local/lib/python3.6/site-packages/airflow/example_dags/example_kubernetes_executor_config.py
[2026-09-22 16:35:05,051] {scheduler_job.py:629} INFO - Processing file /home/airflow/.local/lib/python3.6/site-packages/airflow/example_dags/example_kubernetes_executor_config.py for tasks to queue
[2026-09-22 16:35:05,052] {logging_mixin.py:104} INFO - [2026-09-22 16:35:05,052] {dagbag.py:451} INFO - Filling up the DagBag from /home/airflow/.local/lib/python3.6/site-packages/airflow/example_dags/example_kubernetes_executor_config.py
[2026-09-22 16:35:05,080] {scheduler_job.py:639} INFO - DAG(s) dict_keys(['example_kubernetes_executor_config']) retrieved from /home/airflow/.local/lib/python3.6/site-packages/airflow/example_dags/example_kubernetes_executor_config.py
[2026-09-22 16:35:05,115] {logging_mixin.py:104} INFO - [2026-09-22 16:35:05,115] {dag.py:1824} INFO - Sync 1 DAGs
[2026-09-22 16:35:05,137] {logging_mixin.py:104} INFO - [2026-09-22 16:35:05,137] {dag.py:2280} INFO - Setting next_dagrun for example_kubernetes_executor_config to None
[2026-09-22 16:35:05,157] {scheduler_job.py:190} INFO - Processing /home/airflow/.local/lib/python3.6/site-packages/airflow/example_dags/example_kubernetes_executor_config.py took 0.113 seconds
[2026-09-22 16:35:35,374] {scheduler_job.py:182} INFO - Started process (PID=568) to work on /home/airflow/.local/lib/python3.6/site-packages/airflow/example_dags/example_kubernetes_executor_config.py
[2026-09-22 16:35:35,376] {scheduler_job.py:629} INFO - Processing file /home/airflow/.local/lib/python3.6/site-packages/airflow/example_dags/example_kubernetes_executor_config.py for tasks to queue
[2026-09-22 16:35:35,377] {logging_mixin.py:104} INFO - [2026-09-22 16:35:35,377] {dagbag.py:451} INFO - Filling up the DagBag from /home/airflow/.local/lib/python3.6/site-packages/airflow/example_dags/example_kubernetes_executor_config.py
[2026-09-22 16:35:35,397] {scheduler_job.py:639} INFO - DAG(s) dict_keys(['example_kubernetes_executor_config']) retrieved from /home/airflow/.local/lib/python3.6/site-packages/airflow/example_dags/example_kubernetes_executor_config.py
[2026-09-22 16:35:35,435] {logging_mixin.py:104} INFO - [2026-09-22 16:35:35,435] {dag.py:1824} INFO - Sync 1 DAGs
[2026-09-22 16:35:35,458] {logging_mixin.py:104} INFO - [2026-09-22 16:35:35,458] {dag.py:2280} INFO - Setting next_dagrun for example_kubernetes_executor_config to None
[2026-09-22 16:35:35,475] {scheduler_job.py:190} INFO - Processing /home/airflow/.local/lib/python3.6/site-packages/airflow/example_dags/example_kubernetes_executor_config.py took 0.105 seconds
[2026-09-22 16:36:06,451] {scheduler_job.py:182} INFO - Started process (PID=599) to work on /home/airflow/.local/lib/python3.6/site-packages/airflow/example_dags/example_kubernetes_executor_config.py
[2026-09-22 16:36:06,452] {scheduler_job.py:629} INFO - Processing file /home/airflow/.local/lib/python3.6/site-packages/airflow/example_dags/example_kubernetes_executor_config.py for tasks to queue
[2026-09-22 16:36:06,453] {logging_mixin.py:104} INFO - [2026-09-22 16:36:06,453] {dagbag.py:451} INFO - Filling up the DagBag from /home/airflow/.local/lib/python3.6/site-packages/airflow/example_dags/example_kubernetes_executor_config.py
[2026-09-22 16:36:06,476] {scheduler_job.py:639} INFO - DAG(s) dict_keys(['example_kubernetes_executor_config']) retrieved from /home/airflow/.local/lib/python3.6/site-packages/airflow/example_dags/example_kubernetes_executor_config.py
[2026-09-22 16:36:06,512] {logging_mixin.py:104} INFO - [2026-09-22 16:36:06,512] {dag.py:1824} INFO - Sync 1 DAGs
[2026-09-22 16:36:06,555] {logging_mixin.py:104} INFO - [2026-09-22 16:36:06,555] {dag.py:2280} INFO - Setting next_dagrun for example_kubernetes_executor_config to None
[2026-09-22 16:36:06,581] {scheduler_job.py:190} INFO - Processing /home/airflow/.local/lib/python3.6/site-packages/airflow/example_dags/example_kubernetes_executor_config.py took 0.135 seconds
[2026-09-22 16:36:37,361] {scheduler_job.py:182} INFO - Started process (PID=625) to work on /home/airflow/.local/lib/python3.6/site-packages/airflow/example_dags/example_kubernetes_executor_config.py
[2026-09-22 16:36:37,366] {scheduler_job.py:629} INFO - Processing file /home/airflow/.local/lib/python3.6/site-packages/airflow/example_dags/example_kubernetes_executor_config.py for tasks to queue
[2026-09-22 16:36:37,367] {logging_mixin.py:104} INFO - [2026-09-22 16:36:37,367] {dagbag.py:451} INFO - Filling up the DagBag from /home/airflow/.local/lib/python3.6/site-packages/airflow/example_dags/example_kubernetes_executor_config.py
[2026-09-22 16:36:37,391] {scheduler_job.py:639} INFO - DAG(s) dict_keys(['example_kubernetes_executor_config']) retrieved from /home/airflow/.local/lib/python3.6/site-packages/airflow/example_dags/example_kubernetes_executor_config.py
[2026-09-22 16:36:37,434] {logging_mixin.py:104} INFO - [2026-09-22 16:36:37,433] {dag.py:1824} INFO - Sync 1 DAGs
[2026-09-22 16:36:37,462] {logging_mixin.py:104} INFO - [2026-09-22 16:36:37,462] {dag.py:2280} INFO - Setting next_dagrun for example_kubernetes_executor_config to None
[2026-09-22 16:36:37,488] {scheduler_job.py:190} INFO - Processing /home/airflow/.local/lib/python3.6/site-packages/airflow/example_dags/example_kubernetes_executor_config.py took 0.134 seconds
[2026-09-22 16:37:08,083] {scheduler_job.py:182} INFO - Started process (PID=651) to work on /home/airflow/.local/lib/python3.6/site-packages/airflow/example_dags/example_kubernetes_executor_config.py
[2026-09-22 16:37:08,084] {scheduler_job.py:629} INFO - Processing file /home/airflow/.local/lib/python3.6/site-packages/airflow/example_dags/example_kubernetes_executor_config.py for tasks to queue
[2026-09-22 16:37:08,085] {logging_mixin.py:104} INFO - [2026-09-22 16:37:08,085] {dagbag.py:451} INFO - Filling up the DagBag from /home/airflow/.local/lib/python3.6/site-packages/airflow/example_dags/example_kubernetes_executor_config.py
[2026-09-22 16:37:08,103] {scheduler_job.py:639} INFO - DAG(s) dict_keys(['example_kubernetes_executor_config']) retrieved from /home/airflow/.local/lib/python3.6/site-packages/airflow/example_dags/example_kubernetes_executor_config.py
[2026-09-22 16:37:08,129] {logging_mixin.py:104} INFO - [2026-09-22 16:37:08,129] {dag.py:1824} INFO - Sync 1 DAGs
[2026-09-22 16:37:08,147] {logging_mixin.py:104} INFO - [2026-09-22 16:37:08,147] {dag.py:2280} INFO - Setting next_dagrun for example_kubernetes_executor_config to None
[2026-09-22 16:37:08,163] {scheduler_job.py:190} INFO - Processing /home/airflow/.local/lib/python3.6/site-packages/airflow/example_dags/example_kubernetes_executor_config.py took 0.083 seconds
[2026-09-22 16:37:38,790] {scheduler_job.py:182} INFO - Started process (PID=677) to work on /home/airflow/.local/lib/python3.6/site-packages/airflow/example_dags/example_kubernetes_executor_config.py
[2026-09-22 16:37:38,794] {scheduler_job.py:629} INFO - Processing file /home/airflow/.local/lib/python3.6/site-packages/airflow/example_dags/example_kubernetes_executor_config.py for tasks to queue
[2026-09-22 16:37:38,796] {logging_mixin.py:104} INFO - [2026-09-22 16:37:38,796] {dagbag.py:451} INFO - Filling up the DagBag from /home/airflow/.local/lib/python3.6/site-packages/airflow/example_dags/example_kubernetes_executor_config.py
[2026-09-22 16:37:38,828] {scheduler_job.py:639} INFO - DAG(s) dict_keys(['example_kubernetes_executor_config']) retrieved from /home/airflow/.local/lib/python3.6/site-packages/airflow/example_dags/example_kubernetes_executor_config.py
[2026-09-22 16:37:38,876] {logging_mixin.py:104} INFO - [2026-09-22 16:37:38,876] {dag.py:1824} INFO - Sync 1 DAGs
[2026-09-22 16:37:38,903] {logging_mixin.py:104} INFO - [2026-09-22 16:37:38,903] {dag.py:2280} INFO - Setting next_dagrun for example_kubernetes_executor_config to None
[2026-09-22 16:37:38,926] {scheduler_job.py:190} INFO - Processing /home/airflow/.local/lib/python3.6/site-packages/airflow/example_dags/example_kubernetes_executor_config.py took 0.145 seconds
[2026-09-22 16:38:09,414] {scheduler_job.py:182} INFO - Started process (PID=703) to work on /home/airflow/.local/lib/python3.6/site-packages/airflow/example_dags/example_kubernetes_executor_config.py
[2026-09-22 16:38:09,416] {scheduler_job.py:629} INFO - Processing file /home/airflow/.local/lib/python3.6/site-packages/airflow/example_dags/example_kubernetes_executor_config.py for tasks to queue
[2026-09-22 16:38:09,417] {logging_mixin.py:104} INFO - [2026-09-22 16:38:09,417] {dagbag.py:451} INFO - Filling up the DagBag from /home/airflow/.local/lib/python3.6/site-packages/airflow/example_dags/example_kubernetes_executor_config.py
[2026-09-22 16:38:09,435] {scheduler_job.py:639} INFO - DAG(s) dict_keys(['example_kubernetes_executor_config']) retrieved from /home/airflow/.local/lib/python3.6/site-packages/airflow/example_dags/example_kubernetes_executor_config.py
[2026-09-22 16:38:09,461] {logging_mixin.py:104} INFO - [2026-09-22 16:38:09,461] {dag.py:1824} INFO - Sync 1 DAGs
[2026-09-22 16:38:09,482] {logging_mixin.py:104} INFO - [2026-09-22 16:38:09,482] {dag.py:2280} INFO - Setting next_dagrun for example_kubernetes_executor_config to None
[2026-09-22 16:38:09,502] {scheduler_job.py:190} INFO - Processing /home/airflow/.local/lib/python3.6/site-packages/airflow/example_dags/example_kubernetes_executor_config.py took 0.092 seconds
[2026-09-22 16:38:40,191] {scheduler_job.py:182} INFO - Started process (PID=729) to work on /home/airflow/.local/lib/python3.6/site-packages/airflow/example_dags/example_kubernetes_executor_config.py
[2026-09-22 16:38:40,193] {scheduler_job.py:629} INFO - Processing file /home/airflow/.local/lib/python3.6/site-packages/airflow/example_dags/example_kubernetes_executor_config.py for tasks to queue
[2026-09-22 16:38:40,194] {logging_mixin.py:104} INFO - [2026-09-22 16:38:40,193] {dagbag.py:451} INFO - Filling up the DagBag from /home/airflow/.local/lib/python3.6/site-packages/airflow/example_dags/example_kubernetes_executor_config.py
[2026-09-22 16:38:40,212] {scheduler_job.py:639} INFO - DAG(s) dict_keys(['example_kubernetes_executor_config']) retrieved from /home/airflow/.local/lib/python3.6/site-packages/airflow/example_dags/example_kubernetes_executor_config.py
[2026-09-22 16:38:40,240] {logging_mixin.py:104} INFO - [2026-09-22 16:38:40,240] {dag.py:1824} INFO - Sync 1 DAGs
[2026-09-22 16:38:40,257] {logging_mixin.py:104} INFO - [2026-09-22 16:38:40,257] {dag.py:2280} INFO - Setting next_dagrun for example_kubernetes_executor_config to None
[2026-09-22 16:38:40,272] {scheduler_job.py:190} INFO - Processing /home/airflow/.local/lib/python3.6/site-packages/airflow/example_dags/example_kubernetes_executor_config.py took 0.085 seconds
[2026-09-22 16:39:10,984] {scheduler_job.py:182} INFO - Started process (PID=755) to work on /home/airflow/.local/lib/python3.6/site-packages/airflow/example_dags/example_kubernetes_executor_config.py
[2026-09-22 16:39:10,986] {scheduler_job.py:629} INFO - Processing file /home/airflow/.local/lib/python3.6/site-packages/airflow/example_dags/example_kubernetes_executor_config.py for tasks to queue
[2026-09-22 16:39:10,986] {logging_mixin.py:104} INFO - [2026-09-22 16:39:10,986] {dagbag.py:451} INFO - Filling up the DagBag from /home/airflow/.local/lib/python3.6/site-packages/airflow/example_dags/example_kubernetes_executor_config.py
[2026-09-22 16:39:11,010] {scheduler_job.py:639} INFO - DAG(s) dict_keys(['example_kubernetes_executor_config']) retrieved from /home/airflow/.local/lib/python3.6/site-packages/airflow/example_dags/example_kubernetes_executor_config.py
[2026-09-22 16:39:11,043] {logging_mixin.py:104} INFO - [2026-09-22 16:39:11,043] {dag.py:1824} INFO - Sync 1 DAGs
[2026-09-22 16:39:11,062] {logging_mixin.py:104} INFO - [2026-09-22 16:39:11,062] {dag.py:2280} INFO - Setting next_dagrun for example_kubernetes_executor_config to None
[2026-09-22 16:39:11,076] {scheduler_job.py:190} INFO - Processing /home/airflow/.local/lib/python3.6/site-packages/airflow/example_dags/example_kubernetes_executor_config.py took 0.096 seconds
[2026-09-22 16:39:41,289] {scheduler_job.py:182} INFO - Started process (PID=775) to work on /home/airflow/.local/lib/python3.6/site-packages/airflow/example_dags/example_kubernetes_executor_config.py
[2026-09-22 16:39:41,290] {scheduler_job.py:629} INFO - Processing file /home/airflow/.local/lib/python3.6/site-packages/airflow/example_dags/example_kubernetes_executor_config.py for tasks to queue
[2026-09-22 16:39:41,291] {logging_mixin.py:104} INFO - [2026-09-22 16:39:41,291] {dagbag.py:451} INFO - Filling up the DagBag from /home/airflow/.local/lib/python3.6/site-packages/airflow/example_dags/example_kubernetes_executor_config.py
[2026-09-22 16:39:41,315] {scheduler_job.py:639} INFO - DAG(s) dict_keys(['example_kubernetes_executor_config']) retrieved from /home/airflow/.local/lib/python3.6/site-packages/airflow/example_dags/example_kubernetes_executor_config.py
[2026-09-22 16:39:41,347] {logging_mixin.py:104} INFO - [2026-09-22 16:39:41,347] {dag.py:1824} INFO - Sync 1 DAGs
[2026-09-22 16:39:41,373] {logging_mixin.py:104} INFO - [2026-09-22 16:39:41,373] {dag.py:2280} INFO - Setting next_dagrun for example_kubernetes_executor_config to None
[2026-09-22 16:39:41,392] {scheduler_job.py:190} INFO - Processing /home/airflow/.local/lib/python3.6/site-packages/airflow/example_dags/example_kubernetes_executor_config.py took 0.108 seconds
[2026-09-22 16:40:11,890] {scheduler_job.py:182} INFO - Started process (PID=799) to work on /home/airflow/.local/lib/python3.6/site-packages/airflow/example_dags/example_kubernetes_executor_config.py
[2026-09-22 16:40:11,892] {scheduler_job.py:629} INFO - Processing file /home/airflow/.local/lib/python3.6/site-packages/airflow/example_dags/example_kubernetes_executor_config.py for tasks to queue
[2026-09-22 16:40:11,893] {logging_mixin.py:104} INFO - [2026-09-22 16:40:11,893] {dagbag.py:451} INFO - Filling up the DagBag from /home/airflow/.local/lib/python3.6/site-packages/airflow/example_dags/example_kubernetes_executor_config.py
[2026-09-22 16:40:11,914] {scheduler_job.py:639} INFO - DAG(s) dict_keys(['example_kubernetes_executor_config']) retrieved from /home/airflow/.local/lib/python3.6/site-packages/airflow/example_dags/example_kubernetes_executor_config.py
[2026-09-22 16:40:11,944] {logging_mixin.py:104} INFO - [2026-09-22 16:40:11,944] {dag.py:1824} INFO - Sync 1 DAGs
[2026-09-22 16:40:11,967] {logging_mixin.py:104} INFO - [2026-09-22 16:40:11,967] {dag.py:2280} INFO - Setting next_dagrun for example_kubernetes_executor_config to None
[2026-09-22 16:40:11,984] {scheduler_job.py:190} INFO - Processing /home/airflow/.local/lib/python3.6/site-packages/airflow/example_dags/example_kubernetes_executor_config.py took 0.098 seconds
[2026-09-22 16:40:42,754] {scheduler_job.py:182} INFO - Started process (PID=825) to work on /home/airflow/.local/lib/python3.6/site-packages/airflow/example_dags/example_kubernetes_executor_config.py
[2026-09-22 16:40:42,756] {scheduler_job.py:629} INFO - Processing file /home/airflow/.local/lib/python3.6/site-packages/airflow/example_dags/example_kubernetes_executor_config.py for tasks to queue
[2026-09-22 16:40:42,757] {logging_mixin.py:104} INFO - [2026-09-22 16:40:42,757] {dagbag.py:451} INFO - Filling up the DagBag from /home/airflow/.local/lib/python3.6/site-packages/airflow/example_dags/example_kubernetes_executor_config.py
[2026-09-22 16:40:42,780] {scheduler_job.py:639} INFO - DAG(s) dict_keys(['example_kubernetes_executor_config']) retrieved from /home/airflow/.local/lib/python3.6/site-packages/airflow/example_dags/example_kubernetes_executor_config.py
[2026-09-22 16:40:42,812] {logging_mixin.py:104} INFO - [2026-09-22 16:40:42,811] {dag.py:1824} INFO - Sync 1 DAGs
[2026-09-22 16:40:42,835] {logging_mixin.py:104} INFO - [2026-09-22 16:40:42,835] {dag.py:2280} INFO - Setting next_dagrun for example_kubernetes_executor_config to None
[2026-09-22 16:40:42,858] {scheduler_job.py:190} INFO - Processing /home/airflow/.local/lib/python3.6/site-packages/airflow/example_dags/example_kubernetes_executor_config.py took 0.108 seconds
[2026-09-22 16:41:13,571] {scheduler_job.py:182} INFO - Started process (PID=851) to work on /home/airflow/.local/lib/python3.6/site-packages/airflow/example_dags/example_kubernetes_executor_config.py
[2026-09-22 16:41:13,572] {scheduler_job.py:629} INFO - Processing file /home/airflow/.local/lib/python3.6/site-packages/airflow/example_dags/example_kubernetes_executor_config.py for tasks to queue
[2026-09-22 16:41:13,573] {logging_mixin.py:104} INFO - [2026-09-22 16:41:13,573] {dagbag.py:451} INFO - Filling up the DagBag from /home/airflow/.local/lib/python3.6/site-packages/airflow/example_dags/example_kubernetes_executor_config.py
[2026-09-22 16:41:13,595] {scheduler_job.py:639} INFO - DAG(s) dict_keys(['example_kubernetes_executor_config']) retrieved from /home/airflow/.local/lib/python3.6/site-packages/airflow/example_dags/example_kubernetes_executor_config.py
[2026-09-22 16:41:13,632] {logging_mixin.py:104} INFO - [2026-09-22 16:41:13,632] {dag.py:1824} INFO - Sync 1 DAGs
[2026-09-22 16:41:13,669] {logging_mixin.py:104} INFO - [2026-09-22 16:41:13,668] {dag.py:2280} INFO - Setting next_dagrun for example_kubernetes_executor_config to None
[2026-09-22 16:41:13,754] {scheduler_job.py:190} INFO - Processing /home/airflow/.local/lib/python3.6/site-packages/airflow/example_dags/example_kubernetes_executor_config.py took 0.188 seconds
[2026-09-22 16:41:44,600] {scheduler_job.py:182} INFO - Started process (PID=877) to work on /home/airflow/.local/lib/python3.6/site-packages/airflow/example_dags/example_kubernetes_executor_config.py
[2026-09-22 16:41:44,601] {scheduler_job.py:629} INFO - Processing file /home/airflow/.local/lib/python3.6/site-packages/airflow/example_dags/example_kubernetes_executor_config.py for tasks to queue
[2026-09-22 16:41:44,604] {logging_mixin.py:104} INFO - [2026-09-22 16:41:44,604] {dagbag.py:451} INFO - Filling up the DagBag from /home/airflow/.local/lib/python3.6/site-packages/airflow/example_dags/example_kubernetes_executor_config.py
[2026-09-22 16:41:44,669] {scheduler_job.py:639} INFO - DAG(s) dict_keys(['example_kubernetes_executor_config']) retrieved from /home/airflow/.local/lib/python3.6/site-packages/airflow/example_dags/example_kubernetes_executor_config.py
[2026-09-22 16:41:44,755] {logging_mixin.py:104} INFO - [2026-09-22 16:41:44,755] {dag.py:1824} INFO - Sync 1 DAGs
[2026-09-22 16:41:44,803] {logging_mixin.py:104} INFO - [2026-09-22 16:41:44,803] {dag.py:2280} INFO - Setting next_dagrun for example_kubernetes_executor_config to None
[2026-09-22 16:41:44,829] {scheduler_job.py:190} INFO - Processing /home/airflow/.local/lib/python3.6/site-packages/airflow/example_dags/example_kubernetes_executor_config.py took 0.247 seconds
