[2026-09-22 16:25:19,192] {scheduler_job.py:182} INFO - Started process (PID=35) to work on /home/airflow/.local/lib/python3.6/site-packages/airflow/example_dags/example_short_circuit_operator.py
[2026-09-22 16:25:19,194] {scheduler_job.py:629} INFO - Processing file /home/airflow/.local/lib/python3.6/site-packages/airflow/example_dags/example_short_circuit_operator.py for tasks to queue
[2026-09-22 16:25:19,196] {logging_mixin.py:104} INFO - [2026-09-22 16:25:19,195] {dagbag.py:451} INFO - Filling up the DagBag from /home/airflow/.local/lib/python3.6/site-packages/airflow/example_dags/example_short_circuit_operator.py
[2026-09-22 16:25:19,223] {scheduler_job.py:639} INFO - DAG(s) dict_keys(['example_short_circuit_operator']) retrieved from /home/airflow/.local/lib/python3.6/site-packages/airflow/example_dags/example_short_circuit_operator.py
[2026-09-22 16:25:19,287] {logging_mixin.py:104} INFO - [2026-09-22 16:25:19,287] {dag.py:1824} INFO - Sync 1 DAGs
[2026-09-22 16:25:19,320] {logging_mixin.py:104} INFO - [2026-09-22 16:25:19,319] {dag.py:2280} INFO - Setting next_dagrun for example_short_circuit_operator to 2026-09-20 00:00:00+00:00
[2026-09-22 16:25:19,359] {scheduler_job.py:190} INFO - Processing /home/airflow/.local/lib/python3.6/site-packages/airflow/example_dags/example_short_circuit_operator.py took 0.173 seconds
[2026-09-22 16:25:49,405] {scheduler_job.py:182} INFO - Started process (PID=61) to work on /home/airflow/.local/lib/python3.6/site-packages/airflow/example_dags/example_short_circuit_operator.py
[2026-09-22 16:25:49,406] {scheduler_job.py:629} INFO - Processing file /home/airflow/.local/lib/python3.6/site-packages/airflow/example_dags/example_short_circuit_operator.py for tasks to queue
[2026-09-22 16:25:49,407] {logging_mixin.py:104} INFO - [2026-09-22 16:25:49,407] {dagbag.py:451} INFO - Filling up the DagBag from /home/airflow/.local/lib/python3.6/site-packages/airflow/example_dags/example_short_circuit_operator.py
[2026-09-22 16:25:49,424] {scheduler_job.py:639} INFO - DAG(s) dict_keys(['example_short_circuit_operator']) retrieved from /home/airflow/.local/lib/python3.6/site-packages/airflow/example_dags/example_short_circuit_operator.py
[2026-09-22 16:25:49,448] {logging_mixin.py:104} INFO - [2026-09-22 16:25:49,448] {dag.py:1824} INFO - Sync 1 DAGs
[2026-09-22 16:25:49,467] {logging_mixin.py:104} INFO - [2026-09-22 16:25:49,467] {dag.py:2280} INFO - Setting next_dagrun for example_short_circuit_operator to 2026-09-20 00:00:00+00:00
[2026-09-22 16:25:49,482] {scheduler_job.py:190} INFO - Processing /home/airflow/.local/lib/python3.6/site-packages/airflow/example_dags/example_short_circuit_operator.py took 0.081 seconds
[2026-09-22 16:26:20,335] {scheduler_job.py:182} INFO - Started process (PID=87) to work on /home/airflow/.local/lib/python3.6/site-packages/airflow/example_dags/example_short_circuit_operator.py
[2026-09-22 16:26:20,336] {scheduler_job.py:629} INFO - Processing file /home/airflow/.local/lib/python3.6/site-packages/airflow/example_dags/example_short_circuit_operator.py for tasks to queue
[2026-09-22 16:26:20,337] {logging_mixin.py:104} INFO - [2026-09-22 16:26:20,337] {dagbag.py:451} INFO - Filling up the DagBag from /home/airflow/.local/lib/python3.6/site-packages/airflow/example_dags/example_short_circuit_operator.py
[2026-09-22 16:26:20,359] {scheduler_job.py:639} INFO - DAG(s) dict_keys(['example_short_circuit_operator']) retrieved from /home/airflow/.local/lib/python3.6/site-packages/airflow/example_dags/example_short_circuit_operator.py
[2026-09-22 16:26:20,395] {logging_mixin.py:104} INFO - [2026-09-22 16:26:20,394] {dag.py:1824} INFO - Sync 1 DAGs
[2026-09-22 16:26:20,426] {logging_mixin.py:104} INFO - [2026-09-22 16:26:20,425] {dag.py:2280} INFO - Setting next_dagrun for example_short_circuit_operator to 2026-09-20 00:00:00+00:00
[2026-09-22 16:26:20,446] {scheduler_job.py:190} INFO - Processing /home/airflow/.local/lib/python3.6/site-packages/airflow/example_dags/example_short_circuit_operator.py took 0.116 seconds
[2026-09-22 16:26:50,992] {scheduler_job.py:182} INFO - Started process (PID=113) to work on /home/airflow/.local/lib/python3.6/site-packages/airflow/example_dags/example_short_circuit_operator.py
[2026-09-22 16:26:50,994] {scheduler_job.py:629} INFO - Processing file /home/airflow/.local/lib/python3.6/site-packages/airflow/example_dags/example_short_circuit_operator.py for tasks to queue
[2026-09-22 16:26:50,995] {logging_mixin.py:104} INFO - [2026-09-22 16:26:50,995] {dagbag.py:451} INFO - Filling up the DagBag from /home/airflow/.local/lib/python3.6/site-packages/airflow/example_dags/example_short_circuit_operator.py
[2026-09-22 16:26:51,021] {scheduler_job.py:639} INFO - DAG(s) dict_keys(['example_short_circuit_operator']) retrieved from /home/airflow/.local/lib/python3.6/site-packages/airflow/example_dags/example_short_circuit_operator.py
[2026-09-22 16:26:51,054] {logging_mixin.py:104} INFO - [2026-09-22 16:26:51,054] {dag.py:1824} INFO - Sync 1 DAGs
[2026-09-22 16:26:51,086] {logging_mixin.py:104} INFO - [2026-09-22 16:26:51,086] {dag.py:2280} INFO - Setting next_dagrun for example_short_circuit_operator to 2026-09-20 00:00:00+00:00
[2026-09-22 16:26:51,108] {scheduler_job.py:190} INFO - Processing /home/airflow/.local/lib/python3.6/site-packages/airflow/example_dags/example_short_circuit_operator.py took 0.122 seconds
[2026-09-22 16:27:21,918] {scheduler_job.py:182} INFO - Started process (PID=139) to work on /home/airflow/.local/lib/python3.6/site-packages/airflow/example_dags/example_short_circuit_operator.py
[2026-09-22 16:27:21,920] {scheduler_job.py:629} INFO - Processing file /home/airflow/.local/lib/python3.6/site-packages/airflow/example_dags/example_short_circuit_operator.py for tasks to queue
[2026-09-22 16:27:21,921] {logging_mixin.py:104} INFO - [2026-09-22 16:27:21,920] {dagbag.py:451} INFO - Filling up the DagBag from /home/airflow/.local/lib/python3.6/site-packages/airflow/example_dags/example_short_circuit_operator.py
[2026-09-22 16:27:21,938] {scheduler_job.py:639} INFO - DAG(s) dict_keys(['example_short_circuit_operator']) retrieved from /home/airflow/.local/lib/python3.6/site-packages/airflow/example_dags/example_short_circuit_operator.py
[2026-09-22 16:27:21,971] {logging_mixin.py:104} INFO - [2026-09-22 16:27:21,970] {dag.py:1824} INFO - Sync 1 DAGs
[2026-09-22 16:27:22,000] {logging_mixin.py:104} INFO - [2026-09-22 16:27:21,999] {dag.py:2280} INFO - Setting next_dagrun for example_short_circuit_operator to 2026-09-20 00:00:00+00:00
[2026-09-22 16:27:22,020] {scheduler_job.py:190} INFO - Processing /home/airflow/.local/lib/python3.6/site-packages/airflow/example_dags/example_short_circuit_operator.py took 0.107 seconds
[2026-09-22 16:27:52,712] {scheduler_job.py:182} INFO - Started process (PID=165) to work on /home/airflow/.local/lib/python3.6/site-packages/airflow/example_dags/example_short_circuit_operator.py
[2026-09-22 16:27:52,714] {scheduler_job.py:629} INFO - Processing file /home/airflow/.local/lib/python3.6/site-packages/airflow/example_dags/example_short_circuit_operator.py for tasks to queue
[2026-09-22 16:27:52,714] {logging_mixin.py:104} INFO - [2026-09-22 16:27:52,714] {dagbag.py:451} INFO - Filling up the DagBag from /home/airflow/.local/lib/python3.6/site-packages/airflow/example_dags/example_short_circuit_operator.py
[2026-09-22 16:27:52,730] {scheduler_job.py:639} INFO - DAG(s) dict_keys(['example_short_circuit_operator']) retrieved from /home/airflow/.local/lib/python3.6/site-packages/airflow/example_dags/example_short_circuit_operator.py
[2026-09-22 16:27:52,759] {logging_mixin.py:104} INFO - [2026-09-22 16:27:52,759] {dag.py:1824} INFO - Sync 1 DAGs
[2026-09-22 16:27:52,787] {logging_mixin.py:104} INFO - [2026-09-22 16:27:52,787] {dag.py:2280} INFO - Setting next_dagrun for example_short_circuit_operator to 2026-09-20 00:00:00+00:00
[2026-09-22 16:27:52,804] {scheduler_job.py:190} INFO - Processing /home/airflow/.local/lib/python3.6/site-packages/airflow/example_dags/example_short_circuit_operator.py took 0.096 seconds
[2026-09-22 16:28:23,347] {scheduler_job.py:182} INFO - Started process (PID=191) to work on /home/airflow/.local/lib/python3.6/site-packages/airflow/example_dags/example_short_circuit_operator.py
[2026-09-22 16:28:23,349] {scheduler_job.py:629} INFO - Processing file /home/airflow/.local/lib/python3.6/site-packages/airflow/example_dags/example_short_circuit_operator.py for tasks to queue
[2026-09-22 16:28:23,349] {logging_mixin.py:104} INFO - [2026-09-22 16:28:23,349] {dagbag.py:451} INFO - Filling up the DagBag from /home/airflow/.local/lib/python3.6/site-packages/airflow/example_dags/example_short_circuit_operator.py
[2026-09-22 16:28:23,368] {scheduler_job.py:639} INFO - DAG(s) dict_keys(['example_short_circuit_operator']) retrieved from /home/airflow/.local/lib/python3.6/site-packages/airflow/example_dags/example_short_circuit_operator.py
[2026-09-22 16:28:23,396] {logging_mixin.py:104} INFO - [2026-09-22 16:28:23,396] {dag.py:1824} INFO - Sync 1 DAGs
[2026-09-22 16:28:23,417] {logging_mixin.py:104} INFO - [2026-09-22 16:28:23,417] {dag.py:2280} INFO - Setting next_dagrun for example_short_circuit_operator to 2026-09-20 00:00:00+00:00
[2026-09-22 16:28:23,435] {scheduler_job.py:190} INFO - Processing /home/airflow/.local/lib/python3.6/site-packages/airflow/example_dags/example_short_circuit_operator.py took 0.092 seconds
[2026-09-22 16:28:54,172] {scheduler_job.py:182} INFO - Started process (PID=217) to work on /home/airflow/.local/lib/python3.6/site-packages/airflow/example_dags/example_short_circuit_operator.py
[2026-09-22 16:28:54,173] {scheduler_job.py:629} INFO - Processing file /home/airflow/.local/lib/python3.6/site-packages/airflow/example_dags/example_short_circuit_operator.py for tasks to queue
[2026-09-22 16:28:54,174] {logging_mixin.py:104} INFO - [2026-09-22 16:28:54,174] {dagbag.py:451} INFO - Filling up the DagBag from /home/airflow/.local/lib/python3.6/site-packages/airflow/example_dags/example_short_circuit_operator.py
[2026-09-22 16:28:54,192] {scheduler_job.py:639} INFO - DAG(s) dict_keys(['example_short_circuit_operator']) retrieved from /home/airflow/.local/lib/python3.6/site-packages/airflow/example_dags/example_short_circuit_operator.py
[2026-09-22 16:28:54,221] {logging_mixin.py:104} INFO - [2026-09-22 16:28:54,221] {dag.py:1824} INFO - Sync 1 DAGs
[2026-09-22 16:28:54,243] {logging_mixin.py:104} INFO - [2026-09-22 16:28:54,243] {dag.py:2280} INFO - Setting next_dagrun for example_short_circuit_operator to 2026-09-20 00:00:00+00:00
[2026-09-22 16:28:54,261] {scheduler_job.py:190} INFO - Processing /home/airflow/.local/lib/python3.6/site-packages/airflow/example_dags/example_short_circuit_operator.py took 0.094 seconds
[2026-09-22 16:29:24,795] {scheduler_job.py:182} INFO - Started process (PID=243) to work on /home/airflow/.local/lib/python3.6/site-packages/airflow/example_dags/example_short_circuit_operator.py
[2026-09-22 16:29:24,797] {scheduler_job.py:629} INFO - Processing file /home/airflow/.local/lib/python3.6/site-packages/airflow/example_dags/example_short_circuit_operator.py for tasks to queue
[2026-09-22 16:29:24,797] {logging_mixin.py:104} INFO - [2026-09-22 16:29:24,797] {dagbag.py:451} INFO - Filling up the DagBag from /home/airflow/.local/lib/python3.6/site-packages/airflow/example_dags/example_short_circuit_operator.py
[2026-09-22 16:29:24,819] {scheduler_job.py:639} INFO - DAG(s) dict_keys(['example_short_circuit_operator']) retrieved from /home/airflow/.local/lib/python3.6/site-packages/airflow/example_dags/example_short_circuit_operator.py
[2026-09-22 16:29:24,857] {logging_mixin.py:104} INFO - [2026-09-22 16:29:24,857] {dag.py:1824} INFO - Sync 1 DAGs
[2026-09-22 16:29:24,884] {logging_mixin.py:104} INFO - [2026-09-22 16:29:24,883] {dag.py:2280} INFO - Setting next_dagrun for example_short_circuit_operator to 2026-09-20 00:00:00+00:00
[2026-09-22 16:29:24,900] {scheduler_job.py:190} INFO - Processing /home/airflow/.local/lib/python3.6/site-packages/airflow/example_dags/example_short_circuit_operator.py took 0.109 seconds
[2026-09-22 16:29:55,179] {scheduler_job.py:182} INFO - Started process (PID=271) to work on /home/airflow/.local/lib/python3.6/site-packages/airflow/example_dags/example_short_circuit_operator.py
[2026-09-22 16:29:55,181] {scheduler_job.py:629} INFO - Processing file /home/airflow/.local/lib/python3.6/site-packages/airflow/example_dags/example_short_circuit_operator.py for tasks to queue
[2026-09-22 16:29:55,182] {logging_mixin.py:104} INFO - [2026-09-22 16:29:55,181] {dagbag.py:451} INFO - Filling up the DagBag from /home/airflow/.local/lib/python3.6/site-packages/airflow/example_dags/example_short_circuit_operator.py
[2026-09-22 16:29:55,208] {scheduler_job.py:639} INFO - DAG(s) dict_keys(['example_short_circuit_operator']) retrieved from /home/airflow/.local/lib/python3.6/site-packages/airflow/example_dags/example_short_circuit_operator.py
[2026-09-22 16:29:55,248] {logging_mixin.py:104} INFO - [2026-09-22 16:29:55,248] {dag.py:1824} INFO - Sync 1 DAGs
[2026-09-22 16:29:55,274] {logging_mixin.py:104} INFO - [2026-09-22 16:29:55,274] {dag.py:2280} INFO - Setting next_dagrun for example_short_circuit_operator to 2026-09-20 00:00:00+00:00
[2026-09-22 16:29:55,298] {scheduler_job.py:190} INFO - Processing /home/airflow/.local/lib/python3.6/site-packages/airflow/example_dags/example_short_circuit_operator.py took 0.125 seconds
[2026-09-22 16:30:26,022] {scheduler_job.py:182} INFO - Started process (PID=295) to work on /home/airflow/.local/lib/python3.6/site-packages/airflow/example_dags/example_short_circuit_operator.py
[2026-09-22 16:30:26,023] {scheduler_job.py:629} INFO - Processing file /home/airflow/.local/lib/python3.6/site-packages/airflow/example_dags/example_short_circuit_operator.py for tasks to queue
[2026-09-22 16:30:26,024] {logging_mixin.py:104} INFO - [2026-09-22 16:30:26,024] {dagbag.py:451} INFO - Filling up the DagBag from /home/airflow/.local/lib/python3.6/site-packages/airflow/example_dags/example_short_circuit_operator.py
[2026-09-22 16:30:26,044] {scheduler_job.py:639} INFO - DAG(s) dict_keys(['example_short_circuit_operator']) retrieved from /home/airflow/.local/lib/python3.6/site-packages/airflow/example_dags/example_short_circuit_operator.py
[2026-09-22 16:30:26,074] {logging_mixin.py:104} INFO - [2026-09-22 16:30:26,074] {dag.py:1824} INFO - Sync 1 DAGs
[2026-09-22 16:30:26,100] {logging_mixin.py:104} INFO - [2026-09-22 16:30:26,100] {dag.py:2280} INFO - Setting next_dagrun for example_short_circuit_operator to 2026-09-20 00:00:00+00:00
[2026-09-22 16:30:26,122] {scheduler_job.py:190} INFO - Processing /home/airflow/.local/lib/python3.6/site-packages/airflow/example_dags/example_short_circuit_operator.py took 0.105 seconds
[2026-09-22 16:30:56,802] {scheduler_job.py:182} INFO - Started process (PID=321) to work on /home/airflow/.local/lib/python3.6/site-packages/airflow/example_dags/example_short_circuit_operator.py
[2026-09-22 16:30:56,804] {scheduler_job.py:629} INFO - Processing file /home/airflow/.local/lib/python3.6/site-packages/airflow/example_dags/example_short_circuit_operator.py for tasks to queue
[2026-09-22 16:30:56,805] {logging_mixin.py:104} INFO - [2026-09-22 16:30:56,805] {dagbag.py:451} INFO - Filling up the DagBag from /home/airflow/.local/lib/python3.6/site-packages/airflow/example_dags/example_short_circuit_operator.py
[2026-09-22 16:30:56,830] {scheduler_job.py:639} INFO - DAG(s) dict_keys(['example_short_circuit_operator']) retrieved from /home/airflow/.local/lib/python3.6/site-packages/airflow/example_dags/example_short_circuit_operator.py
[2026-09-22 16:30:56,861] {logging_mixin.py:104} INFO - [2026-09-22 16:30:56,861] {dag.py:1824} INFO - Sync 1 DAGs
[2026-09-22 16:30:56,885] {logging_mixin.py:104} INFO - [2026-09-22 16:30:56,885] {dag.py:2280} INFO - Setting next_dagrun for example_short_circuit_operator to 2026-09-20 00:00:00+00:00
[2026-09-22 16:30:56,903] {scheduler_job.py:190} INFO - Processing /home/airflow/.local/lib/python3.6/site-packages/airflow/example_dags/example_short_circuit_operator.py took 0.106 seconds
[2026-09-22 16:31:27,706] {scheduler_job.py:182} INFO - Started process (PID=347) to work on /home/airflow/.local/lib/python3.6/site-packages/airflow/example_dags/example_short_circuit_operator.py
[2026-09-22 16:31:27,708] {scheduler_job.py:629} INFO - Processing file /home/airflow/.local/lib/python3.6/site-packages/airflow/example_dags/example_short_circuit_operator.py for tasks to queue
[2026-09-22 16:31:27,710] {logging_mixin.py:104} INFO - [2026-09-22 16:31:27,710] {dagbag.py:451} INFO - Filling up the DagBag from /home/airflow/.local/lib/python3.6/site-packages/airflow/example_dags/example_short_circuit_operator.py
[2026-09-22 16:31:27,745] {scheduler_job.py:639} INFO - DAG(s) dict_keys(['example_short_circuit_operator']) retrieved from /home/airflow/.local/lib/python3.6/site-packages/airflow/example_dags/example_short_circuit_operator.py
[2026-09-22 16:31:27,788] {logging_mixin.py:104} INFO - [2026-09-22 16:31:27,787] {dag.py:1824} INFO - Sync 1 DAGs
[2026-09-22 16:31:27,817] {logging_mixin.py:104} INFO - [2026-09-22 16:31:27,817] {dag.py:2280} INFO - Setting next_dagrun for example_short_circuit_operator to 2026-09-20 00:00:00+00:00
[2026-09-22 16:31:27,837] {scheduler_job.py:190} INFO - Processing /home/airflow/.local/lib/python3.6/site-packages/airflow/example_dags/example_short_circuit_operator.py took 0.138 seconds
[2026-09-22 16:31:58,648] {scheduler_job.py:182} INFO - Started process (PID=373) to work on /home/airflow/.local/lib/python3.6/site-packages/airflow/example_dags/example_short_circuit_operator.py
[2026-09-22 16:31:58,650] {scheduler_job.py:629} INFO - Processing file /home/airflow/.local/lib/python3.6/site-packages/airflow/example_dags/example_short_circuit_operator.py for tasks to queue
[2026-09-22 16:31:58,651] {logging_mixin.py:104} INFO - [2026-09-22 16:31:58,651] {dagbag.py:451} INFO - Filling up the DagBag from /home/airflow/.local/lib/python3.6/site-packages/airflow/example_dags/example_short_circuit_operator.py
[2026-09-22 16:31:58,668] {scheduler_job.py:639} INFO - DAG(s) dict_keys(['example_short_circuit_operator']) retrieved from /home/airflow/.local/lib/python3.6/site-packages/airflow/example_dags/example_short_circuit_operator.py
[2026-09-22 16:31:58,695] {logging_mixin.py:104} INFO - [2026-09-22 16:31:58,695] {dag.py:1824} INFO - Sync 1 DAGs
[2026-09-22 16:31:58,717] {logging_mixin.py:104} INFO - [2026-09-22 16:31:58,717] {dag.py:2280} INFO - Setting next_dagrun for example_short_circuit_operator to 2026-09-20 00:00:00+00:00
[2026-09-22 16:31:58,733] {scheduler_job.py:190} INFO - Processing /home/airflow/.local/lib/python3.6/site-packages/airflow/example_dags/example_short_circuit_operator.py took 0.089 seconds
[2026-09-22 16:32:29,012] {scheduler_job.py:182} INFO - Started process (PID=399) to work on /home/airflow/.local/lib/python3.6/site-packages/airflow/example_dags/example_short_circuit_operator.py
[2026-09-22 16:32:29,015] {scheduler_job.py:629} INFO - Processing file /home/airflow/.local/lib/python3.6/site-packages/airflow/example_dags/example_short_circuit_operator.py for tasks to queue
[2026-09-22 16:32:29,015] {logging_mixin.py:104} INFO - [2026-09-22 16:32:29,015] {dagbag.py:451} INFO - Filling up the DagBag from /home/airflow/.local/lib/python3.6/site-packages/airflow/example_dags/example_short_circuit_operator.py
[2026-09-22 16:32:29,032] {scheduler_job.py:639} INFO - DAG(s) dict_keys(['example_short_circuit_operator']) retrieved from /home/airflow/.local/lib/python3.6/site-packages/airflow/example_dags/example_short_circuit_operator.py
[2026-09-22 16:32:29,061] {logging_mixin.py:104} INFO - [2026-09-22 16:32:29,061] {dag.py:1824} INFO - Sync 1 DAGs
[2026-09-22 16:32:29,090] {logging_mixin.py:104} INFO - [2026-09-22 16:32:29,090] {dag.py:2280} INFO - Setting next_dagrun for example_short_circuit_operator to 2026-09-20 00:00:00+00:00
[2026-09-22 16:32:29,110] {scheduler_job.py:190} INFO - Processing /home/airflow/.local/lib/python3.6/site-packages/airflow/example_dags/example_short_circuit_operator.py took 0.102 seconds
[2026-09-22 16:32:59,682] {scheduler_job.py:182} INFO - Started process (PID=425) to work on /home/airflow/.local/lib/python3.6/site-packages/airflow/example_dags/example_short_circuit_operator.py
[2026-09-22 16:32:59,684] {scheduler_job.py:629} INFO - Processing file /home/airflow/.local/lib/python3.6/site-packages/airflow/example_dags/example_short_circuit_operator.py for tasks to queue
[2026-09-22 16:32:59,685] {logging_mixin.py:104} INFO - [2026-09-22 16:32:59,685] {dagbag.py:451} INFO - Filling up the DagBag from /home/airflow/.local/lib/python3.6/site-packages/airflow/example_dags/example_short_circuit_operator.py
[2026-09-22 16:32:59,706] {scheduler_job.py:639} INFO - DAG(s) dict_keys(['example_short_circuit_operator']) retrieved from /home/airflow/.local/lib/python3.6/site-packages/airflow/example_dags/example_short_circuit_operator.py
[2026-09-22 16:32:59,732] {logging_mixin.py:104} INFO - [2026-09-22 16:32:59,732] {dag.py:1824} INFO - Sync 1 DAGs
[2026-09-22 16:32:59,761] {logging_mixin.py:104} INFO - [2026-09-22 16:32:59,761] {dag.py:2280} INFO - Setting next_dagrun for example_short_circuit_operator to 2026-09-20 00:00:00+00:00
[2026-09-22 16:32:59,783] {scheduler_job.py:190} INFO - Processing /home/airflow/.local/lib/python3.6/site-packages/airflow/example_dags/example_short_circuit_operator.py took 0.106 seconds
[2026-09-22 16:33:30,608] {scheduler_job.py:182} INFO - Started process (PID=451) to work on /home/airflow/.local/lib/python3.6/site-packages/airflow/example_dags/example_short_circuit_operator.py
[2026-09-22 16:33:30,610] {scheduler_job.py:629} INFO - Processing file /home/airflow/.local/lib/python3.6/site-packages/airflow/example_dags/example_short_circuit_operator.py for tasks to queue
[2026-09-22 16:33:30,611] {logging_mixin.py:104} INFO - [2026-09-22 16:33:30,611] {dagbag.py:451} INFO - Filling up the DagBag from /home/airflow/.local/lib/python3.6/site-packages/airflow/example_dags/example_short_circuit_operator.py
[2026-09-22 16:33:30,635] {scheduler_job.py:639} INFO - DAG(s) dict_keys(['example_short_circuit_operator']) retrieved from /home/airflow/.local/lib/python3.6/site-packages/airflow/example_dags/example_short_circuit_operator.py
[2026-09-22 16:33:30,669] {logging_mixin.py:104} INFO - [2026-09-22 16:33:30,669] {dag.py:1824} INFO - Sync 1 DAGs
[2026-09-22 16:33:30,704] {logging_mixin.py:104} INFO - [2026-09-22 16:33:30,704] {dag.py:2280} INFO - Setting next_dagrun for example_short_circuit_operator to 2026-09-20 00:00:00+00:00
[2026-09-22 16:33:30,729] {scheduler_job.py:190} INFO - Processing /home/airflow/.local/lib/python3.6/site-packages/airflow/example_dags/example_short_circuit_operator.py took 0.126 seconds
[2026-09-22 16:34:01,557] {scheduler_job.py:182} INFO - Started process (PID=477) to work on /home/airflow/.local/lib/python3.6/site-packages/airflow/example_dags/example_short_circuit_operator.py
[2026-09-22 16:34:01,559] {scheduler_job.py:629} INFO - Processing file /home/airflow/.local/lib/python3.6/site-packages/airflow/example_dags/example_short_circuit_operator.py for tasks to queue
[2026-09-22 16:34:01,560] {logging_mixin.py:104} INFO - [2026-09-22 16:34:01,560] {dagbag.py:451} INFO - Filling up the DagBag from /home/airflow/.local/lib/python3.6/site-packages/airflow/example_dags/example_short_circuit_operator.py
[2026-09-22 16:34:01,595] {scheduler_job.py:639} INFO - DAG(s) dict_keys(['example_short_circuit_operator']) retrieved from /home/airflow/.local/lib/python3.6/site-packages/airflow/example_dags/example_short_circuit_operator.py
[2026-09-22 16:34:01,634] {logging_mixin.py:104} INFO - [2026-09-22 16:34:01,634] {dag.py:1824} INFO - Sync 1 DAGs
[2026-09-22 16:34:01,668] {logging_mixin.py:104} INFO - [2026-09-22 16:34:01,667] {dag.py:2280} INFO - Setting next_dagrun for example_short_circuit_operator to 2026-09-20 00:00:00+00:00
[2026-09-22 16:34:01,695] {scheduler_job.py:190} INFO - Processing /home/airflow/.local/lib/python3.6/site-packages/airflow/example_dags/example_short_circuit_operator.py took 0.145 seconds
[2026-09-22 16:34:32,299] {scheduler_job.py:182} INFO - Started process (PID=503) to work on /home/airflow/.local/lib/python3.6/site-packages/airflow/example_dags/example_short_circuit_operator.py
[2026-09-22 16:34:32,301] {scheduler_job.py:629} INFO - Processing file /home/airflow/.local/lib/python3.6/site-packages/airflow/example_dags/example_short_circuit_operator.py for tasks to queue
[2026-09-22 16:34:32,302] {logging_mixin.py:104} INFO - [2026-09-22 16:34:32,302] {dagbag.py:451} INFO - Filling up the DagBag from /home/airflow/.local/lib/python3.6/site-packages/airflow/example_dags/example_short_circuit_operator.py
[2026-09-22 16:34:32,331] {scheduler_job.py:639} INFO - DAG(s) dict_keys(['example_short_circuit_operator']) retrieved from /home/airflow/.local/lib/python3.6/site-packages/airflow/example_dags/example_short_circuit_operator.py
[2026-09-22 16:34:32,363] {logging_mixin.py:104} INFO - [2026-09-22 16:34:32,363] {dag.py:1824} INFO - Sync 1 DAGs
[2026-09-22 16:34:32,392] {logging_mixin.py:104} INFO - [2026-09-22 16:34:32,392] {dag.py:2280} INFO - Setting next_dagrun for example_short_circuit_operator to 2026-09-20 00:00:00+00:00
[2026-09-22 16:34:32,411] {scheduler_job.py:190} INFO - Processing /home/airflow/.local/lib/python3.6/site-packages/airflow/example_dags/example_short_circuit_operator.py took 0.117 seconds
[2026-09-22 16:35:02,892] {scheduler_job.py:182} INFO - Started process (PID=529) to work on /home/airflow/.local/lib/python3.6/site-packages/airflow/example_dags/example_short_circuit_operator.py
[2026-09-22 16:35:02,894] {scheduler_job.py:629} INFO - Processing file /home/airflow/.local/lib/python3.6/site-packages/airflow/example_dags/example_short_circuit_operator.py for tasks to queue
[2026-09-22 16:35:02,895] {logging_mixin.py:104} INFO - [2026-09-22 16:35:02,895] {dagbag.py:451} INFO - Filling up the DagBag from /home/airflow/.local/lib/python3.6/site-packages/airflow/example_dags/example_short_circuit_operator.py
[2026-09-22 16:35:02,914] {scheduler_job.py:639} INFO - DAG(s) dict_keys(['example_short_circuit_operator']) retrieved from /home/airflow/.local/lib/python3.6/site-packages/airflow/example_dags/example_short_circuit_operator.py
[2026-09-22 16:35:02,941] {logging_mixin.py:104} INFO - [2026-09-22 16:35:02,940] {dag.py:1824} INFO - Sync 1 DAGs
[2026-09-22 16:35:02,965] {logging_mixin.py:104} INFO - [2026-09-22 16:35:02,965] {dag.py:2280} INFO - Setting next_dagrun for example_short_circuit_operator to 2026-09-20 00:00:00+00:00
[2026-09-22 16:35:02,983] {scheduler_job.py:190} INFO - Processing /home/airflow/.local/lib/python3.6/site-packages/airflow/example_dags/example_short_circuit_operator.py took 0.095 seconds
[2026-09-22 16:35:33,579] {scheduler_job.py:182} INFO - Started process (PID=555) to work on /home/airflow/.local/lib/python3.6/site-packages/airflow/example_dags/example_short_circuit_operator.py
[2026-09-22 16:35:33,580] {scheduler_job.py:629} INFO - Processing file /home/airflow/.local/lib/python3.6/site-packages/airflow/example_dags/example_short_circuit_operator.py for tasks to queue
[2026-09-22 16:35:33,581] {logging_mixin.py:104} INFO - [2026-09-22 16:35:33,581] {dagbag.py:451} INFO - Filling up the DagBag from /home/airflow/.local/lib/python3.6/site-packages/airflow/example_dags/example_short_circuit_operator.py
[2026-09-22 16:35:33,598] {scheduler_job.py:639} INFO - DAG(s) dict_keys(['example_short_circuit_operator']) retrieved from /home/airflow/.local/lib/python3.6/site-packages/airflow/example_dags/example_short_circuit_operator.py
[2026-09-22 16:35:33,627] {logging_mixin.py:104} INFO - [2026-09-22 16:35:33,627] {dag.py:1824} INFO - Sync 1 DAGs
[2026-09-22 16:35:33,650] {logging_mixin.py:104} INFO - [2026-09-22 16:35:33,650] {dag.py:2280} INFO - Setting next_dagrun for example_short_circuit_operator to 2026-09-20 00:00:00+00:00
[2026-09-22 16:35:33,667] {scheduler_job.py:190} INFO - Processing /home/airflow/.local/lib/python3.6/site-packages/airflow/example_dags/example_short_circuit_operator.py took 0.092 seconds
[2026-09-22 16:36:04,277] {scheduler_job.py:182} INFO - Started process (PID=581) to work on /home/airflow/.local/lib/python3.6/site-packages/airflow/example_dags/example_short_circuit_operator.py
[2026-09-22 16:36:04,278] {scheduler_job.py:629} INFO - Processing file /home/airflow/.local/lib/python3.6/site-packages/airflow/example_dags/example_short_circuit_operator.py for tasks to queue
[2026-09-22 16:36:04,279] {logging_mixin.py:104} INFO - [2026-09-22 16:36:04,279] {dagbag.py:451} INFO - Filling up the DagBag from /home/airflow/.local/lib/python3.6/site-packages/airflow/example_dags/example_short_circuit_operator.py
[2026-09-22 16:36:04,300] {scheduler_job.py:639} INFO - DAG(s) dict_keys(['example_short_circuit_operator']) retrieved from /home/airflow/.local/lib/python3.6/site-packages/airflow/example_dags/example_short_circuit_operator.py
[2026-09-22 16:36:04,331] {logging_mixin.py:104} INFO - [2026-09-22 16:36:04,331] {dag.py:1824} INFO - Sync 1 DAGs
[2026-09-22 16:36:04,356] {logging_mixin.py:104} INFO - [2026-09-22 16:36:04,355] {dag.py:2280} INFO - Setting next_dagrun for example_short_circuit_operator to 2026-09-20 00:00:00+00:00
[2026-09-22 16:36:04,375] {scheduler_job.py:190} INFO - Processing /home/airflow/.local/lib/python3.6/site-packages/airflow/example_dags/example_short_circuit_operator.py took 0.103 seconds
[2026-09-22 16:36:34,944] {scheduler_job.py:182} INFO - Started process (PID=607) to work on /home/airflow/.local/lib/python3.6/site-packages/airflow/example_dags/example_short_circuit_operator.py
[2026-09-22 16:36:34,946] {scheduler_job.py:629} INFO - Processing file /home/airflow/.local/lib/python3.6/site-packages/airflow/example_dags/example_short_circuit_operator.py for tasks to queue
[2026-09-22 16:36:34,947] {logging_mixin.py:104} INFO - [2026-09-22 16:36:34,947] {dagbag.py:451} INFO - Filling up the DagBag from /home/airflow/.local/lib/python3.6/site-packages/airflow/example_dags/example_short_circuit_operator.py
[2026-09-22 16:36:34,965] {scheduler_job.py:639} INFO - DAG(s) dict_keys(['example_short_circuit_operator']) retrieved from /home/airflow/.local/lib/python3.6/site-packages/airflow/example_dags/example_short_circuit_operator.py
[2026-09-22 16:36:34,994] {logging_mixin.py:104} INFO - [2026-09-22 16:36:34,994] {dag.py:1824} INFO - Sync 1 DAGs
[2026-09-22 16:36:35,015] {logging_mixin.py:104} INFO - [2026-09-22 16:36:35,015] {dag.py:2280} INFO - Setting next_dagrun for example_short_circuit_operator to 2026-09-20 00:00:00+00:00
[2026-09-22 16:36:35,030] {scheduler_job.py:190} INFO - Processing /home/airflow/.local/lib/python3.6/site-packages/airflow/example_dags/example_short_circuit_operator.py took 0.091 seconds
[2026-09-22 16:37:05,917] {scheduler_job.py:182} INFO - Started process (PID=633) to work on /home/airflow/.local/lib/python3.6/site-packages/airflow/example_dags/example_short_circuit_operator.py
[2026-09-22 16:37:05,918] {scheduler_job.py:629} INFO - Processing file /home/airflow/.local/lib/python3.6/site-packages/airflow/example_dags/example_short_circuit_operator.py for tasks to queue
[2026-09-22 16:37:05,919] {logging_mixin.py:104} INFO - [2026-09-22 16:37:05,919] {dagbag.py:451} INFO - Filling up the DagBag from /home/airflow/.local/lib/python3.6/site-packages/airflow/example_dags/example_short_circuit_operator.py
[2026-09-22 16:37:05,937] {scheduler_job.py:639} INFO - DAG(s) dict_keys(['example_short_circuit_operator']) retrieved from /home/airflow/.local/lib/python3.6/site-packages/airflow/example_dags/example_short_circuit_operator.py
[2026-09-22 16:37:05,965] {logging_mixin.py:104} INFO - [2026-09-22 16:37:05,964] {dag.py:1824} INFO - Sync 1 DAGs
[2026-09-22 16:37:05,984] {logging_mixin.py:104} INFO - [2026-09-22 16:37:05,984] {dag.py:2280} INFO - Setting next_dagrun for example_short_circuit_operator to 2026-09-20 00:00:00+00:00
[2026-09-22 16:37:05,997] {scheduler_job.py:190} INFO - Processing /home/airflow/.local/lib/python3.6/site-packages/airflow/example_dags/example_short_circuit_operator.py took 0.085 seconds
[2026-09-22 16:37:36,644] {scheduler_job.py:182} INFO - Started process (PID=659) to work on /home/airflow/.local/lib/python3.6/site-packages/airflow/example_dags/example_short_circuit_operator.py
[2026-09-22 16:37:36,647] {scheduler_job.py:629} INFO - Processing file /home/airflow/.local/lib/python3.6/site-packages/airflow/example_dags/example_short_circuit_operator.py for tasks to queue
[2026-09-22 16:37:36,648] {logging_mixin.py:104} INFO - [2026-09-22 16:37:36,648] {dagbag.py:451} INFO - Filling up the DagBag from /home/airflow/.local/lib/python3.6/site-packages/airflow/example_dags/example_short_circuit_operator.py
[2026-09-22 16:37:36,667] {scheduler_job.py:639} INFO - DAG(s) dict_keys(['example_short_circuit_operator']) retrieved from /home/airflow/.local/lib/python3.6/site-packages/airflow/example_dags/example_short_circuit_operator.py
[2026-09-22 16:37:36,704] {logging_mixin.py:104} INFO - [2026-09-22 16:37:36,703] {dag.py:1824} INFO - Sync 1 DAGs
[2026-09-22 16:37:36,730] {logging_mixin.py:104} INFO - [2026-09-22 16:37:36,730] {dag.py:2280} INFO - Setting next_dagrun for example_short_circuit_operator to 2026-09-20 00:00:00+00:00
[2026-09-22 16:37:36,746] {scheduler_job.py:190} INFO - Processing /home/airflow/.local/lib/python3.6/site-packages/airflow/example_dags/example_short_circuit_operator.py took 0.108 seconds
[2026-09-22 16:38:07,271] {scheduler_job.py:182} INFO - Started process (PID=685) to work on /home/airflow/.local/lib/python3.6/site-packages/airflow/example_dags/example_short_circuit_operator.py
[2026-09-22 16:38:07,272] {scheduler_job.py:629} INFO - Processing file /home/airflow/.local/lib/python3.6/site-packages/airflow/example_dags/example_short_circuit_operator.py for tasks to queue
[2026-09-22 16:38:07,273] {logging_mixin.py:104} INFO - [2026-09-22 16:38:07,272] {dagbag.py:451} INFO - Filling up the DagBag from /home/airflow/.local/lib/python3.6/site-packages/airflow/example_dags/example_short_circuit_operator.py
[2026-09-22 16:38:07,290] {scheduler_job.py:639} INFO - DAG(s) dict_keys(['example_short_circuit_operator']) retrieved from /home/airflow/.local/lib/python3.6/site-packages/airflow/example_dags/example_short_circuit_operator.py
[2026-09-22 16:38:07,318] {logging_mixin.py:104} INFO - [2026-09-22 16:38:07,317] {dag.py:1824} INFO - Sync 1 DAGs
[2026-09-22 16:38:07,337] {logging_mixin.py:104} INFO - [2026-09-22 16:38:07,337] {dag.py:2280} INFO - Setting next_dagrun for example_short_circuit_operator to 2026-09-20 00:00:00+00:00
[2026-09-22 16:38:07,358] {scheduler_job.py:190} INFO - Processing /home/airflow/.local/lib/python3.6/site-packages/airflow/example_dags/example_short_circuit_operator.py took 0.092 seconds
[2026-09-22 16:38:37,928] {scheduler_job.py:182} INFO - Started process (PID=711) to work on /home/airflow/.local/lib/python3.6/site-packages/airflow/example_dags/example_short_circuit_operator.py
[2026-09-22 16:38:37,930] {scheduler_job.py:629} INFO - Processing file /home/airflow/.local/lib/python3.6/site-packages/airflow/example_dags/example_short_circuit_operator.py for tasks to queue
[2026-09-22 16:38:37,932] {logging_mixin.py:104} INFO - [2026-09-22 16:38:37,931] {dagbag.py:451} INFO - Filling up the DagBag from /home/airflow/.local/lib/python3.6/site-packages/airflow/example_dags/example_short_circuit_operator.py
[2026-09-22 16:38:37,959] {scheduler_job.py:639} INFO - DAG(s) dict_keys(['example_short_circuit_operator']) retrieved from /home/airflow/.local/lib/python3.6/site-packages/airflow/example_dags/example_short_circuit_operator.py
[2026-09-22 16:38:37,994] {logging_mixin.py:104} INFO - [2026-09-22 16:38:37,994] {dag.py:1824} INFO - Sync 1 DAGs
[2026-09-22 16:38:38,024] {logging_mixin.py:104} INFO - [2026-09-22 16:38:38,024] {dag.py:2280} INFO - Setting next_dagrun for example_short_circuit_operator to 2026-09-20 00:00:00+00:00
[2026-09-22 16:38:38,041] {scheduler_job.py:190} INFO - Processing /home/airflow/.local/lib/python3.6/site-packages/airflow/example_dags/example_short_circuit_operator.py took 0.119 seconds
[2026-09-22 16:39:08,762] {scheduler_job.py:182} INFO - Started process (PID=737) to work on /home/airflow/.local/lib/python3.6/site-packages/airflow/example_dags/example_short_circuit_operator.py
[2026-09-22 16:39:08,763] {scheduler_job.py:629} INFO - Processing file /home/airflow/.local/lib/python3.6/site-packages/airflow/example_dags/example_short_circuit_operator.py for tasks to queue
[2026-09-22 16:39:08,764] {logging_mixin.py:104} INFO - [2026-09-22 16:39:08,764] {dagbag.py:451} INFO - Filling up the DagBag from /home/airflow/.local/lib/python3.6/site-packages/airflow/example_dags/example_short_circuit_operator.py
[2026-09-22 16:39:08,782] {scheduler_job.py:639} INFO - DAG(s) dict_keys(['example_short_circuit_operator']) retrieved from /home/airflow/.local/lib/python3.6/site-packages/airflow/example_dags/example_short_circuit_operator.py
[2026-09-22 16:39:08,817] {logging_mixin.py:104} INFO - [2026-09-22 16:39:08,817] {dag.py:1824} INFO - Sync 1 DAGs
[2026-09-22 16:39:08,839] {logging_mixin.py:104} INFO - [2026-09-22 16:39:08,839] {dag.py:2280} INFO - Setting next_dagrun for example_short_circuit_operator to 2026-09-20 00:00:00+00:00
[2026-09-22 16:39:08,858] {scheduler_job.py:190} INFO - Processing /home/airflow/.local/lib/python3.6/site-packages/airflow/example_dags/example_short_circuit_operator.py took 0.103 seconds
[2026-09-22 16:39:39,468] {scheduler_job.py:182} INFO - Started process (PID=763) to work on /home/airflow/.local/lib/python3.6/site-packages/airflow/example_dags/example_short_circuit_operator.py
[2026-09-22 16:39:39,471] {scheduler_job.py:629} INFO - Processing file /home/airflow/.local/lib/python3.6/site-packages/airflow/example_dags/example_short_circuit_operator.py for tasks to queue
[2026-09-22 16:39:39,472] {logging_mixin.py:104} INFO - [2026-09-22 16:39:39,472] {dagbag.py:451} INFO - Filling up the DagBag from /home/airflow/.local/lib/python3.6/site-packages/airflow/example_dags/example_short_circuit_operator.py
[2026-09-22 16:39:39,496] {scheduler_job.py:639} INFO - DAG(s) dict_keys(['example_short_circuit_operator']) retrieved from /home/airflow/.local/lib/python3.6/site-packages/airflow/example_dags/example_short_circuit_operator.py
[2026-09-22 16:39:39,535] {logging_mixin.py:104} INFO - [2026-09-22 16:39:39,535] {dag.py:1824} INFO - Sync 1 DAGs
[2026-09-22 16:39:39,567] {logging_mixin.py:104} INFO - [2026-09-22 16:39:39,567] {dag.py:2280} INFO - Setting next_dagrun for example_short_circuit_operator to 2026-09-20 00:00:00+00:00
[2026-09-22 16:39:39,588] {scheduler_job.py:190} INFO - Processing /home/airflow/.local/lib/python3.6/site-packages/airflow/example_dags/example_short_circuit_operator.py took 0.127 seconds
[2026-09-22 16:40:10,310] {scheduler_job.py:182} INFO - Started process (PID=789) to work on /home/airflow/.local/lib/python3.6/site-packages/airflow/example_dags/example_short_circuit_operator.py
[2026-09-22 16:40:10,312] {scheduler_job.py:629} INFO - Processing file /home/airflow/.local/lib/python3.6/site-packages/airflow/example_dags/example_short_circuit_operator.py for tasks to queue
[2026-09-22 16:40:10,312] {logging_mixin.py:104} INFO - [2026-09-22 16:40:10,312] {dagbag.py:451} INFO - Filling up the DagBag from /home/airflow/.local/lib/python3.6/site-packages/airflow/example_dags/example_short_circuit_operator.py
[2026-09-22 16:40:10,332] {scheduler_job.py:639} INFO - DAG(s) dict_keys(['example_short_circuit_operator']) retrieved from /home/airflow/.local/lib/python3.6/site-packages/airflow/example_dags/example_short_circuit_operator.py
[2026-09-22 16:40:10,358] {logging_mixin.py:104} INFO - [2026-09-22 16:40:10,358] {dag.py:1824} INFO - Sync 1 DAGs
[2026-09-22 16:40:10,385] {logging_mixin.py:104} INFO - [2026-09-22 16:40:10,385] {dag.py:2280} INFO - Setting next_dagrun for example_short_circuit_operator to 2026-09-20 00:00:00+00:00
[2026-09-22 16:40:10,400] {scheduler_job.py:190} INFO - Processing /home/airflow/.local/lib/python3.6/site-packages/airflow/example_dags/example_short_circuit_operator.py took 0.095 seconds
[2026-09-22 16:40:41,145] {scheduler_job.py:182} INFO - Started process (PID=815) to work on /home/airflow/.local/lib/python3.6/site-packages/airflow/example_dags/example_short_circuit_operator.py
[2026-09-22 16:40:41,147] {scheduler_job.py:629} INFO - Processing file /home/airflow/.local/lib/python3.6/site-packages/airflow/example_dags/example_short_circuit_operator.py for tasks to queue
[2026-09-22 16:40:41,149] {logging_mixin.py:104} INFO - [2026-09-22 16:40:41,148] {dagbag.py:451} INFO - Filling up the DagBag from /home/airflow/.local/lib/python3.6/site-packages/airflow/example_dags/example_short_circuit_operator.py
[2026-09-22 16:40:41,183] {scheduler_job.py:639} INFO - DAG(s) dict_keys(['example_short_circuit_operator']) retrieved from /home/airflow/.local/lib/python3.6/site-packages/airflow/example_dags/example_short_circuit_operator.py
[2026-09-22 16:40:41,228] {logging_mixin.py:104} INFO - [2026-09-22 16:40:41,228] {dag.py:1824} INFO - Sync 1 DAGs
[2026-09-22 16:40:41,258] {logging_mixin.py:104} INFO - [2026-09-22 16:40:41,258] {dag.py:2280} INFO - Setting next_dagrun for example_short_circuit_operator to 2026-09-20 00:00:00+00:00
[2026-09-22 16:40:41,274] {scheduler_job.py:190} INFO - Processing /home/airflow/.local/lib/python3.6/site-packages/airflow/example_dags/example_short_circuit_operator.py took 0.136 seconds
[2026-09-22 16:41:11,908] {scheduler_job.py:182} INFO - Started process (PID=841) to work on /home/airflow/.local/lib/python3.6/site-packages/airflow/example_dags/example_short_circuit_operator.py
[2026-09-22 16:41:11,910] {scheduler_job.py:629} INFO - Processing file /home/airflow/.local/lib/python3.6/site-packages/airflow/example_dags/example_short_circuit_operator.py for tasks to queue
[2026-09-22 16:41:11,911] {logging_mixin.py:104} INFO - [2026-09-22 16:41:11,911] {dagbag.py:451} INFO - Filling up the DagBag from /home/airflow/.local/lib/python3.6/site-packages/airflow/example_dags/example_short_circuit_operator.py
[2026-09-22 16:41:11,938] {scheduler_job.py:639} INFO - DAG(s) dict_keys(['example_short_circuit_operator']) retrieved from /home/airflow/.local/lib/python3.6/site-packages/airflow/example_dags/example_short_circuit_operator.py
[2026-09-22 16:41:11,977] {logging_mixin.py:104} INFO - [2026-09-22 16:41:11,977] {dag.py:1824} INFO - Sync 1 DAGs
[2026-09-22 16:41:12,008] {logging_mixin.py:104} INFO - [2026-09-22 16:41:12,008] {dag.py:2280} INFO - Setting next_dagrun for example_short_circuit_operator to 2026-09-20 00:00:00+00:00
[2026-09-22 16:41:12,029] {scheduler_job.py:190} INFO - Processing /home/airflow/.local/lib/python3.6/site-packages/airflow/example_dags/example_short_circuit_operator.py took 0.126 seconds
[2026-09-22 16:41:42,647] {scheduler_job.py:182} INFO - Started process (PID=869) to work on /home/airflow/.local/lib/python3.6/site-packages/airflow/example_dags/example_short_circuit_operator.py
[2026-09-22 16:41:42,648] {scheduler_job.py:629} INFO - Processing file /home/airflow/.local/lib/python3.6/site-packages/airflow/example_dags/example_short_circuit_operator.py for tasks to queue
[2026-09-22 16:41:42,650] {logging_mixin.py:104} INFO - [2026-09-22 16:41:42,649] {dagbag.py:451} INFO - Filling up the DagBag from /home/airflow/.local/lib/python3.6/site-packages/airflow/example_dags/example_short_circuit_operator.py
[2026-09-22 16:41:42,692] {scheduler_job.py:639} INFO - DAG(s) dict_keys(['example_short_circuit_operator']) retrieved from /home/airflow/.local/lib/python3.6/site-packages/airflow/example_dags/example_short_circuit_operator.py
[2026-09-22 16:41:42,815] {logging_mixin.py:104} INFO - [2026-09-22 16:41:42,814] {dag.py:1824} INFO - Sync 1 DAGs
[2026-09-22 16:41:42,848] {logging_mixin.py:104} INFO - [2026-09-22 16:41:42,848] {dag.py:2280} INFO - Setting next_dagrun for example_short_circuit_operator to 2026-09-20 00:00:00+00:00
[2026-09-22 16:41:42,868] {scheduler_job.py:190} INFO - Processing /home/airflow/.local/lib/python3.6/site-packages/airflow/example_dags/example_short_circuit_operator.py took 0.230 seconds
