[2026-09-22 16:25:21,856] {scheduler_job.py:182} INFO - Started process (PID=55) to work on /home/airflow/.local/lib/python3.6/site-packages/airflow/example_dags/example_latest_only_with_trigger.py
[2026-09-22 16:25:21,858] {scheduler_job.py:629} INFO - Processing file /home/airflow/.local/lib/python3.6/site-packages/airflow/example_dags/example_latest_only_with_trigger.py for tasks to queue
[2026-09-22 16:25:21,859] {logging_mixin.py:104} INFO - [2026-09-22 16:25:21,859] {dagbag.py:451} INFO - Filling up the DagBag from /home/airflow/.local/lib/python3.6/site-packages/airflow/example_dags/example_latest_only_with_trigger.py
[2026-09-22 16:25:21,897] {scheduler_job.py:639} INFO - DAG(s) dict_keys(['latest_only_with_trigger']) retrieved from /home/airflow/.local/lib/python3.6/site-packages/airflow/example_dags/example_latest_only_with_trigger.py
[2026-09-22 16:25:21,956] {logging_mixin.py:104} INFO - [2026-09-22 16:25:21,955] {dag.py:1824} INFO - Sync 1 DAGs
[2026-09-22 16:25:21,987] {logging_mixin.py:104} INFO - [2026-09-22 16:25:21,986] {dag.py:2280} INFO - Setting next_dagrun for latest_only_with_trigger to 2026-09-20 00:00:00+00:00
[2026-09-22 16:25:22,044] {scheduler_job.py:190} INFO - Processing /home/airflow/.local/lib/python3.6/site-packages/airflow/example_dags/example_latest_only_with_trigger.py took 0.196 seconds
[2026-09-22 16:25:52,905] {scheduler_job.py:182} INFO - Started process (PID=81) to work on /home/airflow/.local/lib/python3.6/site-packages/airflow/example_dags/example_latest_only_with_trigger.py
[2026-09-22 16:25:52,907] {scheduler_job.py:629} INFO - Processing file /home/airflow/.local/lib/python3.6/site-packages/airflow/example_dags/example_latest_only_with_trigger.py for tasks to queue
[2026-09-22 16:25:52,908] {logging_mixin.py:104} INFO - [2026-09-22 16:25:52,907] {dagbag.py:451} INFO - Filling up the DagBag from /home/airflow/.local/lib/python3.6/site-packages/airflow/example_dags/example_latest_only_with_trigger.py
[2026-09-22 16:25:52,922] {scheduler_job.py:639} INFO - DAG(s) dict_keys(['latest_only_with_trigger']) retrieved from /home/airflow/.local/lib/python3.6/site-packages/airflow/example_dags/example_latest_only_with_trigger.py
[2026-09-22 16:25:52,949] {logging_mixin.py:104} INFO - [2026-09-22 16:25:52,949] {dag.py:1824} INFO - Sync 1 DAGs
[2026-09-22 16:25:52,971] {logging_mixin.py:104} INFO - [2026-09-22 16:25:52,971] {dag.py:2280} INFO - Setting next_dagrun for latest_only_with_trigger to 2026-09-20 00:00:00+00:00
[2026-09-22 16:25:52,989] {scheduler_job.py:190} INFO - Processing /home/airflow/.local/lib/python3.6/site-packages/airflow/example_dags/example_latest_only_with_trigger.py took 0.088 seconds
[2026-09-22 16:26:23,493] {scheduler_job.py:182} INFO - Started process (PID=107) to work on /home/airflow/.local/lib/python3.6/site-packages/airflow/example_dags/example_latest_only_with_trigger.py
[2026-09-22 16:26:23,495] {scheduler_job.py:629} INFO - Processing file /home/airflow/.local/lib/python3.6/site-packages/airflow/example_dags/example_latest_only_with_trigger.py for tasks to queue
[2026-09-22 16:26:23,496] {logging_mixin.py:104} INFO - [2026-09-22 16:26:23,496] {dagbag.py:451} INFO - Filling up the DagBag from /home/airflow/.local/lib/python3.6/site-packages/airflow/example_dags/example_latest_only_with_trigger.py
[2026-09-22 16:26:23,518] {scheduler_job.py:639} INFO - DAG(s) dict_keys(['latest_only_with_trigger']) retrieved from /home/airflow/.local/lib/python3.6/site-packages/airflow/example_dags/example_latest_only_with_trigger.py
[2026-09-22 16:26:23,565] {logging_mixin.py:104} INFO - [2026-09-22 16:26:23,564] {dag.py:1824} INFO - Sync 1 DAGs
[2026-09-22 16:26:23,600] {logging_mixin.py:104} INFO - [2026-09-22 16:26:23,600] {dag.py:2280} INFO - Setting next_dagrun for latest_only_with_trigger to 2026-09-20 00:00:00+00:00
[2026-09-22 16:26:23,625] {scheduler_job.py:190} INFO - Processing /home/airflow/.local/lib/python3.6/site-packages/airflow/example_dags/example_latest_only_with_trigger.py took 0.138 seconds
[2026-09-22 16:26:54,462] {scheduler_job.py:182} INFO - Started process (PID=133) to work on /home/airflow/.local/lib/python3.6/site-packages/airflow/example_dags/example_latest_only_with_trigger.py
[2026-09-22 16:26:54,463] {scheduler_job.py:629} INFO - Processing file /home/airflow/.local/lib/python3.6/site-packages/airflow/example_dags/example_latest_only_with_trigger.py for tasks to queue
[2026-09-22 16:26:54,464] {logging_mixin.py:104} INFO - [2026-09-22 16:26:54,463] {dagbag.py:451} INFO - Filling up the DagBag from /home/airflow/.local/lib/python3.6/site-packages/airflow/example_dags/example_latest_only_with_trigger.py
[2026-09-22 16:26:54,481] {scheduler_job.py:639} INFO - DAG(s) dict_keys(['latest_only_with_trigger']) retrieved from /home/airflow/.local/lib/python3.6/site-packages/airflow/example_dags/example_latest_only_with_trigger.py
[2026-09-22 16:26:54,522] {logging_mixin.py:104} INFO - [2026-09-22 16:26:54,521] {dag.py:1824} INFO - Sync 1 DAGs
[2026-09-22 16:26:54,551] {logging_mixin.py:104} INFO - [2026-09-22 16:26:54,551] {dag.py:2280} INFO - Setting next_dagrun for latest_only_with_trigger to 2026-09-20 00:00:00+00:00
[2026-09-22 16:26:54,570] {scheduler_job.py:190} INFO - Processing /home/airflow/.local/lib/python3.6/site-packages/airflow/example_dags/example_latest_only_with_trigger.py took 0.113 seconds
[2026-09-22 16:27:25,109] {scheduler_job.py:182} INFO - Started process (PID=159) to work on /home/airflow/.local/lib/python3.6/site-packages/airflow/example_dags/example_latest_only_with_trigger.py
[2026-09-22 16:27:25,111] {scheduler_job.py:629} INFO - Processing file /home/airflow/.local/lib/python3.6/site-packages/airflow/example_dags/example_latest_only_with_trigger.py for tasks to queue
[2026-09-22 16:27:25,112] {logging_mixin.py:104} INFO - [2026-09-22 16:27:25,112] {dagbag.py:451} INFO - Filling up the DagBag from /home/airflow/.local/lib/python3.6/site-packages/airflow/example_dags/example_latest_only_with_trigger.py
[2026-09-22 16:27:25,139] {scheduler_job.py:639} INFO - DAG(s) dict_keys(['latest_only_with_trigger']) retrieved from /home/airflow/.local/lib/python3.6/site-packages/airflow/example_dags/example_latest_only_with_trigger.py
[2026-09-22 16:27:25,194] {logging_mixin.py:104} INFO - [2026-09-22 16:27:25,193] {dag.py:1824} INFO - Sync 1 DAGs
[2026-09-22 16:27:25,228] {logging_mixin.py:104} INFO - [2026-09-22 16:27:25,228] {dag.py:2280} INFO - Setting next_dagrun for latest_only_with_trigger to 2026-09-20 00:00:00+00:00
[2026-09-22 16:27:25,333] {scheduler_job.py:190} INFO - Processing /home/airflow/.local/lib/python3.6/site-packages/airflow/example_dags/example_latest_only_with_trigger.py took 0.233 seconds
[2026-09-22 16:27:55,942] {scheduler_job.py:182} INFO - Started process (PID=185) to work on /home/airflow/.local/lib/python3.6/site-packages/airflow/example_dags/example_latest_only_with_trigger.py
[2026-09-22 16:27:55,944] {scheduler_job.py:629} INFO - Processing file /home/airflow/.local/lib/python3.6/site-packages/airflow/example_dags/example_latest_only_with_trigger.py for tasks to queue
[2026-09-22 16:27:55,945] {logging_mixin.py:104} INFO - [2026-09-22 16:27:55,945] {dagbag.py:451} INFO - Filling up the DagBag from /home/airflow/.local/lib/python3.6/site-packages/airflow/example_dags/example_latest_only_with_trigger.py
[2026-09-22 16:27:55,957] {scheduler_job.py:639} INFO - DAG(s) dict_keys(['latest_only_with_trigger']) retrieved from /home/airflow/.local/lib/python3.6/site-packages/airflow/example_dags/example_latest_only_with_trigger.py
[2026-09-22 16:27:55,982] {logging_mixin.py:104} INFO - [2026-09-22 16:27:55,982] {dag.py:1824} INFO - Sync 1 DAGs
[2026-09-22 16:27:56,003] {logging_mixin.py:104} INFO - [2026-09-22 16:27:56,003] {dag.py:2280} INFO - Setting next_dagrun for latest_only_with_trigger to 2026-09-20 00:00:00+00:00
[2026-09-22 16:27:56,021] {scheduler_job.py:190} INFO - Processing /home/airflow/.local/lib/python3.6/site-packages/airflow/example_dags/example_latest_only_with_trigger.py took 0.083 seconds
[2026-09-22 16:28:26,790] {scheduler_job.py:182} INFO - Started process (PID=211) to work on /home/airflow/.local/lib/python3.6/site-packages/airflow/example_dags/example_latest_only_with_trigger.py
[2026-09-22 16:28:26,792] {scheduler_job.py:629} INFO - Processing file /home/airflow/.local/lib/python3.6/site-packages/airflow/example_dags/example_latest_only_with_trigger.py for tasks to queue
[2026-09-22 16:28:26,793] {logging_mixin.py:104} INFO - [2026-09-22 16:28:26,793] {dagbag.py:451} INFO - Filling up the DagBag from /home/airflow/.local/lib/python3.6/site-packages/airflow/example_dags/example_latest_only_with_trigger.py
[2026-09-22 16:28:26,807] {scheduler_job.py:639} INFO - DAG(s) dict_keys(['latest_only_with_trigger']) retrieved from /home/airflow/.local/lib/python3.6/site-packages/airflow/example_dags/example_latest_only_with_trigger.py
[2026-09-22 16:28:26,831] {logging_mixin.py:104} INFO - [2026-09-22 16:28:26,831] {dag.py:1824} INFO - Sync 1 DAGs
[2026-09-22 16:28:26,850] {logging_mixin.py:104} INFO - [2026-09-22 16:28:26,850] {dag.py:2280} INFO - Setting next_dagrun for latest_only_with_trigger to 2026-09-20 00:00:00+00:00
[2026-09-22 16:28:26,868] {scheduler_job.py:190} INFO - Processing /home/airflow/.local/lib/python3.6/site-packages/airflow/example_dags/example_latest_only_with_trigger.py took 0.082 seconds
[2026-09-22 16:28:57,341] {scheduler_job.py:182} INFO - Started process (PID=237) to work on /home/airflow/.local/lib/python3.6/site-packages/airflow/example_dags/example_latest_only_with_trigger.py
[2026-09-22 16:28:57,342] {scheduler_job.py:629} INFO - Processing file /home/airflow/.local/lib/python3.6/site-packages/airflow/example_dags/example_latest_only_with_trigger.py for tasks to queue
[2026-09-22 16:28:57,343] {logging_mixin.py:104} INFO - [2026-09-22 16:28:57,343] {dagbag.py:451} INFO - Filling up the DagBag from /home/airflow/.local/lib/python3.6/site-packages/airflow/example_dags/example_latest_only_with_trigger.py
[2026-09-22 16:28:57,356] {scheduler_job.py:639} INFO - DAG(s) dict_keys(['latest_only_with_trigger']) retrieved from /home/airflow/.local/lib/python3.6/site-packages/airflow/example_dags/example_latest_only_with_trigger.py
[2026-09-22 16:28:57,380] {logging_mixin.py:104} INFO - [2026-09-22 16:28:57,379] {dag.py:1824} INFO - Sync 1 DAGs
[2026-09-22 16:28:57,398] {logging_mixin.py:104} INFO - [2026-09-22 16:28:57,397] {dag.py:2280} INFO - Setting next_dagrun for latest_only_with_trigger to 2026-09-20 00:00:00+00:00
[2026-09-22 16:28:57,414] {scheduler_job.py:190} INFO - Processing /home/airflow/.local/lib/python3.6/site-packages/airflow/example_dags/example_latest_only_with_trigger.py took 0.077 seconds
[2026-09-22 16:29:27,490] {scheduler_job.py:182} INFO - Started process (PID=263) to work on /home/airflow/.local/lib/python3.6/site-packages/airflow/example_dags/example_latest_only_with_trigger.py
[2026-09-22 16:29:27,493] {scheduler_job.py:629} INFO - Processing file /home/airflow/.local/lib/python3.6/site-packages/airflow/example_dags/example_latest_only_with_trigger.py for tasks to queue
[2026-09-22 16:29:27,496] {logging_mixin.py:104} INFO - [2026-09-22 16:29:27,495] {dagbag.py:451} INFO - Filling up the DagBag from /home/airflow/.local/lib/python3.6/site-packages/airflow/example_dags/example_latest_only_with_trigger.py
[2026-09-22 16:29:27,524] {scheduler_job.py:639} INFO - DAG(s) dict_keys(['latest_only_with_trigger']) retrieved from /home/airflow/.local/lib/python3.6/site-packages/airflow/example_dags/example_latest_only_with_trigger.py
[2026-09-22 16:29:27,572] {logging_mixin.py:104} INFO - [2026-09-22 16:29:27,571] {dag.py:1824} INFO - Sync 1 DAGs
[2026-09-22 16:29:27,611] {logging_mixin.py:104} INFO - [2026-09-22 16:29:27,611] {dag.py:2280} INFO - Setting next_dagrun for latest_only_with_trigger to 2026-09-20 00:00:00+00:00
[2026-09-22 16:29:27,633] {scheduler_job.py:190} INFO - Processing /home/airflow/.local/lib/python3.6/site-packages/airflow/example_dags/example_latest_only_with_trigger.py took 0.150 seconds
[2026-09-22 16:29:58,533] {scheduler_job.py:182} INFO - Started process (PID=289) to work on /home/airflow/.local/lib/python3.6/site-packages/airflow/example_dags/example_latest_only_with_trigger.py
[2026-09-22 16:29:58,536] {scheduler_job.py:629} INFO - Processing file /home/airflow/.local/lib/python3.6/site-packages/airflow/example_dags/example_latest_only_with_trigger.py for tasks to queue
[2026-09-22 16:29:58,537] {logging_mixin.py:104} INFO - [2026-09-22 16:29:58,537] {dagbag.py:451} INFO - Filling up the DagBag from /home/airflow/.local/lib/python3.6/site-packages/airflow/example_dags/example_latest_only_with_trigger.py
[2026-09-22 16:29:58,569] {scheduler_job.py:639} INFO - DAG(s) dict_keys(['latest_only_with_trigger']) retrieved from /home/airflow/.local/lib/python3.6/site-packages/airflow/example_dags/example_latest_only_with_trigger.py
[2026-09-22 16:29:58,606] {logging_mixin.py:104} INFO - [2026-09-22 16:29:58,605] {dag.py:1824} INFO - Sync 1 DAGs
[2026-09-22 16:29:58,637] {logging_mixin.py:104} INFO - [2026-09-22 16:29:58,637] {dag.py:2280} INFO - Setting next_dagrun for latest_only_with_trigger to 2026-09-20 00:00:00+00:00
[2026-09-22 16:29:58,658] {scheduler_job.py:190} INFO - Processing /home/airflow/.local/lib/python3.6/site-packages/airflow/example_dags/example_latest_only_with_trigger.py took 0.130 seconds
[2026-09-22 16:30:29,389] {scheduler_job.py:182} INFO - Started process (PID=315) to work on /home/airflow/.local/lib/python3.6/site-packages/airflow/example_dags/example_latest_only_with_trigger.py
[2026-09-22 16:30:29,390] {scheduler_job.py:629} INFO - Processing file /home/airflow/.local/lib/python3.6/site-packages/airflow/example_dags/example_latest_only_with_trigger.py for tasks to queue
[2026-09-22 16:30:29,391] {logging_mixin.py:104} INFO - [2026-09-22 16:30:29,391] {dagbag.py:451} INFO - Filling up the DagBag from /home/airflow/.local/lib/python3.6/site-packages/airflow/example_dags/example_latest_only_with_trigger.py
[2026-09-22 16:30:29,407] {scheduler_job.py:639} INFO - DAG(s) dict_keys(['latest_only_with_trigger']) retrieved from /home/airflow/.local/lib/python3.6/site-packages/airflow/example_dags/example_latest_only_with_trigger.py
[2026-09-22 16:30:29,440] {logging_mixin.py:104} INFO - [2026-09-22 16:30:29,440] {dag.py:1824} INFO - Sync 1 DAGs
[2026-09-22 16:30:29,461] {logging_mixin.py:104} INFO - [2026-09-22 16:30:29,461] {dag.py:2280} INFO - Setting next_dagrun for latest_only_with_trigger to 2026-09-20 00:00:00+00:00
[2026-09-22 16:30:29,482] {scheduler_job.py:190} INFO - Processing /home/airflow/.local/lib/python3.6/site-packages/airflow/example_dags/example_latest_only_with_trigger.py took 0.097 seconds
[2026-09-22 16:31:00,201] {scheduler_job.py:182} INFO - Started process (PID=341) to work on /home/airflow/.local/lib/python3.6/site-packages/airflow/example_dags/example_latest_only_with_trigger.py
[2026-09-22 16:31:00,202] {scheduler_job.py:629} INFO - Processing file /home/airflow/.local/lib/python3.6/site-packages/airflow/example_dags/example_latest_only_with_trigger.py for tasks to queue
[2026-09-22 16:31:00,203] {logging_mixin.py:104} INFO - [2026-09-22 16:31:00,203] {dagbag.py:451} INFO - Filling up the DagBag from /home/airflow/.local/lib/python3.6/site-packages/airflow/example_dags/example_latest_only_with_trigger.py
[2026-09-22 16:31:00,219] {scheduler_job.py:639} INFO - DAG(s) dict_keys(['latest_only_with_trigger']) retrieved from /home/airflow/.local/lib/python3.6/site-packages/airflow/example_dags/example_latest_only_with_trigger.py
[2026-09-22 16:31:00,250] {logging_mixin.py:104} INFO - [2026-09-22 16:31:00,250] {dag.py:1824} INFO - Sync 1 DAGs
[2026-09-22 16:31:00,273] {logging_mixin.py:104} INFO - [2026-09-22 16:31:00,273] {dag.py:2280} INFO - Setting next_dagrun for latest_only_with_trigger to 2026-09-20 00:00:00+00:00
[2026-09-22 16:31:00,292] {scheduler_job.py:190} INFO - Processing /home/airflow/.local/lib/python3.6/site-packages/airflow/example_dags/example_latest_only_with_trigger.py took 0.095 seconds
[2026-09-22 16:31:31,232] {scheduler_job.py:182} INFO - Started process (PID=367) to work on /home/airflow/.local/lib/python3.6/site-packages/airflow/example_dags/example_latest_only_with_trigger.py
[2026-09-22 16:31:31,237] {scheduler_job.py:629} INFO - Processing file /home/airflow/.local/lib/python3.6/site-packages/airflow/example_dags/example_latest_only_with_trigger.py for tasks to queue
[2026-09-22 16:31:31,239] {logging_mixin.py:104} INFO - [2026-09-22 16:31:31,238] {dagbag.py:451} INFO - Filling up the DagBag from /home/airflow/.local/lib/python3.6/site-packages/airflow/example_dags/example_latest_only_with_trigger.py
[2026-09-22 16:31:31,266] {scheduler_job.py:639} INFO - DAG(s) dict_keys(['latest_only_with_trigger']) retrieved from /home/airflow/.local/lib/python3.6/site-packages/airflow/example_dags/example_latest_only_with_trigger.py
[2026-09-22 16:31:31,305] {logging_mixin.py:104} INFO - [2026-09-22 16:31:31,305] {dag.py:1824} INFO - Sync 1 DAGs
[2026-09-22 16:31:31,332] {logging_mixin.py:104} INFO - [2026-09-22 16:31:31,332] {dag.py:2280} INFO - Setting next_dagrun for latest_only_with_trigger to 2026-09-20 00:00:00+00:00
[2026-09-22 16:31:31,349] {scheduler_job.py:190} INFO - Processing /home/airflow/.local/lib/python3.6/site-packages/airflow/example_dags/example_latest_only_with_trigger.py took 0.129 seconds
[2026-09-22 16:32:01,628] {scheduler_job.py:182} INFO - Started process (PID=393) to work on /home/airflow/.local/lib/python3.6/site-packages/airflow/example_dags/example_latest_only_with_trigger.py
[2026-09-22 16:32:01,629] {scheduler_job.py:629} INFO - Processing file /home/airflow/.local/lib/python3.6/site-packages/airflow/example_dags/example_latest_only_with_trigger.py for tasks to queue
[2026-09-22 16:32:01,630] {logging_mixin.py:104} INFO - [2026-09-22 16:32:01,630] {dagbag.py:451} INFO - Filling up the DagBag from /home/airflow/.local/lib/python3.6/site-packages/airflow/example_dags/example_latest_only_with_trigger.py
[2026-09-22 16:32:01,644] {scheduler_job.py:639} INFO - DAG(s) dict_keys(['latest_only_with_trigger']) retrieved from /home/airflow/.local/lib/python3.6/site-packages/airflow/example_dags/example_latest_only_with_trigger.py
[2026-09-22 16:32:01,668] {logging_mixin.py:104} INFO - [2026-09-22 16:32:01,668] {dag.py:1824} INFO - Sync 1 DAGs
[2026-09-22 16:32:01,686] {logging_mixin.py:104} INFO - [2026-09-22 16:32:01,686] {dag.py:2280} INFO - Setting next_dagrun for latest_only_with_trigger to 2026-09-20 00:00:00+00:00
[2026-09-22 16:32:01,703] {scheduler_job.py:190} INFO - Processing /home/airflow/.local/lib/python3.6/site-packages/airflow/example_dags/example_latest_only_with_trigger.py took 0.079 seconds
[2026-09-22 16:32:32,212] {scheduler_job.py:182} INFO - Started process (PID=419) to work on /home/airflow/.local/lib/python3.6/site-packages/airflow/example_dags/example_latest_only_with_trigger.py
[2026-09-22 16:32:32,216] {scheduler_job.py:629} INFO - Processing file /home/airflow/.local/lib/python3.6/site-packages/airflow/example_dags/example_latest_only_with_trigger.py for tasks to queue
[2026-09-22 16:32:32,217] {logging_mixin.py:104} INFO - [2026-09-22 16:32:32,217] {dagbag.py:451} INFO - Filling up the DagBag from /home/airflow/.local/lib/python3.6/site-packages/airflow/example_dags/example_latest_only_with_trigger.py
[2026-09-22 16:32:32,240] {scheduler_job.py:639} INFO - DAG(s) dict_keys(['latest_only_with_trigger']) retrieved from /home/airflow/.local/lib/python3.6/site-packages/airflow/example_dags/example_latest_only_with_trigger.py
[2026-09-22 16:32:32,265] {logging_mixin.py:104} INFO - [2026-09-22 16:32:32,264] {dag.py:1824} INFO - Sync 1 DAGs
[2026-09-22 16:32:32,286] {logging_mixin.py:104} INFO - [2026-09-22 16:32:32,286] {dag.py:2280} INFO - Setting next_dagrun for latest_only_with_trigger to 2026-09-20 00:00:00+00:00
[2026-09-22 16:32:32,303] {scheduler_job.py:190} INFO - Processing /home/airflow/.local/lib/python3.6/site-packages/airflow/example_dags/example_latest_only_with_trigger.py took 0.098 seconds
[2026-09-22 16:33:03,128] {scheduler_job.py:182} INFO - Started process (PID=445) to work on /home/airflow/.local/lib/python3.6/site-packages/airflow/example_dags/example_latest_only_with_trigger.py
[2026-09-22 16:33:03,130] {scheduler_job.py:629} INFO - Processing file /home/airflow/.local/lib/python3.6/site-packages/airflow/example_dags/example_latest_only_with_trigger.py for tasks to queue
[2026-09-22 16:33:03,131] {logging_mixin.py:104} INFO - [2026-09-22 16:33:03,131] {dagbag.py:451} INFO - Filling up the DagBag from /home/airflow/.local/lib/python3.6/site-packages/airflow/example_dags/example_latest_only_with_trigger.py
[2026-09-22 16:33:03,149] {scheduler_job.py:639} INFO - DAG(s) dict_keys(['latest_only_with_trigger']) retrieved from /home/airflow/.local/lib/python3.6/site-packages/airflow/example_dags/example_latest_only_with_trigger.py
[2026-09-22 16:33:03,180] {logging_mixin.py:104} INFO - [2026-09-22 16:33:03,180] {dag.py:1824} INFO - Sync 1 DAGs
[2026-09-22 16:33:03,203] {logging_mixin.py:104} INFO - [2026-09-22 16:33:03,203] {dag.py:2280} INFO - Setting next_dagrun for latest_only_with_trigger to 2026-09-20 00:00:00+00:00
[2026-09-22 16:33:03,219] {scheduler_job.py:190} INFO - Processing /home/airflow/.local/lib/python3.6/site-packages/airflow/example_dags/example_latest_only_with_trigger.py took 0.095 seconds
[2026-09-22 16:33:33,980] {scheduler_job.py:182} INFO - Started process (PID=471) to work on /home/airflow/.local/lib/python3.6/site-packages/airflow/example_dags/example_latest_only_with_trigger.py
[2026-09-22 16:33:33,981] {scheduler_job.py:629} INFO - Processing file /home/airflow/.local/lib/python3.6/site-packages/airflow/example_dags/example_latest_only_with_trigger.py for tasks to queue
[2026-09-22 16:33:33,982] {logging_mixin.py:104} INFO - [2026-09-22 16:33:33,982] {dagbag.py:451} INFO - Filling up the DagBag from /home/airflow/.local/lib/python3.6/site-packages/airflow/example_dags/example_latest_only_with_trigger.py
[2026-09-22 16:33:33,996] {scheduler_job.py:639} INFO - DAG(s) dict_keys(['latest_only_with_trigger']) retrieved from /home/airflow/.local/lib/python3.6/site-packages/airflow/example_dags/example_latest_only_with_trigger.py
[2026-09-22 16:33:34,029] {logging_mixin.py:104} INFO - [2026-09-22 16:33:34,029] {dag.py:1824} INFO - Sync 1 DAGs
[2026-09-22 16:33:34,058] {logging_mixin.py:104} INFO - [2026-09-22 16:33:34,058] {dag.py:2280} INFO - Setting next_dagrun for latest_only_with_trigger to 2026-09-20 00:00:00+00:00
[2026-09-22 16:33:34,076] {scheduler_job.py:190} INFO - Processing /home/airflow/.local/lib/python3.6/site-packages/airflow/example_dags/example_latest_only_with_trigger.py took 0.100 seconds
[2026-09-22 16:34:04,875] {scheduler_job.py:182} INFO - Started process (PID=497) to work on /home/airflow/.local/lib/python3.6/site-packages/airflow/example_dags/example_latest_only_with_trigger.py
[2026-09-22 16:34:04,876] {scheduler_job.py:629} INFO - Processing file /home/airflow/.local/lib/python3.6/site-packages/airflow/example_dags/example_latest_only_with_trigger.py for tasks to queue
[2026-09-22 16:34:04,877] {logging_mixin.py:104} INFO - [2026-09-22 16:34:04,876] {dagbag.py:451} INFO - Filling up the DagBag from /home/airflow/.local/lib/python3.6/site-packages/airflow/example_dags/example_latest_only_with_trigger.py
[2026-09-22 16:34:04,896] {scheduler_job.py:639} INFO - DAG(s) dict_keys(['latest_only_with_trigger']) retrieved from /home/airflow/.local/lib/python3.6/site-packages/airflow/example_dags/example_latest_only_with_trigger.py
[2026-09-22 16:34:04,926] {logging_mixin.py:104} INFO - [2026-09-22 16:34:04,926] {dag.py:1824} INFO - Sync 1 DAGs
[2026-09-22 16:34:04,946] {logging_mixin.py:104} INFO - [2026-09-22 16:34:04,945] {dag.py:2280} INFO - Setting next_dagrun for latest_only_with_trigger to 2026-09-20 00:00:00+00:00
[2026-09-22 16:34:04,958] {scheduler_job.py:190} INFO - Processing /home/airflow/.local/lib/python3.6/site-packages/airflow/example_dags/example_latest_only_with_trigger.py took 0.087 seconds
[2026-09-22 16:34:35,464] {scheduler_job.py:182} INFO - Started process (PID=523) to work on /home/airflow/.local/lib/python3.6/site-packages/airflow/example_dags/example_latest_only_with_trigger.py
[2026-09-22 16:34:35,465] {scheduler_job.py:629} INFO - Processing file /home/airflow/.local/lib/python3.6/site-packages/airflow/example_dags/example_latest_only_with_trigger.py for tasks to queue
[2026-09-22 16:34:35,466] {logging_mixin.py:104} INFO - [2026-09-22 16:34:35,466] {dagbag.py:451} INFO - Filling up the DagBag from /home/airflow/.local/lib/python3.6/site-packages/airflow/example_dags/example_latest_only_with_trigger.py
[2026-09-22 16:34:35,479] {scheduler_job.py:639} INFO - DAG(s) dict_keys(['latest_only_with_trigger']) retrieved from /home/airflow/.local/lib/python3.6/site-packages/airflow/example_dags/example_latest_only_with_trigger.py
[2026-09-22 16:34:35,502] {logging_mixin.py:104} INFO - [2026-09-22 16:34:35,502] {dag.py:1824} INFO - Sync 1 DAGs
[2026-09-22 16:34:35,521] {logging_mixin.py:104} INFO - [2026-09-22 16:34:35,521] {dag.py:2280} INFO - Setting next_dagrun for latest_only_with_trigger to 2026-09-20 00:00:00+00:00
[2026-09-22 16:34:35,539] {scheduler_job.py:190} INFO - Processing /home/airflow/.local/lib/python3.6/site-packages/airflow/example_dags/example_latest_only_with_trigger.py took 0.078 seconds
[2026-09-22 16:35:06,100] {scheduler_job.py:182} INFO - Started process (PID=549) to work on /home/airflow/.local/lib/python3.6/site-packages/airflow/example_dags/example_latest_only_with_trigger.py
[2026-09-22 16:35:06,101] {scheduler_job.py:629} INFO - Processing file /home/airflow/.local/lib/python3.6/site-packages/airflow/example_dags/example_latest_only_with_trigger.py for tasks to queue
[2026-09-22 16:35:06,102] {logging_mixin.py:104} INFO - [2026-09-22 16:35:06,102] {dagbag.py:451} INFO - Filling up the DagBag from /home/airflow/.local/lib/python3.6/site-packages/airflow/example_dags/example_latest_only_with_trigger.py
[2026-09-22 16:35:06,122] {scheduler_job.py:639} INFO - DAG(s) dict_keys(['latest_only_with_trigger']) retrieved from /home/airflow/.local/lib/python3.6/site-packages/airflow/example_dags/example_latest_only_with_trigger.py
[2026-09-22 16:35:06,147] {logging_mixin.py:104} INFO - [2026-09-22 16:35:06,147] {dag.py:1824} INFO - Sync 1 DAGs
[2026-09-22 16:35:06,169] {logging_mixin.py:104} INFO - [2026-09-22 16:35:06,169] {dag.py:2280} INFO - Setting next_dagrun for latest_only_with_trigger to 2026-09-20 00:00:00+00:00
[2026-09-22 16:35:06,187] {scheduler_job.py:190} INFO - Processing /home/airflow/.local/lib/python3.6/site-packages/airflow/example_dags/example_latest_only_with_trigger.py took 0.092 seconds
[2026-09-22 16:35:36,825] {scheduler_job.py:182} INFO - Started process (PID=575) to work on /home/airflow/.local/lib/python3.6/site-packages/airflow/example_dags/example_latest_only_with_trigger.py
[2026-09-22 16:35:36,826] {scheduler_job.py:629} INFO - Processing file /home/airflow/.local/lib/python3.6/site-packages/airflow/example_dags/example_latest_only_with_trigger.py for tasks to queue
[2026-09-22 16:35:36,827] {logging_mixin.py:104} INFO - [2026-09-22 16:35:36,827] {dagbag.py:451} INFO - Filling up the DagBag from /home/airflow/.local/lib/python3.6/site-packages/airflow/example_dags/example_latest_only_with_trigger.py
[2026-09-22 16:35:36,845] {scheduler_job.py:639} INFO - DAG(s) dict_keys(['latest_only_with_trigger']) retrieved from /home/airflow/.local/lib/python3.6/site-packages/airflow/example_dags/example_latest_only_with_trigger.py
[2026-09-22 16:35:36,882] {logging_mixin.py:104} INFO - [2026-09-22 16:35:36,882] {dag.py:1824} INFO - Sync 1 DAGs
[2026-09-22 16:35:36,916] {logging_mixin.py:104} INFO - [2026-09-22 16:35:36,916] {dag.py:2280} INFO - Setting next_dagrun for latest_only_with_trigger to 2026-09-20 00:00:00+00:00
[2026-09-22 16:35:36,934] {scheduler_job.py:190} INFO - Processing /home/airflow/.local/lib/python3.6/site-packages/airflow/example_dags/example_latest_only_with_trigger.py took 0.115 seconds
[2026-09-22 16:36:07,496] {scheduler_job.py:182} INFO - Started process (PID=601) to work on /home/airflow/.local/lib/python3.6/site-packages/airflow/example_dags/example_latest_only_with_trigger.py
[2026-09-22 16:36:07,497] {scheduler_job.py:629} INFO - Processing file /home/airflow/.local/lib/python3.6/site-packages/airflow/example_dags/example_latest_only_with_trigger.py for tasks to queue
[2026-09-22 16:36:07,498] {logging_mixin.py:104} INFO - [2026-09-22 16:36:07,498] {dagbag.py:451} INFO - Filling up the DagBag from /home/airflow/.local/lib/python3.6/site-packages/airflow/example_dags/example_latest_only_with_trigger.py
[2026-09-22 16:36:07,512] {scheduler_job.py:639} INFO - DAG(s) dict_keys(['latest_only_with_trigger']) retrieved from /home/airflow/.local/lib/python3.6/site-packages/airflow/example_dags/example_latest_only_with_trigger.py
[2026-09-22 16:36:07,543] {logging_mixin.py:104} INFO - [2026-09-22 16:36:07,543] {dag.py:1824} INFO - Sync 1 DAGs
[2026-09-22 16:36:07,576] {logging_mixin.py:104} INFO - [2026-09-22 16:36:07,575] {dag.py:2280} INFO - Setting next_dagrun for latest_only_with_trigger to 2026-09-20 00:00:00+00:00
[2026-09-22 16:36:07,607] {scheduler_job.py:190} INFO - Processing /home/airflow/.local/lib/python3.6/site-packages/airflow/example_dags/example_latest_only_with_trigger.py took 0.114 seconds
[2026-09-22 16:36:38,524] {scheduler_job.py:182} INFO - Started process (PID=627) to work on /home/airflow/.local/lib/python3.6/site-packages/airflow/example_dags/example_latest_only_with_trigger.py
[2026-09-22 16:36:38,525] {scheduler_job.py:629} INFO - Processing file /home/airflow/.local/lib/python3.6/site-packages/airflow/example_dags/example_latest_only_with_trigger.py for tasks to queue
[2026-09-22 16:36:38,526] {logging_mixin.py:104} INFO - [2026-09-22 16:36:38,526] {dagbag.py:451} INFO - Filling up the DagBag from /home/airflow/.local/lib/python3.6/site-packages/airflow/example_dags/example_latest_only_with_trigger.py
[2026-09-22 16:36:38,541] {scheduler_job.py:639} INFO - DAG(s) dict_keys(['latest_only_with_trigger']) retrieved from /home/airflow/.local/lib/python3.6/site-packages/airflow/example_dags/example_latest_only_with_trigger.py
[2026-09-22 16:36:38,571] {logging_mixin.py:104} INFO - [2026-09-22 16:36:38,571] {dag.py:1824} INFO - Sync 1 DAGs
[2026-09-22 16:36:38,598] {logging_mixin.py:104} INFO - [2026-09-22 16:36:38,598] {dag.py:2280} INFO - Setting next_dagrun for latest_only_with_trigger to 2026-09-20 00:00:00+00:00
[2026-09-22 16:36:38,620] {scheduler_job.py:190} INFO - Processing /home/airflow/.local/lib/python3.6/site-packages/airflow/example_dags/example_latest_only_with_trigger.py took 0.100 seconds
[2026-09-22 16:37:09,117] {scheduler_job.py:182} INFO - Started process (PID=653) to work on /home/airflow/.local/lib/python3.6/site-packages/airflow/example_dags/example_latest_only_with_trigger.py
[2026-09-22 16:37:09,118] {scheduler_job.py:629} INFO - Processing file /home/airflow/.local/lib/python3.6/site-packages/airflow/example_dags/example_latest_only_with_trigger.py for tasks to queue
[2026-09-22 16:37:09,119] {logging_mixin.py:104} INFO - [2026-09-22 16:37:09,119] {dagbag.py:451} INFO - Filling up the DagBag from /home/airflow/.local/lib/python3.6/site-packages/airflow/example_dags/example_latest_only_with_trigger.py
[2026-09-22 16:37:09,132] {scheduler_job.py:639} INFO - DAG(s) dict_keys(['latest_only_with_trigger']) retrieved from /home/airflow/.local/lib/python3.6/site-packages/airflow/example_dags/example_latest_only_with_trigger.py
[2026-09-22 16:37:09,157] {logging_mixin.py:104} INFO - [2026-09-22 16:37:09,157] {dag.py:1824} INFO - Sync 1 DAGs
[2026-09-22 16:37:09,177] {logging_mixin.py:104} INFO - [2026-09-22 16:37:09,177] {dag.py:2280} INFO - Setting next_dagrun for latest_only_with_trigger to 2026-09-20 00:00:00+00:00
[2026-09-22 16:37:09,194] {scheduler_job.py:190} INFO - Processing /home/airflow/.local/lib/python3.6/site-packages/airflow/example_dags/example_latest_only_with_trigger.py took 0.081 seconds
[2026-09-22 16:37:39,842] {scheduler_job.py:182} INFO - Started process (PID=679) to work on /home/airflow/.local/lib/python3.6/site-packages/airflow/example_dags/example_latest_only_with_trigger.py
[2026-09-22 16:37:39,845] {scheduler_job.py:629} INFO - Processing file /home/airflow/.local/lib/python3.6/site-packages/airflow/example_dags/example_latest_only_with_trigger.py for tasks to queue
[2026-09-22 16:37:39,846] {logging_mixin.py:104} INFO - [2026-09-22 16:37:39,845] {dagbag.py:451} INFO - Filling up the DagBag from /home/airflow/.local/lib/python3.6/site-packages/airflow/example_dags/example_latest_only_with_trigger.py
[2026-09-22 16:37:39,863] {scheduler_job.py:639} INFO - DAG(s) dict_keys(['latest_only_with_trigger']) retrieved from /home/airflow/.local/lib/python3.6/site-packages/airflow/example_dags/example_latest_only_with_trigger.py
[2026-09-22 16:37:39,890] {logging_mixin.py:104} INFO - [2026-09-22 16:37:39,890] {dag.py:1824} INFO - Sync 1 DAGs
[2026-09-22 16:37:39,911] {logging_mixin.py:104} INFO - [2026-09-22 16:37:39,911] {dag.py:2280} INFO - Setting next_dagrun for latest_only_with_trigger to 2026-09-20 00:00:00+00:00
[2026-09-22 16:37:39,932] {scheduler_job.py:190} INFO - Processing /home/airflow/.local/lib/python3.6/site-packages/airflow/example_dags/example_latest_only_with_trigger.py took 0.094 seconds
[2026-09-22 16:38:10,449] {scheduler_job.py:182} INFO - Started process (PID=705) to work on /home/airflow/.local/lib/python3.6/site-packages/airflow/example_dags/example_latest_only_with_trigger.py
[2026-09-22 16:38:10,450] {scheduler_job.py:629} INFO - Processing file /home/airflow/.local/lib/python3.6/site-packages/airflow/example_dags/example_latest_only_with_trigger.py for tasks to queue
[2026-09-22 16:38:10,451] {logging_mixin.py:104} INFO - [2026-09-22 16:38:10,451] {dagbag.py:451} INFO - Filling up the DagBag from /home/airflow/.local/lib/python3.6/site-packages/airflow/example_dags/example_latest_only_with_trigger.py
[2026-09-22 16:38:10,465] {scheduler_job.py:639} INFO - DAG(s) dict_keys(['latest_only_with_trigger']) retrieved from /home/airflow/.local/lib/python3.6/site-packages/airflow/example_dags/example_latest_only_with_trigger.py
[2026-09-22 16:38:10,500] {logging_mixin.py:104} INFO - [2026-09-22 16:38:10,500] {dag.py:1824} INFO - Sync 1 DAGs
[2026-09-22 16:38:10,522] {logging_mixin.py:104} INFO - [2026-09-22 16:38:10,522] {dag.py:2280} INFO - Setting next_dagrun for latest_only_with_trigger to 2026-09-20 00:00:00+00:00
[2026-09-22 16:38:10,536] {scheduler_job.py:190} INFO - Processing /home/airflow/.local/lib/python3.6/site-packages/airflow/example_dags/example_latest_only_with_trigger.py took 0.091 seconds
[2026-09-22 16:38:41,229] {scheduler_job.py:182} INFO - Started process (PID=731) to work on /home/airflow/.local/lib/python3.6/site-packages/airflow/example_dags/example_latest_only_with_trigger.py
[2026-09-22 16:38:41,231] {scheduler_job.py:629} INFO - Processing file /home/airflow/.local/lib/python3.6/site-packages/airflow/example_dags/example_latest_only_with_trigger.py for tasks to queue
[2026-09-22 16:38:41,232] {logging_mixin.py:104} INFO - [2026-09-22 16:38:41,232] {dagbag.py:451} INFO - Filling up the DagBag from /home/airflow/.local/lib/python3.6/site-packages/airflow/example_dags/example_latest_only_with_trigger.py
[2026-09-22 16:38:41,255] {scheduler_job.py:639} INFO - DAG(s) dict_keys(['latest_only_with_trigger']) retrieved from /home/airflow/.local/lib/python3.6/site-packages/airflow/example_dags/example_latest_only_with_trigger.py
[2026-09-22 16:38:41,290] {logging_mixin.py:104} INFO - [2026-09-22 16:38:41,290] {dag.py:1824} INFO - Sync 1 DAGs
[2026-09-22 16:38:41,317] {logging_mixin.py:104} INFO - [2026-09-22 16:38:41,317] {dag.py:2280} INFO - Setting next_dagrun for latest_only_with_trigger to 2026-09-20 00:00:00+00:00
[2026-09-22 16:38:41,337] {scheduler_job.py:190} INFO - Processing /home/airflow/.local/lib/python3.6/site-packages/airflow/example_dags/example_latest_only_with_trigger.py took 0.114 seconds
[2026-09-22 16:39:12,022] {scheduler_job.py:182} INFO - Started process (PID=757) to work on /home/airflow/.local/lib/python3.6/site-packages/airflow/example_dags/example_latest_only_with_trigger.py
[2026-09-22 16:39:12,023] {scheduler_job.py:629} INFO - Processing file /home/airflow/.local/lib/python3.6/site-packages/airflow/example_dags/example_latest_only_with_trigger.py for tasks to queue
[2026-09-22 16:39:12,024] {logging_mixin.py:104} INFO - [2026-09-22 16:39:12,024] {dagbag.py:451} INFO - Filling up the DagBag from /home/airflow/.local/lib/python3.6/site-packages/airflow/example_dags/example_latest_only_with_trigger.py
[2026-09-22 16:39:12,038] {scheduler_job.py:639} INFO - DAG(s) dict_keys(['latest_only_with_trigger']) retrieved from /home/airflow/.local/lib/python3.6/site-packages/airflow/example_dags/example_latest_only_with_trigger.py
[2026-09-22 16:39:12,064] {logging_mixin.py:104} INFO - [2026-09-22 16:39:12,064] {dag.py:1824} INFO - Sync 1 DAGs
[2026-09-22 16:39:12,082] {logging_mixin.py:104} INFO - [2026-09-22 16:39:12,082] {dag.py:2280} INFO - Setting next_dagrun for latest_only_with_trigger to 2026-09-20 00:00:00+00:00
[2026-09-22 16:39:12,098] {scheduler_job.py:190} INFO - Processing /home/airflow/.local/lib/python3.6/site-packages/airflow/example_dags/example_latest_only_with_trigger.py took 0.080 seconds
[2026-09-22 16:39:42,818] {scheduler_job.py:182} INFO - Started process (PID=783) to work on /home/airflow/.local/lib/python3.6/site-packages/airflow/example_dags/example_latest_only_with_trigger.py
[2026-09-22 16:39:42,820] {scheduler_job.py:629} INFO - Processing file /home/airflow/.local/lib/python3.6/site-packages/airflow/example_dags/example_latest_only_with_trigger.py for tasks to queue
[2026-09-22 16:39:42,821] {logging_mixin.py:104} INFO - [2026-09-22 16:39:42,821] {dagbag.py:451} INFO - Filling up the DagBag from /home/airflow/.local/lib/python3.6/site-packages/airflow/example_dags/example_latest_only_with_trigger.py
[2026-09-22 16:39:42,844] {scheduler_job.py:639} INFO - DAG(s) dict_keys(['latest_only_with_trigger']) retrieved from /home/airflow/.local/lib/python3.6/site-packages/airflow/example_dags/example_latest_only_with_trigger.py
[2026-09-22 16:39:42,884] {logging_mixin.py:104} INFO - [2026-09-22 16:39:42,884] {dag.py:1824} INFO - Sync 1 DAGs
[2026-09-22 16:39:42,909] {logging_mixin.py:104} INFO - [2026-09-22 16:39:42,909] {dag.py:2280} INFO - Setting next_dagrun for latest_only_with_trigger to 2026-09-20 00:00:00+00:00
[2026-09-22 16:39:42,929] {scheduler_job.py:190} INFO - Processing /home/airflow/.local/lib/python3.6/site-packages/airflow/example_dags/example_latest_only_with_trigger.py took 0.116 seconds
[2026-09-22 16:40:13,478] {scheduler_job.py:182} INFO - Started process (PID=809) to work on /home/airflow/.local/lib/python3.6/site-packages/airflow/example_dags/example_latest_only_with_trigger.py
[2026-09-22 16:40:13,479] {scheduler_job.py:629} INFO - Processing file /home/airflow/.local/lib/python3.6/site-packages/airflow/example_dags/example_latest_only_with_trigger.py for tasks to queue
[2026-09-22 16:40:13,480] {logging_mixin.py:104} INFO - [2026-09-22 16:40:13,480] {dagbag.py:451} INFO - Filling up the DagBag from /home/airflow/.local/lib/python3.6/site-packages/airflow/example_dags/example_latest_only_with_trigger.py
[2026-09-22 16:40:13,497] {scheduler_job.py:639} INFO - DAG(s) dict_keys(['latest_only_with_trigger']) retrieved from /home/airflow/.local/lib/python3.6/site-packages/airflow/example_dags/example_latest_only_with_trigger.py
[2026-09-22 16:40:13,531] {logging_mixin.py:104} INFO - [2026-09-22 16:40:13,531] {dag.py:1824} INFO - Sync 1 DAGs
[2026-09-22 16:40:13,558] {logging_mixin.py:104} INFO - [2026-09-22 16:40:13,558] {dag.py:2280} INFO - Setting next_dagrun for latest_only_with_trigger to 2026-09-20 00:00:00+00:00
[2026-09-22 16:40:13,574] {scheduler_job.py:190} INFO - Processing /home/airflow/.local/lib/python3.6/site-packages/airflow/example_dags/example_latest_only_with_trigger.py took 0.100 seconds
[2026-09-22 16:40:44,376] {scheduler_job.py:182} INFO - Started process (PID=835) to work on /home/airflow/.local/lib/python3.6/site-packages/airflow/example_dags/example_latest_only_with_trigger.py
[2026-09-22 16:40:44,377] {scheduler_job.py:629} INFO - Processing file /home/airflow/.local/lib/python3.6/site-packages/airflow/example_dags/example_latest_only_with_trigger.py for tasks to queue
[2026-09-22 16:40:44,377] {logging_mixin.py:104} INFO - [2026-09-22 16:40:44,377] {dagbag.py:451} INFO - Filling up the DagBag from /home/airflow/.local/lib/python3.6/site-packages/airflow/example_dags/example_latest_only_with_trigger.py
[2026-09-22 16:40:44,393] {scheduler_job.py:639} INFO - DAG(s) dict_keys(['latest_only_with_trigger']) retrieved from /home/airflow/.local/lib/python3.6/site-packages/airflow/example_dags/example_latest_only_with_trigger.py
[2026-09-22 16:40:44,421] {logging_mixin.py:104} INFO - [2026-09-22 16:40:44,421] {dag.py:1824} INFO - Sync 1 DAGs
[2026-09-22 16:40:44,446] {logging_mixin.py:104} INFO - [2026-09-22 16:40:44,446] {dag.py:2280} INFO - Setting next_dagrun for latest_only_with_trigger to 2026-09-20 00:00:00+00:00
[2026-09-22 16:40:44,464] {scheduler_job.py:190} INFO - Processing /home/airflow/.local/lib/python3.6/site-packages/airflow/example_dags/example_latest_only_with_trigger.py took 0.092 seconds
[2026-09-22 16:41:15,387] {scheduler_job.py:182} INFO - Started process (PID=861) to work on /home/airflow/.local/lib/python3.6/site-packages/airflow/example_dags/example_latest_only_with_trigger.py
[2026-09-22 16:41:15,389] {scheduler_job.py:629} INFO - Processing file /home/airflow/.local/lib/python3.6/site-packages/airflow/example_dags/example_latest_only_with_trigger.py for tasks to queue
[2026-09-22 16:41:15,390] {logging_mixin.py:104} INFO - [2026-09-22 16:41:15,390] {dagbag.py:451} INFO - Filling up the DagBag from /home/airflow/.local/lib/python3.6/site-packages/airflow/example_dags/example_latest_only_with_trigger.py
[2026-09-22 16:41:15,417] {scheduler_job.py:639} INFO - DAG(s) dict_keys(['latest_only_with_trigger']) retrieved from /home/airflow/.local/lib/python3.6/site-packages/airflow/example_dags/example_latest_only_with_trigger.py
[2026-09-22 16:41:15,458] {logging_mixin.py:104} INFO - [2026-09-22 16:41:15,457] {dag.py:1824} INFO - Sync 1 DAGs
[2026-09-22 16:41:15,509] {logging_mixin.py:104} INFO - [2026-09-22 16:41:15,509] {dag.py:2280} INFO - Setting next_dagrun for latest_only_with_trigger to 2026-09-20 00:00:00+00:00
[2026-09-22 16:41:15,535] {scheduler_job.py:190} INFO - Processing /home/airflow/.local/lib/python3.6/site-packages/airflow/example_dags/example_latest_only_with_trigger.py took 0.154 seconds
[2026-09-22 16:41:45,946] {scheduler_job.py:182} INFO - Started process (PID=886) to work on /home/airflow/.local/lib/python3.6/site-packages/airflow/example_dags/example_latest_only_with_trigger.py
[2026-09-22 16:41:45,953] {scheduler_job.py:629} INFO - Processing file /home/airflow/.local/lib/python3.6/site-packages/airflow/example_dags/example_latest_only_with_trigger.py for tasks to queue
[2026-09-22 16:41:45,957] {logging_mixin.py:104} INFO - [2026-09-22 16:41:45,957] {dagbag.py:451} INFO - Filling up the DagBag from /home/airflow/.local/lib/python3.6/site-packages/airflow/example_dags/example_latest_only_with_trigger.py
[2026-09-22 16:41:46,007] {scheduler_job.py:639} INFO - DAG(s) dict_keys(['latest_only_with_trigger']) retrieved from /home/airflow/.local/lib/python3.6/site-packages/airflow/example_dags/example_latest_only_with_trigger.py
[2026-09-22 16:41:46,062] {logging_mixin.py:104} INFO - [2026-09-22 16:41:46,062] {dag.py:1824} INFO - Sync 1 DAGs
[2026-09-22 16:41:46,104] {logging_mixin.py:104} INFO - [2026-09-22 16:41:46,103] {dag.py:2280} INFO - Setting next_dagrun for latest_only_with_trigger to 2026-09-20 00:00:00+00:00
[2026-09-22 16:41:46,127] {scheduler_job.py:190} INFO - Processing /home/airflow/.local/lib/python3.6/site-packages/airflow/example_dags/example_latest_only_with_trigger.py took 0.198 seconds
