[2026-09-22 16:25:18,732] {scheduler_job.py:182} INFO - Started process (PID=31) to work on /home/airflow/.local/lib/python3.6/site-packages/airflow/example_dags/example_nested_branch_dag.py
[2026-09-22 16:25:18,733] {scheduler_job.py:629} INFO - Processing file /home/airflow/.local/lib/python3.6/site-packages/airflow/example_dags/example_nested_branch_dag.py for tasks to queue
[2026-09-22 16:25:18,735] {logging_mixin.py:104} INFO - [2026-09-22 16:25:18,734] {dagbag.py:451} INFO - Filling up the DagBag from /home/airflow/.local/lib/python3.6/site-packages/airflow/example_dags/example_nested_branch_dag.py
[2026-09-22 16:25:18,797] {scheduler_job.py:639} INFO - DAG(s) dict_keys(['example_nested_branch_dag']) retrieved from /home/airflow/.local/lib/python3.6/site-packages/airflow/example_dags/example_nested_branch_dag.py
[2026-09-22 16:25:18,859] {logging_mixin.py:104} INFO - [2026-09-22 16:25:18,858] {dag.py:1824} INFO - Sync 1 DAGs
[2026-09-22 16:25:18,918] {logging_mixin.py:104} INFO - [2026-09-22 16:25:18,918] {dag.py:2280} INFO - Setting next_dagrun for example_nested_branch_dag to 2026-09-20 00:00:00+00:00
[2026-09-22 16:25:18,953] {scheduler_job.py:190} INFO - Processing /home/airflow/.local/lib/python3.6/site-packages/airflow/example_dags/example_nested_branch_dag.py took 0.227 seconds
[2026-09-22 16:25:49,180] {scheduler_job.py:182} INFO - Started process (PID=57) to work on /home/airflow/.local/lib/python3.6/site-packages/airflow/example_dags/example_nested_branch_dag.py
[2026-09-22 16:25:49,181] {scheduler_job.py:629} INFO - Processing file /home/airflow/.local/lib/python3.6/site-packages/airflow/example_dags/example_nested_branch_dag.py for tasks to queue
[2026-09-22 16:25:49,183] {logging_mixin.py:104} INFO - [2026-09-22 16:25:49,182] {dagbag.py:451} INFO - Filling up the DagBag from /home/airflow/.local/lib/python3.6/site-packages/airflow/example_dags/example_nested_branch_dag.py
[2026-09-22 16:25:49,211] {scheduler_job.py:639} INFO - DAG(s) dict_keys(['example_nested_branch_dag']) retrieved from /home/airflow/.local/lib/python3.6/site-packages/airflow/example_dags/example_nested_branch_dag.py
[2026-09-22 16:25:49,240] {logging_mixin.py:104} INFO - [2026-09-22 16:25:49,240] {dag.py:1824} INFO - Sync 1 DAGs
[2026-09-22 16:25:49,269] {logging_mixin.py:104} INFO - [2026-09-22 16:25:49,269] {dag.py:2280} INFO - Setting next_dagrun for example_nested_branch_dag to 2026-09-20 00:00:00+00:00
[2026-09-22 16:25:49,283] {scheduler_job.py:190} INFO - Processing /home/airflow/.local/lib/python3.6/site-packages/airflow/example_dags/example_nested_branch_dag.py took 0.108 seconds
[2026-09-22 16:26:20,095] {scheduler_job.py:182} INFO - Started process (PID=83) to work on /home/airflow/.local/lib/python3.6/site-packages/airflow/example_dags/example_nested_branch_dag.py
[2026-09-22 16:26:20,096] {scheduler_job.py:629} INFO - Processing file /home/airflow/.local/lib/python3.6/site-packages/airflow/example_dags/example_nested_branch_dag.py for tasks to queue
[2026-09-22 16:26:20,097] {logging_mixin.py:104} INFO - [2026-09-22 16:26:20,097] {dagbag.py:451} INFO - Filling up the DagBag from /home/airflow/.local/lib/python3.6/site-packages/airflow/example_dags/example_nested_branch_dag.py
[2026-09-22 16:26:20,120] {scheduler_job.py:639} INFO - DAG(s) dict_keys(['example_nested_branch_dag']) retrieved from /home/airflow/.local/lib/python3.6/site-packages/airflow/example_dags/example_nested_branch_dag.py
[2026-09-22 16:26:20,148] {logging_mixin.py:104} INFO - [2026-09-22 16:26:20,148] {dag.py:1824} INFO - Sync 1 DAGs
[2026-09-22 16:26:20,184] {logging_mixin.py:104} INFO - [2026-09-22 16:26:20,183] {dag.py:2280} INFO - Setting next_dagrun for example_nested_branch_dag to 2026-09-20 00:00:00+00:00
[2026-09-22 16:26:20,200] {scheduler_job.py:190} INFO - Processing /home/airflow/.local/lib/python3.6/site-packages/airflow/example_dags/example_nested_branch_dag.py took 0.110 seconds
[2026-09-22 16:26:50,733] {scheduler_job.py:182} INFO - Started process (PID=109) to work on /home/airflow/.local/lib/python3.6/site-packages/airflow/example_dags/example_nested_branch_dag.py
[2026-09-22 16:26:50,734] {scheduler_job.py:629} INFO - Processing file /home/airflow/.local/lib/python3.6/site-packages/airflow/example_dags/example_nested_branch_dag.py for tasks to queue
[2026-09-22 16:26:50,735] {logging_mixin.py:104} INFO - [2026-09-22 16:26:50,735] {dagbag.py:451} INFO - Filling up the DagBag from /home/airflow/.local/lib/python3.6/site-packages/airflow/example_dags/example_nested_branch_dag.py
[2026-09-22 16:26:50,762] {scheduler_job.py:639} INFO - DAG(s) dict_keys(['example_nested_branch_dag']) retrieved from /home/airflow/.local/lib/python3.6/site-packages/airflow/example_dags/example_nested_branch_dag.py
[2026-09-22 16:26:50,800] {logging_mixin.py:104} INFO - [2026-09-22 16:26:50,800] {dag.py:1824} INFO - Sync 1 DAGs
[2026-09-22 16:26:50,835] {logging_mixin.py:104} INFO - [2026-09-22 16:26:50,835] {dag.py:2280} INFO - Setting next_dagrun for example_nested_branch_dag to 2026-09-20 00:00:00+00:00
[2026-09-22 16:26:50,853] {scheduler_job.py:190} INFO - Processing /home/airflow/.local/lib/python3.6/site-packages/airflow/example_dags/example_nested_branch_dag.py took 0.125 seconds
[2026-09-22 16:27:21,677] {scheduler_job.py:182} INFO - Started process (PID=135) to work on /home/airflow/.local/lib/python3.6/site-packages/airflow/example_dags/example_nested_branch_dag.py
[2026-09-22 16:27:21,679] {scheduler_job.py:629} INFO - Processing file /home/airflow/.local/lib/python3.6/site-packages/airflow/example_dags/example_nested_branch_dag.py for tasks to queue
[2026-09-22 16:27:21,680] {logging_mixin.py:104} INFO - [2026-09-22 16:27:21,680] {dagbag.py:451} INFO - Filling up the DagBag from /home/airflow/.local/lib/python3.6/site-packages/airflow/example_dags/example_nested_branch_dag.py
[2026-09-22 16:27:21,701] {scheduler_job.py:639} INFO - DAG(s) dict_keys(['example_nested_branch_dag']) retrieved from /home/airflow/.local/lib/python3.6/site-packages/airflow/example_dags/example_nested_branch_dag.py
[2026-09-22 16:27:21,733] {logging_mixin.py:104} INFO - [2026-09-22 16:27:21,732] {dag.py:1824} INFO - Sync 1 DAGs
[2026-09-22 16:27:21,771] {logging_mixin.py:104} INFO - [2026-09-22 16:27:21,771] {dag.py:2280} INFO - Setting next_dagrun for example_nested_branch_dag to 2026-09-20 00:00:00+00:00
[2026-09-22 16:27:21,786] {scheduler_job.py:190} INFO - Processing /home/airflow/.local/lib/python3.6/site-packages/airflow/example_dags/example_nested_branch_dag.py took 0.112 seconds
[2026-09-22 16:27:52,462] {scheduler_job.py:182} INFO - Started process (PID=161) to work on /home/airflow/.local/lib/python3.6/site-packages/airflow/example_dags/example_nested_branch_dag.py
[2026-09-22 16:27:52,465] {scheduler_job.py:629} INFO - Processing file /home/airflow/.local/lib/python3.6/site-packages/airflow/example_dags/example_nested_branch_dag.py for tasks to queue
[2026-09-22 16:27:52,467] {logging_mixin.py:104} INFO - [2026-09-22 16:27:52,466] {dagbag.py:451} INFO - Filling up the DagBag from /home/airflow/.local/lib/python3.6/site-packages/airflow/example_dags/example_nested_branch_dag.py
[2026-09-22 16:27:52,491] {scheduler_job.py:639} INFO - DAG(s) dict_keys(['example_nested_branch_dag']) retrieved from /home/airflow/.local/lib/python3.6/site-packages/airflow/example_dags/example_nested_branch_dag.py
[2026-09-22 16:27:52,529] {logging_mixin.py:104} INFO - [2026-09-22 16:27:52,528] {dag.py:1824} INFO - Sync 1 DAGs
[2026-09-22 16:27:52,570] {logging_mixin.py:104} INFO - [2026-09-22 16:27:52,570] {dag.py:2280} INFO - Setting next_dagrun for example_nested_branch_dag to 2026-09-20 00:00:00+00:00
[2026-09-22 16:27:52,585] {scheduler_job.py:190} INFO - Processing /home/airflow/.local/lib/python3.6/site-packages/airflow/example_dags/example_nested_branch_dag.py took 0.128 seconds
[2026-09-22 16:28:23,132] {scheduler_job.py:182} INFO - Started process (PID=187) to work on /home/airflow/.local/lib/python3.6/site-packages/airflow/example_dags/example_nested_branch_dag.py
[2026-09-22 16:28:23,133] {scheduler_job.py:629} INFO - Processing file /home/airflow/.local/lib/python3.6/site-packages/airflow/example_dags/example_nested_branch_dag.py for tasks to queue
[2026-09-22 16:28:23,134] {logging_mixin.py:104} INFO - [2026-09-22 16:28:23,134] {dagbag.py:451} INFO - Filling up the DagBag from /home/airflow/.local/lib/python3.6/site-packages/airflow/example_dags/example_nested_branch_dag.py
[2026-09-22 16:28:23,157] {scheduler_job.py:639} INFO - DAG(s) dict_keys(['example_nested_branch_dag']) retrieved from /home/airflow/.local/lib/python3.6/site-packages/airflow/example_dags/example_nested_branch_dag.py
[2026-09-22 16:28:23,184] {logging_mixin.py:104} INFO - [2026-09-22 16:28:23,184] {dag.py:1824} INFO - Sync 1 DAGs
[2026-09-22 16:28:23,215] {logging_mixin.py:104} INFO - [2026-09-22 16:28:23,215] {dag.py:2280} INFO - Setting next_dagrun for example_nested_branch_dag to 2026-09-20 00:00:00+00:00
[2026-09-22 16:28:23,230] {scheduler_job.py:190} INFO - Processing /home/airflow/.local/lib/python3.6/site-packages/airflow/example_dags/example_nested_branch_dag.py took 0.102 seconds
[2026-09-22 16:28:53,966] {scheduler_job.py:182} INFO - Started process (PID=213) to work on /home/airflow/.local/lib/python3.6/site-packages/airflow/example_dags/example_nested_branch_dag.py
[2026-09-22 16:28:53,967] {scheduler_job.py:629} INFO - Processing file /home/airflow/.local/lib/python3.6/site-packages/airflow/example_dags/example_nested_branch_dag.py for tasks to queue
[2026-09-22 16:28:53,968] {logging_mixin.py:104} INFO - [2026-09-22 16:28:53,968] {dagbag.py:451} INFO - Filling up the DagBag from /home/airflow/.local/lib/python3.6/site-packages/airflow/example_dags/example_nested_branch_dag.py
[2026-09-22 16:28:53,988] {scheduler_job.py:639} INFO - DAG(s) dict_keys(['example_nested_branch_dag']) retrieved from /home/airflow/.local/lib/python3.6/site-packages/airflow/example_dags/example_nested_branch_dag.py
[2026-09-22 16:28:54,017] {logging_mixin.py:104} INFO - [2026-09-22 16:28:54,017] {dag.py:1824} INFO - Sync 1 DAGs
[2026-09-22 16:28:54,046] {logging_mixin.py:104} INFO - [2026-09-22 16:28:54,046] {dag.py:2280} INFO - Setting next_dagrun for example_nested_branch_dag to 2026-09-20 00:00:00+00:00
[2026-09-22 16:28:54,060] {scheduler_job.py:190} INFO - Processing /home/airflow/.local/lib/python3.6/site-packages/airflow/example_dags/example_nested_branch_dag.py took 0.098 seconds
[2026-09-22 16:29:24,530] {scheduler_job.py:182} INFO - Started process (PID=239) to work on /home/airflow/.local/lib/python3.6/site-packages/airflow/example_dags/example_nested_branch_dag.py
[2026-09-22 16:29:24,532] {scheduler_job.py:629} INFO - Processing file /home/airflow/.local/lib/python3.6/site-packages/airflow/example_dags/example_nested_branch_dag.py for tasks to queue
[2026-09-22 16:29:24,534] {logging_mixin.py:104} INFO - [2026-09-22 16:29:24,533] {dagbag.py:451} INFO - Filling up the DagBag from /home/airflow/.local/lib/python3.6/site-packages/airflow/example_dags/example_nested_branch_dag.py
[2026-09-22 16:29:24,560] {scheduler_job.py:639} INFO - DAG(s) dict_keys(['example_nested_branch_dag']) retrieved from /home/airflow/.local/lib/python3.6/site-packages/airflow/example_dags/example_nested_branch_dag.py
[2026-09-22 16:29:24,592] {logging_mixin.py:104} INFO - [2026-09-22 16:29:24,592] {dag.py:1824} INFO - Sync 1 DAGs
[2026-09-22 16:29:24,628] {logging_mixin.py:104} INFO - [2026-09-22 16:29:24,627] {dag.py:2280} INFO - Setting next_dagrun for example_nested_branch_dag to 2026-09-20 00:00:00+00:00
[2026-09-22 16:29:24,647] {scheduler_job.py:190} INFO - Processing /home/airflow/.local/lib/python3.6/site-packages/airflow/example_dags/example_nested_branch_dag.py took 0.122 seconds
[2026-09-22 16:29:54,763] {scheduler_job.py:182} INFO - Started process (PID=265) to work on /home/airflow/.local/lib/python3.6/site-packages/airflow/example_dags/example_nested_branch_dag.py
[2026-09-22 16:29:54,765] {scheduler_job.py:629} INFO - Processing file /home/airflow/.local/lib/python3.6/site-packages/airflow/example_dags/example_nested_branch_dag.py for tasks to queue
[2026-09-22 16:29:54,766] {logging_mixin.py:104} INFO - [2026-09-22 16:29:54,766] {dagbag.py:451} INFO - Filling up the DagBag from /home/airflow/.local/lib/python3.6/site-packages/airflow/example_dags/example_nested_branch_dag.py
[2026-09-22 16:29:54,813] {scheduler_job.py:639} INFO - DAG(s) dict_keys(['example_nested_branch_dag']) retrieved from /home/airflow/.local/lib/python3.6/site-packages/airflow/example_dags/example_nested_branch_dag.py
[2026-09-22 16:29:54,856] {logging_mixin.py:104} INFO - [2026-09-22 16:29:54,856] {dag.py:1824} INFO - Sync 1 DAGs
[2026-09-22 16:29:54,899] {logging_mixin.py:104} INFO - [2026-09-22 16:29:54,899] {dag.py:2280} INFO - Setting next_dagrun for example_nested_branch_dag to 2026-09-20 00:00:00+00:00
[2026-09-22 16:29:54,919] {scheduler_job.py:190} INFO - Processing /home/airflow/.local/lib/python3.6/site-packages/airflow/example_dags/example_nested_branch_dag.py took 0.165 seconds
[2026-09-22 16:30:25,769] {scheduler_job.py:182} INFO - Started process (PID=291) to work on /home/airflow/.local/lib/python3.6/site-packages/airflow/example_dags/example_nested_branch_dag.py
[2026-09-22 16:30:25,770] {scheduler_job.py:629} INFO - Processing file /home/airflow/.local/lib/python3.6/site-packages/airflow/example_dags/example_nested_branch_dag.py for tasks to queue
[2026-09-22 16:30:25,771] {logging_mixin.py:104} INFO - [2026-09-22 16:30:25,771] {dagbag.py:451} INFO - Filling up the DagBag from /home/airflow/.local/lib/python3.6/site-packages/airflow/example_dags/example_nested_branch_dag.py
[2026-09-22 16:30:25,796] {scheduler_job.py:639} INFO - DAG(s) dict_keys(['example_nested_branch_dag']) retrieved from /home/airflow/.local/lib/python3.6/site-packages/airflow/example_dags/example_nested_branch_dag.py
[2026-09-22 16:30:25,828] {logging_mixin.py:104} INFO - [2026-09-22 16:30:25,828] {dag.py:1824} INFO - Sync 1 DAGs
[2026-09-22 16:30:25,863] {logging_mixin.py:104} INFO - [2026-09-22 16:30:25,862] {dag.py:2280} INFO - Setting next_dagrun for example_nested_branch_dag to 2026-09-20 00:00:00+00:00
[2026-09-22 16:30:25,882] {scheduler_job.py:190} INFO - Processing /home/airflow/.local/lib/python3.6/site-packages/airflow/example_dags/example_nested_branch_dag.py took 0.118 seconds
[2026-09-22 16:30:56,593] {scheduler_job.py:182} INFO - Started process (PID=317) to work on /home/airflow/.local/lib/python3.6/site-packages/airflow/example_dags/example_nested_branch_dag.py
[2026-09-22 16:30:56,595] {scheduler_job.py:629} INFO - Processing file /home/airflow/.local/lib/python3.6/site-packages/airflow/example_dags/example_nested_branch_dag.py for tasks to queue
[2026-09-22 16:30:56,595] {logging_mixin.py:104} INFO - [2026-09-22 16:30:56,595] {dagbag.py:451} INFO - Filling up the DagBag from /home/airflow/.local/lib/python3.6/site-packages/airflow/example_dags/example_nested_branch_dag.py
[2026-09-22 16:30:56,615] {scheduler_job.py:639} INFO - DAG(s) dict_keys(['example_nested_branch_dag']) retrieved from /home/airflow/.local/lib/python3.6/site-packages/airflow/example_dags/example_nested_branch_dag.py
[2026-09-22 16:30:56,639] {logging_mixin.py:104} INFO - [2026-09-22 16:30:56,639] {dag.py:1824} INFO - Sync 1 DAGs
[2026-09-22 16:30:56,667] {logging_mixin.py:104} INFO - [2026-09-22 16:30:56,667] {dag.py:2280} INFO - Setting next_dagrun for example_nested_branch_dag to 2026-09-20 00:00:00+00:00
[2026-09-22 16:30:56,681] {scheduler_job.py:190} INFO - Processing /home/airflow/.local/lib/python3.6/site-packages/airflow/example_dags/example_nested_branch_dag.py took 0.091 seconds
[2026-09-22 16:31:27,413] {scheduler_job.py:182} INFO - Started process (PID=343) to work on /home/airflow/.local/lib/python3.6/site-packages/airflow/example_dags/example_nested_branch_dag.py
[2026-09-22 16:31:27,415] {scheduler_job.py:629} INFO - Processing file /home/airflow/.local/lib/python3.6/site-packages/airflow/example_dags/example_nested_branch_dag.py for tasks to queue
[2026-09-22 16:31:27,416] {logging_mixin.py:104} INFO - [2026-09-22 16:31:27,416] {dagbag.py:451} INFO - Filling up the DagBag from /home/airflow/.local/lib/python3.6/site-packages/airflow/example_dags/example_nested_branch_dag.py
[2026-09-22 16:31:27,458] {scheduler_job.py:639} INFO - DAG(s) dict_keys(['example_nested_branch_dag']) retrieved from /home/airflow/.local/lib/python3.6/site-packages/airflow/example_dags/example_nested_branch_dag.py
[2026-09-22 16:31:27,501] {logging_mixin.py:104} INFO - [2026-09-22 16:31:27,501] {dag.py:1824} INFO - Sync 1 DAGs
[2026-09-22 16:31:27,546] {logging_mixin.py:104} INFO - [2026-09-22 16:31:27,546] {dag.py:2280} INFO - Setting next_dagrun for example_nested_branch_dag to 2026-09-20 00:00:00+00:00
[2026-09-22 16:31:27,564] {scheduler_job.py:190} INFO - Processing /home/airflow/.local/lib/python3.6/site-packages/airflow/example_dags/example_nested_branch_dag.py took 0.156 seconds
[2026-09-22 16:31:58,438] {scheduler_job.py:182} INFO - Started process (PID=369) to work on /home/airflow/.local/lib/python3.6/site-packages/airflow/example_dags/example_nested_branch_dag.py
[2026-09-22 16:31:58,440] {scheduler_job.py:629} INFO - Processing file /home/airflow/.local/lib/python3.6/site-packages/airflow/example_dags/example_nested_branch_dag.py for tasks to queue
[2026-09-22 16:31:58,440] {logging_mixin.py:104} INFO - [2026-09-22 16:31:58,440] {dagbag.py:451} INFO - Filling up the DagBag from /home/airflow/.local/lib/python3.6/site-packages/airflow/example_dags/example_nested_branch_dag.py
[2026-09-22 16:31:58,462] {scheduler_job.py:639} INFO - DAG(s) dict_keys(['example_nested_branch_dag']) retrieved from /home/airflow/.local/lib/python3.6/site-packages/airflow/example_dags/example_nested_branch_dag.py
[2026-09-22 16:31:58,489] {logging_mixin.py:104} INFO - [2026-09-22 16:31:58,488] {dag.py:1824} INFO - Sync 1 DAGs
[2026-09-22 16:31:58,519] {logging_mixin.py:104} INFO - [2026-09-22 16:31:58,518] {dag.py:2280} INFO - Setting next_dagrun for example_nested_branch_dag to 2026-09-20 00:00:00+00:00
[2026-09-22 16:31:58,533] {scheduler_job.py:190} INFO - Processing /home/airflow/.local/lib/python3.6/site-packages/airflow/example_dags/example_nested_branch_dag.py took 0.099 seconds
[2026-09-22 16:32:28,807] {scheduler_job.py:182} INFO - Started process (PID=395) to work on /home/airflow/.local/lib/python3.6/site-packages/airflow/example_dags/example_nested_branch_dag.py
[2026-09-22 16:32:28,809] {scheduler_job.py:629} INFO - Processing file /home/airflow/.local/lib/python3.6/site-packages/airflow/example_dags/example_nested_branch_dag.py for tasks to queue
[2026-09-22 16:32:28,810] {logging_mixin.py:104} INFO - [2026-09-22 16:32:28,810] {dagbag.py:451} INFO - Filling up the DagBag from /home/airflow/.local/lib/python3.6/site-packages/airflow/example_dags/example_nested_branch_dag.py
[2026-09-22 16:32:28,829] {scheduler_job.py:639} INFO - DAG(s) dict_keys(['example_nested_branch_dag']) retrieved from /home/airflow/.local/lib/python3.6/site-packages/airflow/example_dags/example_nested_branch_dag.py
[2026-09-22 16:32:28,856] {logging_mixin.py:104} INFO - [2026-09-22 16:32:28,856] {dag.py:1824} INFO - Sync 1 DAGs
[2026-09-22 16:32:28,884] {logging_mixin.py:104} INFO - [2026-09-22 16:32:28,884] {dag.py:2280} INFO - Setting next_dagrun for example_nested_branch_dag to 2026-09-20 00:00:00+00:00
[2026-09-22 16:32:28,899] {scheduler_job.py:190} INFO - Processing /home/airflow/.local/lib/python3.6/site-packages/airflow/example_dags/example_nested_branch_dag.py took 0.096 seconds
[2026-09-22 16:32:59,424] {scheduler_job.py:182} INFO - Started process (PID=421) to work on /home/airflow/.local/lib/python3.6/site-packages/airflow/example_dags/example_nested_branch_dag.py
[2026-09-22 16:32:59,425] {scheduler_job.py:629} INFO - Processing file /home/airflow/.local/lib/python3.6/site-packages/airflow/example_dags/example_nested_branch_dag.py for tasks to queue
[2026-09-22 16:32:59,426] {logging_mixin.py:104} INFO - [2026-09-22 16:32:59,426] {dagbag.py:451} INFO - Filling up the DagBag from /home/airflow/.local/lib/python3.6/site-packages/airflow/example_dags/example_nested_branch_dag.py
[2026-09-22 16:32:59,455] {scheduler_job.py:639} INFO - DAG(s) dict_keys(['example_nested_branch_dag']) retrieved from /home/airflow/.local/lib/python3.6/site-packages/airflow/example_dags/example_nested_branch_dag.py
[2026-09-22 16:32:59,493] {logging_mixin.py:104} INFO - [2026-09-22 16:32:59,492] {dag.py:1824} INFO - Sync 1 DAGs
[2026-09-22 16:32:59,547] {logging_mixin.py:104} INFO - [2026-09-22 16:32:59,547] {dag.py:2280} INFO - Setting next_dagrun for example_nested_branch_dag to 2026-09-20 00:00:00+00:00
[2026-09-22 16:32:59,564] {scheduler_job.py:190} INFO - Processing /home/airflow/.local/lib/python3.6/site-packages/airflow/example_dags/example_nested_branch_dag.py took 0.146 seconds
[2026-09-22 16:33:30,352] {scheduler_job.py:182} INFO - Started process (PID=447) to work on /home/airflow/.local/lib/python3.6/site-packages/airflow/example_dags/example_nested_branch_dag.py
[2026-09-22 16:33:30,354] {scheduler_job.py:629} INFO - Processing file /home/airflow/.local/lib/python3.6/site-packages/airflow/example_dags/example_nested_branch_dag.py for tasks to queue
[2026-09-22 16:33:30,355] {logging_mixin.py:104} INFO - [2026-09-22 16:33:30,355] {dagbag.py:451} INFO - Filling up the DagBag from /home/airflow/.local/lib/python3.6/site-packages/airflow/example_dags/example_nested_branch_dag.py
[2026-09-22 16:33:30,380] {scheduler_job.py:639} INFO - DAG(s) dict_keys(['example_nested_branch_dag']) retrieved from /home/airflow/.local/lib/python3.6/site-packages/airflow/example_dags/example_nested_branch_dag.py
[2026-09-22 16:33:30,410] {logging_mixin.py:104} INFO - [2026-09-22 16:33:30,410] {dag.py:1824} INFO - Sync 1 DAGs
[2026-09-22 16:33:30,450] {logging_mixin.py:104} INFO - [2026-09-22 16:33:30,450] {dag.py:2280} INFO - Setting next_dagrun for example_nested_branch_dag to 2026-09-20 00:00:00+00:00
[2026-09-22 16:33:30,466] {scheduler_job.py:190} INFO - Processing /home/airflow/.local/lib/python3.6/site-packages/airflow/example_dags/example_nested_branch_dag.py took 0.118 seconds
[2026-09-22 16:34:01,195] {scheduler_job.py:182} INFO - Started process (PID=473) to work on /home/airflow/.local/lib/python3.6/site-packages/airflow/example_dags/example_nested_branch_dag.py
[2026-09-22 16:34:01,197] {scheduler_job.py:629} INFO - Processing file /home/airflow/.local/lib/python3.6/site-packages/airflow/example_dags/example_nested_branch_dag.py for tasks to queue
[2026-09-22 16:34:01,198] {logging_mixin.py:104} INFO - [2026-09-22 16:34:01,198] {dagbag.py:451} INFO - Filling up the DagBag from /home/airflow/.local/lib/python3.6/site-packages/airflow/example_dags/example_nested_branch_dag.py
[2026-09-22 16:34:01,231] {scheduler_job.py:639} INFO - DAG(s) dict_keys(['example_nested_branch_dag']) retrieved from /home/airflow/.local/lib/python3.6/site-packages/airflow/example_dags/example_nested_branch_dag.py
[2026-09-22 16:34:01,274] {logging_mixin.py:104} INFO - [2026-09-22 16:34:01,274] {dag.py:1824} INFO - Sync 1 DAGs
[2026-09-22 16:34:01,326] {logging_mixin.py:104} INFO - [2026-09-22 16:34:01,326] {dag.py:2280} INFO - Setting next_dagrun for example_nested_branch_dag to 2026-09-20 00:00:00+00:00
[2026-09-22 16:34:01,348] {scheduler_job.py:190} INFO - Processing /home/airflow/.local/lib/python3.6/site-packages/airflow/example_dags/example_nested_branch_dag.py took 0.157 seconds
[2026-09-22 16:34:32,062] {scheduler_job.py:182} INFO - Started process (PID=499) to work on /home/airflow/.local/lib/python3.6/site-packages/airflow/example_dags/example_nested_branch_dag.py
[2026-09-22 16:34:32,063] {scheduler_job.py:629} INFO - Processing file /home/airflow/.local/lib/python3.6/site-packages/airflow/example_dags/example_nested_branch_dag.py for tasks to queue
[2026-09-22 16:34:32,064] {logging_mixin.py:104} INFO - [2026-09-22 16:34:32,064] {dagbag.py:451} INFO - Filling up the DagBag from /home/airflow/.local/lib/python3.6/site-packages/airflow/example_dags/example_nested_branch_dag.py
[2026-09-22 16:34:32,086] {scheduler_job.py:639} INFO - DAG(s) dict_keys(['example_nested_branch_dag']) retrieved from /home/airflow/.local/lib/python3.6/site-packages/airflow/example_dags/example_nested_branch_dag.py
[2026-09-22 16:34:32,115] {logging_mixin.py:104} INFO - [2026-09-22 16:34:32,115] {dag.py:1824} INFO - Sync 1 DAGs
[2026-09-22 16:34:32,147] {logging_mixin.py:104} INFO - [2026-09-22 16:34:32,147] {dag.py:2280} INFO - Setting next_dagrun for example_nested_branch_dag to 2026-09-20 00:00:00+00:00
[2026-09-22 16:34:32,163] {scheduler_job.py:190} INFO - Processing /home/airflow/.local/lib/python3.6/site-packages/airflow/example_dags/example_nested_branch_dag.py took 0.104 seconds
[2026-09-22 16:35:02,650] {scheduler_job.py:182} INFO - Started process (PID=525) to work on /home/airflow/.local/lib/python3.6/site-packages/airflow/example_dags/example_nested_branch_dag.py
[2026-09-22 16:35:02,651] {scheduler_job.py:629} INFO - Processing file /home/airflow/.local/lib/python3.6/site-packages/airflow/example_dags/example_nested_branch_dag.py for tasks to queue
[2026-09-22 16:35:02,652] {logging_mixin.py:104} INFO - [2026-09-22 16:35:02,652] {dagbag.py:451} INFO - Filling up the DagBag from /home/airflow/.local/lib/python3.6/site-packages/airflow/example_dags/example_nested_branch_dag.py
[2026-09-22 16:35:02,672] {scheduler_job.py:639} INFO - DAG(s) dict_keys(['example_nested_branch_dag']) retrieved from /home/airflow/.local/lib/python3.6/site-packages/airflow/example_dags/example_nested_branch_dag.py
[2026-09-22 16:35:02,699] {logging_mixin.py:104} INFO - [2026-09-22 16:35:02,698] {dag.py:1824} INFO - Sync 1 DAGs
[2026-09-22 16:35:02,733] {logging_mixin.py:104} INFO - [2026-09-22 16:35:02,733] {dag.py:2280} INFO - Setting next_dagrun for example_nested_branch_dag to 2026-09-20 00:00:00+00:00
[2026-09-22 16:35:02,749] {scheduler_job.py:190} INFO - Processing /home/airflow/.local/lib/python3.6/site-packages/airflow/example_dags/example_nested_branch_dag.py took 0.103 seconds
[2026-09-22 16:35:33,345] {scheduler_job.py:182} INFO - Started process (PID=551) to work on /home/airflow/.local/lib/python3.6/site-packages/airflow/example_dags/example_nested_branch_dag.py
[2026-09-22 16:35:33,347] {scheduler_job.py:629} INFO - Processing file /home/airflow/.local/lib/python3.6/site-packages/airflow/example_dags/example_nested_branch_dag.py for tasks to queue
[2026-09-22 16:35:33,348] {logging_mixin.py:104} INFO - [2026-09-22 16:35:33,348] {dagbag.py:451} INFO - Filling up the DagBag from /home/airflow/.local/lib/python3.6/site-packages/airflow/example_dags/example_nested_branch_dag.py
[2026-09-22 16:35:33,378] {scheduler_job.py:639} INFO - DAG(s) dict_keys(['example_nested_branch_dag']) retrieved from /home/airflow/.local/lib/python3.6/site-packages/airflow/example_dags/example_nested_branch_dag.py
[2026-09-22 16:35:33,406] {logging_mixin.py:104} INFO - [2026-09-22 16:35:33,406] {dag.py:1824} INFO - Sync 1 DAGs
[2026-09-22 16:35:33,438] {logging_mixin.py:104} INFO - [2026-09-22 16:35:33,438] {dag.py:2280} INFO - Setting next_dagrun for example_nested_branch_dag to 2026-09-20 00:00:00+00:00
[2026-09-22 16:35:33,453] {scheduler_job.py:190} INFO - Processing /home/airflow/.local/lib/python3.6/site-packages/airflow/example_dags/example_nested_branch_dag.py took 0.114 seconds
[2026-09-22 16:36:04,036] {scheduler_job.py:182} INFO - Started process (PID=577) to work on /home/airflow/.local/lib/python3.6/site-packages/airflow/example_dags/example_nested_branch_dag.py
[2026-09-22 16:36:04,037] {scheduler_job.py:629} INFO - Processing file /home/airflow/.local/lib/python3.6/site-packages/airflow/example_dags/example_nested_branch_dag.py for tasks to queue
[2026-09-22 16:36:04,038] {logging_mixin.py:104} INFO - [2026-09-22 16:36:04,038] {dagbag.py:451} INFO - Filling up the DagBag from /home/airflow/.local/lib/python3.6/site-packages/airflow/example_dags/example_nested_branch_dag.py
[2026-09-22 16:36:04,064] {scheduler_job.py:639} INFO - DAG(s) dict_keys(['example_nested_branch_dag']) retrieved from /home/airflow/.local/lib/python3.6/site-packages/airflow/example_dags/example_nested_branch_dag.py
[2026-09-22 16:36:04,094] {logging_mixin.py:104} INFO - [2026-09-22 16:36:04,094] {dag.py:1824} INFO - Sync 1 DAGs
[2026-09-22 16:36:04,131] {logging_mixin.py:104} INFO - [2026-09-22 16:36:04,130] {dag.py:2280} INFO - Setting next_dagrun for example_nested_branch_dag to 2026-09-20 00:00:00+00:00
[2026-09-22 16:36:04,146] {scheduler_job.py:190} INFO - Processing /home/airflow/.local/lib/python3.6/site-packages/airflow/example_dags/example_nested_branch_dag.py took 0.114 seconds
[2026-09-22 16:36:34,728] {scheduler_job.py:182} INFO - Started process (PID=603) to work on /home/airflow/.local/lib/python3.6/site-packages/airflow/example_dags/example_nested_branch_dag.py
[2026-09-22 16:36:34,733] {scheduler_job.py:629} INFO - Processing file /home/airflow/.local/lib/python3.6/site-packages/airflow/example_dags/example_nested_branch_dag.py for tasks to queue
[2026-09-22 16:36:34,734] {logging_mixin.py:104} INFO - [2026-09-22 16:36:34,733] {dagbag.py:451} INFO - Filling up the DagBag from /home/airflow/.local/lib/python3.6/site-packages/airflow/example_dags/example_nested_branch_dag.py
[2026-09-22 16:36:34,757] {scheduler_job.py:639} INFO - DAG(s) dict_keys(['example_nested_branch_dag']) retrieved from /home/airflow/.local/lib/python3.6/site-packages/airflow/example_dags/example_nested_branch_dag.py
[2026-09-22 16:36:34,789] {logging_mixin.py:104} INFO - [2026-09-22 16:36:34,788] {dag.py:1824} INFO - Sync 1 DAGs
[2026-09-22 16:36:34,816] {logging_mixin.py:104} INFO - [2026-09-22 16:36:34,816] {dag.py:2280} INFO - Setting next_dagrun for example_nested_branch_dag to 2026-09-20 00:00:00+00:00
[2026-09-22 16:36:34,829] {scheduler_job.py:190} INFO - Processing /home/airflow/.local/lib/python3.6/site-packages/airflow/example_dags/example_nested_branch_dag.py took 0.107 seconds
[2026-09-22 16:37:05,706] {scheduler_job.py:182} INFO - Started process (PID=629) to work on /home/airflow/.local/lib/python3.6/site-packages/airflow/example_dags/example_nested_branch_dag.py
[2026-09-22 16:37:05,707] {scheduler_job.py:629} INFO - Processing file /home/airflow/.local/lib/python3.6/site-packages/airflow/example_dags/example_nested_branch_dag.py for tasks to queue
[2026-09-22 16:37:05,709] {logging_mixin.py:104} INFO - [2026-09-22 16:37:05,708] {dagbag.py:451} INFO - Filling up the DagBag from /home/airflow/.local/lib/python3.6/site-packages/airflow/example_dags/example_nested_branch_dag.py
[2026-09-22 16:37:05,734] {scheduler_job.py:639} INFO - DAG(s) dict_keys(['example_nested_branch_dag']) retrieved from /home/airflow/.local/lib/python3.6/site-packages/airflow/example_dags/example_nested_branch_dag.py
[2026-09-22 16:37:05,765] {logging_mixin.py:104} INFO - [2026-09-22 16:37:05,764] {dag.py:1824} INFO - Sync 1 DAGs
[2026-09-22 16:37:05,800] {logging_mixin.py:104} INFO - [2026-09-22 16:37:05,799] {dag.py:2280} INFO - Setting next_dagrun for example_nested_branch_dag to 2026-09-20 00:00:00+00:00
[2026-09-22 16:37:05,813] {scheduler_job.py:190} INFO - Processing /home/airflow/.local/lib/python3.6/site-packages/airflow/example_dags/example_nested_branch_dag.py took 0.113 seconds
[2026-09-22 16:37:36,318] {scheduler_job.py:182} INFO - Started process (PID=655) to work on /home/airflow/.local/lib/python3.6/site-packages/airflow/example_dags/example_nested_branch_dag.py
[2026-09-22 16:37:36,326] {scheduler_job.py:629} INFO - Processing file /home/airflow/.local/lib/python3.6/site-packages/airflow/example_dags/example_nested_branch_dag.py for tasks to queue
[2026-09-22 16:37:36,327] {logging_mixin.py:104} INFO - [2026-09-22 16:37:36,327] {dagbag.py:451} INFO - Filling up the DagBag from /home/airflow/.local/lib/python3.6/site-packages/airflow/example_dags/example_nested_branch_dag.py
[2026-09-22 16:37:36,363] {scheduler_job.py:639} INFO - DAG(s) dict_keys(['example_nested_branch_dag']) retrieved from /home/airflow/.local/lib/python3.6/site-packages/airflow/example_dags/example_nested_branch_dag.py
[2026-09-22 16:37:36,424] {logging_mixin.py:104} INFO - [2026-09-22 16:37:36,424] {dag.py:1824} INFO - Sync 1 DAGs
[2026-09-22 16:37:36,476] {logging_mixin.py:104} INFO - [2026-09-22 16:37:36,476] {dag.py:2280} INFO - Setting next_dagrun for example_nested_branch_dag to 2026-09-20 00:00:00+00:00
[2026-09-22 16:37:36,497] {scheduler_job.py:190} INFO - Processing /home/airflow/.local/lib/python3.6/site-packages/airflow/example_dags/example_nested_branch_dag.py took 0.187 seconds
[2026-09-22 16:38:07,046] {scheduler_job.py:182} INFO - Started process (PID=681) to work on /home/airflow/.local/lib/python3.6/site-packages/airflow/example_dags/example_nested_branch_dag.py
[2026-09-22 16:38:07,048] {scheduler_job.py:629} INFO - Processing file /home/airflow/.local/lib/python3.6/site-packages/airflow/example_dags/example_nested_branch_dag.py for tasks to queue
[2026-09-22 16:38:07,049] {logging_mixin.py:104} INFO - [2026-09-22 16:38:07,049] {dagbag.py:451} INFO - Filling up the DagBag from /home/airflow/.local/lib/python3.6/site-packages/airflow/example_dags/example_nested_branch_dag.py
[2026-09-22 16:38:07,075] {scheduler_job.py:639} INFO - DAG(s) dict_keys(['example_nested_branch_dag']) retrieved from /home/airflow/.local/lib/python3.6/site-packages/airflow/example_dags/example_nested_branch_dag.py
[2026-09-22 16:38:07,111] {logging_mixin.py:104} INFO - [2026-09-22 16:38:07,110] {dag.py:1824} INFO - Sync 1 DAGs
[2026-09-22 16:38:07,148] {logging_mixin.py:104} INFO - [2026-09-22 16:38:07,148] {dag.py:2280} INFO - Setting next_dagrun for example_nested_branch_dag to 2026-09-20 00:00:00+00:00
[2026-09-22 16:38:07,162] {scheduler_job.py:190} INFO - Processing /home/airflow/.local/lib/python3.6/site-packages/airflow/example_dags/example_nested_branch_dag.py took 0.125 seconds
[2026-09-22 16:38:37,648] {scheduler_job.py:182} INFO - Started process (PID=707) to work on /home/airflow/.local/lib/python3.6/site-packages/airflow/example_dags/example_nested_branch_dag.py
[2026-09-22 16:38:37,654] {scheduler_job.py:629} INFO - Processing file /home/airflow/.local/lib/python3.6/site-packages/airflow/example_dags/example_nested_branch_dag.py for tasks to queue
[2026-09-22 16:38:37,655] {logging_mixin.py:104} INFO - [2026-09-22 16:38:37,655] {dagbag.py:451} INFO - Filling up the DagBag from /home/airflow/.local/lib/python3.6/site-packages/airflow/example_dags/example_nested_branch_dag.py
[2026-09-22 16:38:37,686] {scheduler_job.py:639} INFO - DAG(s) dict_keys(['example_nested_branch_dag']) retrieved from /home/airflow/.local/lib/python3.6/site-packages/airflow/example_dags/example_nested_branch_dag.py
[2026-09-22 16:38:37,730] {logging_mixin.py:104} INFO - [2026-09-22 16:38:37,730] {dag.py:1824} INFO - Sync 1 DAGs
[2026-09-22 16:38:37,783] {logging_mixin.py:104} INFO - [2026-09-22 16:38:37,783] {dag.py:2280} INFO - Setting next_dagrun for example_nested_branch_dag to 2026-09-20 00:00:00+00:00
[2026-09-22 16:38:37,803] {scheduler_job.py:190} INFO - Processing /home/airflow/.local/lib/python3.6/site-packages/airflow/example_dags/example_nested_branch_dag.py took 0.162 seconds
[2026-09-22 16:39:08,453] {scheduler_job.py:182} INFO - Started process (PID=733) to work on /home/airflow/.local/lib/python3.6/site-packages/airflow/example_dags/example_nested_branch_dag.py
[2026-09-22 16:39:08,459] {scheduler_job.py:629} INFO - Processing file /home/airflow/.local/lib/python3.6/site-packages/airflow/example_dags/example_nested_branch_dag.py for tasks to queue
[2026-09-22 16:39:08,461] {logging_mixin.py:104} INFO - [2026-09-22 16:39:08,461] {dagbag.py:451} INFO - Filling up the DagBag from /home/airflow/.local/lib/python3.6/site-packages/airflow/example_dags/example_nested_branch_dag.py
[2026-09-22 16:39:08,498] {scheduler_job.py:639} INFO - DAG(s) dict_keys(['example_nested_branch_dag']) retrieved from /home/airflow/.local/lib/python3.6/site-packages/airflow/example_dags/example_nested_branch_dag.py
[2026-09-22 16:39:08,540] {logging_mixin.py:104} INFO - [2026-09-22 16:39:08,540] {dag.py:1824} INFO - Sync 1 DAGs
[2026-09-22 16:39:08,589] {logging_mixin.py:104} INFO - [2026-09-22 16:39:08,589] {dag.py:2280} INFO - Setting next_dagrun for example_nested_branch_dag to 2026-09-20 00:00:00+00:00
[2026-09-22 16:39:08,620] {scheduler_job.py:190} INFO - Processing /home/airflow/.local/lib/python3.6/site-packages/airflow/example_dags/example_nested_branch_dag.py took 0.173 seconds
[2026-09-22 16:39:39,210] {scheduler_job.py:182} INFO - Started process (PID=759) to work on /home/airflow/.local/lib/python3.6/site-packages/airflow/example_dags/example_nested_branch_dag.py
[2026-09-22 16:39:39,211] {scheduler_job.py:629} INFO - Processing file /home/airflow/.local/lib/python3.6/site-packages/airflow/example_dags/example_nested_branch_dag.py for tasks to queue
[2026-09-22 16:39:39,212] {logging_mixin.py:104} INFO - [2026-09-22 16:39:39,212] {dagbag.py:451} INFO - Filling up the DagBag from /home/airflow/.local/lib/python3.6/site-packages/airflow/example_dags/example_nested_branch_dag.py
[2026-09-22 16:39:39,237] {scheduler_job.py:639} INFO - DAG(s) dict_keys(['example_nested_branch_dag']) retrieved from /home/airflow/.local/lib/python3.6/site-packages/airflow/example_dags/example_nested_branch_dag.py
[2026-09-22 16:39:39,262] {logging_mixin.py:104} INFO - [2026-09-22 16:39:39,262] {dag.py:1824} INFO - Sync 1 DAGs
[2026-09-22 16:39:39,296] {logging_mixin.py:104} INFO - [2026-09-22 16:39:39,296] {dag.py:2280} INFO - Setting next_dagrun for example_nested_branch_dag to 2026-09-20 00:00:00+00:00
[2026-09-22 16:39:39,311] {scheduler_job.py:190} INFO - Processing /home/airflow/.local/lib/python3.6/site-packages/airflow/example_dags/example_nested_branch_dag.py took 0.105 seconds
[2026-09-22 16:40:10,064] {scheduler_job.py:182} INFO - Started process (PID=785) to work on /home/airflow/.local/lib/python3.6/site-packages/airflow/example_dags/example_nested_branch_dag.py
[2026-09-22 16:40:10,069] {scheduler_job.py:629} INFO - Processing file /home/airflow/.local/lib/python3.6/site-packages/airflow/example_dags/example_nested_branch_dag.py for tasks to queue
[2026-09-22 16:40:10,070] {logging_mixin.py:104} INFO - [2026-09-22 16:40:10,070] {dagbag.py:451} INFO - Filling up the DagBag from /home/airflow/.local/lib/python3.6/site-packages/airflow/example_dags/example_nested_branch_dag.py
[2026-09-22 16:40:10,101] {scheduler_job.py:639} INFO - DAG(s) dict_keys(['example_nested_branch_dag']) retrieved from /home/airflow/.local/lib/python3.6/site-packages/airflow/example_dags/example_nested_branch_dag.py
[2026-09-22 16:40:10,129] {logging_mixin.py:104} INFO - [2026-09-22 16:40:10,129] {dag.py:1824} INFO - Sync 1 DAGs
[2026-09-22 16:40:10,163] {logging_mixin.py:104} INFO - [2026-09-22 16:40:10,162] {dag.py:2280} INFO - Setting next_dagrun for example_nested_branch_dag to 2026-09-20 00:00:00+00:00
[2026-09-22 16:40:10,177] {scheduler_job.py:190} INFO - Processing /home/airflow/.local/lib/python3.6/site-packages/airflow/example_dags/example_nested_branch_dag.py took 0.119 seconds
[2026-09-22 16:40:40,755] {scheduler_job.py:182} INFO - Started process (PID=811) to work on /home/airflow/.local/lib/python3.6/site-packages/airflow/example_dags/example_nested_branch_dag.py
[2026-09-22 16:40:40,757] {scheduler_job.py:629} INFO - Processing file /home/airflow/.local/lib/python3.6/site-packages/airflow/example_dags/example_nested_branch_dag.py for tasks to queue
[2026-09-22 16:40:40,762] {logging_mixin.py:104} INFO - [2026-09-22 16:40:40,761] {dagbag.py:451} INFO - Filling up the DagBag from /home/airflow/.local/lib/python3.6/site-packages/airflow/example_dags/example_nested_branch_dag.py
[2026-09-22 16:40:40,816] {scheduler_job.py:639} INFO - DAG(s) dict_keys(['example_nested_branch_dag']) retrieved from /home/airflow/.local/lib/python3.6/site-packages/airflow/example_dags/example_nested_branch_dag.py
[2026-09-22 16:40:40,867] {logging_mixin.py:104} INFO - [2026-09-22 16:40:40,867] {dag.py:1824} INFO - Sync 1 DAGs
[2026-09-22 16:40:40,937] {logging_mixin.py:104} INFO - [2026-09-22 16:40:40,937] {dag.py:2280} INFO - Setting next_dagrun for example_nested_branch_dag to 2026-09-20 00:00:00+00:00
[2026-09-22 16:40:40,962] {scheduler_job.py:190} INFO - Processing /home/airflow/.local/lib/python3.6/site-packages/airflow/example_dags/example_nested_branch_dag.py took 0.215 seconds
[2026-09-22 16:41:11,622] {scheduler_job.py:182} INFO - Started process (PID=837) to work on /home/airflow/.local/lib/python3.6/site-packages/airflow/example_dags/example_nested_branch_dag.py
[2026-09-22 16:41:11,627] {scheduler_job.py:629} INFO - Processing file /home/airflow/.local/lib/python3.6/site-packages/airflow/example_dags/example_nested_branch_dag.py for tasks to queue
[2026-09-22 16:41:11,631] {logging_mixin.py:104} INFO - [2026-09-22 16:41:11,628] {dagbag.py:451} INFO - Filling up the DagBag from /home/airflow/.local/lib/python3.6/site-packages/airflow/example_dags/example_nested_branch_dag.py
[2026-09-22 16:41:11,663] {scheduler_job.py:639} INFO - DAG(s) dict_keys(['example_nested_branch_dag']) retrieved from /home/airflow/.local/lib/python3.6/site-packages/airflow/example_dags/example_nested_branch_dag.py
[2026-09-22 16:41:11,696] {logging_mixin.py:104} INFO - [2026-09-22 16:41:11,696] {dag.py:1824} INFO - Sync 1 DAGs
[2026-09-22 16:41:11,732] {logging_mixin.py:104} INFO - [2026-09-22 16:41:11,732] {dag.py:2280} INFO - Setting next_dagrun for example_nested_branch_dag to 2026-09-20 00:00:00+00:00
[2026-09-22 16:41:11,751] {scheduler_job.py:190} INFO - Processing /home/airflow/.local/lib/python3.6/site-packages/airflow/example_dags/example_nested_branch_dag.py took 0.143 seconds
[2026-09-22 16:41:41,797] {scheduler_job.py:182} INFO - Started process (PID=863) to work on /home/airflow/.local/lib/python3.6/site-packages/airflow/example_dags/example_nested_branch_dag.py
[2026-09-22 16:41:41,803] {scheduler_job.py:629} INFO - Processing file /home/airflow/.local/lib/python3.6/site-packages/airflow/example_dags/example_nested_branch_dag.py for tasks to queue
[2026-09-22 16:41:41,812] {logging_mixin.py:104} INFO - [2026-09-22 16:41:41,812] {dagbag.py:451} INFO - Filling up the DagBag from /home/airflow/.local/lib/python3.6/site-packages/airflow/example_dags/example_nested_branch_dag.py
[2026-09-22 16:41:41,870] {scheduler_job.py:639} INFO - DAG(s) dict_keys(['example_nested_branch_dag']) retrieved from /home/airflow/.local/lib/python3.6/site-packages/airflow/example_dags/example_nested_branch_dag.py
[2026-09-22 16:41:41,937] {logging_mixin.py:104} INFO - [2026-09-22 16:41:41,937] {dag.py:1824} INFO - Sync 1 DAGs
[2026-09-22 16:41:42,006] {logging_mixin.py:104} INFO - [2026-09-22 16:41:42,006] {dag.py:2280} INFO - Setting next_dagrun for example_nested_branch_dag to 2026-09-20 00:00:00+00:00
[2026-09-22 16:41:42,043] {scheduler_job.py:190} INFO - Processing /home/airflow/.local/lib/python3.6/site-packages/airflow/example_dags/example_nested_branch_dag.py took 0.257 seconds
