[2026-09-22 16:25:20,794] {scheduler_job.py:182} INFO - Started process (PID=47) to work on /home/airflow/.local/lib/python3.6/site-packages/airflow/example_dags/example_task_group.py
[2026-09-22 16:25:20,796] {scheduler_job.py:629} INFO - Processing file /home/airflow/.local/lib/python3.6/site-packages/airflow/example_dags/example_task_group.py for tasks to queue
[2026-09-22 16:25:20,798] {logging_mixin.py:104} INFO - [2026-09-22 16:25:20,797] {dagbag.py:451} INFO - Filling up the DagBag from /home/airflow/.local/lib/python3.6/site-packages/airflow/example_dags/example_task_group.py
[2026-09-22 16:25:20,824] {scheduler_job.py:639} INFO - DAG(s) dict_keys(['example_task_group']) retrieved from /home/airflow/.local/lib/python3.6/site-packages/airflow/example_dags/example_task_group.py
[2026-09-22 16:25:20,872] {logging_mixin.py:104} INFO - [2026-09-22 16:25:20,872] {dag.py:1824} INFO - Sync 1 DAGs
[2026-09-22 16:25:20,904] {logging_mixin.py:104} INFO - [2026-09-22 16:25:20,904] {dag.py:2280} INFO - Setting next_dagrun for example_task_group to 2026-09-20 00:00:00+00:00
[2026-09-22 16:25:20,935] {scheduler_job.py:190} INFO - Processing /home/airflow/.local/lib/python3.6/site-packages/airflow/example_dags/example_task_group.py took 0.147 seconds
[2026-09-22 16:25:51,175] {scheduler_job.py:182} INFO - Started process (PID=71) to work on /home/airflow/.local/lib/python3.6/site-packages/airflow/example_dags/example_task_group.py
[2026-09-22 16:25:51,176] {scheduler_job.py:629} INFO - Processing file /home/airflow/.local/lib/python3.6/site-packages/airflow/example_dags/example_task_group.py for tasks to queue
[2026-09-22 16:25:51,177] {logging_mixin.py:104} INFO - [2026-09-22 16:25:51,177] {dagbag.py:451} INFO - Filling up the DagBag from /home/airflow/.local/lib/python3.6/site-packages/airflow/example_dags/example_task_group.py
[2026-09-22 16:25:51,193] {scheduler_job.py:639} INFO - DAG(s) dict_keys(['example_task_group']) retrieved from /home/airflow/.local/lib/python3.6/site-packages/airflow/example_dags/example_task_group.py
[2026-09-22 16:25:51,230] {logging_mixin.py:104} INFO - [2026-09-22 16:25:51,229] {dag.py:1824} INFO - Sync 1 DAGs
[2026-09-22 16:25:51,252] {logging_mixin.py:104} INFO - [2026-09-22 16:25:51,251] {dag.py:2280} INFO - Setting next_dagrun for example_task_group to 2026-09-20 00:00:00+00:00
[2026-09-22 16:25:51,266] {scheduler_job.py:190} INFO - Processing /home/airflow/.local/lib/python3.6/site-packages/airflow/example_dags/example_task_group.py took 0.096 seconds
[2026-09-22 16:26:21,590] {scheduler_job.py:182} INFO - Started process (PID=92) to work on /home/airflow/.local/lib/python3.6/site-packages/airflow/example_dags/example_task_group.py
[2026-09-22 16:26:21,591] {scheduler_job.py:629} INFO - Processing file /home/airflow/.local/lib/python3.6/site-packages/airflow/example_dags/example_task_group.py for tasks to queue
[2026-09-22 16:26:21,592] {logging_mixin.py:104} INFO - [2026-09-22 16:26:21,592] {dagbag.py:451} INFO - Filling up the DagBag from /home/airflow/.local/lib/python3.6/site-packages/airflow/example_dags/example_task_group.py
[2026-09-22 16:26:21,607] {scheduler_job.py:639} INFO - DAG(s) dict_keys(['example_task_group']) retrieved from /home/airflow/.local/lib/python3.6/site-packages/airflow/example_dags/example_task_group.py
[2026-09-22 16:26:21,634] {logging_mixin.py:104} INFO - [2026-09-22 16:26:21,634] {dag.py:1824} INFO - Sync 1 DAGs
[2026-09-22 16:26:21,652] {logging_mixin.py:104} INFO - [2026-09-22 16:26:21,652] {dag.py:2280} INFO - Setting next_dagrun for example_task_group to 2026-09-20 00:00:00+00:00
[2026-09-22 16:26:21,663] {scheduler_job.py:190} INFO - Processing /home/airflow/.local/lib/python3.6/site-packages/airflow/example_dags/example_task_group.py took 0.077 seconds
[2026-09-22 16:26:52,383] {scheduler_job.py:182} INFO - Started process (PID=118) to work on /home/airflow/.local/lib/python3.6/site-packages/airflow/example_dags/example_task_group.py
[2026-09-22 16:26:52,385] {scheduler_job.py:629} INFO - Processing file /home/airflow/.local/lib/python3.6/site-packages/airflow/example_dags/example_task_group.py for tasks to queue
[2026-09-22 16:26:52,387] {logging_mixin.py:104} INFO - [2026-09-22 16:26:52,387] {dagbag.py:451} INFO - Filling up the DagBag from /home/airflow/.local/lib/python3.6/site-packages/airflow/example_dags/example_task_group.py
[2026-09-22 16:26:52,412] {scheduler_job.py:639} INFO - DAG(s) dict_keys(['example_task_group']) retrieved from /home/airflow/.local/lib/python3.6/site-packages/airflow/example_dags/example_task_group.py
[2026-09-22 16:26:52,451] {logging_mixin.py:104} INFO - [2026-09-22 16:26:52,451] {dag.py:1824} INFO - Sync 1 DAGs
[2026-09-22 16:26:52,485] {logging_mixin.py:104} INFO - [2026-09-22 16:26:52,485] {dag.py:2280} INFO - Setting next_dagrun for example_task_group to 2026-09-20 00:00:00+00:00
[2026-09-22 16:26:52,509] {scheduler_job.py:190} INFO - Processing /home/airflow/.local/lib/python3.6/site-packages/airflow/example_dags/example_task_group.py took 0.132 seconds
[2026-09-22 16:27:23,201] {scheduler_job.py:182} INFO - Started process (PID=144) to work on /home/airflow/.local/lib/python3.6/site-packages/airflow/example_dags/example_task_group.py
[2026-09-22 16:27:23,202] {scheduler_job.py:629} INFO - Processing file /home/airflow/.local/lib/python3.6/site-packages/airflow/example_dags/example_task_group.py for tasks to queue
[2026-09-22 16:27:23,203] {logging_mixin.py:104} INFO - [2026-09-22 16:27:23,203] {dagbag.py:451} INFO - Filling up the DagBag from /home/airflow/.local/lib/python3.6/site-packages/airflow/example_dags/example_task_group.py
[2026-09-22 16:27:23,225] {scheduler_job.py:639} INFO - DAG(s) dict_keys(['example_task_group']) retrieved from /home/airflow/.local/lib/python3.6/site-packages/airflow/example_dags/example_task_group.py
[2026-09-22 16:27:23,265] {logging_mixin.py:104} INFO - [2026-09-22 16:27:23,265] {dag.py:1824} INFO - Sync 1 DAGs
[2026-09-22 16:27:23,297] {logging_mixin.py:104} INFO - [2026-09-22 16:27:23,297] {dag.py:2280} INFO - Setting next_dagrun for example_task_group to 2026-09-20 00:00:00+00:00
[2026-09-22 16:27:23,315] {scheduler_job.py:190} INFO - Processing /home/airflow/.local/lib/python3.6/site-packages/airflow/example_dags/example_task_group.py took 0.119 seconds
[2026-09-22 16:27:54,019] {scheduler_job.py:182} INFO - Started process (PID=170) to work on /home/airflow/.local/lib/python3.6/site-packages/airflow/example_dags/example_task_group.py
[2026-09-22 16:27:54,021] {scheduler_job.py:629} INFO - Processing file /home/airflow/.local/lib/python3.6/site-packages/airflow/example_dags/example_task_group.py for tasks to queue
[2026-09-22 16:27:54,022] {logging_mixin.py:104} INFO - [2026-09-22 16:27:54,022] {dagbag.py:451} INFO - Filling up the DagBag from /home/airflow/.local/lib/python3.6/site-packages/airflow/example_dags/example_task_group.py
[2026-09-22 16:27:54,039] {scheduler_job.py:639} INFO - DAG(s) dict_keys(['example_task_group']) retrieved from /home/airflow/.local/lib/python3.6/site-packages/airflow/example_dags/example_task_group.py
[2026-09-22 16:27:54,066] {logging_mixin.py:104} INFO - [2026-09-22 16:27:54,066] {dag.py:1824} INFO - Sync 1 DAGs
[2026-09-22 16:27:54,088] {logging_mixin.py:104} INFO - [2026-09-22 16:27:54,088] {dag.py:2280} INFO - Setting next_dagrun for example_task_group to 2026-09-20 00:00:00+00:00
[2026-09-22 16:27:54,105] {scheduler_job.py:190} INFO - Processing /home/airflow/.local/lib/python3.6/site-packages/airflow/example_dags/example_task_group.py took 0.092 seconds
[2026-09-22 16:28:24,611] {scheduler_job.py:182} INFO - Started process (PID=196) to work on /home/airflow/.local/lib/python3.6/site-packages/airflow/example_dags/example_task_group.py
[2026-09-22 16:28:24,613] {scheduler_job.py:629} INFO - Processing file /home/airflow/.local/lib/python3.6/site-packages/airflow/example_dags/example_task_group.py for tasks to queue
[2026-09-22 16:28:24,613] {logging_mixin.py:104} INFO - [2026-09-22 16:28:24,613] {dagbag.py:451} INFO - Filling up the DagBag from /home/airflow/.local/lib/python3.6/site-packages/airflow/example_dags/example_task_group.py
[2026-09-22 16:28:24,630] {scheduler_job.py:639} INFO - DAG(s) dict_keys(['example_task_group']) retrieved from /home/airflow/.local/lib/python3.6/site-packages/airflow/example_dags/example_task_group.py
[2026-09-22 16:28:24,664] {logging_mixin.py:104} INFO - [2026-09-22 16:28:24,664] {dag.py:1824} INFO - Sync 1 DAGs
[2026-09-22 16:28:24,694] {logging_mixin.py:104} INFO - [2026-09-22 16:28:24,694] {dag.py:2280} INFO - Setting next_dagrun for example_task_group to 2026-09-20 00:00:00+00:00
[2026-09-22 16:28:24,709] {scheduler_job.py:190} INFO - Processing /home/airflow/.local/lib/python3.6/site-packages/airflow/example_dags/example_task_group.py took 0.102 seconds
[2026-09-22 16:28:55,450] {scheduler_job.py:182} INFO - Started process (PID=222) to work on /home/airflow/.local/lib/python3.6/site-packages/airflow/example_dags/example_task_group.py
[2026-09-22 16:28:55,452] {scheduler_job.py:629} INFO - Processing file /home/airflow/.local/lib/python3.6/site-packages/airflow/example_dags/example_task_group.py for tasks to queue
[2026-09-22 16:28:55,452] {logging_mixin.py:104} INFO - [2026-09-22 16:28:55,452] {dagbag.py:451} INFO - Filling up the DagBag from /home/airflow/.local/lib/python3.6/site-packages/airflow/example_dags/example_task_group.py
[2026-09-22 16:28:55,471] {scheduler_job.py:639} INFO - DAG(s) dict_keys(['example_task_group']) retrieved from /home/airflow/.local/lib/python3.6/site-packages/airflow/example_dags/example_task_group.py
[2026-09-22 16:28:55,504] {logging_mixin.py:104} INFO - [2026-09-22 16:28:55,504] {dag.py:1824} INFO - Sync 1 DAGs
[2026-09-22 16:28:55,530] {logging_mixin.py:104} INFO - [2026-09-22 16:28:55,530] {dag.py:2280} INFO - Setting next_dagrun for example_task_group to 2026-09-20 00:00:00+00:00
[2026-09-22 16:28:55,547] {scheduler_job.py:190} INFO - Processing /home/airflow/.local/lib/python3.6/site-packages/airflow/example_dags/example_task_group.py took 0.102 seconds
[2026-09-22 16:29:25,941] {scheduler_job.py:182} INFO - Started process (PID=247) to work on /home/airflow/.local/lib/python3.6/site-packages/airflow/example_dags/example_task_group.py
[2026-09-22 16:29:25,943] {scheduler_job.py:629} INFO - Processing file /home/airflow/.local/lib/python3.6/site-packages/airflow/example_dags/example_task_group.py for tasks to queue
[2026-09-22 16:29:25,944] {logging_mixin.py:104} INFO - [2026-09-22 16:29:25,944] {dagbag.py:451} INFO - Filling up the DagBag from /home/airflow/.local/lib/python3.6/site-packages/airflow/example_dags/example_task_group.py
[2026-09-22 16:29:25,974] {scheduler_job.py:639} INFO - DAG(s) dict_keys(['example_task_group']) retrieved from /home/airflow/.local/lib/python3.6/site-packages/airflow/example_dags/example_task_group.py
[2026-09-22 16:29:26,031] {logging_mixin.py:104} INFO - [2026-09-22 16:29:26,030] {dag.py:1824} INFO - Sync 1 DAGs
[2026-09-22 16:29:26,069] {logging_mixin.py:104} INFO - [2026-09-22 16:29:26,068] {dag.py:2280} INFO - Setting next_dagrun for example_task_group to 2026-09-20 00:00:00+00:00
[2026-09-22 16:29:26,094] {scheduler_job.py:190} INFO - Processing /home/airflow/.local/lib/python3.6/site-packages/airflow/example_dags/example_task_group.py took 0.159 seconds
[2026-09-22 16:29:56,241] {scheduler_job.py:182} INFO - Started process (PID=273) to work on /home/airflow/.local/lib/python3.6/site-packages/airflow/example_dags/example_task_group.py
[2026-09-22 16:29:56,243] {scheduler_job.py:629} INFO - Processing file /home/airflow/.local/lib/python3.6/site-packages/airflow/example_dags/example_task_group.py for tasks to queue
[2026-09-22 16:29:56,244] {logging_mixin.py:104} INFO - [2026-09-22 16:29:56,244] {dagbag.py:451} INFO - Filling up the DagBag from /home/airflow/.local/lib/python3.6/site-packages/airflow/example_dags/example_task_group.py
[2026-09-22 16:29:56,262] {scheduler_job.py:639} INFO - DAG(s) dict_keys(['example_task_group']) retrieved from /home/airflow/.local/lib/python3.6/site-packages/airflow/example_dags/example_task_group.py
[2026-09-22 16:29:56,293] {logging_mixin.py:104} INFO - [2026-09-22 16:29:56,293] {dag.py:1824} INFO - Sync 1 DAGs
[2026-09-22 16:29:56,316] {logging_mixin.py:104} INFO - [2026-09-22 16:29:56,316] {dag.py:2280} INFO - Setting next_dagrun for example_task_group to 2026-09-20 00:00:00+00:00
[2026-09-22 16:29:56,331] {scheduler_job.py:190} INFO - Processing /home/airflow/.local/lib/python3.6/site-packages/airflow/example_dags/example_task_group.py took 0.094 seconds
[2026-09-22 16:30:27,152] {scheduler_job.py:182} INFO - Started process (PID=298) to work on /home/airflow/.local/lib/python3.6/site-packages/airflow/example_dags/example_task_group.py
[2026-09-22 16:30:27,153] {scheduler_job.py:629} INFO - Processing file /home/airflow/.local/lib/python3.6/site-packages/airflow/example_dags/example_task_group.py for tasks to queue
[2026-09-22 16:30:27,155] {logging_mixin.py:104} INFO - [2026-09-22 16:30:27,155] {dagbag.py:451} INFO - Filling up the DagBag from /home/airflow/.local/lib/python3.6/site-packages/airflow/example_dags/example_task_group.py
[2026-09-22 16:30:27,181] {scheduler_job.py:639} INFO - DAG(s) dict_keys(['example_task_group']) retrieved from /home/airflow/.local/lib/python3.6/site-packages/airflow/example_dags/example_task_group.py
[2026-09-22 16:30:27,217] {logging_mixin.py:104} INFO - [2026-09-22 16:30:27,217] {dag.py:1824} INFO - Sync 1 DAGs
[2026-09-22 16:30:27,241] {logging_mixin.py:104} INFO - [2026-09-22 16:30:27,241] {dag.py:2280} INFO - Setting next_dagrun for example_task_group to 2026-09-20 00:00:00+00:00
[2026-09-22 16:30:27,259] {scheduler_job.py:190} INFO - Processing /home/airflow/.local/lib/python3.6/site-packages/airflow/example_dags/example_task_group.py took 0.114 seconds
[2026-09-22 16:30:57,939] {scheduler_job.py:182} INFO - Started process (PID=324) to work on /home/airflow/.local/lib/python3.6/site-packages/airflow/example_dags/example_task_group.py
[2026-09-22 16:30:57,941] {scheduler_job.py:629} INFO - Processing file /home/airflow/.local/lib/python3.6/site-packages/airflow/example_dags/example_task_group.py for tasks to queue
[2026-09-22 16:30:57,942] {logging_mixin.py:104} INFO - [2026-09-22 16:30:57,942] {dagbag.py:451} INFO - Filling up the DagBag from /home/airflow/.local/lib/python3.6/site-packages/airflow/example_dags/example_task_group.py
[2026-09-22 16:30:57,967] {scheduler_job.py:639} INFO - DAG(s) dict_keys(['example_task_group']) retrieved from /home/airflow/.local/lib/python3.6/site-packages/airflow/example_dags/example_task_group.py
[2026-09-22 16:30:58,007] {logging_mixin.py:104} INFO - [2026-09-22 16:30:58,007] {dag.py:1824} INFO - Sync 1 DAGs
[2026-09-22 16:30:58,040] {logging_mixin.py:104} INFO - [2026-09-22 16:30:58,040] {dag.py:2280} INFO - Setting next_dagrun for example_task_group to 2026-09-20 00:00:00+00:00
[2026-09-22 16:30:58,059] {scheduler_job.py:190} INFO - Processing /home/airflow/.local/lib/python3.6/site-packages/airflow/example_dags/example_task_group.py took 0.126 seconds
[2026-09-22 16:31:28,875] {scheduler_job.py:182} INFO - Started process (PID=350) to work on /home/airflow/.local/lib/python3.6/site-packages/airflow/example_dags/example_task_group.py
[2026-09-22 16:31:28,879] {scheduler_job.py:629} INFO - Processing file /home/airflow/.local/lib/python3.6/site-packages/airflow/example_dags/example_task_group.py for tasks to queue
[2026-09-22 16:31:28,880] {logging_mixin.py:104} INFO - [2026-09-22 16:31:28,880] {dagbag.py:451} INFO - Filling up the DagBag from /home/airflow/.local/lib/python3.6/site-packages/airflow/example_dags/example_task_group.py
[2026-09-22 16:31:28,906] {scheduler_job.py:639} INFO - DAG(s) dict_keys(['example_task_group']) retrieved from /home/airflow/.local/lib/python3.6/site-packages/airflow/example_dags/example_task_group.py
[2026-09-22 16:31:28,945] {logging_mixin.py:104} INFO - [2026-09-22 16:31:28,945] {dag.py:1824} INFO - Sync 1 DAGs
[2026-09-22 16:31:28,975] {logging_mixin.py:104} INFO - [2026-09-22 16:31:28,975] {dag.py:2280} INFO - Setting next_dagrun for example_task_group to 2026-09-20 00:00:00+00:00
[2026-09-22 16:31:28,994] {scheduler_job.py:190} INFO - Processing /home/airflow/.local/lib/python3.6/site-packages/airflow/example_dags/example_task_group.py took 0.127 seconds
[2026-09-22 16:31:59,875] {scheduler_job.py:182} INFO - Started process (PID=378) to work on /home/airflow/.local/lib/python3.6/site-packages/airflow/example_dags/example_task_group.py
[2026-09-22 16:31:59,876] {scheduler_job.py:629} INFO - Processing file /home/airflow/.local/lib/python3.6/site-packages/airflow/example_dags/example_task_group.py for tasks to queue
[2026-09-22 16:31:59,877] {logging_mixin.py:104} INFO - [2026-09-22 16:31:59,877] {dagbag.py:451} INFO - Filling up the DagBag from /home/airflow/.local/lib/python3.6/site-packages/airflow/example_dags/example_task_group.py
[2026-09-22 16:31:59,894] {scheduler_job.py:639} INFO - DAG(s) dict_keys(['example_task_group']) retrieved from /home/airflow/.local/lib/python3.6/site-packages/airflow/example_dags/example_task_group.py
[2026-09-22 16:31:59,921] {logging_mixin.py:104} INFO - [2026-09-22 16:31:59,921] {dag.py:1824} INFO - Sync 1 DAGs
[2026-09-22 16:31:59,940] {logging_mixin.py:104} INFO - [2026-09-22 16:31:59,940] {dag.py:2280} INFO - Setting next_dagrun for example_task_group to 2026-09-20 00:00:00+00:00
[2026-09-22 16:31:59,951] {scheduler_job.py:190} INFO - Processing /home/airflow/.local/lib/python3.6/site-packages/airflow/example_dags/example_task_group.py took 0.080 seconds
[2026-09-22 16:32:30,132] {scheduler_job.py:182} INFO - Started process (PID=402) to work on /home/airflow/.local/lib/python3.6/site-packages/airflow/example_dags/example_task_group.py
[2026-09-22 16:32:30,134] {scheduler_job.py:629} INFO - Processing file /home/airflow/.local/lib/python3.6/site-packages/airflow/example_dags/example_task_group.py for tasks to queue
[2026-09-22 16:32:30,135] {logging_mixin.py:104} INFO - [2026-09-22 16:32:30,134] {dagbag.py:451} INFO - Filling up the DagBag from /home/airflow/.local/lib/python3.6/site-packages/airflow/example_dags/example_task_group.py
[2026-09-22 16:32:30,151] {scheduler_job.py:639} INFO - DAG(s) dict_keys(['example_task_group']) retrieved from /home/airflow/.local/lib/python3.6/site-packages/airflow/example_dags/example_task_group.py
[2026-09-22 16:32:30,178] {logging_mixin.py:104} INFO - [2026-09-22 16:32:30,178] {dag.py:1824} INFO - Sync 1 DAGs
[2026-09-22 16:32:30,208] {logging_mixin.py:104} INFO - [2026-09-22 16:32:30,208] {dag.py:2280} INFO - Setting next_dagrun for example_task_group to 2026-09-20 00:00:00+00:00
[2026-09-22 16:32:30,228] {scheduler_job.py:190} INFO - Processing /home/airflow/.local/lib/python3.6/site-packages/airflow/example_dags/example_task_group.py took 0.100 seconds
[2026-09-22 16:33:00,956] {scheduler_job.py:182} INFO - Started process (PID=430) to work on /home/airflow/.local/lib/python3.6/site-packages/airflow/example_dags/example_task_group.py
[2026-09-22 16:33:00,958] {scheduler_job.py:629} INFO - Processing file /home/airflow/.local/lib/python3.6/site-packages/airflow/example_dags/example_task_group.py for tasks to queue
[2026-09-22 16:33:00,959] {logging_mixin.py:104} INFO - [2026-09-22 16:33:00,959] {dagbag.py:451} INFO - Filling up the DagBag from /home/airflow/.local/lib/python3.6/site-packages/airflow/example_dags/example_task_group.py
[2026-09-22 16:33:00,983] {scheduler_job.py:639} INFO - DAG(s) dict_keys(['example_task_group']) retrieved from /home/airflow/.local/lib/python3.6/site-packages/airflow/example_dags/example_task_group.py
[2026-09-22 16:33:01,013] {logging_mixin.py:104} INFO - [2026-09-22 16:33:01,013] {dag.py:1824} INFO - Sync 1 DAGs
[2026-09-22 16:33:01,039] {logging_mixin.py:104} INFO - [2026-09-22 16:33:01,038] {dag.py:2280} INFO - Setting next_dagrun for example_task_group to 2026-09-20 00:00:00+00:00
[2026-09-22 16:33:01,056] {scheduler_job.py:190} INFO - Processing /home/airflow/.local/lib/python3.6/site-packages/airflow/example_dags/example_task_group.py took 0.105 seconds
[2026-09-22 16:33:31,942] {scheduler_job.py:182} INFO - Started process (PID=456) to work on /home/airflow/.local/lib/python3.6/site-packages/airflow/example_dags/example_task_group.py
[2026-09-22 16:33:31,944] {scheduler_job.py:629} INFO - Processing file /home/airflow/.local/lib/python3.6/site-packages/airflow/example_dags/example_task_group.py for tasks to queue
[2026-09-22 16:33:31,945] {logging_mixin.py:104} INFO - [2026-09-22 16:33:31,945] {dagbag.py:451} INFO - Filling up the DagBag from /home/airflow/.local/lib/python3.6/site-packages/airflow/example_dags/example_task_group.py
[2026-09-22 16:33:31,966] {scheduler_job.py:639} INFO - DAG(s) dict_keys(['example_task_group']) retrieved from /home/airflow/.local/lib/python3.6/site-packages/airflow/example_dags/example_task_group.py
[2026-09-22 16:33:31,995] {logging_mixin.py:104} INFO - [2026-09-22 16:33:31,995] {dag.py:1824} INFO - Sync 1 DAGs
[2026-09-22 16:33:32,018] {logging_mixin.py:104} INFO - [2026-09-22 16:33:32,018] {dag.py:2280} INFO - Setting next_dagrun for example_task_group to 2026-09-20 00:00:00+00:00
[2026-09-22 16:33:32,037] {scheduler_job.py:190} INFO - Processing /home/airflow/.local/lib/python3.6/site-packages/airflow/example_dags/example_task_group.py took 0.101 seconds
[2026-09-22 16:34:02,884] {scheduler_job.py:182} INFO - Started process (PID=482) to work on /home/airflow/.local/lib/python3.6/site-packages/airflow/example_dags/example_task_group.py
[2026-09-22 16:34:02,885] {scheduler_job.py:629} INFO - Processing file /home/airflow/.local/lib/python3.6/site-packages/airflow/example_dags/example_task_group.py for tasks to queue
[2026-09-22 16:34:02,886] {logging_mixin.py:104} INFO - [2026-09-22 16:34:02,886] {dagbag.py:451} INFO - Filling up the DagBag from /home/airflow/.local/lib/python3.6/site-packages/airflow/example_dags/example_task_group.py
[2026-09-22 16:34:02,901] {scheduler_job.py:639} INFO - DAG(s) dict_keys(['example_task_group']) retrieved from /home/airflow/.local/lib/python3.6/site-packages/airflow/example_dags/example_task_group.py
[2026-09-22 16:34:02,932] {logging_mixin.py:104} INFO - [2026-09-22 16:34:02,931] {dag.py:1824} INFO - Sync 1 DAGs
[2026-09-22 16:34:02,951] {logging_mixin.py:104} INFO - [2026-09-22 16:34:02,951] {dag.py:2280} INFO - Setting next_dagrun for example_task_group to 2026-09-20 00:00:00+00:00
[2026-09-22 16:34:02,972] {scheduler_job.py:190} INFO - Processing /home/airflow/.local/lib/python3.6/site-packages/airflow/example_dags/example_task_group.py took 0.091 seconds
[2026-09-22 16:34:33,558] {scheduler_job.py:182} INFO - Started process (PID=508) to work on /home/airflow/.local/lib/python3.6/site-packages/airflow/example_dags/example_task_group.py
[2026-09-22 16:34:33,559] {scheduler_job.py:629} INFO - Processing file /home/airflow/.local/lib/python3.6/site-packages/airflow/example_dags/example_task_group.py for tasks to queue
[2026-09-22 16:34:33,560] {logging_mixin.py:104} INFO - [2026-09-22 16:34:33,560] {dagbag.py:451} INFO - Filling up the DagBag from /home/airflow/.local/lib/python3.6/site-packages/airflow/example_dags/example_task_group.py
[2026-09-22 16:34:33,575] {scheduler_job.py:639} INFO - DAG(s) dict_keys(['example_task_group']) retrieved from /home/airflow/.local/lib/python3.6/site-packages/airflow/example_dags/example_task_group.py
[2026-09-22 16:34:33,607] {logging_mixin.py:104} INFO - [2026-09-22 16:34:33,607] {dag.py:1824} INFO - Sync 1 DAGs
[2026-09-22 16:34:33,628] {logging_mixin.py:104} INFO - [2026-09-22 16:34:33,628] {dag.py:2280} INFO - Setting next_dagrun for example_task_group to 2026-09-20 00:00:00+00:00
[2026-09-22 16:34:33,647] {scheduler_job.py:190} INFO - Processing /home/airflow/.local/lib/python3.6/site-packages/airflow/example_dags/example_task_group.py took 0.093 seconds
[2026-09-22 16:35:04,167] {scheduler_job.py:182} INFO - Started process (PID=534) to work on /home/airflow/.local/lib/python3.6/site-packages/airflow/example_dags/example_task_group.py
[2026-09-22 16:35:04,169] {scheduler_job.py:629} INFO - Processing file /home/airflow/.local/lib/python3.6/site-packages/airflow/example_dags/example_task_group.py for tasks to queue
[2026-09-22 16:35:04,169] {logging_mixin.py:104} INFO - [2026-09-22 16:35:04,169] {dagbag.py:451} INFO - Filling up the DagBag from /home/airflow/.local/lib/python3.6/site-packages/airflow/example_dags/example_task_group.py
[2026-09-22 16:35:04,188] {scheduler_job.py:639} INFO - DAG(s) dict_keys(['example_task_group']) retrieved from /home/airflow/.local/lib/python3.6/site-packages/airflow/example_dags/example_task_group.py
[2026-09-22 16:35:04,213] {logging_mixin.py:104} INFO - [2026-09-22 16:35:04,213] {dag.py:1824} INFO - Sync 1 DAGs
[2026-09-22 16:35:04,232] {logging_mixin.py:104} INFO - [2026-09-22 16:35:04,232] {dag.py:2280} INFO - Setting next_dagrun for example_task_group to 2026-09-20 00:00:00+00:00
[2026-09-22 16:35:04,250] {scheduler_job.py:190} INFO - Processing /home/airflow/.local/lib/python3.6/site-packages/airflow/example_dags/example_task_group.py took 0.086 seconds
[2026-09-22 16:35:34,688] {scheduler_job.py:182} INFO - Started process (PID=558) to work on /home/airflow/.local/lib/python3.6/site-packages/airflow/example_dags/example_task_group.py
[2026-09-22 16:35:34,690] {scheduler_job.py:629} INFO - Processing file /home/airflow/.local/lib/python3.6/site-packages/airflow/example_dags/example_task_group.py for tasks to queue
[2026-09-22 16:35:34,690] {logging_mixin.py:104} INFO - [2026-09-22 16:35:34,690] {dagbag.py:451} INFO - Filling up the DagBag from /home/airflow/.local/lib/python3.6/site-packages/airflow/example_dags/example_task_group.py
[2026-09-22 16:35:34,705] {scheduler_job.py:639} INFO - DAG(s) dict_keys(['example_task_group']) retrieved from /home/airflow/.local/lib/python3.6/site-packages/airflow/example_dags/example_task_group.py
[2026-09-22 16:35:34,730] {logging_mixin.py:104} INFO - [2026-09-22 16:35:34,730] {dag.py:1824} INFO - Sync 1 DAGs
[2026-09-22 16:35:34,751] {logging_mixin.py:104} INFO - [2026-09-22 16:35:34,750] {dag.py:2280} INFO - Setting next_dagrun for example_task_group to 2026-09-20 00:00:00+00:00
[2026-09-22 16:35:34,766] {scheduler_job.py:190} INFO - Processing /home/airflow/.local/lib/python3.6/site-packages/airflow/example_dags/example_task_group.py took 0.081 seconds
[2026-09-22 16:36:05,397] {scheduler_job.py:182} INFO - Started process (PID=584) to work on /home/airflow/.local/lib/python3.6/site-packages/airflow/example_dags/example_task_group.py
[2026-09-22 16:36:05,399] {scheduler_job.py:629} INFO - Processing file /home/airflow/.local/lib/python3.6/site-packages/airflow/example_dags/example_task_group.py for tasks to queue
[2026-09-22 16:36:05,399] {logging_mixin.py:104} INFO - [2026-09-22 16:36:05,399] {dagbag.py:451} INFO - Filling up the DagBag from /home/airflow/.local/lib/python3.6/site-packages/airflow/example_dags/example_task_group.py
[2026-09-22 16:36:05,414] {scheduler_job.py:639} INFO - DAG(s) dict_keys(['example_task_group']) retrieved from /home/airflow/.local/lib/python3.6/site-packages/airflow/example_dags/example_task_group.py
[2026-09-22 16:36:05,440] {logging_mixin.py:104} INFO - [2026-09-22 16:36:05,440] {dag.py:1824} INFO - Sync 1 DAGs
[2026-09-22 16:36:05,462] {logging_mixin.py:104} INFO - [2026-09-22 16:36:05,462] {dag.py:2280} INFO - Setting next_dagrun for example_task_group to 2026-09-20 00:00:00+00:00
[2026-09-22 16:36:05,478] {scheduler_job.py:190} INFO - Processing /home/airflow/.local/lib/python3.6/site-packages/airflow/example_dags/example_task_group.py took 0.085 seconds
[2026-09-22 16:36:36,059] {scheduler_job.py:182} INFO - Started process (PID=610) to work on /home/airflow/.local/lib/python3.6/site-packages/airflow/example_dags/example_task_group.py
[2026-09-22 16:36:36,061] {scheduler_job.py:629} INFO - Processing file /home/airflow/.local/lib/python3.6/site-packages/airflow/example_dags/example_task_group.py for tasks to queue
[2026-09-22 16:36:36,062] {logging_mixin.py:104} INFO - [2026-09-22 16:36:36,062] {dagbag.py:451} INFO - Filling up the DagBag from /home/airflow/.local/lib/python3.6/site-packages/airflow/example_dags/example_task_group.py
[2026-09-22 16:36:36,092] {scheduler_job.py:639} INFO - DAG(s) dict_keys(['example_task_group']) retrieved from /home/airflow/.local/lib/python3.6/site-packages/airflow/example_dags/example_task_group.py
[2026-09-22 16:36:36,135] {logging_mixin.py:104} INFO - [2026-09-22 16:36:36,135] {dag.py:1824} INFO - Sync 1 DAGs
[2026-09-22 16:36:36,168] {logging_mixin.py:104} INFO - [2026-09-22 16:36:36,168] {dag.py:2280} INFO - Setting next_dagrun for example_task_group to 2026-09-20 00:00:00+00:00
[2026-09-22 16:36:36,188] {scheduler_job.py:190} INFO - Processing /home/airflow/.local/lib/python3.6/site-packages/airflow/example_dags/example_task_group.py took 0.134 seconds
[2026-09-22 16:37:07,203] {scheduler_job.py:182} INFO - Started process (PID=638) to work on /home/airflow/.local/lib/python3.6/site-packages/airflow/example_dags/example_task_group.py
[2026-09-22 16:37:07,205] {scheduler_job.py:629} INFO - Processing file /home/airflow/.local/lib/python3.6/site-packages/airflow/example_dags/example_task_group.py for tasks to queue
[2026-09-22 16:37:07,205] {logging_mixin.py:104} INFO - [2026-09-22 16:37:07,205] {dagbag.py:451} INFO - Filling up the DagBag from /home/airflow/.local/lib/python3.6/site-packages/airflow/example_dags/example_task_group.py
[2026-09-22 16:37:07,220] {scheduler_job.py:639} INFO - DAG(s) dict_keys(['example_task_group']) retrieved from /home/airflow/.local/lib/python3.6/site-packages/airflow/example_dags/example_task_group.py
[2026-09-22 16:37:07,244] {logging_mixin.py:104} INFO - [2026-09-22 16:37:07,243] {dag.py:1824} INFO - Sync 1 DAGs
[2026-09-22 16:37:07,262] {logging_mixin.py:104} INFO - [2026-09-22 16:37:07,262] {dag.py:2280} INFO - Setting next_dagrun for example_task_group to 2026-09-20 00:00:00+00:00
[2026-09-22 16:37:07,278] {scheduler_job.py:190} INFO - Processing /home/airflow/.local/lib/python3.6/site-packages/airflow/example_dags/example_task_group.py took 0.079 seconds
[2026-09-22 16:37:37,773] {scheduler_job.py:182} INFO - Started process (PID=662) to work on /home/airflow/.local/lib/python3.6/site-packages/airflow/example_dags/example_task_group.py
[2026-09-22 16:37:37,779] {scheduler_job.py:629} INFO - Processing file /home/airflow/.local/lib/python3.6/site-packages/airflow/example_dags/example_task_group.py for tasks to queue
[2026-09-22 16:37:37,780] {logging_mixin.py:104} INFO - [2026-09-22 16:37:37,780] {dagbag.py:451} INFO - Filling up the DagBag from /home/airflow/.local/lib/python3.6/site-packages/airflow/example_dags/example_task_group.py
[2026-09-22 16:37:37,795] {scheduler_job.py:639} INFO - DAG(s) dict_keys(['example_task_group']) retrieved from /home/airflow/.local/lib/python3.6/site-packages/airflow/example_dags/example_task_group.py
[2026-09-22 16:37:37,825] {logging_mixin.py:104} INFO - [2026-09-22 16:37:37,825] {dag.py:1824} INFO - Sync 1 DAGs
[2026-09-22 16:37:37,848] {logging_mixin.py:104} INFO - [2026-09-22 16:37:37,848] {dag.py:2280} INFO - Setting next_dagrun for example_task_group to 2026-09-20 00:00:00+00:00
[2026-09-22 16:37:37,864] {scheduler_job.py:190} INFO - Processing /home/airflow/.local/lib/python3.6/site-packages/airflow/example_dags/example_task_group.py took 0.094 seconds
[2026-09-22 16:38:08,389] {scheduler_job.py:182} INFO - Started process (PID=688) to work on /home/airflow/.local/lib/python3.6/site-packages/airflow/example_dags/example_task_group.py
[2026-09-22 16:38:08,391] {scheduler_job.py:629} INFO - Processing file /home/airflow/.local/lib/python3.6/site-packages/airflow/example_dags/example_task_group.py for tasks to queue
[2026-09-22 16:38:08,392] {logging_mixin.py:104} INFO - [2026-09-22 16:38:08,391] {dagbag.py:451} INFO - Filling up the DagBag from /home/airflow/.local/lib/python3.6/site-packages/airflow/example_dags/example_task_group.py
[2026-09-22 16:38:08,407] {scheduler_job.py:639} INFO - DAG(s) dict_keys(['example_task_group']) retrieved from /home/airflow/.local/lib/python3.6/site-packages/airflow/example_dags/example_task_group.py
[2026-09-22 16:38:08,433] {logging_mixin.py:104} INFO - [2026-09-22 16:38:08,433] {dag.py:1824} INFO - Sync 1 DAGs
[2026-09-22 16:38:08,452] {logging_mixin.py:104} INFO - [2026-09-22 16:38:08,452] {dag.py:2280} INFO - Setting next_dagrun for example_task_group to 2026-09-20 00:00:00+00:00
[2026-09-22 16:38:08,467] {scheduler_job.py:190} INFO - Processing /home/airflow/.local/lib/python3.6/site-packages/airflow/example_dags/example_task_group.py took 0.083 seconds
[2026-09-22 16:38:39,069] {scheduler_job.py:182} INFO - Started process (PID=714) to work on /home/airflow/.local/lib/python3.6/site-packages/airflow/example_dags/example_task_group.py
[2026-09-22 16:38:39,074] {scheduler_job.py:629} INFO - Processing file /home/airflow/.local/lib/python3.6/site-packages/airflow/example_dags/example_task_group.py for tasks to queue
[2026-09-22 16:38:39,075] {logging_mixin.py:104} INFO - [2026-09-22 16:38:39,075] {dagbag.py:451} INFO - Filling up the DagBag from /home/airflow/.local/lib/python3.6/site-packages/airflow/example_dags/example_task_group.py
[2026-09-22 16:38:39,093] {scheduler_job.py:639} INFO - DAG(s) dict_keys(['example_task_group']) retrieved from /home/airflow/.local/lib/python3.6/site-packages/airflow/example_dags/example_task_group.py
[2026-09-22 16:38:39,123] {logging_mixin.py:104} INFO - [2026-09-22 16:38:39,123] {dag.py:1824} INFO - Sync 1 DAGs
[2026-09-22 16:38:39,143] {logging_mixin.py:104} INFO - [2026-09-22 16:38:39,143] {dag.py:2280} INFO - Setting next_dagrun for example_task_group to 2026-09-20 00:00:00+00:00
[2026-09-22 16:38:39,166] {scheduler_job.py:190} INFO - Processing /home/airflow/.local/lib/python3.6/site-packages/airflow/example_dags/example_task_group.py took 0.102 seconds
[2026-09-22 16:39:09,885] {scheduler_job.py:182} INFO - Started process (PID=740) to work on /home/airflow/.local/lib/python3.6/site-packages/airflow/example_dags/example_task_group.py
[2026-09-22 16:39:09,887] {scheduler_job.py:629} INFO - Processing file /home/airflow/.local/lib/python3.6/site-packages/airflow/example_dags/example_task_group.py for tasks to queue
[2026-09-22 16:39:09,888] {logging_mixin.py:104} INFO - [2026-09-22 16:39:09,887] {dagbag.py:451} INFO - Filling up the DagBag from /home/airflow/.local/lib/python3.6/site-packages/airflow/example_dags/example_task_group.py
[2026-09-22 16:39:09,907] {scheduler_job.py:639} INFO - DAG(s) dict_keys(['example_task_group']) retrieved from /home/airflow/.local/lib/python3.6/site-packages/airflow/example_dags/example_task_group.py
[2026-09-22 16:39:09,939] {logging_mixin.py:104} INFO - [2026-09-22 16:39:09,938] {dag.py:1824} INFO - Sync 1 DAGs
[2026-09-22 16:39:09,961] {logging_mixin.py:104} INFO - [2026-09-22 16:39:09,960] {dag.py:2280} INFO - Setting next_dagrun for example_task_group to 2026-09-20 00:00:00+00:00
[2026-09-22 16:39:09,978] {scheduler_job.py:190} INFO - Processing /home/airflow/.local/lib/python3.6/site-packages/airflow/example_dags/example_task_group.py took 0.097 seconds
[2026-09-22 16:39:40,632] {scheduler_job.py:182} INFO - Started process (PID=766) to work on /home/airflow/.local/lib/python3.6/site-packages/airflow/example_dags/example_task_group.py
[2026-09-22 16:39:40,634] {scheduler_job.py:629} INFO - Processing file /home/airflow/.local/lib/python3.6/site-packages/airflow/example_dags/example_task_group.py for tasks to queue
[2026-09-22 16:39:40,635] {logging_mixin.py:104} INFO - [2026-09-22 16:39:40,635] {dagbag.py:451} INFO - Filling up the DagBag from /home/airflow/.local/lib/python3.6/site-packages/airflow/example_dags/example_task_group.py
[2026-09-22 16:39:40,667] {scheduler_job.py:639} INFO - DAG(s) dict_keys(['example_task_group']) retrieved from /home/airflow/.local/lib/python3.6/site-packages/airflow/example_dags/example_task_group.py
[2026-09-22 16:39:40,706] {logging_mixin.py:104} INFO - [2026-09-22 16:39:40,706] {dag.py:1824} INFO - Sync 1 DAGs
[2026-09-22 16:39:40,730] {logging_mixin.py:104} INFO - [2026-09-22 16:39:40,729] {dag.py:2280} INFO - Setting next_dagrun for example_task_group to 2026-09-20 00:00:00+00:00
[2026-09-22 16:39:40,748] {scheduler_job.py:190} INFO - Processing /home/airflow/.local/lib/python3.6/site-packages/airflow/example_dags/example_task_group.py took 0.125 seconds
[2026-09-22 16:40:11,423] {scheduler_job.py:182} INFO - Started process (PID=792) to work on /home/airflow/.local/lib/python3.6/site-packages/airflow/example_dags/example_task_group.py
[2026-09-22 16:40:11,428] {scheduler_job.py:629} INFO - Processing file /home/airflow/.local/lib/python3.6/site-packages/airflow/example_dags/example_task_group.py for tasks to queue
[2026-09-22 16:40:11,429] {logging_mixin.py:104} INFO - [2026-09-22 16:40:11,429] {dagbag.py:451} INFO - Filling up the DagBag from /home/airflow/.local/lib/python3.6/site-packages/airflow/example_dags/example_task_group.py
[2026-09-22 16:40:11,446] {scheduler_job.py:639} INFO - DAG(s) dict_keys(['example_task_group']) retrieved from /home/airflow/.local/lib/python3.6/site-packages/airflow/example_dags/example_task_group.py
[2026-09-22 16:40:11,475] {logging_mixin.py:104} INFO - [2026-09-22 16:40:11,474] {dag.py:1824} INFO - Sync 1 DAGs
[2026-09-22 16:40:11,496] {logging_mixin.py:104} INFO - [2026-09-22 16:40:11,496] {dag.py:2280} INFO - Setting next_dagrun for example_task_group to 2026-09-20 00:00:00+00:00
[2026-09-22 16:40:11,513] {scheduler_job.py:190} INFO - Processing /home/airflow/.local/lib/python3.6/site-packages/airflow/example_dags/example_task_group.py took 0.094 seconds
[2026-09-22 16:40:42,421] {scheduler_job.py:182} INFO - Started process (PID=820) to work on /home/airflow/.local/lib/python3.6/site-packages/airflow/example_dags/example_task_group.py
[2026-09-22 16:40:42,423] {scheduler_job.py:629} INFO - Processing file /home/airflow/.local/lib/python3.6/site-packages/airflow/example_dags/example_task_group.py for tasks to queue
[2026-09-22 16:40:42,423] {logging_mixin.py:104} INFO - [2026-09-22 16:40:42,423] {dagbag.py:451} INFO - Filling up the DagBag from /home/airflow/.local/lib/python3.6/site-packages/airflow/example_dags/example_task_group.py
[2026-09-22 16:40:42,440] {scheduler_job.py:639} INFO - DAG(s) dict_keys(['example_task_group']) retrieved from /home/airflow/.local/lib/python3.6/site-packages/airflow/example_dags/example_task_group.py
[2026-09-22 16:40:42,464] {logging_mixin.py:104} INFO - [2026-09-22 16:40:42,464] {dag.py:1824} INFO - Sync 1 DAGs
[2026-09-22 16:40:42,482] {logging_mixin.py:104} INFO - [2026-09-22 16:40:42,482] {dag.py:2280} INFO - Setting next_dagrun for example_task_group to 2026-09-20 00:00:00+00:00
[2026-09-22 16:40:42,497] {scheduler_job.py:190} INFO - Processing /home/airflow/.local/lib/python3.6/site-packages/airflow/example_dags/example_task_group.py took 0.080 seconds
[2026-09-22 16:41:13,063] {scheduler_job.py:182} INFO - Started process (PID=844) to work on /home/airflow/.local/lib/python3.6/site-packages/airflow/example_dags/example_task_group.py
[2026-09-22 16:41:13,065] {scheduler_job.py:629} INFO - Processing file /home/airflow/.local/lib/python3.6/site-packages/airflow/example_dags/example_task_group.py for tasks to queue
[2026-09-22 16:41:13,066] {logging_mixin.py:104} INFO - [2026-09-22 16:41:13,066] {dagbag.py:451} INFO - Filling up the DagBag from /home/airflow/.local/lib/python3.6/site-packages/airflow/example_dags/example_task_group.py
[2026-09-22 16:41:13,093] {scheduler_job.py:639} INFO - DAG(s) dict_keys(['example_task_group']) retrieved from /home/airflow/.local/lib/python3.6/site-packages/airflow/example_dags/example_task_group.py
[2026-09-22 16:41:13,131] {logging_mixin.py:104} INFO - [2026-09-22 16:41:13,130] {dag.py:1824} INFO - Sync 1 DAGs
[2026-09-22 16:41:13,159] {logging_mixin.py:104} INFO - [2026-09-22 16:41:13,159] {dag.py:2280} INFO - Setting next_dagrun for example_task_group to 2026-09-20 00:00:00+00:00
[2026-09-22 16:41:13,182] {scheduler_job.py:190} INFO - Processing /home/airflow/.local/lib/python3.6/site-packages/airflow/example_dags/example_task_group.py took 0.125 seconds
[2026-09-22 16:41:43,655] {scheduler_job.py:182} INFO - Started process (PID=870) to work on /home/airflow/.local/lib/python3.6/site-packages/airflow/example_dags/example_task_group.py
[2026-09-22 16:41:43,657] {scheduler_job.py:629} INFO - Processing file /home/airflow/.local/lib/python3.6/site-packages/airflow/example_dags/example_task_group.py for tasks to queue
[2026-09-22 16:41:43,658] {logging_mixin.py:104} INFO - [2026-09-22 16:41:43,658] {dagbag.py:451} INFO - Filling up the DagBag from /home/airflow/.local/lib/python3.6/site-packages/airflow/example_dags/example_task_group.py
[2026-09-22 16:41:43,706] {scheduler_job.py:639} INFO - DAG(s) dict_keys(['example_task_group']) retrieved from /home/airflow/.local/lib/python3.6/site-packages/airflow/example_dags/example_task_group.py
[2026-09-22 16:41:43,755] {logging_mixin.py:104} INFO - [2026-09-22 16:41:43,754] {dag.py:1824} INFO - Sync 1 DAGs
[2026-09-22 16:41:43,802] {logging_mixin.py:104} INFO - [2026-09-22 16:41:43,802] {dag.py:2280} INFO - Setting next_dagrun for example_task_group to 2026-09-20 00:00:00+00:00
[2026-09-22 16:41:43,832] {scheduler_job.py:190} INFO - Processing /home/airflow/.local/lib/python3.6/site-packages/airflow/example_dags/example_task_group.py took 0.185 seconds
