[2026-09-22 16:25:21,405] {scheduler_job.py:182} INFO - Started process (PID=51) to work on /home/airflow/.local/lib/python3.6/site-packages/airflow/example_dags/tutorial_etl_dag.py
[2026-09-22 16:25:21,407] {scheduler_job.py:629} INFO - Processing file /home/airflow/.local/lib/python3.6/site-packages/airflow/example_dags/tutorial_etl_dag.py for tasks to queue
[2026-09-22 16:25:21,408] {logging_mixin.py:104} INFO - [2026-09-22 16:25:21,408] {dagbag.py:451} INFO - Filling up the DagBag from /home/airflow/.local/lib/python3.6/site-packages/airflow/example_dags/tutorial_etl_dag.py
[2026-09-22 16:25:21,432] {scheduler_job.py:639} INFO - DAG(s) dict_keys(['tutorial_etl_dag']) retrieved from /home/airflow/.local/lib/python3.6/site-packages/airflow/example_dags/tutorial_etl_dag.py
[2026-09-22 16:25:21,486] {logging_mixin.py:104} INFO - [2026-09-22 16:25:21,486] {dag.py:1824} INFO - Sync 1 DAGs
[2026-09-22 16:25:21,517] {logging_mixin.py:104} INFO - [2026-09-22 16:25:21,516] {dag.py:2280} INFO - Setting next_dagrun for tutorial_etl_dag to None
[2026-09-22 16:25:21,554] {scheduler_job.py:190} INFO - Processing /home/airflow/.local/lib/python3.6/site-packages/airflow/example_dags/tutorial_etl_dag.py took 0.155 seconds
[2026-09-22 16:25:51,633] {scheduler_job.py:182} INFO - Started process (PID=77) to work on /home/airflow/.local/lib/python3.6/site-packages/airflow/example_dags/tutorial_etl_dag.py
[2026-09-22 16:25:51,635] {scheduler_job.py:629} INFO - Processing file /home/airflow/.local/lib/python3.6/site-packages/airflow/example_dags/tutorial_etl_dag.py for tasks to queue
[2026-09-22 16:25:51,636] {logging_mixin.py:104} INFO - [2026-09-22 16:25:51,636] {dagbag.py:451} INFO - Filling up the DagBag from /home/airflow/.local/lib/python3.6/site-packages/airflow/example_dags/tutorial_etl_dag.py
[2026-09-22 16:25:51,661] {scheduler_job.py:639} INFO - DAG(s) dict_keys(['tutorial_etl_dag']) retrieved from /home/airflow/.local/lib/python3.6/site-packages/airflow/example_dags/tutorial_etl_dag.py
[2026-09-22 16:25:51,695] {logging_mixin.py:104} INFO - [2026-09-22 16:25:51,695] {dag.py:1824} INFO - Sync 1 DAGs
[2026-09-22 16:25:51,727] {logging_mixin.py:104} INFO - [2026-09-22 16:25:51,726] {dag.py:2280} INFO - Setting next_dagrun for tutorial_etl_dag to None
[2026-09-22 16:25:51,750] {scheduler_job.py:190} INFO - Processing /home/airflow/.local/lib/python3.6/site-packages/airflow/example_dags/tutorial_etl_dag.py took 0.123 seconds
[2026-09-22 16:26:22,406] {scheduler_job.py:182} INFO - Started process (PID=105) to work on /home/airflow/.local/lib/python3.6/site-packages/airflow/example_dags/tutorial_etl_dag.py
[2026-09-22 16:26:22,407] {scheduler_job.py:629} INFO - Processing file /home/airflow/.local/lib/python3.6/site-packages/airflow/example_dags/tutorial_etl_dag.py for tasks to queue
[2026-09-22 16:26:22,408] {logging_mixin.py:104} INFO - [2026-09-22 16:26:22,408] {dagbag.py:451} INFO - Filling up the DagBag from /home/airflow/.local/lib/python3.6/site-packages/airflow/example_dags/tutorial_etl_dag.py
[2026-09-22 16:26:22,429] {scheduler_job.py:639} INFO - DAG(s) dict_keys(['tutorial_etl_dag']) retrieved from /home/airflow/.local/lib/python3.6/site-packages/airflow/example_dags/tutorial_etl_dag.py
[2026-09-22 16:26:22,463] {logging_mixin.py:104} INFO - [2026-09-22 16:26:22,463] {dag.py:1824} INFO - Sync 1 DAGs
[2026-09-22 16:26:22,490] {logging_mixin.py:104} INFO - [2026-09-22 16:26:22,490] {dag.py:2280} INFO - Setting next_dagrun for tutorial_etl_dag to None
[2026-09-22 16:26:22,507] {scheduler_job.py:190} INFO - Processing /home/airflow/.local/lib/python3.6/site-packages/airflow/example_dags/tutorial_etl_dag.py took 0.106 seconds
[2026-09-22 16:26:53,113] {scheduler_job.py:182} INFO - Started process (PID=127) to work on /home/airflow/.local/lib/python3.6/site-packages/airflow/example_dags/tutorial_etl_dag.py
[2026-09-22 16:26:53,114] {scheduler_job.py:629} INFO - Processing file /home/airflow/.local/lib/python3.6/site-packages/airflow/example_dags/tutorial_etl_dag.py for tasks to queue
[2026-09-22 16:26:53,115] {logging_mixin.py:104} INFO - [2026-09-22 16:26:53,115] {dagbag.py:451} INFO - Filling up the DagBag from /home/airflow/.local/lib/python3.6/site-packages/airflow/example_dags/tutorial_etl_dag.py
[2026-09-22 16:26:53,141] {scheduler_job.py:639} INFO - DAG(s) dict_keys(['tutorial_etl_dag']) retrieved from /home/airflow/.local/lib/python3.6/site-packages/airflow/example_dags/tutorial_etl_dag.py
[2026-09-22 16:26:53,178] {logging_mixin.py:104} INFO - [2026-09-22 16:26:53,177] {dag.py:1824} INFO - Sync 1 DAGs
[2026-09-22 16:26:53,205] {logging_mixin.py:104} INFO - [2026-09-22 16:26:53,205] {dag.py:2280} INFO - Setting next_dagrun for tutorial_etl_dag to None
[2026-09-22 16:26:53,228] {scheduler_job.py:190} INFO - Processing /home/airflow/.local/lib/python3.6/site-packages/airflow/example_dags/tutorial_etl_dag.py took 0.120 seconds
[2026-09-22 16:27:24,066] {scheduler_job.py:182} INFO - Started process (PID=157) to work on /home/airflow/.local/lib/python3.6/site-packages/airflow/example_dags/tutorial_etl_dag.py
[2026-09-22 16:27:24,067] {scheduler_job.py:629} INFO - Processing file /home/airflow/.local/lib/python3.6/site-packages/airflow/example_dags/tutorial_etl_dag.py for tasks to queue
[2026-09-22 16:27:24,068] {logging_mixin.py:104} INFO - [2026-09-22 16:27:24,068] {dagbag.py:451} INFO - Filling up the DagBag from /home/airflow/.local/lib/python3.6/site-packages/airflow/example_dags/tutorial_etl_dag.py
[2026-09-22 16:27:24,087] {scheduler_job.py:639} INFO - DAG(s) dict_keys(['tutorial_etl_dag']) retrieved from /home/airflow/.local/lib/python3.6/site-packages/airflow/example_dags/tutorial_etl_dag.py
[2026-09-22 16:27:24,118] {logging_mixin.py:104} INFO - [2026-09-22 16:27:24,118] {dag.py:1824} INFO - Sync 1 DAGs
[2026-09-22 16:27:24,150] {logging_mixin.py:104} INFO - [2026-09-22 16:27:24,150] {dag.py:2280} INFO - Setting next_dagrun for tutorial_etl_dag to None
[2026-09-22 16:27:24,170] {scheduler_job.py:190} INFO - Processing /home/airflow/.local/lib/python3.6/site-packages/airflow/example_dags/tutorial_etl_dag.py took 0.109 seconds
[2026-09-22 16:27:54,818] {scheduler_job.py:182} INFO - Started process (PID=183) to work on /home/airflow/.local/lib/python3.6/site-packages/airflow/example_dags/tutorial_etl_dag.py
[2026-09-22 16:27:54,820] {scheduler_job.py:629} INFO - Processing file /home/airflow/.local/lib/python3.6/site-packages/airflow/example_dags/tutorial_etl_dag.py for tasks to queue
[2026-09-22 16:27:54,821] {logging_mixin.py:104} INFO - [2026-09-22 16:27:54,821] {dagbag.py:451} INFO - Filling up the DagBag from /home/airflow/.local/lib/python3.6/site-packages/airflow/example_dags/tutorial_etl_dag.py
[2026-09-22 16:27:54,836] {scheduler_job.py:639} INFO - DAG(s) dict_keys(['tutorial_etl_dag']) retrieved from /home/airflow/.local/lib/python3.6/site-packages/airflow/example_dags/tutorial_etl_dag.py
[2026-09-22 16:27:54,871] {logging_mixin.py:104} INFO - [2026-09-22 16:27:54,871] {dag.py:1824} INFO - Sync 1 DAGs
[2026-09-22 16:27:54,902] {logging_mixin.py:104} INFO - [2026-09-22 16:27:54,902] {dag.py:2280} INFO - Setting next_dagrun for tutorial_etl_dag to None
[2026-09-22 16:27:54,925] {scheduler_job.py:190} INFO - Processing /home/airflow/.local/lib/python3.6/site-packages/airflow/example_dags/tutorial_etl_dag.py took 0.111 seconds
[2026-09-22 16:28:25,406] {scheduler_job.py:182} INFO - Started process (PID=204) to work on /home/airflow/.local/lib/python3.6/site-packages/airflow/example_dags/tutorial_etl_dag.py
[2026-09-22 16:28:25,408] {scheduler_job.py:629} INFO - Processing file /home/airflow/.local/lib/python3.6/site-packages/airflow/example_dags/tutorial_etl_dag.py for tasks to queue
[2026-09-22 16:28:25,408] {logging_mixin.py:104} INFO - [2026-09-22 16:28:25,408] {dagbag.py:451} INFO - Filling up the DagBag from /home/airflow/.local/lib/python3.6/site-packages/airflow/example_dags/tutorial_etl_dag.py
[2026-09-22 16:28:25,425] {scheduler_job.py:639} INFO - DAG(s) dict_keys(['tutorial_etl_dag']) retrieved from /home/airflow/.local/lib/python3.6/site-packages/airflow/example_dags/tutorial_etl_dag.py
[2026-09-22 16:28:25,452] {logging_mixin.py:104} INFO - [2026-09-22 16:28:25,452] {dag.py:1824} INFO - Sync 1 DAGs
[2026-09-22 16:28:25,477] {logging_mixin.py:104} INFO - [2026-09-22 16:28:25,476] {dag.py:2280} INFO - Setting next_dagrun for tutorial_etl_dag to None
[2026-09-22 16:28:25,497] {scheduler_job.py:190} INFO - Processing /home/airflow/.local/lib/python3.6/site-packages/airflow/example_dags/tutorial_etl_dag.py took 0.096 seconds
[2026-09-22 16:28:56,239] {scheduler_job.py:182} INFO - Started process (PID=234) to work on /home/airflow/.local/lib/python3.6/site-packages/airflow/example_dags/tutorial_etl_dag.py
[2026-09-22 16:28:56,241] {scheduler_job.py:629} INFO - Processing file /home/airflow/.local/lib/python3.6/site-packages/airflow/example_dags/tutorial_etl_dag.py for tasks to queue
[2026-09-22 16:28:56,241] {logging_mixin.py:104} INFO - [2026-09-22 16:28:56,241] {dagbag.py:451} INFO - Filling up the DagBag from /home/airflow/.local/lib/python3.6/site-packages/airflow/example_dags/tutorial_etl_dag.py
[2026-09-22 16:28:56,258] {scheduler_job.py:639} INFO - DAG(s) dict_keys(['tutorial_etl_dag']) retrieved from /home/airflow/.local/lib/python3.6/site-packages/airflow/example_dags/tutorial_etl_dag.py
[2026-09-22 16:28:56,282] {logging_mixin.py:104} INFO - [2026-09-22 16:28:56,281] {dag.py:1824} INFO - Sync 1 DAGs
[2026-09-22 16:28:56,302] {logging_mixin.py:104} INFO - [2026-09-22 16:28:56,301] {dag.py:2280} INFO - Setting next_dagrun for tutorial_etl_dag to None
[2026-09-22 16:28:56,316] {scheduler_job.py:190} INFO - Processing /home/airflow/.local/lib/python3.6/site-packages/airflow/example_dags/tutorial_etl_dag.py took 0.081 seconds
[2026-09-22 16:29:26,794] {scheduler_job.py:182} INFO - Started process (PID=255) to work on /home/airflow/.local/lib/python3.6/site-packages/airflow/example_dags/tutorial_etl_dag.py
[2026-09-22 16:29:26,796] {scheduler_job.py:629} INFO - Processing file /home/airflow/.local/lib/python3.6/site-packages/airflow/example_dags/tutorial_etl_dag.py for tasks to queue
[2026-09-22 16:29:26,797] {logging_mixin.py:104} INFO - [2026-09-22 16:29:26,797] {dagbag.py:451} INFO - Filling up the DagBag from /home/airflow/.local/lib/python3.6/site-packages/airflow/example_dags/tutorial_etl_dag.py
[2026-09-22 16:29:26,821] {scheduler_job.py:639} INFO - DAG(s) dict_keys(['tutorial_etl_dag']) retrieved from /home/airflow/.local/lib/python3.6/site-packages/airflow/example_dags/tutorial_etl_dag.py
[2026-09-22 16:29:26,855] {logging_mixin.py:104} INFO - [2026-09-22 16:29:26,855] {dag.py:1824} INFO - Sync 1 DAGs
[2026-09-22 16:29:26,879] {logging_mixin.py:104} INFO - [2026-09-22 16:29:26,879] {dag.py:2280} INFO - Setting next_dagrun for tutorial_etl_dag to None
[2026-09-22 16:29:26,897] {scheduler_job.py:190} INFO - Processing /home/airflow/.local/lib/python3.6/site-packages/airflow/example_dags/tutorial_etl_dag.py took 0.110 seconds
[2026-09-22 16:29:57,012] {scheduler_job.py:182} INFO - Started process (PID=281) to work on /home/airflow/.local/lib/python3.6/site-packages/airflow/example_dags/tutorial_etl_dag.py
[2026-09-22 16:29:57,015] {scheduler_job.py:629} INFO - Processing file /home/airflow/.local/lib/python3.6/site-packages/airflow/example_dags/tutorial_etl_dag.py for tasks to queue
[2026-09-22 16:29:57,016] {logging_mixin.py:104} INFO - [2026-09-22 16:29:57,016] {dagbag.py:451} INFO - Filling up the DagBag from /home/airflow/.local/lib/python3.6/site-packages/airflow/example_dags/tutorial_etl_dag.py
[2026-09-22 16:29:57,036] {scheduler_job.py:639} INFO - DAG(s) dict_keys(['tutorial_etl_dag']) retrieved from /home/airflow/.local/lib/python3.6/site-packages/airflow/example_dags/tutorial_etl_dag.py
[2026-09-22 16:29:57,072] {logging_mixin.py:104} INFO - [2026-09-22 16:29:57,072] {dag.py:1824} INFO - Sync 1 DAGs
[2026-09-22 16:29:57,106] {logging_mixin.py:104} INFO - [2026-09-22 16:29:57,106] {dag.py:2280} INFO - Setting next_dagrun for tutorial_etl_dag to None
[2026-09-22 16:29:57,128] {scheduler_job.py:190} INFO - Processing /home/airflow/.local/lib/python3.6/site-packages/airflow/example_dags/tutorial_etl_dag.py took 0.123 seconds
[2026-09-22 16:30:28,282] {scheduler_job.py:182} INFO - Started process (PID=313) to work on /home/airflow/.local/lib/python3.6/site-packages/airflow/example_dags/tutorial_etl_dag.py
[2026-09-22 16:30:28,283] {scheduler_job.py:629} INFO - Processing file /home/airflow/.local/lib/python3.6/site-packages/airflow/example_dags/tutorial_etl_dag.py for tasks to queue
[2026-09-22 16:30:28,284] {logging_mixin.py:104} INFO - [2026-09-22 16:30:28,284] {dagbag.py:451} INFO - Filling up the DagBag from /home/airflow/.local/lib/python3.6/site-packages/airflow/example_dags/tutorial_etl_dag.py
[2026-09-22 16:30:28,305] {scheduler_job.py:639} INFO - DAG(s) dict_keys(['tutorial_etl_dag']) retrieved from /home/airflow/.local/lib/python3.6/site-packages/airflow/example_dags/tutorial_etl_dag.py
[2026-09-22 16:30:28,336] {logging_mixin.py:104} INFO - [2026-09-22 16:30:28,336] {dag.py:1824} INFO - Sync 1 DAGs
[2026-09-22 16:30:28,361] {logging_mixin.py:104} INFO - [2026-09-22 16:30:28,361] {dag.py:2280} INFO - Setting next_dagrun for tutorial_etl_dag to None
[2026-09-22 16:30:28,377] {scheduler_job.py:190} INFO - Processing /home/airflow/.local/lib/python3.6/site-packages/airflow/example_dags/tutorial_etl_dag.py took 0.101 seconds
[2026-09-22 16:30:59,186] {scheduler_job.py:182} INFO - Started process (PID=339) to work on /home/airflow/.local/lib/python3.6/site-packages/airflow/example_dags/tutorial_etl_dag.py
[2026-09-22 16:30:59,187] {scheduler_job.py:629} INFO - Processing file /home/airflow/.local/lib/python3.6/site-packages/airflow/example_dags/tutorial_etl_dag.py for tasks to queue
[2026-09-22 16:30:59,188] {logging_mixin.py:104} INFO - [2026-09-22 16:30:59,188] {dagbag.py:451} INFO - Filling up the DagBag from /home/airflow/.local/lib/python3.6/site-packages/airflow/example_dags/tutorial_etl_dag.py
[2026-09-22 16:30:59,203] {scheduler_job.py:639} INFO - DAG(s) dict_keys(['tutorial_etl_dag']) retrieved from /home/airflow/.local/lib/python3.6/site-packages/airflow/example_dags/tutorial_etl_dag.py
[2026-09-22 16:30:59,226] {logging_mixin.py:104} INFO - [2026-09-22 16:30:59,225] {dag.py:1824} INFO - Sync 1 DAGs
[2026-09-22 16:30:59,243] {logging_mixin.py:104} INFO - [2026-09-22 16:30:59,243] {dag.py:2280} INFO - Setting next_dagrun for tutorial_etl_dag to None
[2026-09-22 16:30:59,258] {scheduler_job.py:190} INFO - Processing /home/airflow/.local/lib/python3.6/site-packages/airflow/example_dags/tutorial_etl_dag.py took 0.077 seconds
[2026-09-22 16:31:30,072] {scheduler_job.py:182} INFO - Started process (PID=365) to work on /home/airflow/.local/lib/python3.6/site-packages/airflow/example_dags/tutorial_etl_dag.py
[2026-09-22 16:31:30,076] {scheduler_job.py:629} INFO - Processing file /home/airflow/.local/lib/python3.6/site-packages/airflow/example_dags/tutorial_etl_dag.py for tasks to queue
[2026-09-22 16:31:30,077] {logging_mixin.py:104} INFO - [2026-09-22 16:31:30,077] {dagbag.py:451} INFO - Filling up the DagBag from /home/airflow/.local/lib/python3.6/site-packages/airflow/example_dags/tutorial_etl_dag.py
[2026-09-22 16:31:30,102] {scheduler_job.py:639} INFO - DAG(s) dict_keys(['tutorial_etl_dag']) retrieved from /home/airflow/.local/lib/python3.6/site-packages/airflow/example_dags/tutorial_etl_dag.py
[2026-09-22 16:31:30,131] {logging_mixin.py:104} INFO - [2026-09-22 16:31:30,131] {dag.py:1824} INFO - Sync 1 DAGs
[2026-09-22 16:31:30,161] {logging_mixin.py:104} INFO - [2026-09-22 16:31:30,160] {dag.py:2280} INFO - Setting next_dagrun for tutorial_etl_dag to None
[2026-09-22 16:31:30,186] {scheduler_job.py:190} INFO - Processing /home/airflow/.local/lib/python3.6/site-packages/airflow/example_dags/tutorial_etl_dag.py took 0.120 seconds
[2026-09-22 16:32:00,599] {scheduler_job.py:182} INFO - Started process (PID=391) to work on /home/airflow/.local/lib/python3.6/site-packages/airflow/example_dags/tutorial_etl_dag.py
[2026-09-22 16:32:00,601] {scheduler_job.py:629} INFO - Processing file /home/airflow/.local/lib/python3.6/site-packages/airflow/example_dags/tutorial_etl_dag.py for tasks to queue
[2026-09-22 16:32:00,602] {logging_mixin.py:104} INFO - [2026-09-22 16:32:00,601] {dagbag.py:451} INFO - Filling up the DagBag from /home/airflow/.local/lib/python3.6/site-packages/airflow/example_dags/tutorial_etl_dag.py
[2026-09-22 16:32:00,618] {scheduler_job.py:639} INFO - DAG(s) dict_keys(['tutorial_etl_dag']) retrieved from /home/airflow/.local/lib/python3.6/site-packages/airflow/example_dags/tutorial_etl_dag.py
[2026-09-22 16:32:00,645] {logging_mixin.py:104} INFO - [2026-09-22 16:32:00,645] {dag.py:1824} INFO - Sync 1 DAGs
[2026-09-22 16:32:00,668] {logging_mixin.py:104} INFO - [2026-09-22 16:32:00,667] {dag.py:2280} INFO - Setting next_dagrun for tutorial_etl_dag to None
[2026-09-22 16:32:00,683] {scheduler_job.py:190} INFO - Processing /home/airflow/.local/lib/python3.6/site-packages/airflow/example_dags/tutorial_etl_dag.py took 0.088 seconds
[2026-09-22 16:32:31,195] {scheduler_job.py:182} INFO - Started process (PID=417) to work on /home/airflow/.local/lib/python3.6/site-packages/airflow/example_dags/tutorial_etl_dag.py
[2026-09-22 16:32:31,197] {scheduler_job.py:629} INFO - Processing file /home/airflow/.local/lib/python3.6/site-packages/airflow/example_dags/tutorial_etl_dag.py for tasks to queue
[2026-09-22 16:32:31,198] {logging_mixin.py:104} INFO - [2026-09-22 16:32:31,198] {dagbag.py:451} INFO - Filling up the DagBag from /home/airflow/.local/lib/python3.6/site-packages/airflow/example_dags/tutorial_etl_dag.py
[2026-09-22 16:32:31,213] {scheduler_job.py:639} INFO - DAG(s) dict_keys(['tutorial_etl_dag']) retrieved from /home/airflow/.local/lib/python3.6/site-packages/airflow/example_dags/tutorial_etl_dag.py
[2026-09-22 16:32:31,236] {logging_mixin.py:104} INFO - [2026-09-22 16:32:31,236] {dag.py:1824} INFO - Sync 1 DAGs
[2026-09-22 16:32:31,256] {logging_mixin.py:104} INFO - [2026-09-22 16:32:31,256] {dag.py:2280} INFO - Setting next_dagrun for tutorial_etl_dag to None
[2026-09-22 16:32:31,277] {scheduler_job.py:190} INFO - Processing /home/airflow/.local/lib/python3.6/site-packages/airflow/example_dags/tutorial_etl_dag.py took 0.086 seconds
[2026-09-22 16:33:01,866] {scheduler_job.py:182} INFO - Started process (PID=441) to work on /home/airflow/.local/lib/python3.6/site-packages/airflow/example_dags/tutorial_etl_dag.py
[2026-09-22 16:33:01,867] {scheduler_job.py:629} INFO - Processing file /home/airflow/.local/lib/python3.6/site-packages/airflow/example_dags/tutorial_etl_dag.py for tasks to queue
[2026-09-22 16:33:01,868] {logging_mixin.py:104} INFO - [2026-09-22 16:33:01,868] {dagbag.py:451} INFO - Filling up the DagBag from /home/airflow/.local/lib/python3.6/site-packages/airflow/example_dags/tutorial_etl_dag.py
[2026-09-22 16:33:01,885] {scheduler_job.py:639} INFO - DAG(s) dict_keys(['tutorial_etl_dag']) retrieved from /home/airflow/.local/lib/python3.6/site-packages/airflow/example_dags/tutorial_etl_dag.py
[2026-09-22 16:33:01,910] {logging_mixin.py:104} INFO - [2026-09-22 16:33:01,910] {dag.py:1824} INFO - Sync 1 DAGs
[2026-09-22 16:33:01,931] {logging_mixin.py:104} INFO - [2026-09-22 16:33:01,931] {dag.py:2280} INFO - Setting next_dagrun for tutorial_etl_dag to None
[2026-09-22 16:33:01,955] {scheduler_job.py:190} INFO - Processing /home/airflow/.local/lib/python3.6/site-packages/airflow/example_dags/tutorial_etl_dag.py took 0.093 seconds
[2026-09-22 16:33:32,737] {scheduler_job.py:182} INFO - Started process (PID=467) to work on /home/airflow/.local/lib/python3.6/site-packages/airflow/example_dags/tutorial_etl_dag.py
[2026-09-22 16:33:32,739] {scheduler_job.py:629} INFO - Processing file /home/airflow/.local/lib/python3.6/site-packages/airflow/example_dags/tutorial_etl_dag.py for tasks to queue
[2026-09-22 16:33:32,740] {logging_mixin.py:104} INFO - [2026-09-22 16:33:32,740] {dagbag.py:451} INFO - Filling up the DagBag from /home/airflow/.local/lib/python3.6/site-packages/airflow/example_dags/tutorial_etl_dag.py
[2026-09-22 16:33:32,759] {scheduler_job.py:639} INFO - DAG(s) dict_keys(['tutorial_etl_dag']) retrieved from /home/airflow/.local/lib/python3.6/site-packages/airflow/example_dags/tutorial_etl_dag.py
[2026-09-22 16:33:32,794] {logging_mixin.py:104} INFO - [2026-09-22 16:33:32,794] {dag.py:1824} INFO - Sync 1 DAGs
[2026-09-22 16:33:32,816] {logging_mixin.py:104} INFO - [2026-09-22 16:33:32,816] {dag.py:2280} INFO - Setting next_dagrun for tutorial_etl_dag to None
[2026-09-22 16:33:32,835] {scheduler_job.py:190} INFO - Processing /home/airflow/.local/lib/python3.6/site-packages/airflow/example_dags/tutorial_etl_dag.py took 0.103 seconds
[2026-09-22 16:34:03,625] {scheduler_job.py:182} INFO - Started process (PID=493) to work on /home/airflow/.local/lib/python3.6/site-packages/airflow/example_dags/tutorial_etl_dag.py
[2026-09-22 16:34:03,627] {scheduler_job.py:629} INFO - Processing file /home/airflow/.local/lib/python3.6/site-packages/airflow/example_dags/tutorial_etl_dag.py for tasks to queue
[2026-09-22 16:34:03,627] {logging_mixin.py:104} INFO - [2026-09-22 16:34:03,627] {dagbag.py:451} INFO - Filling up the DagBag from /home/airflow/.local/lib/python3.6/site-packages/airflow/example_dags/tutorial_etl_dag.py
[2026-09-22 16:34:03,648] {scheduler_job.py:639} INFO - DAG(s) dict_keys(['tutorial_etl_dag']) retrieved from /home/airflow/.local/lib/python3.6/site-packages/airflow/example_dags/tutorial_etl_dag.py
[2026-09-22 16:34:03,675] {logging_mixin.py:104} INFO - [2026-09-22 16:34:03,674] {dag.py:1824} INFO - Sync 1 DAGs
[2026-09-22 16:34:03,695] {logging_mixin.py:104} INFO - [2026-09-22 16:34:03,695] {dag.py:2280} INFO - Setting next_dagrun for tutorial_etl_dag to None
[2026-09-22 16:34:03,711] {scheduler_job.py:190} INFO - Processing /home/airflow/.local/lib/python3.6/site-packages/airflow/example_dags/tutorial_etl_dag.py took 0.092 seconds
[2026-09-22 16:34:34,319] {scheduler_job.py:182} INFO - Started process (PID=519) to work on /home/airflow/.local/lib/python3.6/site-packages/airflow/example_dags/tutorial_etl_dag.py
[2026-09-22 16:34:34,320] {scheduler_job.py:629} INFO - Processing file /home/airflow/.local/lib/python3.6/site-packages/airflow/example_dags/tutorial_etl_dag.py for tasks to queue
[2026-09-22 16:34:34,321] {logging_mixin.py:104} INFO - [2026-09-22 16:34:34,321] {dagbag.py:451} INFO - Filling up the DagBag from /home/airflow/.local/lib/python3.6/site-packages/airflow/example_dags/tutorial_etl_dag.py
[2026-09-22 16:34:34,338] {scheduler_job.py:639} INFO - DAG(s) dict_keys(['tutorial_etl_dag']) retrieved from /home/airflow/.local/lib/python3.6/site-packages/airflow/example_dags/tutorial_etl_dag.py
[2026-09-22 16:34:34,364] {logging_mixin.py:104} INFO - [2026-09-22 16:34:34,363] {dag.py:1824} INFO - Sync 1 DAGs
[2026-09-22 16:34:34,382] {logging_mixin.py:104} INFO - [2026-09-22 16:34:34,382] {dag.py:2280} INFO - Setting next_dagrun for tutorial_etl_dag to None
[2026-09-22 16:34:34,400] {scheduler_job.py:190} INFO - Processing /home/airflow/.local/lib/python3.6/site-packages/airflow/example_dags/tutorial_etl_dag.py took 0.085 seconds
[2026-09-22 16:35:04,952] {scheduler_job.py:182} INFO - Started process (PID=545) to work on /home/airflow/.local/lib/python3.6/site-packages/airflow/example_dags/tutorial_etl_dag.py
[2026-09-22 16:35:04,954] {scheduler_job.py:629} INFO - Processing file /home/airflow/.local/lib/python3.6/site-packages/airflow/example_dags/tutorial_etl_dag.py for tasks to queue
[2026-09-22 16:35:04,954] {logging_mixin.py:104} INFO - [2026-09-22 16:35:04,954] {dagbag.py:451} INFO - Filling up the DagBag from /home/airflow/.local/lib/python3.6/site-packages/airflow/example_dags/tutorial_etl_dag.py
[2026-09-22 16:35:04,970] {scheduler_job.py:639} INFO - DAG(s) dict_keys(['tutorial_etl_dag']) retrieved from /home/airflow/.local/lib/python3.6/site-packages/airflow/example_dags/tutorial_etl_dag.py
[2026-09-22 16:35:04,993] {logging_mixin.py:104} INFO - [2026-09-22 16:35:04,993] {dag.py:1824} INFO - Sync 1 DAGs
[2026-09-22 16:35:05,013] {logging_mixin.py:104} INFO - [2026-09-22 16:35:05,012] {dag.py:2280} INFO - Setting next_dagrun for tutorial_etl_dag to None
[2026-09-22 16:35:05,028] {scheduler_job.py:190} INFO - Processing /home/airflow/.local/lib/python3.6/site-packages/airflow/example_dags/tutorial_etl_dag.py took 0.079 seconds
[2026-09-22 16:35:35,244] {scheduler_job.py:182} INFO - Started process (PID=566) to work on /home/airflow/.local/lib/python3.6/site-packages/airflow/example_dags/tutorial_etl_dag.py
[2026-09-22 16:35:35,245] {scheduler_job.py:629} INFO - Processing file /home/airflow/.local/lib/python3.6/site-packages/airflow/example_dags/tutorial_etl_dag.py for tasks to queue
[2026-09-22 16:35:35,246] {logging_mixin.py:104} INFO - [2026-09-22 16:35:35,246] {dagbag.py:451} INFO - Filling up the DagBag from /home/airflow/.local/lib/python3.6/site-packages/airflow/example_dags/tutorial_etl_dag.py
[2026-09-22 16:35:35,266] {scheduler_job.py:639} INFO - DAG(s) dict_keys(['tutorial_etl_dag']) retrieved from /home/airflow/.local/lib/python3.6/site-packages/airflow/example_dags/tutorial_etl_dag.py
[2026-09-22 16:35:35,300] {logging_mixin.py:104} INFO - [2026-09-22 16:35:35,300] {dag.py:1824} INFO - Sync 1 DAGs
[2026-09-22 16:35:35,329] {logging_mixin.py:104} INFO - [2026-09-22 16:35:35,329] {dag.py:2280} INFO - Setting next_dagrun for tutorial_etl_dag to None
[2026-09-22 16:35:35,350] {scheduler_job.py:190} INFO - Processing /home/airflow/.local/lib/python3.6/site-packages/airflow/example_dags/tutorial_etl_dag.py took 0.112 seconds
[2026-09-22 16:36:05,723] {scheduler_job.py:182} INFO - Started process (PID=590) to work on /home/airflow/.local/lib/python3.6/site-packages/airflow/example_dags/tutorial_etl_dag.py
[2026-09-22 16:36:05,724] {scheduler_job.py:629} INFO - Processing file /home/airflow/.local/lib/python3.6/site-packages/airflow/example_dags/tutorial_etl_dag.py for tasks to queue
[2026-09-22 16:36:05,725] {logging_mixin.py:104} INFO - [2026-09-22 16:36:05,725] {dagbag.py:451} INFO - Filling up the DagBag from /home/airflow/.local/lib/python3.6/site-packages/airflow/example_dags/tutorial_etl_dag.py
[2026-09-22 16:36:05,742] {scheduler_job.py:639} INFO - DAG(s) dict_keys(['tutorial_etl_dag']) retrieved from /home/airflow/.local/lib/python3.6/site-packages/airflow/example_dags/tutorial_etl_dag.py
[2026-09-22 16:36:05,765] {logging_mixin.py:104} INFO - [2026-09-22 16:36:05,765] {dag.py:1824} INFO - Sync 1 DAGs
[2026-09-22 16:36:05,785] {logging_mixin.py:104} INFO - [2026-09-22 16:36:05,785] {dag.py:2280} INFO - Setting next_dagrun for tutorial_etl_dag to None
[2026-09-22 16:36:05,798] {scheduler_job.py:190} INFO - Processing /home/airflow/.local/lib/python3.6/site-packages/airflow/example_dags/tutorial_etl_dag.py took 0.079 seconds
[2026-09-22 16:36:36,631] {scheduler_job.py:182} INFO - Started process (PID=616) to work on /home/airflow/.local/lib/python3.6/site-packages/airflow/example_dags/tutorial_etl_dag.py
[2026-09-22 16:36:36,635] {scheduler_job.py:629} INFO - Processing file /home/airflow/.local/lib/python3.6/site-packages/airflow/example_dags/tutorial_etl_dag.py for tasks to queue
[2026-09-22 16:36:36,636] {logging_mixin.py:104} INFO - [2026-09-22 16:36:36,636] {dagbag.py:451} INFO - Filling up the DagBag from /home/airflow/.local/lib/python3.6/site-packages/airflow/example_dags/tutorial_etl_dag.py
[2026-09-22 16:36:36,665] {scheduler_job.py:639} INFO - DAG(s) dict_keys(['tutorial_etl_dag']) retrieved from /home/airflow/.local/lib/python3.6/site-packages/airflow/example_dags/tutorial_etl_dag.py
[2026-09-22 16:36:36,703] {logging_mixin.py:104} INFO - [2026-09-22 16:36:36,703] {dag.py:1824} INFO - Sync 1 DAGs
[2026-09-22 16:36:36,729] {logging_mixin.py:104} INFO - [2026-09-22 16:36:36,729] {dag.py:2280} INFO - Setting next_dagrun for tutorial_etl_dag to None
[2026-09-22 16:36:36,742] {scheduler_job.py:190} INFO - Processing /home/airflow/.local/lib/python3.6/site-packages/airflow/example_dags/tutorial_etl_dag.py took 0.117 seconds
[2026-09-22 16:37:07,478] {scheduler_job.py:182} INFO - Started process (PID=642) to work on /home/airflow/.local/lib/python3.6/site-packages/airflow/example_dags/tutorial_etl_dag.py
[2026-09-22 16:37:07,480] {scheduler_job.py:629} INFO - Processing file /home/airflow/.local/lib/python3.6/site-packages/airflow/example_dags/tutorial_etl_dag.py for tasks to queue
[2026-09-22 16:37:07,481] {logging_mixin.py:104} INFO - [2026-09-22 16:37:07,481] {dagbag.py:451} INFO - Filling up the DagBag from /home/airflow/.local/lib/python3.6/site-packages/airflow/example_dags/tutorial_etl_dag.py
[2026-09-22 16:37:07,508] {scheduler_job.py:639} INFO - DAG(s) dict_keys(['tutorial_etl_dag']) retrieved from /home/airflow/.local/lib/python3.6/site-packages/airflow/example_dags/tutorial_etl_dag.py
[2026-09-22 16:37:07,549] {logging_mixin.py:104} INFO - [2026-09-22 16:37:07,548] {dag.py:1824} INFO - Sync 1 DAGs
[2026-09-22 16:37:07,584] {logging_mixin.py:104} INFO - [2026-09-22 16:37:07,584] {dag.py:2280} INFO - Setting next_dagrun for tutorial_etl_dag to None
[2026-09-22 16:37:07,601] {scheduler_job.py:190} INFO - Processing /home/airflow/.local/lib/python3.6/site-packages/airflow/example_dags/tutorial_etl_dag.py took 0.130 seconds
[2026-09-22 16:37:38,117] {scheduler_job.py:182} INFO - Started process (PID=668) to work on /home/airflow/.local/lib/python3.6/site-packages/airflow/example_dags/tutorial_etl_dag.py
[2026-09-22 16:37:38,119] {scheduler_job.py:629} INFO - Processing file /home/airflow/.local/lib/python3.6/site-packages/airflow/example_dags/tutorial_etl_dag.py for tasks to queue
[2026-09-22 16:37:38,120] {logging_mixin.py:104} INFO - [2026-09-22 16:37:38,120] {dagbag.py:451} INFO - Filling up the DagBag from /home/airflow/.local/lib/python3.6/site-packages/airflow/example_dags/tutorial_etl_dag.py
[2026-09-22 16:37:38,135] {scheduler_job.py:639} INFO - DAG(s) dict_keys(['tutorial_etl_dag']) retrieved from /home/airflow/.local/lib/python3.6/site-packages/airflow/example_dags/tutorial_etl_dag.py
[2026-09-22 16:37:38,159] {logging_mixin.py:104} INFO - [2026-09-22 16:37:38,158] {dag.py:1824} INFO - Sync 1 DAGs
[2026-09-22 16:37:38,176] {logging_mixin.py:104} INFO - [2026-09-22 16:37:38,176] {dag.py:2280} INFO - Setting next_dagrun for tutorial_etl_dag to None
[2026-09-22 16:37:38,191] {scheduler_job.py:190} INFO - Processing /home/airflow/.local/lib/python3.6/site-packages/airflow/example_dags/tutorial_etl_dag.py took 0.078 seconds
[2026-09-22 16:38:08,762] {scheduler_job.py:182} INFO - Started process (PID=694) to work on /home/airflow/.local/lib/python3.6/site-packages/airflow/example_dags/tutorial_etl_dag.py
[2026-09-22 16:38:08,764] {scheduler_job.py:629} INFO - Processing file /home/airflow/.local/lib/python3.6/site-packages/airflow/example_dags/tutorial_etl_dag.py for tasks to queue
[2026-09-22 16:38:08,764] {logging_mixin.py:104} INFO - [2026-09-22 16:38:08,764] {dagbag.py:451} INFO - Filling up the DagBag from /home/airflow/.local/lib/python3.6/site-packages/airflow/example_dags/tutorial_etl_dag.py
[2026-09-22 16:38:08,783] {scheduler_job.py:639} INFO - DAG(s) dict_keys(['tutorial_etl_dag']) retrieved from /home/airflow/.local/lib/python3.6/site-packages/airflow/example_dags/tutorial_etl_dag.py
[2026-09-22 16:38:08,810] {logging_mixin.py:104} INFO - [2026-09-22 16:38:08,810] {dag.py:1824} INFO - Sync 1 DAGs
[2026-09-22 16:38:08,833] {logging_mixin.py:104} INFO - [2026-09-22 16:38:08,833] {dag.py:2280} INFO - Setting next_dagrun for tutorial_etl_dag to None
[2026-09-22 16:38:08,852] {scheduler_job.py:190} INFO - Processing /home/airflow/.local/lib/python3.6/site-packages/airflow/example_dags/tutorial_etl_dag.py took 0.095 seconds
[2026-09-22 16:38:39,536] {scheduler_job.py:182} INFO - Started process (PID=720) to work on /home/airflow/.local/lib/python3.6/site-packages/airflow/example_dags/tutorial_etl_dag.py
[2026-09-22 16:38:39,537] {scheduler_job.py:629} INFO - Processing file /home/airflow/.local/lib/python3.6/site-packages/airflow/example_dags/tutorial_etl_dag.py for tasks to queue
[2026-09-22 16:38:39,538] {logging_mixin.py:104} INFO - [2026-09-22 16:38:39,538] {dagbag.py:451} INFO - Filling up the DagBag from /home/airflow/.local/lib/python3.6/site-packages/airflow/example_dags/tutorial_etl_dag.py
[2026-09-22 16:38:39,555] {scheduler_job.py:639} INFO - DAG(s) dict_keys(['tutorial_etl_dag']) retrieved from /home/airflow/.local/lib/python3.6/site-packages/airflow/example_dags/tutorial_etl_dag.py
[2026-09-22 16:38:39,582] {logging_mixin.py:104} INFO - [2026-09-22 16:38:39,582] {dag.py:1824} INFO - Sync 1 DAGs
[2026-09-22 16:38:39,610] {logging_mixin.py:104} INFO - [2026-09-22 16:38:39,610] {dag.py:2280} INFO - Setting next_dagrun for tutorial_etl_dag to None
[2026-09-22 16:38:39,626] {scheduler_job.py:190} INFO - Processing /home/airflow/.local/lib/python3.6/site-packages/airflow/example_dags/tutorial_etl_dag.py took 0.094 seconds
[2026-09-22 16:39:10,303] {scheduler_job.py:182} INFO - Started process (PID=746) to work on /home/airflow/.local/lib/python3.6/site-packages/airflow/example_dags/tutorial_etl_dag.py
[2026-09-22 16:39:10,305] {scheduler_job.py:629} INFO - Processing file /home/airflow/.local/lib/python3.6/site-packages/airflow/example_dags/tutorial_etl_dag.py for tasks to queue
[2026-09-22 16:39:10,306] {logging_mixin.py:104} INFO - [2026-09-22 16:39:10,306] {dagbag.py:451} INFO - Filling up the DagBag from /home/airflow/.local/lib/python3.6/site-packages/airflow/example_dags/tutorial_etl_dag.py
[2026-09-22 16:39:10,323] {scheduler_job.py:639} INFO - DAG(s) dict_keys(['tutorial_etl_dag']) retrieved from /home/airflow/.local/lib/python3.6/site-packages/airflow/example_dags/tutorial_etl_dag.py
[2026-09-22 16:39:10,353] {logging_mixin.py:104} INFO - [2026-09-22 16:39:10,353] {dag.py:1824} INFO - Sync 1 DAGs
[2026-09-22 16:39:10,374] {logging_mixin.py:104} INFO - [2026-09-22 16:39:10,374] {dag.py:2280} INFO - Setting next_dagrun for tutorial_etl_dag to None
[2026-09-22 16:39:10,393] {scheduler_job.py:190} INFO - Processing /home/airflow/.local/lib/python3.6/site-packages/airflow/example_dags/tutorial_etl_dag.py took 0.094 seconds
[2026-09-22 16:39:41,074] {scheduler_job.py:182} INFO - Started process (PID=772) to work on /home/airflow/.local/lib/python3.6/site-packages/airflow/example_dags/tutorial_etl_dag.py
[2026-09-22 16:39:41,076] {scheduler_job.py:629} INFO - Processing file /home/airflow/.local/lib/python3.6/site-packages/airflow/example_dags/tutorial_etl_dag.py for tasks to queue
[2026-09-22 16:39:41,077] {logging_mixin.py:104} INFO - [2026-09-22 16:39:41,076] {dagbag.py:451} INFO - Filling up the DagBag from /home/airflow/.local/lib/python3.6/site-packages/airflow/example_dags/tutorial_etl_dag.py
[2026-09-22 16:39:41,093] {scheduler_job.py:639} INFO - DAG(s) dict_keys(['tutorial_etl_dag']) retrieved from /home/airflow/.local/lib/python3.6/site-packages/airflow/example_dags/tutorial_etl_dag.py
[2026-09-22 16:39:41,125] {logging_mixin.py:104} INFO - [2026-09-22 16:39:41,125] {dag.py:1824} INFO - Sync 1 DAGs
[2026-09-22 16:39:41,149] {logging_mixin.py:104} INFO - [2026-09-22 16:39:41,149] {dag.py:2280} INFO - Setting next_dagrun for tutorial_etl_dag to None
[2026-09-22 16:39:41,165] {scheduler_job.py:190} INFO - Processing /home/airflow/.local/lib/python3.6/site-packages/airflow/example_dags/tutorial_etl_dag.py took 0.094 seconds
[2026-09-22 16:40:11,780] {scheduler_job.py:182} INFO - Started process (PID=798) to work on /home/airflow/.local/lib/python3.6/site-packages/airflow/example_dags/tutorial_etl_dag.py
[2026-09-22 16:40:11,782] {scheduler_job.py:629} INFO - Processing file /home/airflow/.local/lib/python3.6/site-packages/airflow/example_dags/tutorial_etl_dag.py for tasks to queue
[2026-09-22 16:40:11,783] {logging_mixin.py:104} INFO - [2026-09-22 16:40:11,782] {dagbag.py:451} INFO - Filling up the DagBag from /home/airflow/.local/lib/python3.6/site-packages/airflow/example_dags/tutorial_etl_dag.py
[2026-09-22 16:40:11,803] {scheduler_job.py:639} INFO - DAG(s) dict_keys(['tutorial_etl_dag']) retrieved from /home/airflow/.local/lib/python3.6/site-packages/airflow/example_dags/tutorial_etl_dag.py
[2026-09-22 16:40:11,833] {logging_mixin.py:104} INFO - [2026-09-22 16:40:11,833] {dag.py:1824} INFO - Sync 1 DAGs
[2026-09-22 16:40:11,853] {logging_mixin.py:104} INFO - [2026-09-22 16:40:11,853] {dag.py:2280} INFO - Setting next_dagrun for tutorial_etl_dag to None
[2026-09-22 16:40:11,869] {scheduler_job.py:190} INFO - Processing /home/airflow/.local/lib/python3.6/site-packages/airflow/example_dags/tutorial_etl_dag.py took 0.093 seconds
[2026-09-22 16:40:42,639] {scheduler_job.py:182} INFO - Started process (PID=824) to work on /home/airflow/.local/lib/python3.6/site-packages/airflow/example_dags/tutorial_etl_dag.py
[2026-09-22 16:40:42,640] {scheduler_job.py:629} INFO - Processing file /home/airflow/.local/lib/python3.6/site-packages/airflow/example_dags/tutorial_etl_dag.py for tasks to queue
[2026-09-22 16:40:42,641] {logging_mixin.py:104} INFO - [2026-09-22 16:40:42,641] {dagbag.py:451} INFO - Filling up the DagBag from /home/airflow/.local/lib/python3.6/site-packages/airflow/example_dags/tutorial_etl_dag.py
[2026-09-22 16:40:42,661] {scheduler_job.py:639} INFO - DAG(s) dict_keys(['tutorial_etl_dag']) retrieved from /home/airflow/.local/lib/python3.6/site-packages/airflow/example_dags/tutorial_etl_dag.py
[2026-09-22 16:40:42,687] {logging_mixin.py:104} INFO - [2026-09-22 16:40:42,687] {dag.py:1824} INFO - Sync 1 DAGs
[2026-09-22 16:40:42,710] {logging_mixin.py:104} INFO - [2026-09-22 16:40:42,709] {dag.py:2280} INFO - Setting next_dagrun for tutorial_etl_dag to None
[2026-09-22 16:40:42,736] {scheduler_job.py:190} INFO - Processing /home/airflow/.local/lib/python3.6/site-packages/airflow/example_dags/tutorial_etl_dag.py took 0.101 seconds
[2026-09-22 16:41:13,562] {scheduler_job.py:182} INFO - Started process (PID=850) to work on /home/airflow/.local/lib/python3.6/site-packages/airflow/example_dags/tutorial_etl_dag.py
[2026-09-22 16:41:13,563] {scheduler_job.py:629} INFO - Processing file /home/airflow/.local/lib/python3.6/site-packages/airflow/example_dags/tutorial_etl_dag.py for tasks to queue
[2026-09-22 16:41:13,564] {logging_mixin.py:104} INFO - [2026-09-22 16:41:13,564] {dagbag.py:451} INFO - Filling up the DagBag from /home/airflow/.local/lib/python3.6/site-packages/airflow/example_dags/tutorial_etl_dag.py
[2026-09-22 16:41:13,583] {scheduler_job.py:639} INFO - DAG(s) dict_keys(['tutorial_etl_dag']) retrieved from /home/airflow/.local/lib/python3.6/site-packages/airflow/example_dags/tutorial_etl_dag.py
[2026-09-22 16:41:13,617] {logging_mixin.py:104} INFO - [2026-09-22 16:41:13,617] {dag.py:1824} INFO - Sync 1 DAGs
[2026-09-22 16:41:13,652] {logging_mixin.py:104} INFO - [2026-09-22 16:41:13,652] {dag.py:2280} INFO - Setting next_dagrun for tutorial_etl_dag to None
[2026-09-22 16:41:13,676] {scheduler_job.py:190} INFO - Processing /home/airflow/.local/lib/python3.6/site-packages/airflow/example_dags/tutorial_etl_dag.py took 0.120 seconds
[2026-09-22 16:41:44,494] {scheduler_job.py:182} INFO - Started process (PID=876) to work on /home/airflow/.local/lib/python3.6/site-packages/airflow/example_dags/tutorial_etl_dag.py
[2026-09-22 16:41:44,499] {scheduler_job.py:629} INFO - Processing file /home/airflow/.local/lib/python3.6/site-packages/airflow/example_dags/tutorial_etl_dag.py for tasks to queue
[2026-09-22 16:41:44,501] {logging_mixin.py:104} INFO - [2026-09-22 16:41:44,501] {dagbag.py:451} INFO - Filling up the DagBag from /home/airflow/.local/lib/python3.6/site-packages/airflow/example_dags/tutorial_etl_dag.py
[2026-09-22 16:41:44,580] {scheduler_job.py:639} INFO - DAG(s) dict_keys(['tutorial_etl_dag']) retrieved from /home/airflow/.local/lib/python3.6/site-packages/airflow/example_dags/tutorial_etl_dag.py
[2026-09-22 16:41:44,645] {logging_mixin.py:104} INFO - [2026-09-22 16:41:44,644] {dag.py:1824} INFO - Sync 1 DAGs
[2026-09-22 16:41:44,678] {logging_mixin.py:104} INFO - [2026-09-22 16:41:44,677] {dag.py:2280} INFO - Setting next_dagrun for tutorial_etl_dag to None
[2026-09-22 16:41:44,703] {scheduler_job.py:190} INFO - Processing /home/airflow/.local/lib/python3.6/site-packages/airflow/example_dags/tutorial_etl_dag.py took 0.225 seconds
