[2026-09-22 16:25:19,920] {scheduler_job.py:182} INFO - Started process (PID=42) to work on /home/airflow/.local/lib/python3.6/site-packages/airflow/example_dags/tutorial_taskflow_api_etl.py
[2026-09-22 16:25:19,925] {scheduler_job.py:629} INFO - Processing file /home/airflow/.local/lib/python3.6/site-packages/airflow/example_dags/tutorial_taskflow_api_etl.py for tasks to queue
[2026-09-22 16:25:19,926] {logging_mixin.py:104} INFO - [2026-09-22 16:25:19,926] {dagbag.py:451} INFO - Filling up the DagBag from /home/airflow/.local/lib/python3.6/site-packages/airflow/example_dags/tutorial_taskflow_api_etl.py
[2026-09-22 16:25:19,952] {scheduler_job.py:639} INFO - DAG(s) dict_keys(['tutorial_taskflow_api_etl']) retrieved from /home/airflow/.local/lib/python3.6/site-packages/airflow/example_dags/tutorial_taskflow_api_etl.py
[2026-09-22 16:25:20,011] {logging_mixin.py:104} INFO - [2026-09-22 16:25:20,010] {dag.py:1824} INFO - Sync 1 DAGs
[2026-09-22 16:25:20,041] {logging_mixin.py:104} INFO - [2026-09-22 16:25:20,041] {dag.py:2280} INFO - Setting next_dagrun for tutorial_taskflow_api_etl to None
[2026-09-22 16:25:20,119] {scheduler_job.py:190} INFO - Processing /home/airflow/.local/lib/python3.6/site-packages/airflow/example_dags/tutorial_taskflow_api_etl.py took 0.213 seconds
[2026-09-22 16:25:50,606] {scheduler_job.py:182} INFO - Started process (PID=64) to work on /home/airflow/.local/lib/python3.6/site-packages/airflow/example_dags/tutorial_taskflow_api_etl.py
[2026-09-22 16:25:50,608] {scheduler_job.py:629} INFO - Processing file /home/airflow/.local/lib/python3.6/site-packages/airflow/example_dags/tutorial_taskflow_api_etl.py for tasks to queue
[2026-09-22 16:25:50,609] {logging_mixin.py:104} INFO - [2026-09-22 16:25:50,609] {dagbag.py:451} INFO - Filling up the DagBag from /home/airflow/.local/lib/python3.6/site-packages/airflow/example_dags/tutorial_taskflow_api_etl.py
[2026-09-22 16:25:50,629] {scheduler_job.py:639} INFO - DAG(s) dict_keys(['tutorial_taskflow_api_etl']) retrieved from /home/airflow/.local/lib/python3.6/site-packages/airflow/example_dags/tutorial_taskflow_api_etl.py
[2026-09-22 16:25:50,677] {logging_mixin.py:104} INFO - [2026-09-22 16:25:50,677] {dag.py:1824} INFO - Sync 1 DAGs
[2026-09-22 16:25:50,702] {logging_mixin.py:104} INFO - [2026-09-22 16:25:50,702] {dag.py:2280} INFO - Setting next_dagrun for tutorial_taskflow_api_etl to None
[2026-09-22 16:25:50,724] {scheduler_job.py:190} INFO - Processing /home/airflow/.local/lib/python3.6/site-packages/airflow/example_dags/tutorial_taskflow_api_etl.py took 0.122 seconds
[2026-09-22 16:26:21,790] {scheduler_job.py:182} INFO - Started process (PID=95) to work on /home/airflow/.local/lib/python3.6/site-packages/airflow/example_dags/tutorial_taskflow_api_etl.py
[2026-09-22 16:26:21,792] {scheduler_job.py:629} INFO - Processing file /home/airflow/.local/lib/python3.6/site-packages/airflow/example_dags/tutorial_taskflow_api_etl.py for tasks to queue
[2026-09-22 16:26:21,793] {logging_mixin.py:104} INFO - [2026-09-22 16:26:21,793] {dagbag.py:451} INFO - Filling up the DagBag from /home/airflow/.local/lib/python3.6/site-packages/airflow/example_dags/tutorial_taskflow_api_etl.py
[2026-09-22 16:26:21,824] {scheduler_job.py:639} INFO - DAG(s) dict_keys(['tutorial_taskflow_api_etl']) retrieved from /home/airflow/.local/lib/python3.6/site-packages/airflow/example_dags/tutorial_taskflow_api_etl.py
[2026-09-22 16:26:21,858] {logging_mixin.py:104} INFO - [2026-09-22 16:26:21,858] {dag.py:1824} INFO - Sync 1 DAGs
[2026-09-22 16:26:21,879] {logging_mixin.py:104} INFO - [2026-09-22 16:26:21,879] {dag.py:2280} INFO - Setting next_dagrun for tutorial_taskflow_api_etl to None
[2026-09-22 16:26:21,897] {scheduler_job.py:190} INFO - Processing /home/airflow/.local/lib/python3.6/site-packages/airflow/example_dags/tutorial_taskflow_api_etl.py took 0.113 seconds
[2026-09-22 16:26:52,602] {scheduler_job.py:182} INFO - Started process (PID=121) to work on /home/airflow/.local/lib/python3.6/site-packages/airflow/example_dags/tutorial_taskflow_api_etl.py
[2026-09-22 16:26:52,605] {scheduler_job.py:629} INFO - Processing file /home/airflow/.local/lib/python3.6/site-packages/airflow/example_dags/tutorial_taskflow_api_etl.py for tasks to queue
[2026-09-22 16:26:52,606] {logging_mixin.py:104} INFO - [2026-09-22 16:26:52,606] {dagbag.py:451} INFO - Filling up the DagBag from /home/airflow/.local/lib/python3.6/site-packages/airflow/example_dags/tutorial_taskflow_api_etl.py
[2026-09-22 16:26:52,629] {scheduler_job.py:639} INFO - DAG(s) dict_keys(['tutorial_taskflow_api_etl']) retrieved from /home/airflow/.local/lib/python3.6/site-packages/airflow/example_dags/tutorial_taskflow_api_etl.py
[2026-09-22 16:26:52,672] {logging_mixin.py:104} INFO - [2026-09-22 16:26:52,672] {dag.py:1824} INFO - Sync 1 DAGs
[2026-09-22 16:26:52,701] {logging_mixin.py:104} INFO - [2026-09-22 16:26:52,700] {dag.py:2280} INFO - Setting next_dagrun for tutorial_taskflow_api_etl to None
[2026-09-22 16:26:52,728] {scheduler_job.py:190} INFO - Processing /home/airflow/.local/lib/python3.6/site-packages/airflow/example_dags/tutorial_taskflow_api_etl.py took 0.131 seconds
[2026-09-22 16:27:23,474] {scheduler_job.py:182} INFO - Started process (PID=148) to work on /home/airflow/.local/lib/python3.6/site-packages/airflow/example_dags/tutorial_taskflow_api_etl.py
[2026-09-22 16:27:23,475] {scheduler_job.py:629} INFO - Processing file /home/airflow/.local/lib/python3.6/site-packages/airflow/example_dags/tutorial_taskflow_api_etl.py for tasks to queue
[2026-09-22 16:27:23,476] {logging_mixin.py:104} INFO - [2026-09-22 16:27:23,476] {dagbag.py:451} INFO - Filling up the DagBag from /home/airflow/.local/lib/python3.6/site-packages/airflow/example_dags/tutorial_taskflow_api_etl.py
[2026-09-22 16:27:23,492] {scheduler_job.py:639} INFO - DAG(s) dict_keys(['tutorial_taskflow_api_etl']) retrieved from /home/airflow/.local/lib/python3.6/site-packages/airflow/example_dags/tutorial_taskflow_api_etl.py
[2026-09-22 16:27:23,521] {logging_mixin.py:104} INFO - [2026-09-22 16:27:23,521] {dag.py:1824} INFO - Sync 1 DAGs
[2026-09-22 16:27:23,540] {logging_mixin.py:104} INFO - [2026-09-22 16:27:23,540] {dag.py:2280} INFO - Setting next_dagrun for tutorial_taskflow_api_etl to None
[2026-09-22 16:27:23,559] {scheduler_job.py:190} INFO - Processing /home/airflow/.local/lib/python3.6/site-packages/airflow/example_dags/tutorial_taskflow_api_etl.py took 0.088 seconds
[2026-09-22 16:27:54,336] {scheduler_job.py:182} INFO - Started process (PID=175) to work on /home/airflow/.local/lib/python3.6/site-packages/airflow/example_dags/tutorial_taskflow_api_etl.py
[2026-09-22 16:27:54,337] {scheduler_job.py:629} INFO - Processing file /home/airflow/.local/lib/python3.6/site-packages/airflow/example_dags/tutorial_taskflow_api_etl.py for tasks to queue
[2026-09-22 16:27:54,338] {logging_mixin.py:104} INFO - [2026-09-22 16:27:54,338] {dagbag.py:451} INFO - Filling up the DagBag from /home/airflow/.local/lib/python3.6/site-packages/airflow/example_dags/tutorial_taskflow_api_etl.py
[2026-09-22 16:27:54,355] {scheduler_job.py:639} INFO - DAG(s) dict_keys(['tutorial_taskflow_api_etl']) retrieved from /home/airflow/.local/lib/python3.6/site-packages/airflow/example_dags/tutorial_taskflow_api_etl.py
[2026-09-22 16:27:54,385] {logging_mixin.py:104} INFO - [2026-09-22 16:27:54,385] {dag.py:1824} INFO - Sync 1 DAGs
[2026-09-22 16:27:54,406] {logging_mixin.py:104} INFO - [2026-09-22 16:27:54,406] {dag.py:2280} INFO - Setting next_dagrun for tutorial_taskflow_api_etl to None
[2026-09-22 16:27:54,428] {scheduler_job.py:190} INFO - Processing /home/airflow/.local/lib/python3.6/site-packages/airflow/example_dags/tutorial_taskflow_api_etl.py took 0.097 seconds
[2026-09-22 16:28:25,051] {scheduler_job.py:182} INFO - Started process (PID=201) to work on /home/airflow/.local/lib/python3.6/site-packages/airflow/example_dags/tutorial_taskflow_api_etl.py
[2026-09-22 16:28:25,053] {scheduler_job.py:629} INFO - Processing file /home/airflow/.local/lib/python3.6/site-packages/airflow/example_dags/tutorial_taskflow_api_etl.py for tasks to queue
[2026-09-22 16:28:25,054] {logging_mixin.py:104} INFO - [2026-09-22 16:28:25,054] {dagbag.py:451} INFO - Filling up the DagBag from /home/airflow/.local/lib/python3.6/site-packages/airflow/example_dags/tutorial_taskflow_api_etl.py
[2026-09-22 16:28:25,083] {scheduler_job.py:639} INFO - DAG(s) dict_keys(['tutorial_taskflow_api_etl']) retrieved from /home/airflow/.local/lib/python3.6/site-packages/airflow/example_dags/tutorial_taskflow_api_etl.py
[2026-09-22 16:28:25,138] {logging_mixin.py:104} INFO - [2026-09-22 16:28:25,137] {dag.py:1824} INFO - Sync 1 DAGs
[2026-09-22 16:28:25,164] {logging_mixin.py:104} INFO - [2026-09-22 16:28:25,164] {dag.py:2280} INFO - Setting next_dagrun for tutorial_taskflow_api_etl to None
[2026-09-22 16:28:25,192] {scheduler_job.py:190} INFO - Processing /home/airflow/.local/lib/python3.6/site-packages/airflow/example_dags/tutorial_taskflow_api_etl.py took 0.146 seconds
[2026-09-22 16:28:55,811] {scheduler_job.py:182} INFO - Started process (PID=227) to work on /home/airflow/.local/lib/python3.6/site-packages/airflow/example_dags/tutorial_taskflow_api_etl.py
[2026-09-22 16:28:55,812] {scheduler_job.py:629} INFO - Processing file /home/airflow/.local/lib/python3.6/site-packages/airflow/example_dags/tutorial_taskflow_api_etl.py for tasks to queue
[2026-09-22 16:28:55,813] {logging_mixin.py:104} INFO - [2026-09-22 16:28:55,813] {dagbag.py:451} INFO - Filling up the DagBag from /home/airflow/.local/lib/python3.6/site-packages/airflow/example_dags/tutorial_taskflow_api_etl.py
[2026-09-22 16:28:55,830] {scheduler_job.py:639} INFO - DAG(s) dict_keys(['tutorial_taskflow_api_etl']) retrieved from /home/airflow/.local/lib/python3.6/site-packages/airflow/example_dags/tutorial_taskflow_api_etl.py
[2026-09-22 16:28:55,858] {logging_mixin.py:104} INFO - [2026-09-22 16:28:55,858] {dag.py:1824} INFO - Sync 1 DAGs
[2026-09-22 16:28:55,879] {logging_mixin.py:104} INFO - [2026-09-22 16:28:55,879] {dag.py:2280} INFO - Setting next_dagrun for tutorial_taskflow_api_etl to None
[2026-09-22 16:28:55,910] {scheduler_job.py:190} INFO - Processing /home/airflow/.local/lib/python3.6/site-packages/airflow/example_dags/tutorial_taskflow_api_etl.py took 0.102 seconds
[2026-09-22 16:29:26,924] {scheduler_job.py:182} INFO - Started process (PID=256) to work on /home/airflow/.local/lib/python3.6/site-packages/airflow/example_dags/tutorial_taskflow_api_etl.py
[2026-09-22 16:29:26,926] {scheduler_job.py:629} INFO - Processing file /home/airflow/.local/lib/python3.6/site-packages/airflow/example_dags/tutorial_taskflow_api_etl.py for tasks to queue
[2026-09-22 16:29:26,926] {logging_mixin.py:104} INFO - [2026-09-22 16:29:26,926] {dagbag.py:451} INFO - Filling up the DagBag from /home/airflow/.local/lib/python3.6/site-packages/airflow/example_dags/tutorial_taskflow_api_etl.py
[2026-09-22 16:29:26,947] {scheduler_job.py:639} INFO - DAG(s) dict_keys(['tutorial_taskflow_api_etl']) retrieved from /home/airflow/.local/lib/python3.6/site-packages/airflow/example_dags/tutorial_taskflow_api_etl.py
[2026-09-22 16:29:26,987] {logging_mixin.py:104} INFO - [2026-09-22 16:29:26,987] {dag.py:1824} INFO - Sync 1 DAGs
[2026-09-22 16:29:27,017] {logging_mixin.py:104} INFO - [2026-09-22 16:29:27,017] {dag.py:2280} INFO - Setting next_dagrun for tutorial_taskflow_api_etl to None
[2026-09-22 16:29:27,042] {scheduler_job.py:190} INFO - Processing /home/airflow/.local/lib/python3.6/site-packages/airflow/example_dags/tutorial_taskflow_api_etl.py took 0.123 seconds
[2026-09-22 16:29:57,119] {scheduler_job.py:182} INFO - Started process (PID=282) to work on /home/airflow/.local/lib/python3.6/site-packages/airflow/example_dags/tutorial_taskflow_api_etl.py
[2026-09-22 16:29:57,121] {scheduler_job.py:629} INFO - Processing file /home/airflow/.local/lib/python3.6/site-packages/airflow/example_dags/tutorial_taskflow_api_etl.py for tasks to queue
[2026-09-22 16:29:57,123] {logging_mixin.py:104} INFO - [2026-09-22 16:29:57,122] {dagbag.py:451} INFO - Filling up the DagBag from /home/airflow/.local/lib/python3.6/site-packages/airflow/example_dags/tutorial_taskflow_api_etl.py
[2026-09-22 16:29:57,151] {scheduler_job.py:639} INFO - DAG(s) dict_keys(['tutorial_taskflow_api_etl']) retrieved from /home/airflow/.local/lib/python3.6/site-packages/airflow/example_dags/tutorial_taskflow_api_etl.py
[2026-09-22 16:29:57,192] {logging_mixin.py:104} INFO - [2026-09-22 16:29:57,192] {dag.py:1824} INFO - Sync 1 DAGs
[2026-09-22 16:29:57,221] {logging_mixin.py:104} INFO - [2026-09-22 16:29:57,221] {dag.py:2280} INFO - Setting next_dagrun for tutorial_taskflow_api_etl to None
[2026-09-22 16:29:57,242] {scheduler_job.py:190} INFO - Processing /home/airflow/.local/lib/python3.6/site-packages/airflow/example_dags/tutorial_taskflow_api_etl.py took 0.128 seconds
[2026-09-22 16:30:27,876] {scheduler_job.py:182} INFO - Started process (PID=307) to work on /home/airflow/.local/lib/python3.6/site-packages/airflow/example_dags/tutorial_taskflow_api_etl.py
[2026-09-22 16:30:27,877] {scheduler_job.py:629} INFO - Processing file /home/airflow/.local/lib/python3.6/site-packages/airflow/example_dags/tutorial_taskflow_api_etl.py for tasks to queue
[2026-09-22 16:30:27,878] {logging_mixin.py:104} INFO - [2026-09-22 16:30:27,878] {dagbag.py:451} INFO - Filling up the DagBag from /home/airflow/.local/lib/python3.6/site-packages/airflow/example_dags/tutorial_taskflow_api_etl.py
[2026-09-22 16:30:27,900] {scheduler_job.py:639} INFO - DAG(s) dict_keys(['tutorial_taskflow_api_etl']) retrieved from /home/airflow/.local/lib/python3.6/site-packages/airflow/example_dags/tutorial_taskflow_api_etl.py
[2026-09-22 16:30:27,932] {logging_mixin.py:104} INFO - [2026-09-22 16:30:27,932] {dag.py:1824} INFO - Sync 1 DAGs
[2026-09-22 16:30:27,956] {logging_mixin.py:104} INFO - [2026-09-22 16:30:27,956] {dag.py:2280} INFO - Setting next_dagrun for tutorial_taskflow_api_etl to None
[2026-09-22 16:30:27,976] {scheduler_job.py:190} INFO - Processing /home/airflow/.local/lib/python3.6/site-packages/airflow/example_dags/tutorial_taskflow_api_etl.py took 0.104 seconds
[2026-09-22 16:30:58,773] {scheduler_job.py:182} INFO - Started process (PID=333) to work on /home/airflow/.local/lib/python3.6/site-packages/airflow/example_dags/tutorial_taskflow_api_etl.py
[2026-09-22 16:30:58,774] {scheduler_job.py:629} INFO - Processing file /home/airflow/.local/lib/python3.6/site-packages/airflow/example_dags/tutorial_taskflow_api_etl.py for tasks to queue
[2026-09-22 16:30:58,775] {logging_mixin.py:104} INFO - [2026-09-22 16:30:58,775] {dagbag.py:451} INFO - Filling up the DagBag from /home/airflow/.local/lib/python3.6/site-packages/airflow/example_dags/tutorial_taskflow_api_etl.py
[2026-09-22 16:30:58,794] {scheduler_job.py:639} INFO - DAG(s) dict_keys(['tutorial_taskflow_api_etl']) retrieved from /home/airflow/.local/lib/python3.6/site-packages/airflow/example_dags/tutorial_taskflow_api_etl.py
[2026-09-22 16:30:58,843] {logging_mixin.py:104} INFO - [2026-09-22 16:30:58,842] {dag.py:1824} INFO - Sync 1 DAGs
[2026-09-22 16:30:58,872] {logging_mixin.py:104} INFO - [2026-09-22 16:30:58,872] {dag.py:2280} INFO - Setting next_dagrun for tutorial_taskflow_api_etl to None
[2026-09-22 16:30:58,902] {scheduler_job.py:190} INFO - Processing /home/airflow/.local/lib/python3.6/site-packages/airflow/example_dags/tutorial_taskflow_api_etl.py took 0.135 seconds
[2026-09-22 16:31:29,558] {scheduler_job.py:182} INFO - Started process (PID=359) to work on /home/airflow/.local/lib/python3.6/site-packages/airflow/example_dags/tutorial_taskflow_api_etl.py
[2026-09-22 16:31:29,560] {scheduler_job.py:629} INFO - Processing file /home/airflow/.local/lib/python3.6/site-packages/airflow/example_dags/tutorial_taskflow_api_etl.py for tasks to queue
[2026-09-22 16:31:29,561] {logging_mixin.py:104} INFO - [2026-09-22 16:31:29,561] {dagbag.py:451} INFO - Filling up the DagBag from /home/airflow/.local/lib/python3.6/site-packages/airflow/example_dags/tutorial_taskflow_api_etl.py
[2026-09-22 16:31:29,580] {scheduler_job.py:639} INFO - DAG(s) dict_keys(['tutorial_taskflow_api_etl']) retrieved from /home/airflow/.local/lib/python3.6/site-packages/airflow/example_dags/tutorial_taskflow_api_etl.py
[2026-09-22 16:31:29,615] {logging_mixin.py:104} INFO - [2026-09-22 16:31:29,615] {dag.py:1824} INFO - Sync 1 DAGs
[2026-09-22 16:31:29,636] {logging_mixin.py:104} INFO - [2026-09-22 16:31:29,636] {dag.py:2280} INFO - Setting next_dagrun for tutorial_taskflow_api_etl to None
[2026-09-22 16:31:29,656] {scheduler_job.py:190} INFO - Processing /home/airflow/.local/lib/python3.6/site-packages/airflow/example_dags/tutorial_taskflow_api_etl.py took 0.102 seconds
[2026-09-22 16:32:00,279] {scheduler_job.py:182} INFO - Started process (PID=385) to work on /home/airflow/.local/lib/python3.6/site-packages/airflow/example_dags/tutorial_taskflow_api_etl.py
[2026-09-22 16:32:00,280] {scheduler_job.py:629} INFO - Processing file /home/airflow/.local/lib/python3.6/site-packages/airflow/example_dags/tutorial_taskflow_api_etl.py for tasks to queue
[2026-09-22 16:32:00,281] {logging_mixin.py:104} INFO - [2026-09-22 16:32:00,281] {dagbag.py:451} INFO - Filling up the DagBag from /home/airflow/.local/lib/python3.6/site-packages/airflow/example_dags/tutorial_taskflow_api_etl.py
[2026-09-22 16:32:00,298] {scheduler_job.py:639} INFO - DAG(s) dict_keys(['tutorial_taskflow_api_etl']) retrieved from /home/airflow/.local/lib/python3.6/site-packages/airflow/example_dags/tutorial_taskflow_api_etl.py
[2026-09-22 16:32:00,325] {logging_mixin.py:104} INFO - [2026-09-22 16:32:00,325] {dag.py:1824} INFO - Sync 1 DAGs
[2026-09-22 16:32:00,343] {logging_mixin.py:104} INFO - [2026-09-22 16:32:00,343] {dag.py:2280} INFO - Setting next_dagrun for tutorial_taskflow_api_etl to None
[2026-09-22 16:32:00,363] {scheduler_job.py:190} INFO - Processing /home/airflow/.local/lib/python3.6/site-packages/airflow/example_dags/tutorial_taskflow_api_etl.py took 0.088 seconds
[2026-09-22 16:32:30,509] {scheduler_job.py:182} INFO - Started process (PID=408) to work on /home/airflow/.local/lib/python3.6/site-packages/airflow/example_dags/tutorial_taskflow_api_etl.py
[2026-09-22 16:32:30,511] {scheduler_job.py:629} INFO - Processing file /home/airflow/.local/lib/python3.6/site-packages/airflow/example_dags/tutorial_taskflow_api_etl.py for tasks to queue
[2026-09-22 16:32:30,512] {logging_mixin.py:104} INFO - [2026-09-22 16:32:30,511] {dagbag.py:451} INFO - Filling up the DagBag from /home/airflow/.local/lib/python3.6/site-packages/airflow/example_dags/tutorial_taskflow_api_etl.py
[2026-09-22 16:32:30,528] {scheduler_job.py:639} INFO - DAG(s) dict_keys(['tutorial_taskflow_api_etl']) retrieved from /home/airflow/.local/lib/python3.6/site-packages/airflow/example_dags/tutorial_taskflow_api_etl.py
[2026-09-22 16:32:30,559] {logging_mixin.py:104} INFO - [2026-09-22 16:32:30,558] {dag.py:1824} INFO - Sync 1 DAGs
[2026-09-22 16:32:30,580] {logging_mixin.py:104} INFO - [2026-09-22 16:32:30,580] {dag.py:2280} INFO - Setting next_dagrun for tutorial_taskflow_api_etl to None
[2026-09-22 16:32:30,605] {scheduler_job.py:190} INFO - Processing /home/airflow/.local/lib/python3.6/site-packages/airflow/example_dags/tutorial_taskflow_api_etl.py took 0.101 seconds
[2026-09-22 16:33:01,385] {scheduler_job.py:182} INFO - Started process (PID=435) to work on /home/airflow/.local/lib/python3.6/site-packages/airflow/example_dags/tutorial_taskflow_api_etl.py
[2026-09-22 16:33:01,386] {scheduler_job.py:629} INFO - Processing file /home/airflow/.local/lib/python3.6/site-packages/airflow/example_dags/tutorial_taskflow_api_etl.py for tasks to queue
[2026-09-22 16:33:01,387] {logging_mixin.py:104} INFO - [2026-09-22 16:33:01,387] {dagbag.py:451} INFO - Filling up the DagBag from /home/airflow/.local/lib/python3.6/site-packages/airflow/example_dags/tutorial_taskflow_api_etl.py
[2026-09-22 16:33:01,405] {scheduler_job.py:639} INFO - DAG(s) dict_keys(['tutorial_taskflow_api_etl']) retrieved from /home/airflow/.local/lib/python3.6/site-packages/airflow/example_dags/tutorial_taskflow_api_etl.py
[2026-09-22 16:33:01,435] {logging_mixin.py:104} INFO - [2026-09-22 16:33:01,435] {dag.py:1824} INFO - Sync 1 DAGs
[2026-09-22 16:33:01,457] {logging_mixin.py:104} INFO - [2026-09-22 16:33:01,457] {dag.py:2280} INFO - Setting next_dagrun for tutorial_taskflow_api_etl to None
[2026-09-22 16:33:01,476] {scheduler_job.py:190} INFO - Processing /home/airflow/.local/lib/python3.6/site-packages/airflow/example_dags/tutorial_taskflow_api_etl.py took 0.096 seconds
[2026-09-22 16:33:32,332] {scheduler_job.py:182} INFO - Started process (PID=461) to work on /home/airflow/.local/lib/python3.6/site-packages/airflow/example_dags/tutorial_taskflow_api_etl.py
[2026-09-22 16:33:32,334] {scheduler_job.py:629} INFO - Processing file /home/airflow/.local/lib/python3.6/site-packages/airflow/example_dags/tutorial_taskflow_api_etl.py for tasks to queue
[2026-09-22 16:33:32,334] {logging_mixin.py:104} INFO - [2026-09-22 16:33:32,334] {dagbag.py:451} INFO - Filling up the DagBag from /home/airflow/.local/lib/python3.6/site-packages/airflow/example_dags/tutorial_taskflow_api_etl.py
[2026-09-22 16:33:32,352] {scheduler_job.py:639} INFO - DAG(s) dict_keys(['tutorial_taskflow_api_etl']) retrieved from /home/airflow/.local/lib/python3.6/site-packages/airflow/example_dags/tutorial_taskflow_api_etl.py
[2026-09-22 16:33:32,383] {logging_mixin.py:104} INFO - [2026-09-22 16:33:32,383] {dag.py:1824} INFO - Sync 1 DAGs
[2026-09-22 16:33:32,408] {logging_mixin.py:104} INFO - [2026-09-22 16:33:32,408] {dag.py:2280} INFO - Setting next_dagrun for tutorial_taskflow_api_etl to None
[2026-09-22 16:33:32,427] {scheduler_job.py:190} INFO - Processing /home/airflow/.local/lib/python3.6/site-packages/airflow/example_dags/tutorial_taskflow_api_etl.py took 0.098 seconds
[2026-09-22 16:34:03,224] {scheduler_job.py:182} INFO - Started process (PID=487) to work on /home/airflow/.local/lib/python3.6/site-packages/airflow/example_dags/tutorial_taskflow_api_etl.py
[2026-09-22 16:34:03,225] {scheduler_job.py:629} INFO - Processing file /home/airflow/.local/lib/python3.6/site-packages/airflow/example_dags/tutorial_taskflow_api_etl.py for tasks to queue
[2026-09-22 16:34:03,226] {logging_mixin.py:104} INFO - [2026-09-22 16:34:03,226] {dagbag.py:451} INFO - Filling up the DagBag from /home/airflow/.local/lib/python3.6/site-packages/airflow/example_dags/tutorial_taskflow_api_etl.py
[2026-09-22 16:34:03,250] {scheduler_job.py:639} INFO - DAG(s) dict_keys(['tutorial_taskflow_api_etl']) retrieved from /home/airflow/.local/lib/python3.6/site-packages/airflow/example_dags/tutorial_taskflow_api_etl.py
[2026-09-22 16:34:03,283] {logging_mixin.py:104} INFO - [2026-09-22 16:34:03,283] {dag.py:1824} INFO - Sync 1 DAGs
[2026-09-22 16:34:03,304] {logging_mixin.py:104} INFO - [2026-09-22 16:34:03,304] {dag.py:2280} INFO - Setting next_dagrun for tutorial_taskflow_api_etl to None
[2026-09-22 16:34:03,323] {scheduler_job.py:190} INFO - Processing /home/airflow/.local/lib/python3.6/site-packages/airflow/example_dags/tutorial_taskflow_api_etl.py took 0.103 seconds
[2026-09-22 16:34:33,884] {scheduler_job.py:182} INFO - Started process (PID=513) to work on /home/airflow/.local/lib/python3.6/site-packages/airflow/example_dags/tutorial_taskflow_api_etl.py
[2026-09-22 16:34:33,885] {scheduler_job.py:629} INFO - Processing file /home/airflow/.local/lib/python3.6/site-packages/airflow/example_dags/tutorial_taskflow_api_etl.py for tasks to queue
[2026-09-22 16:34:33,886] {logging_mixin.py:104} INFO - [2026-09-22 16:34:33,885] {dagbag.py:451} INFO - Filling up the DagBag from /home/airflow/.local/lib/python3.6/site-packages/airflow/example_dags/tutorial_taskflow_api_etl.py
[2026-09-22 16:34:33,903] {scheduler_job.py:639} INFO - DAG(s) dict_keys(['tutorial_taskflow_api_etl']) retrieved from /home/airflow/.local/lib/python3.6/site-packages/airflow/example_dags/tutorial_taskflow_api_etl.py
[2026-09-22 16:34:33,930] {logging_mixin.py:104} INFO - [2026-09-22 16:34:33,929] {dag.py:1824} INFO - Sync 1 DAGs
[2026-09-22 16:34:33,953] {logging_mixin.py:104} INFO - [2026-09-22 16:34:33,953] {dag.py:2280} INFO - Setting next_dagrun for tutorial_taskflow_api_etl to None
[2026-09-22 16:34:33,972] {scheduler_job.py:190} INFO - Processing /home/airflow/.local/lib/python3.6/site-packages/airflow/example_dags/tutorial_taskflow_api_etl.py took 0.093 seconds
[2026-09-22 16:35:04,506] {scheduler_job.py:182} INFO - Started process (PID=539) to work on /home/airflow/.local/lib/python3.6/site-packages/airflow/example_dags/tutorial_taskflow_api_etl.py
[2026-09-22 16:35:04,507] {scheduler_job.py:629} INFO - Processing file /home/airflow/.local/lib/python3.6/site-packages/airflow/example_dags/tutorial_taskflow_api_etl.py for tasks to queue
[2026-09-22 16:35:04,508] {logging_mixin.py:104} INFO - [2026-09-22 16:35:04,508] {dagbag.py:451} INFO - Filling up the DagBag from /home/airflow/.local/lib/python3.6/site-packages/airflow/example_dags/tutorial_taskflow_api_etl.py
[2026-09-22 16:35:04,525] {scheduler_job.py:639} INFO - DAG(s) dict_keys(['tutorial_taskflow_api_etl']) retrieved from /home/airflow/.local/lib/python3.6/site-packages/airflow/example_dags/tutorial_taskflow_api_etl.py
[2026-09-22 16:35:04,552] {logging_mixin.py:104} INFO - [2026-09-22 16:35:04,552] {dag.py:1824} INFO - Sync 1 DAGs
[2026-09-22 16:35:04,573] {logging_mixin.py:104} INFO - [2026-09-22 16:35:04,573] {dag.py:2280} INFO - Setting next_dagrun for tutorial_taskflow_api_etl to None
[2026-09-22 16:35:04,593] {scheduler_job.py:190} INFO - Processing /home/airflow/.local/lib/python3.6/site-packages/airflow/example_dags/tutorial_taskflow_api_etl.py took 0.091 seconds
[2026-09-22 16:35:35,133] {scheduler_job.py:182} INFO - Started process (PID=565) to work on /home/airflow/.local/lib/python3.6/site-packages/airflow/example_dags/tutorial_taskflow_api_etl.py
[2026-09-22 16:35:35,135] {scheduler_job.py:629} INFO - Processing file /home/airflow/.local/lib/python3.6/site-packages/airflow/example_dags/tutorial_taskflow_api_etl.py for tasks to queue
[2026-09-22 16:35:35,136] {logging_mixin.py:104} INFO - [2026-09-22 16:35:35,136] {dagbag.py:451} INFO - Filling up the DagBag from /home/airflow/.local/lib/python3.6/site-packages/airflow/example_dags/tutorial_taskflow_api_etl.py
[2026-09-22 16:35:35,164] {scheduler_job.py:639} INFO - DAG(s) dict_keys(['tutorial_taskflow_api_etl']) retrieved from /home/airflow/.local/lib/python3.6/site-packages/airflow/example_dags/tutorial_taskflow_api_etl.py
[2026-09-22 16:35:35,201] {logging_mixin.py:104} INFO - [2026-09-22 16:35:35,200] {dag.py:1824} INFO - Sync 1 DAGs
[2026-09-22 16:35:35,230] {logging_mixin.py:104} INFO - [2026-09-22 16:35:35,230] {dag.py:2280} INFO - Setting next_dagrun for tutorial_taskflow_api_etl to None
[2026-09-22 16:35:35,250] {scheduler_job.py:190} INFO - Processing /home/airflow/.local/lib/python3.6/site-packages/airflow/example_dags/tutorial_taskflow_api_etl.py took 0.121 seconds
[2026-09-22 16:36:05,909] {scheduler_job.py:182} INFO - Started process (PID=592) to work on /home/airflow/.local/lib/python3.6/site-packages/airflow/example_dags/tutorial_taskflow_api_etl.py
[2026-09-22 16:36:05,911] {scheduler_job.py:629} INFO - Processing file /home/airflow/.local/lib/python3.6/site-packages/airflow/example_dags/tutorial_taskflow_api_etl.py for tasks to queue
[2026-09-22 16:36:05,911] {logging_mixin.py:104} INFO - [2026-09-22 16:36:05,911] {dagbag.py:451} INFO - Filling up the DagBag from /home/airflow/.local/lib/python3.6/site-packages/airflow/example_dags/tutorial_taskflow_api_etl.py
[2026-09-22 16:36:05,933] {scheduler_job.py:639} INFO - DAG(s) dict_keys(['tutorial_taskflow_api_etl']) retrieved from /home/airflow/.local/lib/python3.6/site-packages/airflow/example_dags/tutorial_taskflow_api_etl.py
[2026-09-22 16:36:05,973] {logging_mixin.py:104} INFO - [2026-09-22 16:36:05,973] {dag.py:1824} INFO - Sync 1 DAGs
[2026-09-22 16:36:05,996] {logging_mixin.py:104} INFO - [2026-09-22 16:36:05,996] {dag.py:2280} INFO - Setting next_dagrun for tutorial_taskflow_api_etl to None
[2026-09-22 16:36:06,010] {scheduler_job.py:190} INFO - Processing /home/airflow/.local/lib/python3.6/site-packages/airflow/example_dags/tutorial_taskflow_api_etl.py took 0.105 seconds
[2026-09-22 16:36:36,767] {scheduler_job.py:182} INFO - Started process (PID=618) to work on /home/airflow/.local/lib/python3.6/site-packages/airflow/example_dags/tutorial_taskflow_api_etl.py
[2026-09-22 16:36:36,768] {scheduler_job.py:629} INFO - Processing file /home/airflow/.local/lib/python3.6/site-packages/airflow/example_dags/tutorial_taskflow_api_etl.py for tasks to queue
[2026-09-22 16:36:36,769] {logging_mixin.py:104} INFO - [2026-09-22 16:36:36,768] {dagbag.py:451} INFO - Filling up the DagBag from /home/airflow/.local/lib/python3.6/site-packages/airflow/example_dags/tutorial_taskflow_api_etl.py
[2026-09-22 16:36:36,788] {scheduler_job.py:639} INFO - DAG(s) dict_keys(['tutorial_taskflow_api_etl']) retrieved from /home/airflow/.local/lib/python3.6/site-packages/airflow/example_dags/tutorial_taskflow_api_etl.py
[2026-09-22 16:36:36,822] {logging_mixin.py:104} INFO - [2026-09-22 16:36:36,821] {dag.py:1824} INFO - Sync 1 DAGs
[2026-09-22 16:36:36,840] {logging_mixin.py:104} INFO - [2026-09-22 16:36:36,840] {dag.py:2280} INFO - Setting next_dagrun for tutorial_taskflow_api_etl to None
[2026-09-22 16:36:36,859] {scheduler_job.py:190} INFO - Processing /home/airflow/.local/lib/python3.6/site-packages/airflow/example_dags/tutorial_taskflow_api_etl.py took 0.097 seconds
[2026-09-22 16:37:07,631] {scheduler_job.py:182} INFO - Started process (PID=644) to work on /home/airflow/.local/lib/python3.6/site-packages/airflow/example_dags/tutorial_taskflow_api_etl.py
[2026-09-22 16:37:07,633] {scheduler_job.py:629} INFO - Processing file /home/airflow/.local/lib/python3.6/site-packages/airflow/example_dags/tutorial_taskflow_api_etl.py for tasks to queue
[2026-09-22 16:37:07,634] {logging_mixin.py:104} INFO - [2026-09-22 16:37:07,634] {dagbag.py:451} INFO - Filling up the DagBag from /home/airflow/.local/lib/python3.6/site-packages/airflow/example_dags/tutorial_taskflow_api_etl.py
[2026-09-22 16:37:07,658] {scheduler_job.py:639} INFO - DAG(s) dict_keys(['tutorial_taskflow_api_etl']) retrieved from /home/airflow/.local/lib/python3.6/site-packages/airflow/example_dags/tutorial_taskflow_api_etl.py
[2026-09-22 16:37:07,696] {logging_mixin.py:104} INFO - [2026-09-22 16:37:07,696] {dag.py:1824} INFO - Sync 1 DAGs
[2026-09-22 16:37:07,720] {logging_mixin.py:104} INFO - [2026-09-22 16:37:07,720] {dag.py:2280} INFO - Setting next_dagrun for tutorial_taskflow_api_etl to None
[2026-09-22 16:37:07,741] {scheduler_job.py:190} INFO - Processing /home/airflow/.local/lib/python3.6/site-packages/airflow/example_dags/tutorial_taskflow_api_etl.py took 0.114 seconds
[2026-09-22 16:37:38,213] {scheduler_job.py:182} INFO - Started process (PID=670) to work on /home/airflow/.local/lib/python3.6/site-packages/airflow/example_dags/tutorial_taskflow_api_etl.py
[2026-09-22 16:37:38,216] {scheduler_job.py:629} INFO - Processing file /home/airflow/.local/lib/python3.6/site-packages/airflow/example_dags/tutorial_taskflow_api_etl.py for tasks to queue
[2026-09-22 16:37:38,216] {logging_mixin.py:104} INFO - [2026-09-22 16:37:38,216] {dagbag.py:451} INFO - Filling up the DagBag from /home/airflow/.local/lib/python3.6/site-packages/airflow/example_dags/tutorial_taskflow_api_etl.py
[2026-09-22 16:37:38,233] {scheduler_job.py:639} INFO - DAG(s) dict_keys(['tutorial_taskflow_api_etl']) retrieved from /home/airflow/.local/lib/python3.6/site-packages/airflow/example_dags/tutorial_taskflow_api_etl.py
[2026-09-22 16:37:38,261] {logging_mixin.py:104} INFO - [2026-09-22 16:37:38,261] {dag.py:1824} INFO - Sync 1 DAGs
[2026-09-22 16:37:38,281] {logging_mixin.py:104} INFO - [2026-09-22 16:37:38,281] {dag.py:2280} INFO - Setting next_dagrun for tutorial_taskflow_api_etl to None
[2026-09-22 16:37:38,296] {scheduler_job.py:190} INFO - Processing /home/airflow/.local/lib/python3.6/site-packages/airflow/example_dags/tutorial_taskflow_api_etl.py took 0.087 seconds
[2026-09-22 16:38:08,966] {scheduler_job.py:182} INFO - Started process (PID=696) to work on /home/airflow/.local/lib/python3.6/site-packages/airflow/example_dags/tutorial_taskflow_api_etl.py
[2026-09-22 16:38:08,967] {scheduler_job.py:629} INFO - Processing file /home/airflow/.local/lib/python3.6/site-packages/airflow/example_dags/tutorial_taskflow_api_etl.py for tasks to queue
[2026-09-22 16:38:08,968] {logging_mixin.py:104} INFO - [2026-09-22 16:38:08,968] {dagbag.py:451} INFO - Filling up the DagBag from /home/airflow/.local/lib/python3.6/site-packages/airflow/example_dags/tutorial_taskflow_api_etl.py
[2026-09-22 16:38:08,984] {scheduler_job.py:639} INFO - DAG(s) dict_keys(['tutorial_taskflow_api_etl']) retrieved from /home/airflow/.local/lib/python3.6/site-packages/airflow/example_dags/tutorial_taskflow_api_etl.py
[2026-09-22 16:38:09,012] {logging_mixin.py:104} INFO - [2026-09-22 16:38:09,012] {dag.py:1824} INFO - Sync 1 DAGs
[2026-09-22 16:38:09,030] {logging_mixin.py:104} INFO - [2026-09-22 16:38:09,029] {dag.py:2280} INFO - Setting next_dagrun for tutorial_taskflow_api_etl to None
[2026-09-22 16:38:09,046] {scheduler_job.py:190} INFO - Processing /home/airflow/.local/lib/python3.6/site-packages/airflow/example_dags/tutorial_taskflow_api_etl.py took 0.085 seconds
[2026-09-22 16:38:39,654] {scheduler_job.py:182} INFO - Started process (PID=722) to work on /home/airflow/.local/lib/python3.6/site-packages/airflow/example_dags/tutorial_taskflow_api_etl.py
[2026-09-22 16:38:39,656] {scheduler_job.py:629} INFO - Processing file /home/airflow/.local/lib/python3.6/site-packages/airflow/example_dags/tutorial_taskflow_api_etl.py for tasks to queue
[2026-09-22 16:38:39,657] {logging_mixin.py:104} INFO - [2026-09-22 16:38:39,657] {dagbag.py:451} INFO - Filling up the DagBag from /home/airflow/.local/lib/python3.6/site-packages/airflow/example_dags/tutorial_taskflow_api_etl.py
[2026-09-22 16:38:39,684] {scheduler_job.py:639} INFO - DAG(s) dict_keys(['tutorial_taskflow_api_etl']) retrieved from /home/airflow/.local/lib/python3.6/site-packages/airflow/example_dags/tutorial_taskflow_api_etl.py
[2026-09-22 16:38:39,745] {logging_mixin.py:104} INFO - [2026-09-22 16:38:39,745] {dag.py:1824} INFO - Sync 1 DAGs
[2026-09-22 16:38:39,782] {logging_mixin.py:104} INFO - [2026-09-22 16:38:39,782] {dag.py:2280} INFO - Setting next_dagrun for tutorial_taskflow_api_etl to None
[2026-09-22 16:38:39,816] {scheduler_job.py:190} INFO - Processing /home/airflow/.local/lib/python3.6/site-packages/airflow/example_dags/tutorial_taskflow_api_etl.py took 0.166 seconds
[2026-09-22 16:39:10,508] {scheduler_job.py:182} INFO - Started process (PID=748) to work on /home/airflow/.local/lib/python3.6/site-packages/airflow/example_dags/tutorial_taskflow_api_etl.py
[2026-09-22 16:39:10,509] {scheduler_job.py:629} INFO - Processing file /home/airflow/.local/lib/python3.6/site-packages/airflow/example_dags/tutorial_taskflow_api_etl.py for tasks to queue
[2026-09-22 16:39:10,509] {logging_mixin.py:104} INFO - [2026-09-22 16:39:10,509] {dagbag.py:451} INFO - Filling up the DagBag from /home/airflow/.local/lib/python3.6/site-packages/airflow/example_dags/tutorial_taskflow_api_etl.py
[2026-09-22 16:39:10,530] {scheduler_job.py:639} INFO - DAG(s) dict_keys(['tutorial_taskflow_api_etl']) retrieved from /home/airflow/.local/lib/python3.6/site-packages/airflow/example_dags/tutorial_taskflow_api_etl.py
[2026-09-22 16:39:10,564] {logging_mixin.py:104} INFO - [2026-09-22 16:39:10,564] {dag.py:1824} INFO - Sync 1 DAGs
[2026-09-22 16:39:10,585] {logging_mixin.py:104} INFO - [2026-09-22 16:39:10,585] {dag.py:2280} INFO - Setting next_dagrun for tutorial_taskflow_api_etl to None
[2026-09-22 16:39:10,607] {scheduler_job.py:190} INFO - Processing /home/airflow/.local/lib/python3.6/site-packages/airflow/example_dags/tutorial_taskflow_api_etl.py took 0.104 seconds
[2026-09-22 16:39:41,420] {scheduler_job.py:182} INFO - Started process (PID=776) to work on /home/airflow/.local/lib/python3.6/site-packages/airflow/example_dags/tutorial_taskflow_api_etl.py
[2026-09-22 16:39:41,421] {scheduler_job.py:629} INFO - Processing file /home/airflow/.local/lib/python3.6/site-packages/airflow/example_dags/tutorial_taskflow_api_etl.py for tasks to queue
[2026-09-22 16:39:41,423] {logging_mixin.py:104} INFO - [2026-09-22 16:39:41,423] {dagbag.py:451} INFO - Filling up the DagBag from /home/airflow/.local/lib/python3.6/site-packages/airflow/example_dags/tutorial_taskflow_api_etl.py
[2026-09-22 16:39:41,447] {scheduler_job.py:639} INFO - DAG(s) dict_keys(['tutorial_taskflow_api_etl']) retrieved from /home/airflow/.local/lib/python3.6/site-packages/airflow/example_dags/tutorial_taskflow_api_etl.py
[2026-09-22 16:39:41,475] {logging_mixin.py:104} INFO - [2026-09-22 16:39:41,475] {dag.py:1824} INFO - Sync 1 DAGs
[2026-09-22 16:39:41,504] {logging_mixin.py:104} INFO - [2026-09-22 16:39:41,504] {dag.py:2280} INFO - Setting next_dagrun for tutorial_taskflow_api_etl to None
[2026-09-22 16:39:41,524] {scheduler_job.py:190} INFO - Processing /home/airflow/.local/lib/python3.6/site-packages/airflow/example_dags/tutorial_taskflow_api_etl.py took 0.110 seconds
[2026-09-22 16:40:12,003] {scheduler_job.py:182} INFO - Started process (PID=801) to work on /home/airflow/.local/lib/python3.6/site-packages/airflow/example_dags/tutorial_taskflow_api_etl.py
[2026-09-22 16:40:12,004] {scheduler_job.py:629} INFO - Processing file /home/airflow/.local/lib/python3.6/site-packages/airflow/example_dags/tutorial_taskflow_api_etl.py for tasks to queue
[2026-09-22 16:40:12,005] {logging_mixin.py:104} INFO - [2026-09-22 16:40:12,005] {dagbag.py:451} INFO - Filling up the DagBag from /home/airflow/.local/lib/python3.6/site-packages/airflow/example_dags/tutorial_taskflow_api_etl.py
[2026-09-22 16:40:12,024] {scheduler_job.py:639} INFO - DAG(s) dict_keys(['tutorial_taskflow_api_etl']) retrieved from /home/airflow/.local/lib/python3.6/site-packages/airflow/example_dags/tutorial_taskflow_api_etl.py
[2026-09-22 16:40:12,050] {logging_mixin.py:104} INFO - [2026-09-22 16:40:12,050] {dag.py:1824} INFO - Sync 1 DAGs
[2026-09-22 16:40:12,068] {logging_mixin.py:104} INFO - [2026-09-22 16:40:12,068] {dag.py:2280} INFO - Setting next_dagrun for tutorial_taskflow_api_etl to None
[2026-09-22 16:40:12,083] {scheduler_job.py:190} INFO - Processing /home/airflow/.local/lib/python3.6/site-packages/airflow/example_dags/tutorial_taskflow_api_etl.py took 0.084 seconds
[2026-09-22 16:40:42,884] {scheduler_job.py:182} INFO - Started process (PID=827) to work on /home/airflow/.local/lib/python3.6/site-packages/airflow/example_dags/tutorial_taskflow_api_etl.py
[2026-09-22 16:40:42,885] {scheduler_job.py:629} INFO - Processing file /home/airflow/.local/lib/python3.6/site-packages/airflow/example_dags/tutorial_taskflow_api_etl.py for tasks to queue
[2026-09-22 16:40:42,886] {logging_mixin.py:104} INFO - [2026-09-22 16:40:42,886] {dagbag.py:451} INFO - Filling up the DagBag from /home/airflow/.local/lib/python3.6/site-packages/airflow/example_dags/tutorial_taskflow_api_etl.py
[2026-09-22 16:40:42,910] {scheduler_job.py:639} INFO - DAG(s) dict_keys(['tutorial_taskflow_api_etl']) retrieved from /home/airflow/.local/lib/python3.6/site-packages/airflow/example_dags/tutorial_taskflow_api_etl.py
[2026-09-22 16:40:42,941] {logging_mixin.py:104} INFO - [2026-09-22 16:40:42,941] {dag.py:1824} INFO - Sync 1 DAGs
[2026-09-22 16:40:42,964] {logging_mixin.py:104} INFO - [2026-09-22 16:40:42,963] {dag.py:2280} INFO - Setting next_dagrun for tutorial_taskflow_api_etl to None
[2026-09-22 16:40:42,983] {scheduler_job.py:190} INFO - Processing /home/airflow/.local/lib/python3.6/site-packages/airflow/example_dags/tutorial_taskflow_api_etl.py took 0.103 seconds
[2026-09-22 16:41:13,787] {scheduler_job.py:182} INFO - Started process (PID=853) to work on /home/airflow/.local/lib/python3.6/site-packages/airflow/example_dags/tutorial_taskflow_api_etl.py
[2026-09-22 16:41:13,788] {scheduler_job.py:629} INFO - Processing file /home/airflow/.local/lib/python3.6/site-packages/airflow/example_dags/tutorial_taskflow_api_etl.py for tasks to queue
[2026-09-22 16:41:13,789] {logging_mixin.py:104} INFO - [2026-09-22 16:41:13,789] {dagbag.py:451} INFO - Filling up the DagBag from /home/airflow/.local/lib/python3.6/site-packages/airflow/example_dags/tutorial_taskflow_api_etl.py
[2026-09-22 16:41:13,818] {scheduler_job.py:639} INFO - DAG(s) dict_keys(['tutorial_taskflow_api_etl']) retrieved from /home/airflow/.local/lib/python3.6/site-packages/airflow/example_dags/tutorial_taskflow_api_etl.py
[2026-09-22 16:41:13,864] {logging_mixin.py:104} INFO - [2026-09-22 16:41:13,864] {dag.py:1824} INFO - Sync 1 DAGs
[2026-09-22 16:41:13,894] {logging_mixin.py:104} INFO - [2026-09-22 16:41:13,894] {dag.py:2280} INFO - Setting next_dagrun for tutorial_taskflow_api_etl to None
[2026-09-22 16:41:13,916] {scheduler_job.py:190} INFO - Processing /home/airflow/.local/lib/python3.6/site-packages/airflow/example_dags/tutorial_taskflow_api_etl.py took 0.134 seconds
[2026-09-22 16:41:44,905] {scheduler_job.py:182} INFO - Started process (PID=879) to work on /home/airflow/.local/lib/python3.6/site-packages/airflow/example_dags/tutorial_taskflow_api_etl.py
[2026-09-22 16:41:44,907] {scheduler_job.py:629} INFO - Processing file /home/airflow/.local/lib/python3.6/site-packages/airflow/example_dags/tutorial_taskflow_api_etl.py for tasks to queue
[2026-09-22 16:41:44,911] {logging_mixin.py:104} INFO - [2026-09-22 16:41:44,910] {dagbag.py:451} INFO - Filling up the DagBag from /home/airflow/.local/lib/python3.6/site-packages/airflow/example_dags/tutorial_taskflow_api_etl.py
[2026-09-22 16:41:44,981] {scheduler_job.py:639} INFO - DAG(s) dict_keys(['tutorial_taskflow_api_etl']) retrieved from /home/airflow/.local/lib/python3.6/site-packages/airflow/example_dags/tutorial_taskflow_api_etl.py
[2026-09-22 16:41:45,060] {logging_mixin.py:104} INFO - [2026-09-22 16:41:45,060] {dag.py:1824} INFO - Sync 1 DAGs
[2026-09-22 16:41:45,104] {logging_mixin.py:104} INFO - [2026-09-22 16:41:45,104] {dag.py:2280} INFO - Setting next_dagrun for tutorial_taskflow_api_etl to None
[2026-09-22 16:41:45,143] {scheduler_job.py:190} INFO - Processing /home/airflow/.local/lib/python3.6/site-packages/airflow/example_dags/tutorial_taskflow_api_etl.py took 0.254 seconds
