[2026-09-22 16:25:20,164] {scheduler_job.py:182} INFO - Started process (PID=44) to work on /home/airflow/.local/lib/python3.6/site-packages/airflow/example_dags/tutorial.py
[2026-09-22 16:25:20,166] {scheduler_job.py:629} INFO - Processing file /home/airflow/.local/lib/python3.6/site-packages/airflow/example_dags/tutorial.py for tasks to queue
[2026-09-22 16:25:20,167] {logging_mixin.py:104} INFO - [2026-09-22 16:25:20,167] {dagbag.py:451} INFO - Filling up the DagBag from /home/airflow/.local/lib/python3.6/site-packages/airflow/example_dags/tutorial.py
[2026-09-22 16:25:20,209] {scheduler_job.py:639} INFO - DAG(s) dict_keys(['tutorial']) retrieved from /home/airflow/.local/lib/python3.6/site-packages/airflow/example_dags/tutorial.py
[2026-09-22 16:25:20,310] {logging_mixin.py:104} INFO - [2026-09-22 16:25:20,310] {dag.py:1824} INFO - Sync 1 DAGs
[2026-09-22 16:25:20,384] {logging_mixin.py:104} INFO - [2026-09-22 16:25:20,384] {dag.py:2280} INFO - Setting next_dagrun for tutorial to 2026-09-20 00:00:00+00:00
[2026-09-22 16:25:20,476] {scheduler_job.py:190} INFO - Processing /home/airflow/.local/lib/python3.6/site-packages/airflow/example_dags/tutorial.py took 0.319 seconds
[2026-09-22 16:25:50,883] {scheduler_job.py:182} INFO - Started process (PID=68) to work on /home/airflow/.local/lib/python3.6/site-packages/airflow/example_dags/tutorial.py
[2026-09-22 16:25:50,885] {scheduler_job.py:629} INFO - Processing file /home/airflow/.local/lib/python3.6/site-packages/airflow/example_dags/tutorial.py for tasks to queue
[2026-09-22 16:25:50,886] {logging_mixin.py:104} INFO - [2026-09-22 16:25:50,886] {dagbag.py:451} INFO - Filling up the DagBag from /home/airflow/.local/lib/python3.6/site-packages/airflow/example_dags/tutorial.py
[2026-09-22 16:25:50,904] {scheduler_job.py:639} INFO - DAG(s) dict_keys(['tutorial']) retrieved from /home/airflow/.local/lib/python3.6/site-packages/airflow/example_dags/tutorial.py
[2026-09-22 16:25:50,937] {logging_mixin.py:104} INFO - [2026-09-22 16:25:50,937] {dag.py:1824} INFO - Sync 1 DAGs
[2026-09-22 16:25:50,971] {logging_mixin.py:104} INFO - [2026-09-22 16:25:50,971] {dag.py:2280} INFO - Setting next_dagrun for tutorial to 2026-09-20 00:00:00+00:00
[2026-09-22 16:25:50,991] {scheduler_job.py:190} INFO - Processing /home/airflow/.local/lib/python3.6/site-packages/airflow/example_dags/tutorial.py took 0.113 seconds
[2026-09-22 16:26:22,046] {scheduler_job.py:182} INFO - Started process (PID=99) to work on /home/airflow/.local/lib/python3.6/site-packages/airflow/example_dags/tutorial.py
[2026-09-22 16:26:22,047] {scheduler_job.py:629} INFO - Processing file /home/airflow/.local/lib/python3.6/site-packages/airflow/example_dags/tutorial.py for tasks to queue
[2026-09-22 16:26:22,048] {logging_mixin.py:104} INFO - [2026-09-22 16:26:22,047] {dagbag.py:451} INFO - Filling up the DagBag from /home/airflow/.local/lib/python3.6/site-packages/airflow/example_dags/tutorial.py
[2026-09-22 16:26:22,060] {scheduler_job.py:639} INFO - DAG(s) dict_keys(['tutorial']) retrieved from /home/airflow/.local/lib/python3.6/site-packages/airflow/example_dags/tutorial.py
[2026-09-22 16:26:22,088] {logging_mixin.py:104} INFO - [2026-09-22 16:26:22,088] {dag.py:1824} INFO - Sync 1 DAGs
[2026-09-22 16:26:22,111] {logging_mixin.py:104} INFO - [2026-09-22 16:26:22,110] {dag.py:2280} INFO - Setting next_dagrun for tutorial to 2026-09-20 00:00:00+00:00
[2026-09-22 16:26:22,130] {scheduler_job.py:190} INFO - Processing /home/airflow/.local/lib/python3.6/site-packages/airflow/example_dags/tutorial.py took 0.088 seconds
[2026-09-22 16:26:53,448] {scheduler_job.py:182} INFO - Started process (PID=131) to work on /home/airflow/.local/lib/python3.6/site-packages/airflow/example_dags/tutorial.py
[2026-09-22 16:26:53,450] {scheduler_job.py:629} INFO - Processing file /home/airflow/.local/lib/python3.6/site-packages/airflow/example_dags/tutorial.py for tasks to queue
[2026-09-22 16:26:53,451] {logging_mixin.py:104} INFO - [2026-09-22 16:26:53,450] {dagbag.py:451} INFO - Filling up the DagBag from /home/airflow/.local/lib/python3.6/site-packages/airflow/example_dags/tutorial.py
[2026-09-22 16:26:53,465] {scheduler_job.py:639} INFO - DAG(s) dict_keys(['tutorial']) retrieved from /home/airflow/.local/lib/python3.6/site-packages/airflow/example_dags/tutorial.py
[2026-09-22 16:26:53,495] {logging_mixin.py:104} INFO - [2026-09-22 16:26:53,495] {dag.py:1824} INFO - Sync 1 DAGs
[2026-09-22 16:26:53,518] {logging_mixin.py:104} INFO - [2026-09-22 16:26:53,518] {dag.py:2280} INFO - Setting next_dagrun for tutorial to 2026-09-20 00:00:00+00:00
[2026-09-22 16:26:53,538] {scheduler_job.py:190} INFO - Processing /home/airflow/.local/lib/python3.6/site-packages/airflow/example_dags/tutorial.py took 0.094 seconds
[2026-09-22 16:27:23,947] {scheduler_job.py:182} INFO - Started process (PID=156) to work on /home/airflow/.local/lib/python3.6/site-packages/airflow/example_dags/tutorial.py
[2026-09-22 16:27:23,949] {scheduler_job.py:629} INFO - Processing file /home/airflow/.local/lib/python3.6/site-packages/airflow/example_dags/tutorial.py for tasks to queue
[2026-09-22 16:27:23,949] {logging_mixin.py:104} INFO - [2026-09-22 16:27:23,949] {dagbag.py:451} INFO - Filling up the DagBag from /home/airflow/.local/lib/python3.6/site-packages/airflow/example_dags/tutorial.py
[2026-09-22 16:27:23,966] {scheduler_job.py:639} INFO - DAG(s) dict_keys(['tutorial']) retrieved from /home/airflow/.local/lib/python3.6/site-packages/airflow/example_dags/tutorial.py
[2026-09-22 16:27:23,999] {logging_mixin.py:104} INFO - [2026-09-22 16:27:23,998] {dag.py:1824} INFO - Sync 1 DAGs
[2026-09-22 16:27:24,026] {logging_mixin.py:104} INFO - [2026-09-22 16:27:24,025] {dag.py:2280} INFO - Setting next_dagrun for tutorial to 2026-09-20 00:00:00+00:00
[2026-09-22 16:27:24,042] {scheduler_job.py:190} INFO - Processing /home/airflow/.local/lib/python3.6/site-packages/airflow/example_dags/tutorial.py took 0.100 seconds
[2026-09-22 16:27:54,814] {scheduler_job.py:182} INFO - Started process (PID=182) to work on /home/airflow/.local/lib/python3.6/site-packages/airflow/example_dags/tutorial.py
[2026-09-22 16:27:54,816] {scheduler_job.py:629} INFO - Processing file /home/airflow/.local/lib/python3.6/site-packages/airflow/example_dags/tutorial.py for tasks to queue
[2026-09-22 16:27:54,817] {logging_mixin.py:104} INFO - [2026-09-22 16:27:54,817] {dagbag.py:451} INFO - Filling up the DagBag from /home/airflow/.local/lib/python3.6/site-packages/airflow/example_dags/tutorial.py
[2026-09-22 16:27:54,829] {scheduler_job.py:639} INFO - DAG(s) dict_keys(['tutorial']) retrieved from /home/airflow/.local/lib/python3.6/site-packages/airflow/example_dags/tutorial.py
[2026-09-22 16:27:54,860] {logging_mixin.py:104} INFO - [2026-09-22 16:27:54,859] {dag.py:1824} INFO - Sync 1 DAGs
[2026-09-22 16:27:54,891] {logging_mixin.py:104} INFO - [2026-09-22 16:27:54,891] {dag.py:2280} INFO - Setting next_dagrun for tutorial to 2026-09-20 00:00:00+00:00
[2026-09-22 16:27:54,911] {scheduler_job.py:190} INFO - Processing /home/airflow/.local/lib/python3.6/site-packages/airflow/example_dags/tutorial.py took 0.100 seconds
[2026-09-22 16:28:25,777] {scheduler_job.py:182} INFO - Started process (PID=209) to work on /home/airflow/.local/lib/python3.6/site-packages/airflow/example_dags/tutorial.py
[2026-09-22 16:28:25,778] {scheduler_job.py:629} INFO - Processing file /home/airflow/.local/lib/python3.6/site-packages/airflow/example_dags/tutorial.py for tasks to queue
[2026-09-22 16:28:25,779] {logging_mixin.py:104} INFO - [2026-09-22 16:28:25,779] {dagbag.py:451} INFO - Filling up the DagBag from /home/airflow/.local/lib/python3.6/site-packages/airflow/example_dags/tutorial.py
[2026-09-22 16:28:25,793] {scheduler_job.py:639} INFO - DAG(s) dict_keys(['tutorial']) retrieved from /home/airflow/.local/lib/python3.6/site-packages/airflow/example_dags/tutorial.py
[2026-09-22 16:28:25,820] {logging_mixin.py:104} INFO - [2026-09-22 16:28:25,820] {dag.py:1824} INFO - Sync 1 DAGs
[2026-09-22 16:28:25,842] {logging_mixin.py:104} INFO - [2026-09-22 16:28:25,841] {dag.py:2280} INFO - Setting next_dagrun for tutorial to 2026-09-20 00:00:00+00:00
[2026-09-22 16:28:25,865] {scheduler_job.py:190} INFO - Processing /home/airflow/.local/lib/python3.6/site-packages/airflow/example_dags/tutorial.py took 0.093 seconds
[2026-09-22 16:28:56,314] {scheduler_job.py:182} INFO - Started process (PID=235) to work on /home/airflow/.local/lib/python3.6/site-packages/airflow/example_dags/tutorial.py
[2026-09-22 16:28:56,316] {scheduler_job.py:629} INFO - Processing file /home/airflow/.local/lib/python3.6/site-packages/airflow/example_dags/tutorial.py for tasks to queue
[2026-09-22 16:28:56,317] {logging_mixin.py:104} INFO - [2026-09-22 16:28:56,316] {dagbag.py:451} INFO - Filling up the DagBag from /home/airflow/.local/lib/python3.6/site-packages/airflow/example_dags/tutorial.py
[2026-09-22 16:28:56,329] {scheduler_job.py:639} INFO - DAG(s) dict_keys(['tutorial']) retrieved from /home/airflow/.local/lib/python3.6/site-packages/airflow/example_dags/tutorial.py
[2026-09-22 16:28:56,353] {logging_mixin.py:104} INFO - [2026-09-22 16:28:56,353] {dag.py:1824} INFO - Sync 1 DAGs
[2026-09-22 16:28:56,371] {logging_mixin.py:104} INFO - [2026-09-22 16:28:56,371] {dag.py:2280} INFO - Setting next_dagrun for tutorial to 2026-09-20 00:00:00+00:00
[2026-09-22 16:28:56,386] {scheduler_job.py:190} INFO - Processing /home/airflow/.local/lib/python3.6/site-packages/airflow/example_dags/tutorial.py took 0.077 seconds
[2026-09-22 16:29:27,301] {scheduler_job.py:182} INFO - Started process (PID=261) to work on /home/airflow/.local/lib/python3.6/site-packages/airflow/example_dags/tutorial.py
[2026-09-22 16:29:27,303] {scheduler_job.py:629} INFO - Processing file /home/airflow/.local/lib/python3.6/site-packages/airflow/example_dags/tutorial.py for tasks to queue
[2026-09-22 16:29:27,305] {logging_mixin.py:104} INFO - [2026-09-22 16:29:27,304] {dagbag.py:451} INFO - Filling up the DagBag from /home/airflow/.local/lib/python3.6/site-packages/airflow/example_dags/tutorial.py
[2026-09-22 16:29:27,323] {scheduler_job.py:639} INFO - DAG(s) dict_keys(['tutorial']) retrieved from /home/airflow/.local/lib/python3.6/site-packages/airflow/example_dags/tutorial.py
[2026-09-22 16:29:27,368] {logging_mixin.py:104} INFO - [2026-09-22 16:29:27,368] {dag.py:1824} INFO - Sync 1 DAGs
[2026-09-22 16:29:27,410] {logging_mixin.py:104} INFO - [2026-09-22 16:29:27,410] {dag.py:2280} INFO - Setting next_dagrun for tutorial to 2026-09-20 00:00:00+00:00
[2026-09-22 16:29:27,442] {scheduler_job.py:190} INFO - Processing /home/airflow/.local/lib/python3.6/site-packages/airflow/example_dags/tutorial.py took 0.147 seconds
[2026-09-22 16:29:57,513] {scheduler_job.py:182} INFO - Started process (PID=287) to work on /home/airflow/.local/lib/python3.6/site-packages/airflow/example_dags/tutorial.py
[2026-09-22 16:29:57,514] {scheduler_job.py:629} INFO - Processing file /home/airflow/.local/lib/python3.6/site-packages/airflow/example_dags/tutorial.py for tasks to queue
[2026-09-22 16:29:57,515] {logging_mixin.py:104} INFO - [2026-09-22 16:29:57,515] {dagbag.py:451} INFO - Filling up the DagBag from /home/airflow/.local/lib/python3.6/site-packages/airflow/example_dags/tutorial.py
[2026-09-22 16:29:57,528] {scheduler_job.py:639} INFO - DAG(s) dict_keys(['tutorial']) retrieved from /home/airflow/.local/lib/python3.6/site-packages/airflow/example_dags/tutorial.py
[2026-09-22 16:29:57,554] {logging_mixin.py:104} INFO - [2026-09-22 16:29:57,554] {dag.py:1824} INFO - Sync 1 DAGs
[2026-09-22 16:29:57,573] {logging_mixin.py:104} INFO - [2026-09-22 16:29:57,573] {dag.py:2280} INFO - Setting next_dagrun for tutorial to 2026-09-20 00:00:00+00:00
[2026-09-22 16:29:57,591] {scheduler_job.py:190} INFO - Processing /home/airflow/.local/lib/python3.6/site-packages/airflow/example_dags/tutorial.py took 0.082 seconds
[2026-09-22 16:30:28,259] {scheduler_job.py:182} INFO - Started process (PID=312) to work on /home/airflow/.local/lib/python3.6/site-packages/airflow/example_dags/tutorial.py
[2026-09-22 16:30:28,260] {scheduler_job.py:629} INFO - Processing file /home/airflow/.local/lib/python3.6/site-packages/airflow/example_dags/tutorial.py for tasks to queue
[2026-09-22 16:30:28,261] {logging_mixin.py:104} INFO - [2026-09-22 16:30:28,261] {dagbag.py:451} INFO - Filling up the DagBag from /home/airflow/.local/lib/python3.6/site-packages/airflow/example_dags/tutorial.py
[2026-09-22 16:30:28,276] {scheduler_job.py:639} INFO - DAG(s) dict_keys(['tutorial']) retrieved from /home/airflow/.local/lib/python3.6/site-packages/airflow/example_dags/tutorial.py
[2026-09-22 16:30:28,308] {logging_mixin.py:104} INFO - [2026-09-22 16:30:28,308] {dag.py:1824} INFO - Sync 1 DAGs
[2026-09-22 16:30:28,334] {logging_mixin.py:104} INFO - [2026-09-22 16:30:28,334] {dag.py:2280} INFO - Setting next_dagrun for tutorial to 2026-09-20 00:00:00+00:00
[2026-09-22 16:30:28,354] {scheduler_job.py:190} INFO - Processing /home/airflow/.local/lib/python3.6/site-packages/airflow/example_dags/tutorial.py took 0.099 seconds
[2026-09-22 16:30:59,095] {scheduler_job.py:182} INFO - Started process (PID=338) to work on /home/airflow/.local/lib/python3.6/site-packages/airflow/example_dags/tutorial.py
[2026-09-22 16:30:59,096] {scheduler_job.py:629} INFO - Processing file /home/airflow/.local/lib/python3.6/site-packages/airflow/example_dags/tutorial.py for tasks to queue
[2026-09-22 16:30:59,097] {logging_mixin.py:104} INFO - [2026-09-22 16:30:59,097] {dagbag.py:451} INFO - Filling up the DagBag from /home/airflow/.local/lib/python3.6/site-packages/airflow/example_dags/tutorial.py
[2026-09-22 16:30:59,111] {scheduler_job.py:639} INFO - DAG(s) dict_keys(['tutorial']) retrieved from /home/airflow/.local/lib/python3.6/site-packages/airflow/example_dags/tutorial.py
[2026-09-22 16:30:59,136] {logging_mixin.py:104} INFO - [2026-09-22 16:30:59,136] {dag.py:1824} INFO - Sync 1 DAGs
[2026-09-22 16:30:59,159] {logging_mixin.py:104} INFO - [2026-09-22 16:30:59,158] {dag.py:2280} INFO - Setting next_dagrun for tutorial to 2026-09-20 00:00:00+00:00
[2026-09-22 16:30:59,172] {scheduler_job.py:190} INFO - Processing /home/airflow/.local/lib/python3.6/site-packages/airflow/example_dags/tutorial.py took 0.082 seconds
[2026-09-22 16:31:30,057] {scheduler_job.py:182} INFO - Started process (PID=364) to work on /home/airflow/.local/lib/python3.6/site-packages/airflow/example_dags/tutorial.py
[2026-09-22 16:31:30,061] {scheduler_job.py:629} INFO - Processing file /home/airflow/.local/lib/python3.6/site-packages/airflow/example_dags/tutorial.py for tasks to queue
[2026-09-22 16:31:30,064] {logging_mixin.py:104} INFO - [2026-09-22 16:31:30,063] {dagbag.py:451} INFO - Filling up the DagBag from /home/airflow/.local/lib/python3.6/site-packages/airflow/example_dags/tutorial.py
[2026-09-22 16:31:30,084] {scheduler_job.py:639} INFO - DAG(s) dict_keys(['tutorial']) retrieved from /home/airflow/.local/lib/python3.6/site-packages/airflow/example_dags/tutorial.py
[2026-09-22 16:31:30,126] {logging_mixin.py:104} INFO - [2026-09-22 16:31:30,126] {dag.py:1824} INFO - Sync 1 DAGs
[2026-09-22 16:31:30,155] {logging_mixin.py:104} INFO - [2026-09-22 16:31:30,155] {dag.py:2280} INFO - Setting next_dagrun for tutorial to 2026-09-20 00:00:00+00:00
[2026-09-22 16:31:30,174] {scheduler_job.py:190} INFO - Processing /home/airflow/.local/lib/python3.6/site-packages/airflow/example_dags/tutorial.py took 0.125 seconds
[2026-09-22 16:32:00,526] {scheduler_job.py:182} INFO - Started process (PID=390) to work on /home/airflow/.local/lib/python3.6/site-packages/airflow/example_dags/tutorial.py
[2026-09-22 16:32:00,527] {scheduler_job.py:629} INFO - Processing file /home/airflow/.local/lib/python3.6/site-packages/airflow/example_dags/tutorial.py for tasks to queue
[2026-09-22 16:32:00,528] {logging_mixin.py:104} INFO - [2026-09-22 16:32:00,528] {dagbag.py:451} INFO - Filling up the DagBag from /home/airflow/.local/lib/python3.6/site-packages/airflow/example_dags/tutorial.py
[2026-09-22 16:32:00,540] {scheduler_job.py:639} INFO - DAG(s) dict_keys(['tutorial']) retrieved from /home/airflow/.local/lib/python3.6/site-packages/airflow/example_dags/tutorial.py
[2026-09-22 16:32:00,566] {logging_mixin.py:104} INFO - [2026-09-22 16:32:00,566] {dag.py:1824} INFO - Sync 1 DAGs
[2026-09-22 16:32:00,585] {logging_mixin.py:104} INFO - [2026-09-22 16:32:00,585] {dag.py:2280} INFO - Setting next_dagrun for tutorial to 2026-09-20 00:00:00+00:00
[2026-09-22 16:32:00,598] {scheduler_job.py:190} INFO - Processing /home/airflow/.local/lib/python3.6/site-packages/airflow/example_dags/tutorial.py took 0.076 seconds
[2026-09-22 16:32:31,106] {scheduler_job.py:182} INFO - Started process (PID=416) to work on /home/airflow/.local/lib/python3.6/site-packages/airflow/example_dags/tutorial.py
[2026-09-22 16:32:31,108] {scheduler_job.py:629} INFO - Processing file /home/airflow/.local/lib/python3.6/site-packages/airflow/example_dags/tutorial.py for tasks to queue
[2026-09-22 16:32:31,109] {logging_mixin.py:104} INFO - [2026-09-22 16:32:31,109] {dagbag.py:451} INFO - Filling up the DagBag from /home/airflow/.local/lib/python3.6/site-packages/airflow/example_dags/tutorial.py
[2026-09-22 16:32:31,121] {scheduler_job.py:639} INFO - DAG(s) dict_keys(['tutorial']) retrieved from /home/airflow/.local/lib/python3.6/site-packages/airflow/example_dags/tutorial.py
[2026-09-22 16:32:31,147] {logging_mixin.py:104} INFO - [2026-09-22 16:32:31,147] {dag.py:1824} INFO - Sync 1 DAGs
[2026-09-22 16:32:31,168] {logging_mixin.py:104} INFO - [2026-09-22 16:32:31,168] {dag.py:2280} INFO - Setting next_dagrun for tutorial to 2026-09-20 00:00:00+00:00
[2026-09-22 16:32:31,181] {scheduler_job.py:190} INFO - Processing /home/airflow/.local/lib/python3.6/site-packages/airflow/example_dags/tutorial.py took 0.079 seconds
[2026-09-22 16:33:01,763] {scheduler_job.py:182} INFO - Started process (PID=440) to work on /home/airflow/.local/lib/python3.6/site-packages/airflow/example_dags/tutorial.py
[2026-09-22 16:33:01,765] {scheduler_job.py:629} INFO - Processing file /home/airflow/.local/lib/python3.6/site-packages/airflow/example_dags/tutorial.py for tasks to queue
[2026-09-22 16:33:01,766] {logging_mixin.py:104} INFO - [2026-09-22 16:33:01,766] {dagbag.py:451} INFO - Filling up the DagBag from /home/airflow/.local/lib/python3.6/site-packages/airflow/example_dags/tutorial.py
[2026-09-22 16:33:01,780] {scheduler_job.py:639} INFO - DAG(s) dict_keys(['tutorial']) retrieved from /home/airflow/.local/lib/python3.6/site-packages/airflow/example_dags/tutorial.py
[2026-09-22 16:33:01,807] {logging_mixin.py:104} INFO - [2026-09-22 16:33:01,806] {dag.py:1824} INFO - Sync 1 DAGs
[2026-09-22 16:33:01,828] {logging_mixin.py:104} INFO - [2026-09-22 16:33:01,828] {dag.py:2280} INFO - Setting next_dagrun for tutorial to 2026-09-20 00:00:00+00:00
[2026-09-22 16:33:01,845] {scheduler_job.py:190} INFO - Processing /home/airflow/.local/lib/python3.6/site-packages/airflow/example_dags/tutorial.py took 0.087 seconds
[2026-09-22 16:33:32,721] {scheduler_job.py:182} INFO - Started process (PID=466) to work on /home/airflow/.local/lib/python3.6/site-packages/airflow/example_dags/tutorial.py
[2026-09-22 16:33:32,723] {scheduler_job.py:629} INFO - Processing file /home/airflow/.local/lib/python3.6/site-packages/airflow/example_dags/tutorial.py for tasks to queue
[2026-09-22 16:33:32,724] {logging_mixin.py:104} INFO - [2026-09-22 16:33:32,724] {dagbag.py:451} INFO - Filling up the DagBag from /home/airflow/.local/lib/python3.6/site-packages/airflow/example_dags/tutorial.py
[2026-09-22 16:33:32,739] {scheduler_job.py:639} INFO - DAG(s) dict_keys(['tutorial']) retrieved from /home/airflow/.local/lib/python3.6/site-packages/airflow/example_dags/tutorial.py
[2026-09-22 16:33:32,770] {logging_mixin.py:104} INFO - [2026-09-22 16:33:32,770] {dag.py:1824} INFO - Sync 1 DAGs
[2026-09-22 16:33:32,796] {logging_mixin.py:104} INFO - [2026-09-22 16:33:32,796] {dag.py:2280} INFO - Setting next_dagrun for tutorial to 2026-09-20 00:00:00+00:00
[2026-09-22 16:33:32,814] {scheduler_job.py:190} INFO - Processing /home/airflow/.local/lib/python3.6/site-packages/airflow/example_dags/tutorial.py took 0.098 seconds
[2026-09-22 16:34:03,616] {scheduler_job.py:182} INFO - Started process (PID=492) to work on /home/airflow/.local/lib/python3.6/site-packages/airflow/example_dags/tutorial.py
[2026-09-22 16:34:03,618] {scheduler_job.py:629} INFO - Processing file /home/airflow/.local/lib/python3.6/site-packages/airflow/example_dags/tutorial.py for tasks to queue
[2026-09-22 16:34:03,619] {logging_mixin.py:104} INFO - [2026-09-22 16:34:03,619] {dagbag.py:451} INFO - Filling up the DagBag from /home/airflow/.local/lib/python3.6/site-packages/airflow/example_dags/tutorial.py
[2026-09-22 16:34:03,638] {scheduler_job.py:639} INFO - DAG(s) dict_keys(['tutorial']) retrieved from /home/airflow/.local/lib/python3.6/site-packages/airflow/example_dags/tutorial.py
[2026-09-22 16:34:03,671] {logging_mixin.py:104} INFO - [2026-09-22 16:34:03,670] {dag.py:1824} INFO - Sync 1 DAGs
[2026-09-22 16:34:03,690] {logging_mixin.py:104} INFO - [2026-09-22 16:34:03,690] {dag.py:2280} INFO - Setting next_dagrun for tutorial to 2026-09-20 00:00:00+00:00
[2026-09-22 16:34:03,707] {scheduler_job.py:190} INFO - Processing /home/airflow/.local/lib/python3.6/site-packages/airflow/example_dags/tutorial.py took 0.097 seconds
[2026-09-22 16:34:34,210] {scheduler_job.py:182} INFO - Started process (PID=518) to work on /home/airflow/.local/lib/python3.6/site-packages/airflow/example_dags/tutorial.py
[2026-09-22 16:34:34,212] {scheduler_job.py:629} INFO - Processing file /home/airflow/.local/lib/python3.6/site-packages/airflow/example_dags/tutorial.py for tasks to queue
[2026-09-22 16:34:34,212] {logging_mixin.py:104} INFO - [2026-09-22 16:34:34,212] {dagbag.py:451} INFO - Filling up the DagBag from /home/airflow/.local/lib/python3.6/site-packages/airflow/example_dags/tutorial.py
[2026-09-22 16:34:34,228] {scheduler_job.py:639} INFO - DAG(s) dict_keys(['tutorial']) retrieved from /home/airflow/.local/lib/python3.6/site-packages/airflow/example_dags/tutorial.py
[2026-09-22 16:34:34,259] {logging_mixin.py:104} INFO - [2026-09-22 16:34:34,259] {dag.py:1824} INFO - Sync 1 DAGs
[2026-09-22 16:34:34,281] {logging_mixin.py:104} INFO - [2026-09-22 16:34:34,281] {dag.py:2280} INFO - Setting next_dagrun for tutorial to 2026-09-20 00:00:00+00:00
[2026-09-22 16:34:34,304] {scheduler_job.py:190} INFO - Processing /home/airflow/.local/lib/python3.6/site-packages/airflow/example_dags/tutorial.py took 0.098 seconds
[2026-09-22 16:35:04,871] {scheduler_job.py:182} INFO - Started process (PID=544) to work on /home/airflow/.local/lib/python3.6/site-packages/airflow/example_dags/tutorial.py
[2026-09-22 16:35:04,873] {scheduler_job.py:629} INFO - Processing file /home/airflow/.local/lib/python3.6/site-packages/airflow/example_dags/tutorial.py for tasks to queue
[2026-09-22 16:35:04,873] {logging_mixin.py:104} INFO - [2026-09-22 16:35:04,873] {dagbag.py:451} INFO - Filling up the DagBag from /home/airflow/.local/lib/python3.6/site-packages/airflow/example_dags/tutorial.py
[2026-09-22 16:35:04,886] {scheduler_job.py:639} INFO - DAG(s) dict_keys(['tutorial']) retrieved from /home/airflow/.local/lib/python3.6/site-packages/airflow/example_dags/tutorial.py
[2026-09-22 16:35:04,911] {logging_mixin.py:104} INFO - [2026-09-22 16:35:04,911] {dag.py:1824} INFO - Sync 1 DAGs
[2026-09-22 16:35:04,930] {logging_mixin.py:104} INFO - [2026-09-22 16:35:04,929] {dag.py:2280} INFO - Setting next_dagrun for tutorial to 2026-09-20 00:00:00+00:00
[2026-09-22 16:35:04,944] {scheduler_job.py:190} INFO - Processing /home/airflow/.local/lib/python3.6/site-packages/airflow/example_dags/tutorial.py took 0.077 seconds
[2026-09-22 16:35:35,753] {scheduler_job.py:182} INFO - Started process (PID=573) to work on /home/airflow/.local/lib/python3.6/site-packages/airflow/example_dags/tutorial.py
[2026-09-22 16:35:35,755] {scheduler_job.py:629} INFO - Processing file /home/airflow/.local/lib/python3.6/site-packages/airflow/example_dags/tutorial.py for tasks to queue
[2026-09-22 16:35:35,755] {logging_mixin.py:104} INFO - [2026-09-22 16:35:35,755] {dagbag.py:451} INFO - Filling up the DagBag from /home/airflow/.local/lib/python3.6/site-packages/airflow/example_dags/tutorial.py
[2026-09-22 16:35:35,772] {scheduler_job.py:639} INFO - DAG(s) dict_keys(['tutorial']) retrieved from /home/airflow/.local/lib/python3.6/site-packages/airflow/example_dags/tutorial.py
[2026-09-22 16:35:35,814] {logging_mixin.py:104} INFO - [2026-09-22 16:35:35,813] {dag.py:1824} INFO - Sync 1 DAGs
[2026-09-22 16:35:35,841] {logging_mixin.py:104} INFO - [2026-09-22 16:35:35,840] {dag.py:2280} INFO - Setting next_dagrun for tutorial to 2026-09-20 00:00:00+00:00
[2026-09-22 16:35:35,861] {scheduler_job.py:190} INFO - Processing /home/airflow/.local/lib/python3.6/site-packages/airflow/example_dags/tutorial.py took 0.113 seconds
[2026-09-22 16:36:06,316] {scheduler_job.py:182} INFO - Started process (PID=597) to work on /home/airflow/.local/lib/python3.6/site-packages/airflow/example_dags/tutorial.py
[2026-09-22 16:36:06,318] {scheduler_job.py:629} INFO - Processing file /home/airflow/.local/lib/python3.6/site-packages/airflow/example_dags/tutorial.py for tasks to queue
[2026-09-22 16:36:06,319] {logging_mixin.py:104} INFO - [2026-09-22 16:36:06,319] {dagbag.py:451} INFO - Filling up the DagBag from /home/airflow/.local/lib/python3.6/site-packages/airflow/example_dags/tutorial.py
[2026-09-22 16:36:06,338] {scheduler_job.py:639} INFO - DAG(s) dict_keys(['tutorial']) retrieved from /home/airflow/.local/lib/python3.6/site-packages/airflow/example_dags/tutorial.py
[2026-09-22 16:36:06,374] {logging_mixin.py:104} INFO - [2026-09-22 16:36:06,374] {dag.py:1824} INFO - Sync 1 DAGs
[2026-09-22 16:36:06,402] {logging_mixin.py:104} INFO - [2026-09-22 16:36:06,401] {dag.py:2280} INFO - Setting next_dagrun for tutorial to 2026-09-20 00:00:00+00:00
[2026-09-22 16:36:06,423] {scheduler_job.py:190} INFO - Processing /home/airflow/.local/lib/python3.6/site-packages/airflow/example_dags/tutorial.py took 0.112 seconds
[2026-09-22 16:36:37,149] {scheduler_job.py:182} INFO - Started process (PID=623) to work on /home/airflow/.local/lib/python3.6/site-packages/airflow/example_dags/tutorial.py
[2026-09-22 16:36:37,151] {scheduler_job.py:629} INFO - Processing file /home/airflow/.local/lib/python3.6/site-packages/airflow/example_dags/tutorial.py for tasks to queue
[2026-09-22 16:36:37,152] {logging_mixin.py:104} INFO - [2026-09-22 16:36:37,152] {dagbag.py:451} INFO - Filling up the DagBag from /home/airflow/.local/lib/python3.6/site-packages/airflow/example_dags/tutorial.py
[2026-09-22 16:36:37,179] {scheduler_job.py:639} INFO - DAG(s) dict_keys(['tutorial']) retrieved from /home/airflow/.local/lib/python3.6/site-packages/airflow/example_dags/tutorial.py
[2026-09-22 16:36:37,239] {logging_mixin.py:104} INFO - [2026-09-22 16:36:37,239] {dag.py:1824} INFO - Sync 1 DAGs
[2026-09-22 16:36:37,286] {logging_mixin.py:104} INFO - [2026-09-22 16:36:37,286] {dag.py:2280} INFO - Setting next_dagrun for tutorial to 2026-09-20 00:00:00+00:00
[2026-09-22 16:36:37,312] {scheduler_job.py:190} INFO - Processing /home/airflow/.local/lib/python3.6/site-packages/airflow/example_dags/tutorial.py took 0.173 seconds
[2026-09-22 16:37:07,990] {scheduler_job.py:182} INFO - Started process (PID=649) to work on /home/airflow/.local/lib/python3.6/site-packages/airflow/example_dags/tutorial.py
[2026-09-22 16:37:07,991] {scheduler_job.py:629} INFO - Processing file /home/airflow/.local/lib/python3.6/site-packages/airflow/example_dags/tutorial.py for tasks to queue
[2026-09-22 16:37:07,992] {logging_mixin.py:104} INFO - [2026-09-22 16:37:07,992] {dagbag.py:451} INFO - Filling up the DagBag from /home/airflow/.local/lib/python3.6/site-packages/airflow/example_dags/tutorial.py
[2026-09-22 16:37:08,005] {scheduler_job.py:639} INFO - DAG(s) dict_keys(['tutorial']) retrieved from /home/airflow/.local/lib/python3.6/site-packages/airflow/example_dags/tutorial.py
[2026-09-22 16:37:08,029] {logging_mixin.py:104} INFO - [2026-09-22 16:37:08,029] {dag.py:1824} INFO - Sync 1 DAGs
[2026-09-22 16:37:08,050] {logging_mixin.py:104} INFO - [2026-09-22 16:37:08,050] {dag.py:2280} INFO - Setting next_dagrun for tutorial to 2026-09-20 00:00:00+00:00
[2026-09-22 16:37:08,065] {scheduler_job.py:190} INFO - Processing /home/airflow/.local/lib/python3.6/site-packages/airflow/example_dags/tutorial.py took 0.079 seconds
[2026-09-22 16:37:38,614] {scheduler_job.py:182} INFO - Started process (PID=675) to work on /home/airflow/.local/lib/python3.6/site-packages/airflow/example_dags/tutorial.py
[2026-09-22 16:37:38,617] {scheduler_job.py:629} INFO - Processing file /home/airflow/.local/lib/python3.6/site-packages/airflow/example_dags/tutorial.py for tasks to queue
[2026-09-22 16:37:38,618] {logging_mixin.py:104} INFO - [2026-09-22 16:37:38,618] {dagbag.py:451} INFO - Filling up the DagBag from /home/airflow/.local/lib/python3.6/site-packages/airflow/example_dags/tutorial.py
[2026-09-22 16:37:38,642] {scheduler_job.py:639} INFO - DAG(s) dict_keys(['tutorial']) retrieved from /home/airflow/.local/lib/python3.6/site-packages/airflow/example_dags/tutorial.py
[2026-09-22 16:37:38,689] {logging_mixin.py:104} INFO - [2026-09-22 16:37:38,688] {dag.py:1824} INFO - Sync 1 DAGs
[2026-09-22 16:37:38,728] {logging_mixin.py:104} INFO - [2026-09-22 16:37:38,728] {dag.py:2280} INFO - Setting next_dagrun for tutorial to 2026-09-20 00:00:00+00:00
[2026-09-22 16:37:38,753] {scheduler_job.py:190} INFO - Processing /home/airflow/.local/lib/python3.6/site-packages/airflow/example_dags/tutorial.py took 0.147 seconds
[2026-09-22 16:38:09,309] {scheduler_job.py:182} INFO - Started process (PID=701) to work on /home/airflow/.local/lib/python3.6/site-packages/airflow/example_dags/tutorial.py
[2026-09-22 16:38:09,311] {scheduler_job.py:629} INFO - Processing file /home/airflow/.local/lib/python3.6/site-packages/airflow/example_dags/tutorial.py for tasks to queue
[2026-09-22 16:38:09,311] {logging_mixin.py:104} INFO - [2026-09-22 16:38:09,311] {dagbag.py:451} INFO - Filling up the DagBag from /home/airflow/.local/lib/python3.6/site-packages/airflow/example_dags/tutorial.py
[2026-09-22 16:38:09,325] {scheduler_job.py:639} INFO - DAG(s) dict_keys(['tutorial']) retrieved from /home/airflow/.local/lib/python3.6/site-packages/airflow/example_dags/tutorial.py
[2026-09-22 16:38:09,353] {logging_mixin.py:104} INFO - [2026-09-22 16:38:09,352] {dag.py:1824} INFO - Sync 1 DAGs
[2026-09-22 16:38:09,373] {logging_mixin.py:104} INFO - [2026-09-22 16:38:09,373] {dag.py:2280} INFO - Setting next_dagrun for tutorial to 2026-09-20 00:00:00+00:00
[2026-09-22 16:38:09,390] {scheduler_job.py:190} INFO - Processing /home/airflow/.local/lib/python3.6/site-packages/airflow/example_dags/tutorial.py took 0.085 seconds
[2026-09-22 16:38:40,094] {scheduler_job.py:182} INFO - Started process (PID=727) to work on /home/airflow/.local/lib/python3.6/site-packages/airflow/example_dags/tutorial.py
[2026-09-22 16:38:40,096] {scheduler_job.py:629} INFO - Processing file /home/airflow/.local/lib/python3.6/site-packages/airflow/example_dags/tutorial.py for tasks to queue
[2026-09-22 16:38:40,097] {logging_mixin.py:104} INFO - [2026-09-22 16:38:40,097] {dagbag.py:451} INFO - Filling up the DagBag from /home/airflow/.local/lib/python3.6/site-packages/airflow/example_dags/tutorial.py
[2026-09-22 16:38:40,110] {scheduler_job.py:639} INFO - DAG(s) dict_keys(['tutorial']) retrieved from /home/airflow/.local/lib/python3.6/site-packages/airflow/example_dags/tutorial.py
[2026-09-22 16:38:40,136] {logging_mixin.py:104} INFO - [2026-09-22 16:38:40,136] {dag.py:1824} INFO - Sync 1 DAGs
[2026-09-22 16:38:40,156] {logging_mixin.py:104} INFO - [2026-09-22 16:38:40,156] {dag.py:2280} INFO - Setting next_dagrun for tutorial to 2026-09-20 00:00:00+00:00
[2026-09-22 16:38:40,172] {scheduler_job.py:190} INFO - Processing /home/airflow/.local/lib/python3.6/site-packages/airflow/example_dags/tutorial.py took 0.082 seconds
[2026-09-22 16:39:10,886] {scheduler_job.py:182} INFO - Started process (PID=753) to work on /home/airflow/.local/lib/python3.6/site-packages/airflow/example_dags/tutorial.py
[2026-09-22 16:39:10,888] {scheduler_job.py:629} INFO - Processing file /home/airflow/.local/lib/python3.6/site-packages/airflow/example_dags/tutorial.py for tasks to queue
[2026-09-22 16:39:10,888] {logging_mixin.py:104} INFO - [2026-09-22 16:39:10,888] {dagbag.py:451} INFO - Filling up the DagBag from /home/airflow/.local/lib/python3.6/site-packages/airflow/example_dags/tutorial.py
[2026-09-22 16:39:10,901] {scheduler_job.py:639} INFO - DAG(s) dict_keys(['tutorial']) retrieved from /home/airflow/.local/lib/python3.6/site-packages/airflow/example_dags/tutorial.py
[2026-09-22 16:39:10,927] {logging_mixin.py:104} INFO - [2026-09-22 16:39:10,927] {dag.py:1824} INFO - Sync 1 DAGs
[2026-09-22 16:39:10,948] {logging_mixin.py:104} INFO - [2026-09-22 16:39:10,948] {dag.py:2280} INFO - Setting next_dagrun for tutorial to 2026-09-20 00:00:00+00:00
[2026-09-22 16:39:10,965] {scheduler_job.py:190} INFO - Processing /home/airflow/.local/lib/python3.6/site-packages/airflow/example_dags/tutorial.py took 0.083 seconds
[2026-09-22 16:39:41,713] {scheduler_job.py:182} INFO - Started process (PID=781) to work on /home/airflow/.local/lib/python3.6/site-packages/airflow/example_dags/tutorial.py
[2026-09-22 16:39:41,715] {scheduler_job.py:629} INFO - Processing file /home/airflow/.local/lib/python3.6/site-packages/airflow/example_dags/tutorial.py for tasks to queue
[2026-09-22 16:39:41,716] {logging_mixin.py:104} INFO - [2026-09-22 16:39:41,715] {dagbag.py:451} INFO - Filling up the DagBag from /home/airflow/.local/lib/python3.6/site-packages/airflow/example_dags/tutorial.py
[2026-09-22 16:39:41,731] {scheduler_job.py:639} INFO - DAG(s) dict_keys(['tutorial']) retrieved from /home/airflow/.local/lib/python3.6/site-packages/airflow/example_dags/tutorial.py
[2026-09-22 16:39:41,759] {logging_mixin.py:104} INFO - [2026-09-22 16:39:41,759] {dag.py:1824} INFO - Sync 1 DAGs
[2026-09-22 16:39:41,782] {logging_mixin.py:104} INFO - [2026-09-22 16:39:41,782] {dag.py:2280} INFO - Setting next_dagrun for tutorial to 2026-09-20 00:00:00+00:00
[2026-09-22 16:39:41,796] {scheduler_job.py:190} INFO - Processing /home/airflow/.local/lib/python3.6/site-packages/airflow/example_dags/tutorial.py took 0.087 seconds
[2026-09-22 16:40:12,364] {scheduler_job.py:182} INFO - Started process (PID=806) to work on /home/airflow/.local/lib/python3.6/site-packages/airflow/example_dags/tutorial.py
[2026-09-22 16:40:12,365] {scheduler_job.py:629} INFO - Processing file /home/airflow/.local/lib/python3.6/site-packages/airflow/example_dags/tutorial.py for tasks to queue
[2026-09-22 16:40:12,366] {logging_mixin.py:104} INFO - [2026-09-22 16:40:12,366] {dagbag.py:451} INFO - Filling up the DagBag from /home/airflow/.local/lib/python3.6/site-packages/airflow/example_dags/tutorial.py
[2026-09-22 16:40:12,380] {scheduler_job.py:639} INFO - DAG(s) dict_keys(['tutorial']) retrieved from /home/airflow/.local/lib/python3.6/site-packages/airflow/example_dags/tutorial.py
[2026-09-22 16:40:12,407] {logging_mixin.py:104} INFO - [2026-09-22 16:40:12,407] {dag.py:1824} INFO - Sync 1 DAGs
[2026-09-22 16:40:12,429] {logging_mixin.py:104} INFO - [2026-09-22 16:40:12,429] {dag.py:2280} INFO - Setting next_dagrun for tutorial to 2026-09-20 00:00:00+00:00
[2026-09-22 16:40:12,451] {scheduler_job.py:190} INFO - Processing /home/airflow/.local/lib/python3.6/site-packages/airflow/example_dags/tutorial.py took 0.092 seconds
[2026-09-22 16:40:43,138] {scheduler_job.py:182} INFO - Started process (PID=831) to work on /home/airflow/.local/lib/python3.6/site-packages/airflow/example_dags/tutorial.py
[2026-09-22 16:40:43,139] {scheduler_job.py:629} INFO - Processing file /home/airflow/.local/lib/python3.6/site-packages/airflow/example_dags/tutorial.py for tasks to queue
[2026-09-22 16:40:43,140] {logging_mixin.py:104} INFO - [2026-09-22 16:40:43,139] {dagbag.py:451} INFO - Filling up the DagBag from /home/airflow/.local/lib/python3.6/site-packages/airflow/example_dags/tutorial.py
[2026-09-22 16:40:43,154] {scheduler_job.py:639} INFO - DAG(s) dict_keys(['tutorial']) retrieved from /home/airflow/.local/lib/python3.6/site-packages/airflow/example_dags/tutorial.py
[2026-09-22 16:40:43,187] {logging_mixin.py:104} INFO - [2026-09-22 16:40:43,187] {dag.py:1824} INFO - Sync 1 DAGs
[2026-09-22 16:40:43,213] {logging_mixin.py:104} INFO - [2026-09-22 16:40:43,213] {dag.py:2280} INFO - Setting next_dagrun for tutorial to 2026-09-20 00:00:00+00:00
[2026-09-22 16:40:43,228] {scheduler_job.py:190} INFO - Processing /home/airflow/.local/lib/python3.6/site-packages/airflow/example_dags/tutorial.py took 0.095 seconds
[2026-09-22 16:41:14,222] {scheduler_job.py:182} INFO - Started process (PID=858) to work on /home/airflow/.local/lib/python3.6/site-packages/airflow/example_dags/tutorial.py
[2026-09-22 16:41:14,224] {scheduler_job.py:629} INFO - Processing file /home/airflow/.local/lib/python3.6/site-packages/airflow/example_dags/tutorial.py for tasks to queue
[2026-09-22 16:41:14,225] {logging_mixin.py:104} INFO - [2026-09-22 16:41:14,225] {dagbag.py:451} INFO - Filling up the DagBag from /home/airflow/.local/lib/python3.6/site-packages/airflow/example_dags/tutorial.py
[2026-09-22 16:41:14,247] {scheduler_job.py:639} INFO - DAG(s) dict_keys(['tutorial']) retrieved from /home/airflow/.local/lib/python3.6/site-packages/airflow/example_dags/tutorial.py
[2026-09-22 16:41:14,290] {logging_mixin.py:104} INFO - [2026-09-22 16:41:14,290] {dag.py:1824} INFO - Sync 1 DAGs
[2026-09-22 16:41:14,324] {logging_mixin.py:104} INFO - [2026-09-22 16:41:14,324] {dag.py:2280} INFO - Setting next_dagrun for tutorial to 2026-09-20 00:00:00+00:00
[2026-09-22 16:41:14,349] {scheduler_job.py:190} INFO - Processing /home/airflow/.local/lib/python3.6/site-packages/airflow/example_dags/tutorial.py took 0.132 seconds
[2026-09-22 16:41:45,670] {scheduler_job.py:182} INFO - Started process (PID=884) to work on /home/airflow/.local/lib/python3.6/site-packages/airflow/example_dags/tutorial.py
[2026-09-22 16:41:45,674] {scheduler_job.py:629} INFO - Processing file /home/airflow/.local/lib/python3.6/site-packages/airflow/example_dags/tutorial.py for tasks to queue
[2026-09-22 16:41:45,679] {logging_mixin.py:104} INFO - [2026-09-22 16:41:45,678] {dagbag.py:451} INFO - Filling up the DagBag from /home/airflow/.local/lib/python3.6/site-packages/airflow/example_dags/tutorial.py
[2026-09-22 16:41:45,719] {scheduler_job.py:639} INFO - DAG(s) dict_keys(['tutorial']) retrieved from /home/airflow/.local/lib/python3.6/site-packages/airflow/example_dags/tutorial.py
[2026-09-22 16:41:45,810] {logging_mixin.py:104} INFO - [2026-09-22 16:41:45,809] {dag.py:1824} INFO - Sync 1 DAGs
[2026-09-22 16:41:45,861] {logging_mixin.py:104} INFO - [2026-09-22 16:41:45,861] {dag.py:2280} INFO - Setting next_dagrun for tutorial to 2026-09-20 00:00:00+00:00
[2026-09-22 16:41:45,886] {scheduler_job.py:190} INFO - Processing /home/airflow/.local/lib/python3.6/site-packages/airflow/example_dags/tutorial.py took 0.235 seconds
